✖ [1/202] Building LaRueProtorealAlgebra.AdelicDescent (190ms)
trace: .> LEAN_PATH=/home/phrxmaz/Documents/CyberAlchemy/.lake/packages/Cli/.lake/build/lib/lean:/home/phrxmaz/Documents/CyberAlchemy/.lake/packages/batteries/.lake/build/lib/lean:/home/phrxmaz/Documents/CyberAlchemy/.lake/packages/Qq/.lake/build/lib/lean:/home/phrxmaz/Documents/CyberAlchemy/.lake/packages/aesop/.lake/build/lib/lean:/home/phrxmaz/Documents/CyberAlchemy/.lake/packages/proofwidgets/.lake/build/lib/lean:/home/phrxmaz/Documents/CyberAlchemy/.lake/packages/importGraph/.lake/build/lib/lean:/home/phrxmaz/Documents/CyberAlchemy/.lake/packages/LeanSearchClient/.lake/build/lib/lean:/home/phrxmaz/Documents/CyberAlchemy/.lake/packages/plausible/.lake/build/lib/lean:/home/phrxmaz/Documents/CyberAlchemy/.lake/packages/mathlib/.lake/build/lib/lean:/home/phrxmaz/Documents/CyberAlchemy/.lake/build/lib/lean /home/phrxmaz/.elan/toolchains/leanprover--lean4---v4.29.1/bin/lean /home/phrxmaz/Documents/CyberAlchemy/LaRueProtorealAlgebra/AdelicDescent.lean -o /home/phrxmaz/Documents/CyberAlchemy/.lake/build/lib/lean/LaRueProtorealAlgebra/AdelicDescent.olean -i /home/phrxmaz/Documents/CyberAlchemy/.lake/build/lib/lean/LaRueProtorealAlgebra/AdelicDescent.ilean -c /home/phrxmaz/Documents/CyberAlchemy/.lake/build/ir/LaRueProtorealAlgebra/AdelicDescent.c --setup /home/phrxmaz/Documents/CyberAlchemy/.lake/build/ir/LaRueProtorealAlgebra/AdelicDescent.setup.json --json
error: LaRueProtorealAlgebra/AdelicDescent.lean:2:0: invalid 'import' command, it must be used in the beginning of the file
error: Lean exited with code 1
✖ [2/202] Building LaRueProtorealAlgebra.AdelicStructure (155ms)
trace: .> LEAN_PATH=/home/phrxmaz/Documents/CyberAlchemy/.lake/packages/Cli/.lake/build/lib/lean:/home/phrxmaz/Documents/CyberAlchemy/.lake/packages/batteries/.lake/build/lib/lean:/home/phrxmaz/Documents/CyberAlchemy/.lake/packages/Qq/.lake/build/lib/lean:/home/phrxmaz/Documents/CyberAlchemy/.lake/packages/aesop/.lake/build/lib/lean:/home/phrxmaz/Documents/CyberAlchemy/.lake/packages/proofwidgets/.lake/build/lib/lean:/home/phrxmaz/Documents/CyberAlchemy/.lake/packages/importGraph/.lake/build/lib/lean:/home/phrxmaz/Documents/CyberAlchemy/.lake/packages/LeanSearchClient/.lake/build/lib/lean:/home/phrxmaz/Documents/CyberAlchemy/.lake/packages/plausible/.lake/build/lib/lean:/home/phrxmaz/Documents/CyberAlchemy/.lake/packages/mathlib/.lake/build/lib/lean:/home/phrxmaz/Documents/CyberAlchemy/.lake/build/lib/lean /home/phrxmaz/.elan/toolchains/leanprover--lean4---v4.29.1/bin/lean /home/phrxmaz/Documents/CyberAlchemy/LaRueProtorealAlgebra/AdelicStructure.lean -o /home/phrxmaz/Documents/CyberAlchemy/.lake/build/lib/lean/LaRueProtorealAlgebra/AdelicStructure.olean -i /home/phrxmaz/Documents/CyberAlchemy/.lake/build/lib/lean/LaRueProtorealAlgebra/AdelicStructure.ilean -c /home/phrxmaz/Documents/CyberAlchemy/.lake/build/ir/LaRueProtorealAlgebra/AdelicStructure.c --setup /home/phrxmaz/Documents/CyberAlchemy/.lake/build/ir/LaRueProtorealAlgebra/AdelicStructure.setup.json --json
error: LaRueProtorealAlgebra/AdelicStructure.lean:2:0: invalid 'import' command, it must be used in the beginning of the file
error: Lean exited with code 1
✖ [3/202] Building LaRueProtorealAlgebra.AgenticFrame (184ms)
trace: .> LEAN_PATH=/home/phrxmaz/Documents/CyberAlchemy/.lake/packages/Cli/.lake/build/lib/lean:/home/phrxmaz/Documents/CyberAlchemy/.lake/packages/batteries/.lake/build/lib/lean:/home/phrxmaz/Documents/CyberAlchemy/.lake/packages/Qq/.lake/build/lib/lean:/home/phrxmaz/Documents/CyberAlchemy/.lake/packages/aesop/.lake/build/lib/lean:/home/phrxmaz/Documents/CyberAlchemy/.lake/packages/proofwidgets/.lake/build/lib/lean:/home/phrxmaz/Documents/CyberAlchemy/.lake/packages/importGraph/.lake/build/lib/lean:/home/phrxmaz/Documents/CyberAlchemy/.lake/packages/LeanSearchClient/.lake/build/lib/lean:/home/phrxmaz/Documents/CyberAlchemy/.lake/packages/plausible/.lake/build/lib/lean:/home/phrxmaz/Documents/CyberAlchemy/.lake/packages/mathlib/.lake/build/lib/lean:/home/phrxmaz/Documents/CyberAlchemy/.lake/build/lib/lean /home/phrxmaz/.elan/toolchains/leanprover--lean4---v4.29.1/bin/lean /home/phrxmaz/Documents/CyberAlchemy/LaRueProtorealAlgebra/AgenticFrame.lean -o /home/phrxmaz/Documents/CyberAlchemy/.lake/build/lib/lean/LaRueProtorealAlgebra/AgenticFrame.olean -i /home/phrxmaz/Documents/CyberAlchemy/.lake/build/lib/lean/LaRueProtorealAlgebra/AgenticFrame.ilean -c /home/phrxmaz/Documents/CyberAlchemy/.lake/build/ir/LaRueProtorealAlgebra/AgenticFrame.c --setup /home/phrxmaz/Documents/CyberAlchemy/.lake/build/ir/LaRueProtorealAlgebra/AgenticFrame.setup.json --json
error: LaRueProtorealAlgebra/AgenticFrame.lean:2:0: invalid 'import' command, it must be used in the beginning of the file
error: Lean exited with code 1
✖ [4/202] Building LaRueProtorealAlgebra.AgenticKeychain (184ms)
trace: .> LEAN_PATH=/home/phrxmaz/Documents/CyberAlchemy/.lake/packages/Cli/.lake/build/lib/lean:/home/phrxmaz/Documents/CyberAlchemy/.lake/packages/batteries/.lake/build/lib/lean:/home/phrxmaz/Documents/CyberAlchemy/.lake/packages/Qq/.lake/build/lib/lean:/home/phrxmaz/Documents/CyberAlchemy/.lake/packages/aesop/.lake/build/lib/lean:/home/phrxmaz/Documents/CyberAlchemy/.lake/packages/proofwidgets/.lake/build/lib/lean:/home/phrxmaz/Documents/CyberAlchemy/.lake/packages/importGraph/.lake/build/lib/lean:/home/phrxmaz/Documents/CyberAlchemy/.lake/packages/LeanSearchClient/.lake/build/lib/lean:/home/phrxmaz/Documents/CyberAlchemy/.lake/packages/plausible/.lake/build/lib/lean:/home/phrxmaz/Documents/CyberAlchemy/.lake/packages/mathlib/.lake/build/lib/lean:/home/phrxmaz/Documents/CyberAlchemy/.lake/build/lib/lean /home/phrxmaz/.elan/toolchains/leanprover--lean4---v4.29.1/bin/lean /home/phrxmaz/Documents/CyberAlchemy/LaRueProtorealAlgebra/AgenticKeychain.lean -o /home/phrxmaz/Documents/CyberAlchemy/.lake/build/lib/lean/LaRueProtorealAlgebra/AgenticKeychain.olean -i /home/phrxmaz/Documents/CyberAlchemy/.lake/build/lib/lean/LaRueProtorealAlgebra/AgenticKeychain.ilean -c /home/phrxmaz/Documents/CyberAlchemy/.lake/build/ir/LaRueProtorealAlgebra/AgenticKeychain.c --setup /home/phrxmaz/Documents/CyberAlchemy/.lake/build/ir/LaRueProtorealAlgebra/AgenticKeychain.setup.json --json
error: LaRueProtorealAlgebra/AgenticKeychain.lean:2:0: invalid 'import' command, it must be used in the beginning of the file
error: Lean exited with code 1
✖ [5/202] Building LaRueProtorealAlgebra.AgingEvolution (135ms)
trace: .> LEAN_PATH=/home/phrxmaz/Documents/CyberAlchemy/.lake/packages/Cli/.lake/build/lib/lean:/home/phrxmaz/Documents/CyberAlchemy/.lake/packages/batteries/.lake/build/lib/lean:/home/phrxmaz/Documents/CyberAlchemy/.lake/packages/Qq/.lake/build/lib/lean:/home/phrxmaz/Documents/CyberAlchemy/.lake/packages/aesop/.lake/build/lib/lean:/home/phrxmaz/Documents/CyberAlchemy/.lake/packages/proofwidgets/.lake/build/lib/lean:/home/phrxmaz/Documents/CyberAlchemy/.lake/packages/importGraph/.lake/build/lib/lean:/home/phrxmaz/Documents/CyberAlchemy/.lake/packages/LeanSearchClient/.lake/build/lib/lean:/home/phrxmaz/Documents/CyberAlchemy/.lake/packages/plausible/.lake/build/lib/lean:/home/phrxmaz/Documents/CyberAlchemy/.lake/packages/mathlib/.lake/build/lib/lean:/home/phrxmaz/Documents/CyberAlchemy/.lake/build/lib/lean /home/phrxmaz/.elan/toolchains/leanprover--lean4---v4.29.1/bin/lean /home/phrxmaz/Documents/CyberAlchemy/LaRueProtorealAlgebra/AgingEvolution.lean -o /home/phrxmaz/Documents/CyberAlchemy/.lake/build/lib/lean/LaRueProtorealAlgebra/AgingEvolution.olean -i /home/phrxmaz/Documents/CyberAlchemy/.lake/build/lib/lean/LaRueProtorealAlgebra/AgingEvolution.ilean -c /home/phrxmaz/Documents/CyberAlchemy/.lake/build/ir/LaRueProtorealAlgebra/AgingEvolution.c --setup /home/phrxmaz/Documents/CyberAlchemy/.lake/build/ir/LaRueProtorealAlgebra/AgingEvolution.setup.json --json
error: LaRueProtorealAlgebra/AgingEvolution.lean:2:0: invalid 'import' command, it must be used in the beginning of the file
error: Lean exited with code 1
✖ [6/202] Building LaRueProtorealAlgebra.AntiSpoofing (136ms)
trace: .> LEAN_PATH=/home/phrxmaz/Documents/CyberAlchemy/.lake/packages/Cli/.lake/build/lib/lean:/home/phrxmaz/Documents/CyberAlchemy/.lake/packages/batteries/.lake/build/lib/lean:/home/phrxmaz/Documents/CyberAlchemy/.lake/packages/Qq/.lake/build/lib/lean:/home/phrxmaz/Documents/CyberAlchemy/.lake/packages/aesop/.lake/build/lib/lean:/home/phrxmaz/Documents/CyberAlchemy/.lake/packages/proofwidgets/.lake/build/lib/lean:/home/phrxmaz/Documents/CyberAlchemy/.lake/packages/importGraph/.lake/build/lib/lean:/home/phrxmaz/Documents/CyberAlchemy/.lake/packages/LeanSearchClient/.lake/build/lib/lean:/home/phrxmaz/Documents/CyberAlchemy/.lake/packages/plausible/.lake/build/lib/lean:/home/phrxmaz/Documents/CyberAlchemy/.lake/packages/mathlib/.lake/build/lib/lean:/home/phrxmaz/Documents/CyberAlchemy/.lake/build/lib/lean /home/phrxmaz/.elan/toolchains/leanprover--lean4---v4.29.1/bin/lean /home/phrxmaz/Documents/CyberAlchemy/LaRueProtorealAlgebra/AntiSpoofing.lean -o /home/phrxmaz/Documents/CyberAlchemy/.lake/build/lib/lean/LaRueProtorealAlgebra/AntiSpoofing.olean -i /home/phrxmaz/Documents/CyberAlchemy/.lake/build/lib/lean/LaRueProtorealAlgebra/AntiSpoofing.ilean -c /home/phrxmaz/Documents/CyberAlchemy/.lake/build/ir/LaRueProtorealAlgebra/AntiSpoofing.c --setup /home/phrxmaz/Documents/CyberAlchemy/.lake/build/ir/LaRueProtorealAlgebra/AntiSpoofing.setup.json --json
error: LaRueProtorealAlgebra/AntiSpoofing.lean:2:0: invalid 'import' command, it must be used in the beginning of the file
error: Lean exited with code 1
✖ [7/202] Building LaRueProtorealAlgebra.Apoptosis (172ms)
trace: .> LEAN_PATH=/home/phrxmaz/Documents/CyberAlchemy/.lake/packages/Cli/.lake/build/lib/lean:/home/phrxmaz/Documents/CyberAlchemy/.lake/packages/batteries/.lake/build/lib/lean:/home/phrxmaz/Documents/CyberAlchemy/.lake/packages/Qq/.lake/build/lib/lean:/home/phrxmaz/Documents/CyberAlchemy/.lake/packages/aesop/.lake/build/lib/lean:/home/phrxmaz/Documents/CyberAlchemy/.lake/packages/proofwidgets/.lake/build/lib/lean:/home/phrxmaz/Documents/CyberAlchemy/.lake/packages/importGraph/.lake/build/lib/lean:/home/phrxmaz/Documents/CyberAlchemy/.lake/packages/LeanSearchClient/.lake/build/lib/lean:/home/phrxmaz/Documents/CyberAlchemy/.lake/packages/plausible/.lake/build/lib/lean:/home/phrxmaz/Documents/CyberAlchemy/.lake/packages/mathlib/.lake/build/lib/lean:/home/phrxmaz/Documents/CyberAlchemy/.lake/build/lib/lean /home/phrxmaz/.elan/toolchains/leanprover--lean4---v4.29.1/bin/lean /home/phrxmaz/Documents/CyberAlchemy/LaRueProtorealAlgebra/Apoptosis.lean -o /home/phrxmaz/Documents/CyberAlchemy/.lake/build/lib/lean/LaRueProtorealAlgebra/Apoptosis.olean -i /home/phrxmaz/Documents/CyberAlchemy/.lake/build/lib/lean/LaRueProtorealAlgebra/Apoptosis.ilean -c /home/phrxmaz/Documents/CyberAlchemy/.lake/build/ir/LaRueProtorealAlgebra/Apoptosis.c --setup /home/phrxmaz/Documents/CyberAlchemy/.lake/build/ir/LaRueProtorealAlgebra/Apoptosis.setup.json --json
error: LaRueProtorealAlgebra/Apoptosis.lean:2:0: invalid 'import' command, it must be used in the beginning of the file
error: Lean exited with code 1
✖ [8/202] Building LaRueProtorealAlgebra.AuraGitIsomorphism (177ms)
trace: .> LEAN_PATH=/home/phrxmaz/Documents/CyberAlchemy/.lake/packages/Cli/.lake/build/lib/lean:/home/phrxmaz/Documents/CyberAlchemy/.lake/packages/batteries/.lake/build/lib/lean:/home/phrxmaz/Documents/CyberAlchemy/.lake/packages/Qq/.lake/build/lib/lean:/home/phrxmaz/Documents/CyberAlchemy/.lake/packages/aesop/.lake/build/lib/lean:/home/phrxmaz/Documents/CyberAlchemy/.lake/packages/proofwidgets/.lake/build/lib/lean:/home/phrxmaz/Documents/CyberAlchemy/.lake/packages/importGraph/.lake/build/lib/lean:/home/phrxmaz/Documents/CyberAlchemy/.lake/packages/LeanSearchClient/.lake/build/lib/lean:/home/phrxmaz/Documents/CyberAlchemy/.lake/packages/plausible/.lake/build/lib/lean:/home/phrxmaz/Documents/CyberAlchemy/.lake/packages/mathlib/.lake/build/lib/lean:/home/phrxmaz/Documents/CyberAlchemy/.lake/build/lib/lean /home/phrxmaz/.elan/toolchains/leanprover--lean4---v4.29.1/bin/lean /home/phrxmaz/Documents/CyberAlchemy/LaRueProtorealAlgebra/AuraGitIsomorphism.lean -o /home/phrxmaz/Documents/CyberAlchemy/.lake/build/lib/lean/LaRueProtorealAlgebra/AuraGitIsomorphism.olean -i /home/phrxmaz/Documents/CyberAlchemy/.lake/build/lib/lean/LaRueProtorealAlgebra/AuraGitIsomorphism.ilean -c /home/phrxmaz/Documents/CyberAlchemy/.lake/build/ir/LaRueProtorealAlgebra/AuraGitIsomorphism.c --setup /home/phrxmaz/Documents/CyberAlchemy/.lake/build/ir/LaRueProtorealAlgebra/AuraGitIsomorphism.setup.json --json
error: LaRueProtorealAlgebra/AuraGitIsomorphism.lean:2:0: invalid 'import' command, it must be used in the beginning of the file
error: Lean exited with code 1
✖ [9/202] Building LaRueProtorealAlgebra.Awareness (189ms)
trace: .> LEAN_PATH=/home/phrxmaz/Documents/CyberAlchemy/.lake/packages/Cli/.lake/build/lib/lean:/home/phrxmaz/Documents/CyberAlchemy/.lake/packages/batteries/.lake/build/lib/lean:/home/phrxmaz/Documents/CyberAlchemy/.lake/packages/Qq/.lake/build/lib/lean:/home/phrxmaz/Documents/CyberAlchemy/.lake/packages/aesop/.lake/build/lib/lean:/home/phrxmaz/Documents/CyberAlchemy/.lake/packages/proofwidgets/.lake/build/lib/lean:/home/phrxmaz/Documents/CyberAlchemy/.lake/packages/importGraph/.lake/build/lib/lean:/home/phrxmaz/Documents/CyberAlchemy/.lake/packages/LeanSearchClient/.lake/build/lib/lean:/home/phrxmaz/Documents/CyberAlchemy/.lake/packages/plausible/.lake/build/lib/lean:/home/phrxmaz/Documents/CyberAlchemy/.lake/packages/mathlib/.lake/build/lib/lean:/home/phrxmaz/Documents/CyberAlchemy/.lake/build/lib/lean /home/phrxmaz/.elan/toolchains/leanprover--lean4---v4.29.1/bin/lean /home/phrxmaz/Documents/CyberAlchemy/LaRueProtorealAlgebra/Awareness.lean -o /home/phrxmaz/Documents/CyberAlchemy/.lake/build/lib/lean/LaRueProtorealAlgebra/Awareness.olean -i /home/phrxmaz/Documents/CyberAlchemy/.lake/build/lib/lean/LaRueProtorealAlgebra/Awareness.ilean -c /home/phrxmaz/Documents/CyberAlchemy/.lake/build/ir/LaRueProtorealAlgebra/Awareness.c --setup /home/phrxmaz/Documents/CyberAlchemy/.lake/build/ir/LaRueProtorealAlgebra/Awareness.setup.json --json
error: LaRueProtorealAlgebra/Awareness.lean:2:0: invalid 'import' command, it must be used in the beginning of the file
error: Lean exited with code 1
✖ [10/202] Building LaRueProtorealAlgebra.Basic (172ms)
trace: .> LEAN_PATH=/home/phrxmaz/Documents/CyberAlchemy/.lake/packages/Cli/.lake/build/lib/lean:/home/phrxmaz/Documents/CyberAlchemy/.lake/packages/batteries/.lake/build/lib/lean:/home/phrxmaz/Documents/CyberAlchemy/.lake/packages/Qq/.lake/build/lib/lean:/home/phrxmaz/Documents/CyberAlchemy/.lake/packages/aesop/.lake/build/lib/lean:/home/phrxmaz/Documents/CyberAlchemy/.lake/packages/proofwidgets/.lake/build/lib/lean:/home/phrxmaz/Documents/CyberAlchemy/.lake/packages/importGraph/.lake/build/lib/lean:/home/phrxmaz/Documents/CyberAlchemy/.lake/packages/LeanSearchClient/.lake/build/lib/lean:/home/phrxmaz/Documents/CyberAlchemy/.lake/packages/plausible/.lake/build/lib/lean:/home/phrxmaz/Documents/CyberAlchemy/.lake/packages/mathlib/.lake/build/lib/lean:/home/phrxmaz/Documents/CyberAlchemy/.lake/build/lib/lean /home/phrxmaz/.elan/toolchains/leanprover--lean4---v4.29.1/bin/lean /home/phrxmaz/Documents/CyberAlchemy/LaRueProtorealAlgebra/Basic.lean -o /home/phrxmaz/Documents/CyberAlchemy/.lake/build/lib/lean/LaRueProtorealAlgebra/Basic.olean -i /home/phrxmaz/Documents/CyberAlchemy/.lake/build/lib/lean/LaRueProtorealAlgebra/Basic.ilean -c /home/phrxmaz/Documents/CyberAlchemy/.lake/build/ir/LaRueProtorealAlgebra/Basic.c --setup /home/phrxmaz/Documents/CyberAlchemy/.lake/build/ir/LaRueProtorealAlgebra/Basic.setup.json --json
error: LaRueProtorealAlgebra/Basic.lean:2:0: invalid 'import' command, it must be used in the beginning of the file
error: Lean exited with code 1
✖ [11/202] Building LaRueProtorealAlgebra.BitCollapse (168ms)
trace: .> LEAN_PATH=/home/phrxmaz/Documents/CyberAlchemy/.lake/packages/Cli/.lake/build/lib/lean:/home/phrxmaz/Documents/CyberAlchemy/.lake/packages/batteries/.lake/build/lib/lean:/home/phrxmaz/Documents/CyberAlchemy/.lake/packages/Qq/.lake/build/lib/lean:/home/phrxmaz/Documents/CyberAlchemy/.lake/packages/aesop/.lake/build/lib/lean:/home/phrxmaz/Documents/CyberAlchemy/.lake/packages/proofwidgets/.lake/build/lib/lean:/home/phrxmaz/Documents/CyberAlchemy/.lake/packages/importGraph/.lake/build/lib/lean:/home/phrxmaz/Documents/CyberAlchemy/.lake/packages/LeanSearchClient/.lake/build/lib/lean:/home/phrxmaz/Documents/CyberAlchemy/.lake/packages/plausible/.lake/build/lib/lean:/home/phrxmaz/Documents/CyberAlchemy/.lake/packages/mathlib/.lake/build/lib/lean:/home/phrxmaz/Documents/CyberAlchemy/.lake/build/lib/lean /home/phrxmaz/.elan/toolchains/leanprover--lean4---v4.29.1/bin/lean /home/phrxmaz/Documents/CyberAlchemy/LaRueProtorealAlgebra/BitCollapse.lean -o /home/phrxmaz/Documents/CyberAlchemy/.lake/build/lib/lean/LaRueProtorealAlgebra/BitCollapse.olean -i /home/phrxmaz/Documents/CyberAlchemy/.lake/build/lib/lean/LaRueProtorealAlgebra/BitCollapse.ilean -c /home/phrxmaz/Documents/CyberAlchemy/.lake/build/ir/LaRueProtorealAlgebra/BitCollapse.c --setup /home/phrxmaz/Documents/CyberAlchemy/.lake/build/ir/LaRueProtorealAlgebra/BitCollapse.setup.json --json
error: LaRueProtorealAlgebra/BitCollapse.lean:2:0: invalid 'import' command, it must be used in the beginning of the file
error: Lean exited with code 1
✖ [12/202] Building LaRueProtorealAlgebra.BohmOrder (181ms)
trace: .> LEAN_PATH=/home/phrxmaz/Documents/CyberAlchemy/.lake/packages/Cli/.lake/build/lib/lean:/home/phrxmaz/Documents/CyberAlchemy/.lake/packages/batteries/.lake/build/lib/lean:/home/phrxmaz/Documents/CyberAlchemy/.lake/packages/Qq/.lake/build/lib/lean:/home/phrxmaz/Documents/CyberAlchemy/.lake/packages/aesop/.lake/build/lib/lean:/home/phrxmaz/Documents/CyberAlchemy/.lake/packages/proofwidgets/.lake/build/lib/lean:/home/phrxmaz/Documents/CyberAlchemy/.lake/packages/importGraph/.lake/build/lib/lean:/home/phrxmaz/Documents/CyberAlchemy/.lake/packages/LeanSearchClient/.lake/build/lib/lean:/home/phrxmaz/Documents/CyberAlchemy/.lake/packages/plausible/.lake/build/lib/lean:/home/phrxmaz/Documents/CyberAlchemy/.lake/packages/mathlib/.lake/build/lib/lean:/home/phrxmaz/Documents/CyberAlchemy/.lake/build/lib/lean /home/phrxmaz/.elan/toolchains/leanprover--lean4---v4.29.1/bin/lean /home/phrxmaz/Documents/CyberAlchemy/LaRueProtorealAlgebra/BohmOrder.lean -o /home/phrxmaz/Documents/CyberAlchemy/.lake/build/lib/lean/LaRueProtorealAlgebra/BohmOrder.olean -i /home/phrxmaz/Documents/CyberAlchemy/.lake/build/lib/lean/LaRueProtorealAlgebra/BohmOrder.ilean -c /home/phrxmaz/Documents/CyberAlchemy/.lake/build/ir/LaRueProtorealAlgebra/BohmOrder.c --setup /home/phrxmaz/Documents/CyberAlchemy/.lake/build/ir/LaRueProtorealAlgebra/BohmOrder.setup.json --json
error: LaRueProtorealAlgebra/BohmOrder.lean:2:0: invalid 'import' command, it must be used in the beginning of the file
error: Lean exited with code 1
✖ [13/202] Building LaRueProtorealAlgebra.BorrowObserver (159ms)
trace: .> LEAN_PATH=/home/phrxmaz/Documents/CyberAlchemy/.lake/packages/Cli/.lake/build/lib/lean:/home/phrxmaz/Documents/CyberAlchemy/.lake/packages/batteries/.lake/build/lib/lean:/home/phrxmaz/Documents/CyberAlchemy/.lake/packages/Qq/.lake/build/lib/lean:/home/phrxmaz/Documents/CyberAlchemy/.lake/packages/aesop/.lake/build/lib/lean:/home/phrxmaz/Documents/CyberAlchemy/.lake/packages/proofwidgets/.lake/build/lib/lean:/home/phrxmaz/Documents/CyberAlchemy/.lake/packages/importGraph/.lake/build/lib/lean:/home/phrxmaz/Documents/CyberAlchemy/.lake/packages/LeanSearchClient/.lake/build/lib/lean:/home/phrxmaz/Documents/CyberAlchemy/.lake/packages/plausible/.lake/build/lib/lean:/home/phrxmaz/Documents/CyberAlchemy/.lake/packages/mathlib/.lake/build/lib/lean:/home/phrxmaz/Documents/CyberAlchemy/.lake/build/lib/lean /home/phrxmaz/.elan/toolchains/leanprover--lean4---v4.29.1/bin/lean /home/phrxmaz/Documents/CyberAlchemy/LaRueProtorealAlgebra/BorrowObserver.lean -o /home/phrxmaz/Documents/CyberAlchemy/.lake/build/lib/lean/LaRueProtorealAlgebra/BorrowObserver.olean -i /home/phrxmaz/Documents/CyberAlchemy/.lake/build/lib/lean/LaRueProtorealAlgebra/BorrowObserver.ilean -c /home/phrxmaz/Documents/CyberAlchemy/.lake/build/ir/LaRueProtorealAlgebra/BorrowObserver.c --setup /home/phrxmaz/Documents/CyberAlchemy/.lake/build/ir/LaRueProtorealAlgebra/BorrowObserver.setup.json --json
error: LaRueProtorealAlgebra/BorrowObserver.lean:2:0: invalid 'import' command, it must be used in the beginning of the file
error: Lean exited with code 1
✖ [14/202] Building LaRueProtorealAlgebra.ConfigSheaf (149ms)
trace: .> LEAN_PATH=/home/phrxmaz/Documents/CyberAlchemy/.lake/packages/Cli/.lake/build/lib/lean:/home/phrxmaz/Documents/CyberAlchemy/.lake/packages/batteries/.lake/build/lib/lean:/home/phrxmaz/Documents/CyberAlchemy/.lake/packages/Qq/.lake/build/lib/lean:/home/phrxmaz/Documents/CyberAlchemy/.lake/packages/aesop/.lake/build/lib/lean:/home/phrxmaz/Documents/CyberAlchemy/.lake/packages/proofwidgets/.lake/build/lib/lean:/home/phrxmaz/Documents/CyberAlchemy/.lake/packages/importGraph/.lake/build/lib/lean:/home/phrxmaz/Documents/CyberAlchemy/.lake/packages/LeanSearchClient/.lake/build/lib/lean:/home/phrxmaz/Documents/CyberAlchemy/.lake/packages/plausible/.lake/build/lib/lean:/home/phrxmaz/Documents/CyberAlchemy/.lake/packages/mathlib/.lake/build/lib/lean:/home/phrxmaz/Documents/CyberAlchemy/.lake/build/lib/lean /home/phrxmaz/.elan/toolchains/leanprover--lean4---v4.29.1/bin/lean /home/phrxmaz/Documents/CyberAlchemy/LaRueProtorealAlgebra/ConfigSheaf.lean -o /home/phrxmaz/Documents/CyberAlchemy/.lake/build/lib/lean/LaRueProtorealAlgebra/ConfigSheaf.olean -i /home/phrxmaz/Documents/CyberAlchemy/.lake/build/lib/lean/LaRueProtorealAlgebra/ConfigSheaf.ilean -c /home/phrxmaz/Documents/CyberAlchemy/.lake/build/ir/LaRueProtorealAlgebra/ConfigSheaf.c --setup /home/phrxmaz/Documents/CyberAlchemy/.lake/build/ir/LaRueProtorealAlgebra/ConfigSheaf.setup.json --json
error: LaRueProtorealAlgebra/ConfigSheaf.lean:2:0: invalid 'import' command, it must be used in the beginning of the file
error: Lean exited with code 1
✖ [15/202] Building LaRueProtorealAlgebra.AstromaticsTopology (204ms)
trace: .> LEAN_PATH=/home/phrxmaz/Documents/CyberAlchemy/.lake/packages/Cli/.lake/build/lib/lean:/home/phrxmaz/Documents/CyberAlchemy/.lake/packages/batteries/.lake/build/lib/lean:/home/phrxmaz/Documents/CyberAlchemy/.lake/packages/Qq/.lake/build/lib/lean:/home/phrxmaz/Documents/CyberAlchemy/.lake/packages/aesop/.lake/build/lib/lean:/home/phrxmaz/Documents/CyberAlchemy/.lake/packages/proofwidgets/.lake/build/lib/lean:/home/phrxmaz/Documents/CyberAlchemy/.lake/packages/importGraph/.lake/build/lib/lean:/home/phrxmaz/Documents/CyberAlchemy/.lake/packages/LeanSearchClient/.lake/build/lib/lean:/home/phrxmaz/Documents/CyberAlchemy/.lake/packages/plausible/.lake/build/lib/lean:/home/phrxmaz/Documents/CyberAlchemy/.lake/packages/mathlib/.lake/build/lib/lean:/home/phrxmaz/Documents/CyberAlchemy/.lake/build/lib/lean /home/phrxmaz/.elan/toolchains/leanprover--lean4---v4.29.1/bin/lean /home/phrxmaz/Documents/CyberAlchemy/LaRueProtorealAlgebra/AstromaticsTopology.lean -o /home/phrxmaz/Documents/CyberAlchemy/.lake/build/lib/lean/LaRueProtorealAlgebra/AstromaticsTopology.olean -i /home/phrxmaz/Documents/CyberAlchemy/.lake/build/lib/lean/LaRueProtorealAlgebra/AstromaticsTopology.ilean -c /home/phrxmaz/Documents/CyberAlchemy/.lake/build/ir/LaRueProtorealAlgebra/AstromaticsTopology.c --setup /home/phrxmaz/Documents/CyberAlchemy/.lake/build/ir/LaRueProtorealAlgebra/AstromaticsTopology.setup.json --json
error: LaRueProtorealAlgebra/AstromaticsTopology.lean:2:0: invalid 'import' command, it must be used in the beginning of the file
error: Lean exited with code 1
✖ [16/202] Building LaRueProtorealAlgebra.ATProtoIsomorphism (245ms)
trace: .> LEAN_PATH=/home/phrxmaz/Documents/CyberAlchemy/.lake/packages/Cli/.lake/build/lib/lean:/home/phrxmaz/Documents/CyberAlchemy/.lake/packages/batteries/.lake/build/lib/lean:/home/phrxmaz/Documents/CyberAlchemy/.lake/packages/Qq/.lake/build/lib/lean:/home/phrxmaz/Documents/CyberAlchemy/.lake/packages/aesop/.lake/build/lib/lean:/home/phrxmaz/Documents/CyberAlchemy/.lake/packages/proofwidgets/.lake/build/lib/lean:/home/phrxmaz/Documents/CyberAlchemy/.lake/packages/importGraph/.lake/build/lib/lean:/home/phrxmaz/Documents/CyberAlchemy/.lake/packages/LeanSearchClient/.lake/build/lib/lean:/home/phrxmaz/Documents/CyberAlchemy/.lake/packages/plausible/.lake/build/lib/lean:/home/phrxmaz/Documents/CyberAlchemy/.lake/packages/mathlib/.lake/build/lib/lean:/home/phrxmaz/Documents/CyberAlchemy/.lake/build/lib/lean /home/phrxmaz/.elan/toolchains/leanprover--lean4---v4.29.1/bin/lean /home/phrxmaz/Documents/CyberAlchemy/LaRueProtorealAlgebra/ATProtoIsomorphism.lean -o /home/phrxmaz/Documents/CyberAlchemy/.lake/build/lib/lean/LaRueProtorealAlgebra/ATProtoIsomorphism.olean -i /home/phrxmaz/Documents/CyberAlchemy/.lake/build/lib/lean/LaRueProtorealAlgebra/ATProtoIsomorphism.ilean -c /home/phrxmaz/Documents/CyberAlchemy/.lake/build/ir/LaRueProtorealAlgebra/ATProtoIsomorphism.c --setup /home/phrxmaz/Documents/CyberAlchemy/.lake/build/ir/LaRueProtorealAlgebra/ATProtoIsomorphism.setup.json --json
error: LaRueProtorealAlgebra/ATProtoIsomorphism.lean:2:0: invalid 'import' command, it must be used in the beginning of the file
error: Lean exited with code 1
✖ [17/202] Building LaRueProtorealAlgebra.C46Unification (186ms)
trace: .> LEAN_PATH=/home/phrxmaz/Documents/CyberAlchemy/.lake/packages/Cli/.lake/build/lib/lean:/home/phrxmaz/Documents/CyberAlchemy/.lake/packages/batteries/.lake/build/lib/lean:/home/phrxmaz/Documents/CyberAlchemy/.lake/packages/Qq/.lake/build/lib/lean:/home/phrxmaz/Documents/CyberAlchemy/.lake/packages/aesop/.lake/build/lib/lean:/home/phrxmaz/Documents/CyberAlchemy/.lake/packages/proofwidgets/.lake/build/lib/lean:/home/phrxmaz/Documents/CyberAlchemy/.lake/packages/importGraph/.lake/build/lib/lean:/home/phrxmaz/Documents/CyberAlchemy/.lake/packages/LeanSearchClient/.lake/build/lib/lean:/home/phrxmaz/Documents/CyberAlchemy/.lake/packages/plausible/.lake/build/lib/lean:/home/phrxmaz/Documents/CyberAlchemy/.lake/packages/mathlib/.lake/build/lib/lean:/home/phrxmaz/Documents/CyberAlchemy/.lake/build/lib/lean /home/phrxmaz/.elan/toolchains/leanprover--lean4---v4.29.1/bin/lean /home/phrxmaz/Documents/CyberAlchemy/LaRueProtorealAlgebra/C46Unification.lean -o /home/phrxmaz/Documents/CyberAlchemy/.lake/build/lib/lean/LaRueProtorealAlgebra/C46Unification.olean -i /home/phrxmaz/Documents/CyberAlchemy/.lake/build/lib/lean/LaRueProtorealAlgebra/C46Unification.ilean -c /home/phrxmaz/Documents/CyberAlchemy/.lake/build/ir/LaRueProtorealAlgebra/C46Unification.c --setup /home/phrxmaz/Documents/CyberAlchemy/.lake/build/ir/LaRueProtorealAlgebra/C46Unification.setup.json --json
error: LaRueProtorealAlgebra/C46Unification.lean:2:0: invalid 'import' command, it must be used in the beginning of the file
error: Lean exited with code 1
✖ [18/202] Building LaRueProtorealAlgebra.CellSplitting (186ms)
trace: .> LEAN_PATH=/home/phrxmaz/Documents/CyberAlchemy/.lake/packages/Cli/.lake/build/lib/lean:/home/phrxmaz/Documents/CyberAlchemy/.lake/packages/batteries/.lake/build/lib/lean:/home/phrxmaz/Documents/CyberAlchemy/.lake/packages/Qq/.lake/build/lib/lean:/home/phrxmaz/Documents/CyberAlchemy/.lake/packages/aesop/.lake/build/lib/lean:/home/phrxmaz/Documents/CyberAlchemy/.lake/packages/proofwidgets/.lake/build/lib/lean:/home/phrxmaz/Documents/CyberAlchemy/.lake/packages/importGraph/.lake/build/lib/lean:/home/phrxmaz/Documents/CyberAlchemy/.lake/packages/LeanSearchClient/.lake/build/lib/lean:/home/phrxmaz/Documents/CyberAlchemy/.lake/packages/plausible/.lake/build/lib/lean:/home/phrxmaz/Documents/CyberAlchemy/.lake/packages/mathlib/.lake/build/lib/lean:/home/phrxmaz/Documents/CyberAlchemy/.lake/build/lib/lean /home/phrxmaz/.elan/toolchains/leanprover--lean4---v4.29.1/bin/lean /home/phrxmaz/Documents/CyberAlchemy/LaRueProtorealAlgebra/CellSplitting.lean -o /home/phrxmaz/Documents/CyberAlchemy/.lake/build/lib/lean/LaRueProtorealAlgebra/CellSplitting.olean -i /home/phrxmaz/Documents/CyberAlchemy/.lake/build/lib/lean/LaRueProtorealAlgebra/CellSplitting.ilean -c /home/phrxmaz/Documents/CyberAlchemy/.lake/build/ir/LaRueProtorealAlgebra/CellSplitting.c --setup /home/phrxmaz/Documents/CyberAlchemy/.lake/build/ir/LaRueProtorealAlgebra/CellSplitting.setup.json --json
error: LaRueProtorealAlgebra/CellSplitting.lean:2:0: invalid 'import' command, it must be used in the beginning of the file
error: Lean exited with code 1
✖ [19/202] Building LaRueProtorealAlgebra.CollatzResonance (226ms)
trace: .> LEAN_PATH=/home/phrxmaz/Documents/CyberAlchemy/.lake/packages/Cli/.lake/build/lib/lean:/home/phrxmaz/Documents/CyberAlchemy/.lake/packages/batteries/.lake/build/lib/lean:/home/phrxmaz/Documents/CyberAlchemy/.lake/packages/Qq/.lake/build/lib/lean:/home/phrxmaz/Documents/CyberAlchemy/.lake/packages/aesop/.lake/build/lib/lean:/home/phrxmaz/Documents/CyberAlchemy/.lake/packages/proofwidgets/.lake/build/lib/lean:/home/phrxmaz/Documents/CyberAlchemy/.lake/packages/importGraph/.lake/build/lib/lean:/home/phrxmaz/Documents/CyberAlchemy/.lake/packages/LeanSearchClient/.lake/build/lib/lean:/home/phrxmaz/Documents/CyberAlchemy/.lake/packages/plausible/.lake/build/lib/lean:/home/phrxmaz/Documents/CyberAlchemy/.lake/packages/mathlib/.lake/build/lib/lean:/home/phrxmaz/Documents/CyberAlchemy/.lake/build/lib/lean /home/phrxmaz/.elan/toolchains/leanprover--lean4---v4.29.1/bin/lean /home/phrxmaz/Documents/CyberAlchemy/LaRueProtorealAlgebra/CollatzResonance.lean -o /home/phrxmaz/Documents/CyberAlchemy/.lake/build/lib/lean/LaRueProtorealAlgebra/CollatzResonance.olean -i /home/phrxmaz/Documents/CyberAlchemy/.lake/build/lib/lean/LaRueProtorealAlgebra/CollatzResonance.ilean -c /home/phrxmaz/Documents/CyberAlchemy/.lake/build/ir/LaRueProtorealAlgebra/CollatzResonance.c --setup /home/phrxmaz/Documents/CyberAlchemy/.lake/build/ir/LaRueProtorealAlgebra/CollatzResonance.setup.json --json
error: LaRueProtorealAlgebra/CollatzResonance.lean:2:0: invalid 'import' command, it must be used in the beginning of the file
error: Lean exited with code 1
✖ [20/202] Building LaRueProtorealAlgebra.CommutatorGap (213ms)
trace: .> LEAN_PATH=/home/phrxmaz/Documents/CyberAlchemy/.lake/packages/Cli/.lake/build/lib/lean:/home/phrxmaz/Documents/CyberAlchemy/.lake/packages/batteries/.lake/build/lib/lean:/home/phrxmaz/Documents/CyberAlchemy/.lake/packages/Qq/.lake/build/lib/lean:/home/phrxmaz/Documents/CyberAlchemy/.lake/packages/aesop/.lake/build/lib/lean:/home/phrxmaz/Documents/CyberAlchemy/.lake/packages/proofwidgets/.lake/build/lib/lean:/home/phrxmaz/Documents/CyberAlchemy/.lake/packages/importGraph/.lake/build/lib/lean:/home/phrxmaz/Documents/CyberAlchemy/.lake/packages/LeanSearchClient/.lake/build/lib/lean:/home/phrxmaz/Documents/CyberAlchemy/.lake/packages/plausible/.lake/build/lib/lean:/home/phrxmaz/Documents/CyberAlchemy/.lake/packages/mathlib/.lake/build/lib/lean:/home/phrxmaz/Documents/CyberAlchemy/.lake/build/lib/lean /home/phrxmaz/.elan/toolchains/leanprover--lean4---v4.29.1/bin/lean /home/phrxmaz/Documents/CyberAlchemy/LaRueProtorealAlgebra/CommutatorGap.lean -o /home/phrxmaz/Documents/CyberAlchemy/.lake/build/lib/lean/LaRueProtorealAlgebra/CommutatorGap.olean -i /home/phrxmaz/Documents/CyberAlchemy/.lake/build/lib/lean/LaRueProtorealAlgebra/CommutatorGap.ilean -c /home/phrxmaz/Documents/CyberAlchemy/.lake/build/ir/LaRueProtorealAlgebra/CommutatorGap.c --setup /home/phrxmaz/Documents/CyberAlchemy/.lake/build/ir/LaRueProtorealAlgebra/CommutatorGap.setup.json --json
error: LaRueProtorealAlgebra/CommutatorGap.lean:2:0: invalid 'import' command, it must be used in the beginning of the file
error: Lean exited with code 1
✖ [21/202] Building LaRueProtorealAlgebra.ComputationalCharge (185ms)
trace: .> LEAN_PATH=/home/phrxmaz/Documents/CyberAlchemy/.lake/packages/Cli/.lake/build/lib/lean:/home/phrxmaz/Documents/CyberAlchemy/.lake/packages/batteries/.lake/build/lib/lean:/home/phrxmaz/Documents/CyberAlchemy/.lake/packages/Qq/.lake/build/lib/lean:/home/phrxmaz/Documents/CyberAlchemy/.lake/packages/aesop/.lake/build/lib/lean:/home/phrxmaz/Documents/CyberAlchemy/.lake/packages/proofwidgets/.lake/build/lib/lean:/home/phrxmaz/Documents/CyberAlchemy/.lake/packages/importGraph/.lake/build/lib/lean:/home/phrxmaz/Documents/CyberAlchemy/.lake/packages/LeanSearchClient/.lake/build/lib/lean:/home/phrxmaz/Documents/CyberAlchemy/.lake/packages/plausible/.lake/build/lib/lean:/home/phrxmaz/Documents/CyberAlchemy/.lake/packages/mathlib/.lake/build/lib/lean:/home/phrxmaz/Documents/CyberAlchemy/.lake/build/lib/lean /home/phrxmaz/.elan/toolchains/leanprover--lean4---v4.29.1/bin/lean /home/phrxmaz/Documents/CyberAlchemy/LaRueProtorealAlgebra/ComputationalCharge.lean -o /home/phrxmaz/Documents/CyberAlchemy/.lake/build/lib/lean/LaRueProtorealAlgebra/ComputationalCharge.olean -i /home/phrxmaz/Documents/CyberAlchemy/.lake/build/lib/lean/LaRueProtorealAlgebra/ComputationalCharge.ilean -c /home/phrxmaz/Documents/CyberAlchemy/.lake/build/ir/LaRueProtorealAlgebra/ComputationalCharge.c --setup /home/phrxmaz/Documents/CyberAlchemy/.lake/build/ir/LaRueProtorealAlgebra/ComputationalCharge.setup.json --json
error: LaRueProtorealAlgebra/ComputationalCharge.lean:2:0: invalid 'import' command, it must be used in the beginning of the file
error: Lean exited with code 1
✖ [22/202] Building LaRueProtorealAlgebra.ConnesWienerAlgebra (213ms)
trace: .> LEAN_PATH=/home/phrxmaz/Documents/CyberAlchemy/.lake/packages/Cli/.lake/build/lib/lean:/home/phrxmaz/Documents/CyberAlchemy/.lake/packages/batteries/.lake/build/lib/lean:/home/phrxmaz/Documents/CyberAlchemy/.lake/packages/Qq/.lake/build/lib/lean:/home/phrxmaz/Documents/CyberAlchemy/.lake/packages/aesop/.lake/build/lib/lean:/home/phrxmaz/Documents/CyberAlchemy/.lake/packages/proofwidgets/.lake/build/lib/lean:/home/phrxmaz/Documents/CyberAlchemy/.lake/packages/importGraph/.lake/build/lib/lean:/home/phrxmaz/Documents/CyberAlchemy/.lake/packages/LeanSearchClient/.lake/build/lib/lean:/home/phrxmaz/Documents/CyberAlchemy/.lake/packages/plausible/.lake/build/lib/lean:/home/phrxmaz/Documents/CyberAlchemy/.lake/packages/mathlib/.lake/build/lib/lean:/home/phrxmaz/Documents/CyberAlchemy/.lake/build/lib/lean /home/phrxmaz/.elan/toolchains/leanprover--lean4---v4.29.1/bin/lean /home/phrxmaz/Documents/CyberAlchemy/LaRueProtorealAlgebra/ConnesWienerAlgebra.lean -o /home/phrxmaz/Documents/CyberAlchemy/.lake/build/lib/lean/LaRueProtorealAlgebra/ConnesWienerAlgebra.olean -i /home/phrxmaz/Documents/CyberAlchemy/.lake/build/lib/lean/LaRueProtorealAlgebra/ConnesWienerAlgebra.ilean -c /home/phrxmaz/Documents/CyberAlchemy/.lake/build/ir/LaRueProtorealAlgebra/ConnesWienerAlgebra.c --setup /home/phrxmaz/Documents/CyberAlchemy/.lake/build/ir/LaRueProtorealAlgebra/ConnesWienerAlgebra.setup.json --json
error: LaRueProtorealAlgebra/ConnesWienerAlgebra.lean:2:0: invalid 'import' command, it must be used in the beginning of the file
error: Lean exited with code 1
✖ [23/202] Building LaRueProtorealAlgebra.CradleContinuation (205ms)
trace: .> LEAN_PATH=/home/phrxmaz/Documents/CyberAlchemy/.lake/packages/Cli/.lake/build/lib/lean:/home/phrxmaz/Documents/CyberAlchemy/.lake/packages/batteries/.lake/build/lib/lean:/home/phrxmaz/Documents/CyberAlchemy/.lake/packages/Qq/.lake/build/lib/lean:/home/phrxmaz/Documents/CyberAlchemy/.lake/packages/aesop/.lake/build/lib/lean:/home/phrxmaz/Documents/CyberAlchemy/.lake/packages/proofwidgets/.lake/build/lib/lean:/home/phrxmaz/Documents/CyberAlchemy/.lake/packages/importGraph/.lake/build/lib/lean:/home/phrxmaz/Documents/CyberAlchemy/.lake/packages/LeanSearchClient/.lake/build/lib/lean:/home/phrxmaz/Documents/CyberAlchemy/.lake/packages/plausible/.lake/build/lib/lean:/home/phrxmaz/Documents/CyberAlchemy/.lake/packages/mathlib/.lake/build/lib/lean:/home/phrxmaz/Documents/CyberAlchemy/.lake/build/lib/lean /home/phrxmaz/.elan/toolchains/leanprover--lean4---v4.29.1/bin/lean /home/phrxmaz/Documents/CyberAlchemy/LaRueProtorealAlgebra/CradleContinuation.lean -o /home/phrxmaz/Documents/CyberAlchemy/.lake/build/lib/lean/LaRueProtorealAlgebra/CradleContinuation.olean -i /home/phrxmaz/Documents/CyberAlchemy/.lake/build/lib/lean/LaRueProtorealAlgebra/CradleContinuation.ilean -c /home/phrxmaz/Documents/CyberAlchemy/.lake/build/ir/LaRueProtorealAlgebra/CradleContinuation.c --setup /home/phrxmaz/Documents/CyberAlchemy/.lake/build/ir/LaRueProtorealAlgebra/CradleContinuation.setup.json --json
error: LaRueProtorealAlgebra/CradleContinuation.lean:2:0: invalid 'import' command, it must be used in the beginning of the file
error: Lean exited with code 1
✖ [24/202] Building LaRueProtorealAlgebra.CyberBundle (216ms)
trace: .> LEAN_PATH=/home/phrxmaz/Documents/CyberAlchemy/.lake/packages/Cli/.lake/build/lib/lean:/home/phrxmaz/Documents/CyberAlchemy/.lake/packages/batteries/.lake/build/lib/lean:/home/phrxmaz/Documents/CyberAlchemy/.lake/packages/Qq/.lake/build/lib/lean:/home/phrxmaz/Documents/CyberAlchemy/.lake/packages/aesop/.lake/build/lib/lean:/home/phrxmaz/Documents/CyberAlchemy/.lake/packages/proofwidgets/.lake/build/lib/lean:/home/phrxmaz/Documents/CyberAlchemy/.lake/packages/importGraph/.lake/build/lib/lean:/home/phrxmaz/Documents/CyberAlchemy/.lake/packages/LeanSearchClient/.lake/build/lib/lean:/home/phrxmaz/Documents/CyberAlchemy/.lake/packages/plausible/.lake/build/lib/lean:/home/phrxmaz/Documents/CyberAlchemy/.lake/packages/mathlib/.lake/build/lib/lean:/home/phrxmaz/Documents/CyberAlchemy/.lake/build/lib/lean /home/phrxmaz/.elan/toolchains/leanprover--lean4---v4.29.1/bin/lean /home/phrxmaz/Documents/CyberAlchemy/LaRueProtorealAlgebra/CyberBundle.lean -o /home/phrxmaz/Documents/CyberAlchemy/.lake/build/lib/lean/LaRueProtorealAlgebra/CyberBundle.olean -i /home/phrxmaz/Documents/CyberAlchemy/.lake/build/lib/lean/LaRueProtorealAlgebra/CyberBundle.ilean -c /home/phrxmaz/Documents/CyberAlchemy/.lake/build/ir/LaRueProtorealAlgebra/CyberBundle.c --setup /home/phrxmaz/Documents/CyberAlchemy/.lake/build/ir/LaRueProtorealAlgebra/CyberBundle.setup.json --json
error: LaRueProtorealAlgebra/CyberBundle.lean:2:0: invalid 'import' command, it must be used in the beginning of the file
error: Lean exited with code 1
✖ [25/202] Building LaRueProtorealAlgebra.CyberdeckPlasmaBridge (148ms)
trace: .> LEAN_PATH=/home/phrxmaz/Documents/CyberAlchemy/.lake/packages/Cli/.lake/build/lib/lean:/home/phrxmaz/Documents/CyberAlchemy/.lake/packages/batteries/.lake/build/lib/lean:/home/phrxmaz/Documents/CyberAlchemy/.lake/packages/Qq/.lake/build/lib/lean:/home/phrxmaz/Documents/CyberAlchemy/.lake/packages/aesop/.lake/build/lib/lean:/home/phrxmaz/Documents/CyberAlchemy/.lake/packages/proofwidgets/.lake/build/lib/lean:/home/phrxmaz/Documents/CyberAlchemy/.lake/packages/importGraph/.lake/build/lib/lean:/home/phrxmaz/Documents/CyberAlchemy/.lake/packages/LeanSearchClient/.lake/build/lib/lean:/home/phrxmaz/Documents/CyberAlchemy/.lake/packages/plausible/.lake/build/lib/lean:/home/phrxmaz/Documents/CyberAlchemy/.lake/packages/mathlib/.lake/build/lib/lean:/home/phrxmaz/Documents/CyberAlchemy/.lake/build/lib/lean /home/phrxmaz/.elan/toolchains/leanprover--lean4---v4.29.1/bin/lean /home/phrxmaz/Documents/CyberAlchemy/LaRueProtorealAlgebra/CyberdeckPlasmaBridge.lean -o /home/phrxmaz/Documents/CyberAlchemy/.lake/build/lib/lean/LaRueProtorealAlgebra/CyberdeckPlasmaBridge.olean -i /home/phrxmaz/Documents/CyberAlchemy/.lake/build/lib/lean/LaRueProtorealAlgebra/CyberdeckPlasmaBridge.ilean -c /home/phrxmaz/Documents/CyberAlchemy/.lake/build/ir/LaRueProtorealAlgebra/CyberdeckPlasmaBridge.c --setup /home/phrxmaz/Documents/CyberAlchemy/.lake/build/ir/LaRueProtorealAlgebra/CyberdeckPlasmaBridge.setup.json --json
error: LaRueProtorealAlgebra/CyberdeckPlasmaBridge.lean:2:0: invalid 'import' command, it must be used in the beginning of the file
error: Lean exited with code 1
✖ [26/202] Building LaRueProtorealAlgebra.ConsciousConservation (219ms)
trace: .> LEAN_PATH=/home/phrxmaz/Documents/CyberAlchemy/.lake/packages/Cli/.lake/build/lib/lean:/home/phrxmaz/Documents/CyberAlchemy/.lake/packages/batteries/.lake/build/lib/lean:/home/phrxmaz/Documents/CyberAlchemy/.lake/packages/Qq/.lake/build/lib/lean:/home/phrxmaz/Documents/CyberAlchemy/.lake/packages/aesop/.lake/build/lib/lean:/home/phrxmaz/Documents/CyberAlchemy/.lake/packages/proofwidgets/.lake/build/lib/lean:/home/phrxmaz/Documents/CyberAlchemy/.lake/packages/importGraph/.lake/build/lib/lean:/home/phrxmaz/Documents/CyberAlchemy/.lake/packages/LeanSearchClient/.lake/build/lib/lean:/home/phrxmaz/Documents/CyberAlchemy/.lake/packages/plausible/.lake/build/lib/lean:/home/phrxmaz/Documents/CyberAlchemy/.lake/packages/mathlib/.lake/build/lib/lean:/home/phrxmaz/Documents/CyberAlchemy/.lake/build/lib/lean /home/phrxmaz/.elan/toolchains/leanprover--lean4---v4.29.1/bin/lean /home/phrxmaz/Documents/CyberAlchemy/LaRueProtorealAlgebra/ConsciousConservation.lean -o /home/phrxmaz/Documents/CyberAlchemy/.lake/build/lib/lean/LaRueProtorealAlgebra/ConsciousConservation.olean -i /home/phrxmaz/Documents/CyberAlchemy/.lake/build/lib/lean/LaRueProtorealAlgebra/ConsciousConservation.ilean -c /home/phrxmaz/Documents/CyberAlchemy/.lake/build/ir/LaRueProtorealAlgebra/ConsciousConservation.c --setup /home/phrxmaz/Documents/CyberAlchemy/.lake/build/ir/LaRueProtorealAlgebra/ConsciousConservation.setup.json --json
error: LaRueProtorealAlgebra/ConsciousConservation.lean:2:0: invalid 'import' command, it must be used in the beginning of the file
error: Lean exited with code 1
✖ [27/202] Building LaRueProtorealAlgebra.CyberneticActionReaction (160ms)
trace: .> LEAN_PATH=/home/phrxmaz/Documents/CyberAlchemy/.lake/packages/Cli/.lake/build/lib/lean:/home/phrxmaz/Documents/CyberAlchemy/.lake/packages/batteries/.lake/build/lib/lean:/home/phrxmaz/Documents/CyberAlchemy/.lake/packages/Qq/.lake/build/lib/lean:/home/phrxmaz/Documents/CyberAlchemy/.lake/packages/aesop/.lake/build/lib/lean:/home/phrxmaz/Documents/CyberAlchemy/.lake/packages/proofwidgets/.lake/build/lib/lean:/home/phrxmaz/Documents/CyberAlchemy/.lake/packages/importGraph/.lake/build/lib/lean:/home/phrxmaz/Documents/CyberAlchemy/.lake/packages/LeanSearchClient/.lake/build/lib/lean:/home/phrxmaz/Documents/CyberAlchemy/.lake/packages/plausible/.lake/build/lib/lean:/home/phrxmaz/Documents/CyberAlchemy/.lake/packages/mathlib/.lake/build/lib/lean:/home/phrxmaz/Documents/CyberAlchemy/.lake/build/lib/lean /home/phrxmaz/.elan/toolchains/leanprover--lean4---v4.29.1/bin/lean /home/phrxmaz/Documents/CyberAlchemy/LaRueProtorealAlgebra/CyberneticActionReaction.lean -o /home/phrxmaz/Documents/CyberAlchemy/.lake/build/lib/lean/LaRueProtorealAlgebra/CyberneticActionReaction.olean -i /home/phrxmaz/Documents/CyberAlchemy/.lake/build/lib/lean/LaRueProtorealAlgebra/CyberneticActionReaction.ilean -c /home/phrxmaz/Documents/CyberAlchemy/.lake/build/ir/LaRueProtorealAlgebra/CyberneticActionReaction.c --setup /home/phrxmaz/Documents/CyberAlchemy/.lake/build/ir/LaRueProtorealAlgebra/CyberneticActionReaction.setup.json --json
error: LaRueProtorealAlgebra/CyberneticActionReaction.lean:2:0: invalid 'import' command, it must be used in the beginning of the file
error: Lean exited with code 1
✖ [28/202] Building LaRueProtorealAlgebra.CyberneticChemistry (202ms)
trace: .> LEAN_PATH=/home/phrxmaz/Documents/CyberAlchemy/.lake/packages/Cli/.lake/build/lib/lean:/home/phrxmaz/Documents/CyberAlchemy/.lake/packages/batteries/.lake/build/lib/lean:/home/phrxmaz/Documents/CyberAlchemy/.lake/packages/Qq/.lake/build/lib/lean:/home/phrxmaz/Documents/CyberAlchemy/.lake/packages/aesop/.lake/build/lib/lean:/home/phrxmaz/Documents/CyberAlchemy/.lake/packages/proofwidgets/.lake/build/lib/lean:/home/phrxmaz/Documents/CyberAlchemy/.lake/packages/importGraph/.lake/build/lib/lean:/home/phrxmaz/Documents/CyberAlchemy/.lake/packages/LeanSearchClient/.lake/build/lib/lean:/home/phrxmaz/Documents/CyberAlchemy/.lake/packages/plausible/.lake/build/lib/lean:/home/phrxmaz/Documents/CyberAlchemy/.lake/packages/mathlib/.lake/build/lib/lean:/home/phrxmaz/Documents/CyberAlchemy/.lake/build/lib/lean /home/phrxmaz/.elan/toolchains/leanprover--lean4---v4.29.1/bin/lean /home/phrxmaz/Documents/CyberAlchemy/LaRueProtorealAlgebra/CyberneticChemistry.lean -o /home/phrxmaz/Documents/CyberAlchemy/.lake/build/lib/lean/LaRueProtorealAlgebra/CyberneticChemistry.olean -i /home/phrxmaz/Documents/CyberAlchemy/.lake/build/lib/lean/LaRueProtorealAlgebra/CyberneticChemistry.ilean -c /home/phrxmaz/Documents/CyberAlchemy/.lake/build/ir/LaRueProtorealAlgebra/CyberneticChemistry.c --setup /home/phrxmaz/Documents/CyberAlchemy/.lake/build/ir/LaRueProtorealAlgebra/CyberneticChemistry.setup.json --json
error: LaRueProtorealAlgebra/CyberneticChemistry.lean:2:0: invalid 'import' command, it must be used in the beginning of the file
error: Lean exited with code 1
✖ [29/202] Building LaRueProtorealAlgebra.CyberneticElectromagnetism (177ms)
trace: .> LEAN_PATH=/home/phrxmaz/Documents/CyberAlchemy/.lake/packages/Cli/.lake/build/lib/lean:/home/phrxmaz/Documents/CyberAlchemy/.lake/packages/batteries/.lake/build/lib/lean:/home/phrxmaz/Documents/CyberAlchemy/.lake/packages/Qq/.lake/build/lib/lean:/home/phrxmaz/Documents/CyberAlchemy/.lake/packages/aesop/.lake/build/lib/lean:/home/phrxmaz/Documents/CyberAlchemy/.lake/packages/proofwidgets/.lake/build/lib/lean:/home/phrxmaz/Documents/CyberAlchemy/.lake/packages/importGraph/.lake/build/lib/lean:/home/phrxmaz/Documents/CyberAlchemy/.lake/packages/LeanSearchClient/.lake/build/lib/lean:/home/phrxmaz/Documents/CyberAlchemy/.lake/packages/plausible/.lake/build/lib/lean:/home/phrxmaz/Documents/CyberAlchemy/.lake/packages/mathlib/.lake/build/lib/lean:/home/phrxmaz/Documents/CyberAlchemy/.lake/build/lib/lean /home/phrxmaz/.elan/toolchains/leanprover--lean4---v4.29.1/bin/lean /home/phrxmaz/Documents/CyberAlchemy/LaRueProtorealAlgebra/CyberneticElectromagnetism.lean -o /home/phrxmaz/Documents/CyberAlchemy/.lake/build/lib/lean/LaRueProtorealAlgebra/CyberneticElectromagnetism.olean -i /home/phrxmaz/Documents/CyberAlchemy/.lake/build/lib/lean/LaRueProtorealAlgebra/CyberneticElectromagnetism.ilean -c /home/phrxmaz/Documents/CyberAlchemy/.lake/build/ir/LaRueProtorealAlgebra/CyberneticElectromagnetism.c --setup /home/phrxmaz/Documents/CyberAlchemy/.lake/build/ir/LaRueProtorealAlgebra/CyberneticElectromagnetism.setup.json --json
error: LaRueProtorealAlgebra/CyberneticElectromagnetism.lean:2:0: invalid 'import' command, it must be used in the beginning of the file
error: Lean exited with code 1
✖ [30/202] Building LaRueProtorealAlgebra.CyberneticLife (167ms)
trace: .> LEAN_PATH=/home/phrxmaz/Documents/CyberAlchemy/.lake/packages/Cli/.lake/build/lib/lean:/home/phrxmaz/Documents/CyberAlchemy/.lake/packages/batteries/.lake/build/lib/lean:/home/phrxmaz/Documents/CyberAlchemy/.lake/packages/Qq/.lake/build/lib/lean:/home/phrxmaz/Documents/CyberAlchemy/.lake/packages/aesop/.lake/build/lib/lean:/home/phrxmaz/Documents/CyberAlchemy/.lake/packages/proofwidgets/.lake/build/lib/lean:/home/phrxmaz/Documents/CyberAlchemy/.lake/packages/importGraph/.lake/build/lib/lean:/home/phrxmaz/Documents/CyberAlchemy/.lake/packages/LeanSearchClient/.lake/build/lib/lean:/home/phrxmaz/Documents/CyberAlchemy/.lake/packages/plausible/.lake/build/lib/lean:/home/phrxmaz/Documents/CyberAlchemy/.lake/packages/mathlib/.lake/build/lib/lean:/home/phrxmaz/Documents/CyberAlchemy/.lake/build/lib/lean /home/phrxmaz/.elan/toolchains/leanprover--lean4---v4.29.1/bin/lean /home/phrxmaz/Documents/CyberAlchemy/LaRueProtorealAlgebra/CyberneticLife.lean -o /home/phrxmaz/Documents/CyberAlchemy/.lake/build/lib/lean/LaRueProtorealAlgebra/CyberneticLife.olean -i /home/phrxmaz/Documents/CyberAlchemy/.lake/build/lib/lean/LaRueProtorealAlgebra/CyberneticLife.ilean -c /home/phrxmaz/Documents/CyberAlchemy/.lake/build/ir/LaRueProtorealAlgebra/CyberneticLife.c --setup /home/phrxmaz/Documents/CyberAlchemy/.lake/build/ir/LaRueProtorealAlgebra/CyberneticLife.setup.json --json
error: LaRueProtorealAlgebra/CyberneticLife.lean:2:0: invalid 'import' command, it must be used in the beginning of the file
error: Lean exited with code 1
✖ [31/202] Building LaRueProtorealAlgebra.Deriv (196ms)
trace: .> LEAN_PATH=/home/phrxmaz/Documents/CyberAlchemy/.lake/packages/Cli/.lake/build/lib/lean:/home/phrxmaz/Documents/CyberAlchemy/.lake/packages/batteries/.lake/build/lib/lean:/home/phrxmaz/Documents/CyberAlchemy/.lake/packages/Qq/.lake/build/lib/lean:/home/phrxmaz/Documents/CyberAlchemy/.lake/packages/aesop/.lake/build/lib/lean:/home/phrxmaz/Documents/CyberAlchemy/.lake/packages/proofwidgets/.lake/build/lib/lean:/home/phrxmaz/Documents/CyberAlchemy/.lake/packages/importGraph/.lake/build/lib/lean:/home/phrxmaz/Documents/CyberAlchemy/.lake/packages/LeanSearchClient/.lake/build/lib/lean:/home/phrxmaz/Documents/CyberAlchemy/.lake/packages/plausible/.lake/build/lib/lean:/home/phrxmaz/Documents/CyberAlchemy/.lake/packages/mathlib/.lake/build/lib/lean:/home/phrxmaz/Documents/CyberAlchemy/.lake/build/lib/lean /home/phrxmaz/.elan/toolchains/leanprover--lean4---v4.29.1/bin/lean /home/phrxmaz/Documents/CyberAlchemy/LaRueProtorealAlgebra/Deriv.lean -o /home/phrxmaz/Documents/CyberAlchemy/.lake/build/lib/lean/LaRueProtorealAlgebra/Deriv.olean -i /home/phrxmaz/Documents/CyberAlchemy/.lake/build/lib/lean/LaRueProtorealAlgebra/Deriv.ilean -c /home/phrxmaz/Documents/CyberAlchemy/.lake/build/ir/LaRueProtorealAlgebra/Deriv.c --setup /home/phrxmaz/Documents/CyberAlchemy/.lake/build/ir/LaRueProtorealAlgebra/Deriv.setup.json --json
error: LaRueProtorealAlgebra/Deriv.lean:2:0: invalid 'import' command, it must be used in the beginning of the file
error: Lean exited with code 1
✖ [32/202] Building LaRueProtorealAlgebra.DHTAlgebra (189ms)
trace: .> LEAN_PATH=/home/phrxmaz/Documents/CyberAlchemy/.lake/packages/Cli/.lake/build/lib/lean:/home/phrxmaz/Documents/CyberAlchemy/.lake/packages/batteries/.lake/build/lib/lean:/home/phrxmaz/Documents/CyberAlchemy/.lake/packages/Qq/.lake/build/lib/lean:/home/phrxmaz/Documents/CyberAlchemy/.lake/packages/aesop/.lake/build/lib/lean:/home/phrxmaz/Documents/CyberAlchemy/.lake/packages/proofwidgets/.lake/build/lib/lean:/home/phrxmaz/Documents/CyberAlchemy/.lake/packages/importGraph/.lake/build/lib/lean:/home/phrxmaz/Documents/CyberAlchemy/.lake/packages/LeanSearchClient/.lake/build/lib/lean:/home/phrxmaz/Documents/CyberAlchemy/.lake/packages/plausible/.lake/build/lib/lean:/home/phrxmaz/Documents/CyberAlchemy/.lake/packages/mathlib/.lake/build/lib/lean:/home/phrxmaz/Documents/CyberAlchemy/.lake/build/lib/lean /home/phrxmaz/.elan/toolchains/leanprover--lean4---v4.29.1/bin/lean /home/phrxmaz/Documents/CyberAlchemy/LaRueProtorealAlgebra/DHTAlgebra.lean -o /home/phrxmaz/Documents/CyberAlchemy/.lake/build/lib/lean/LaRueProtorealAlgebra/DHTAlgebra.olean -i /home/phrxmaz/Documents/CyberAlchemy/.lake/build/lib/lean/LaRueProtorealAlgebra/DHTAlgebra.ilean -c /home/phrxmaz/Documents/CyberAlchemy/.lake/build/ir/LaRueProtorealAlgebra/DHTAlgebra.c --setup /home/phrxmaz/Documents/CyberAlchemy/.lake/build/ir/LaRueProtorealAlgebra/DHTAlgebra.setup.json --json
error: LaRueProtorealAlgebra/DHTAlgebra.lean:2:0: invalid 'import' command, it must be used in the beginning of the file
error: Lean exited with code 1
✖ [33/202] Building LaRueProtorealAlgebra.Duality43 (176ms)
trace: .> LEAN_PATH=/home/phrxmaz/Documents/CyberAlchemy/.lake/packages/Cli/.lake/build/lib/lean:/home/phrxmaz/Documents/CyberAlchemy/.lake/packages/batteries/.lake/build/lib/lean:/home/phrxmaz/Documents/CyberAlchemy/.lake/packages/Qq/.lake/build/lib/lean:/home/phrxmaz/Documents/CyberAlchemy/.lake/packages/aesop/.lake/build/lib/lean:/home/phrxmaz/Documents/CyberAlchemy/.lake/packages/proofwidgets/.lake/build/lib/lean:/home/phrxmaz/Documents/CyberAlchemy/.lake/packages/importGraph/.lake/build/lib/lean:/home/phrxmaz/Documents/CyberAlchemy/.lake/packages/LeanSearchClient/.lake/build/lib/lean:/home/phrxmaz/Documents/CyberAlchemy/.lake/packages/plausible/.lake/build/lib/lean:/home/phrxmaz/Documents/CyberAlchemy/.lake/packages/mathlib/.lake/build/lib/lean:/home/phrxmaz/Documents/CyberAlchemy/.lake/build/lib/lean /home/phrxmaz/.elan/toolchains/leanprover--lean4---v4.29.1/bin/lean /home/phrxmaz/Documents/CyberAlchemy/LaRueProtorealAlgebra/Duality43.lean -o /home/phrxmaz/Documents/CyberAlchemy/.lake/build/lib/lean/LaRueProtorealAlgebra/Duality43.olean -i /home/phrxmaz/Documents/CyberAlchemy/.lake/build/lib/lean/LaRueProtorealAlgebra/Duality43.ilean -c /home/phrxmaz/Documents/CyberAlchemy/.lake/build/ir/LaRueProtorealAlgebra/Duality43.c --setup /home/phrxmaz/Documents/CyberAlchemy/.lake/build/ir/LaRueProtorealAlgebra/Duality43.setup.json --json
error: LaRueProtorealAlgebra/Duality43.lean:2:0: invalid 'import' command, it must be used in the beginning of the file
error: Lean exited with code 1
✖ [34/202] Building LaRueProtorealAlgebra.DualityTheorem (191ms)
trace: .> LEAN_PATH=/home/phrxmaz/Documents/CyberAlchemy/.lake/packages/Cli/.lake/build/lib/lean:/home/phrxmaz/Documents/CyberAlchemy/.lake/packages/batteries/.lake/build/lib/lean:/home/phrxmaz/Documents/CyberAlchemy/.lake/packages/Qq/.lake/build/lib/lean:/home/phrxmaz/Documents/CyberAlchemy/.lake/packages/aesop/.lake/build/lib/lean:/home/phrxmaz/Documents/CyberAlchemy/.lake/packages/proofwidgets/.lake/build/lib/lean:/home/phrxmaz/Documents/CyberAlchemy/.lake/packages/importGraph/.lake/build/lib/lean:/home/phrxmaz/Documents/CyberAlchemy/.lake/packages/LeanSearchClient/.lake/build/lib/lean:/home/phrxmaz/Documents/CyberAlchemy/.lake/packages/plausible/.lake/build/lib/lean:/home/phrxmaz/Documents/CyberAlchemy/.lake/packages/mathlib/.lake/build/lib/lean:/home/phrxmaz/Documents/CyberAlchemy/.lake/build/lib/lean /home/phrxmaz/.elan/toolchains/leanprover--lean4---v4.29.1/bin/lean /home/phrxmaz/Documents/CyberAlchemy/LaRueProtorealAlgebra/DualityTheorem.lean -o /home/phrxmaz/Documents/CyberAlchemy/.lake/build/lib/lean/LaRueProtorealAlgebra/DualityTheorem.olean -i /home/phrxmaz/Documents/CyberAlchemy/.lake/build/lib/lean/LaRueProtorealAlgebra/DualityTheorem.ilean -c /home/phrxmaz/Documents/CyberAlchemy/.lake/build/ir/LaRueProtorealAlgebra/DualityTheorem.c --setup /home/phrxmaz/Documents/CyberAlchemy/.lake/build/ir/LaRueProtorealAlgebra/DualityTheorem.setup.json --json
error: LaRueProtorealAlgebra/DualityTheorem.lean:2:0: invalid 'import' command, it must be used in the beginning of the file
error: Lean exited with code 1
✖ [35/202] Building LaRueProtorealAlgebra.Eigenstein (186ms)
trace: .> LEAN_PATH=/home/phrxmaz/Documents/CyberAlchemy/.lake/packages/Cli/.lake/build/lib/lean:/home/phrxmaz/Documents/CyberAlchemy/.lake/packages/batteries/.lake/build/lib/lean:/home/phrxmaz/Documents/CyberAlchemy/.lake/packages/Qq/.lake/build/lib/lean:/home/phrxmaz/Documents/CyberAlchemy/.lake/packages/aesop/.lake/build/lib/lean:/home/phrxmaz/Documents/CyberAlchemy/.lake/packages/proofwidgets/.lake/build/lib/lean:/home/phrxmaz/Documents/CyberAlchemy/.lake/packages/importGraph/.lake/build/lib/lean:/home/phrxmaz/Documents/CyberAlchemy/.lake/packages/LeanSearchClient/.lake/build/lib/lean:/home/phrxmaz/Documents/CyberAlchemy/.lake/packages/plausible/.lake/build/lib/lean:/home/phrxmaz/Documents/CyberAlchemy/.lake/packages/mathlib/.lake/build/lib/lean:/home/phrxmaz/Documents/CyberAlchemy/.lake/build/lib/lean /home/phrxmaz/.elan/toolchains/leanprover--lean4---v4.29.1/bin/lean /home/phrxmaz/Documents/CyberAlchemy/LaRueProtorealAlgebra/Eigenstein.lean -o /home/phrxmaz/Documents/CyberAlchemy/.lake/build/lib/lean/LaRueProtorealAlgebra/Eigenstein.olean -i /home/phrxmaz/Documents/CyberAlchemy/.lake/build/lib/lean/LaRueProtorealAlgebra/Eigenstein.ilean -c /home/phrxmaz/Documents/CyberAlchemy/.lake/build/ir/LaRueProtorealAlgebra/Eigenstein.c --setup /home/phrxmaz/Documents/CyberAlchemy/.lake/build/ir/LaRueProtorealAlgebra/Eigenstein.setup.json --json
error: LaRueProtorealAlgebra/Eigenstein.lean:2:0: invalid 'import' command, it must be used in the beginning of the file
error: Lean exited with code 1
✖ [36/202] Building LaRueProtorealAlgebra.ElementPower (186ms)
trace: .> LEAN_PATH=/home/phrxmaz/Documents/CyberAlchemy/.lake/packages/Cli/.lake/build/lib/lean:/home/phrxmaz/Documents/CyberAlchemy/.lake/packages/batteries/.lake/build/lib/lean:/home/phrxmaz/Documents/CyberAlchemy/.lake/packages/Qq/.lake/build/lib/lean:/home/phrxmaz/Documents/CyberAlchemy/.lake/packages/aesop/.lake/build/lib/lean:/home/phrxmaz/Documents/CyberAlchemy/.lake/packages/proofwidgets/.lake/build/lib/lean:/home/phrxmaz/Documents/CyberAlchemy/.lake/packages/importGraph/.lake/build/lib/lean:/home/phrxmaz/Documents/CyberAlchemy/.lake/packages/LeanSearchClient/.lake/build/lib/lean:/home/phrxmaz/Documents/CyberAlchemy/.lake/packages/plausible/.lake/build/lib/lean:/home/phrxmaz/Documents/CyberAlchemy/.lake/packages/mathlib/.lake/build/lib/lean:/home/phrxmaz/Documents/CyberAlchemy/.lake/build/lib/lean /home/phrxmaz/.elan/toolchains/leanprover--lean4---v4.29.1/bin/lean /home/phrxmaz/Documents/CyberAlchemy/LaRueProtorealAlgebra/ElementPower.lean -o /home/phrxmaz/Documents/CyberAlchemy/.lake/build/lib/lean/LaRueProtorealAlgebra/ElementPower.olean -i /home/phrxmaz/Documents/CyberAlchemy/.lake/build/lib/lean/LaRueProtorealAlgebra/ElementPower.ilean -c /home/phrxmaz/Documents/CyberAlchemy/.lake/build/ir/LaRueProtorealAlgebra/ElementPower.c --setup /home/phrxmaz/Documents/CyberAlchemy/.lake/build/ir/LaRueProtorealAlgebra/ElementPower.setup.json --json
error: LaRueProtorealAlgebra/ElementPower.lean:2:0: invalid 'import' command, it must be used in the beginning of the file
error: Lean exited with code 1
✖ [37/202] Building LaRueProtorealAlgebra.EmotionalLFunctions (185ms)
trace: .> LEAN_PATH=/home/phrxmaz/Documents/CyberAlchemy/.lake/packages/Cli/.lake/build/lib/lean:/home/phrxmaz/Documents/CyberAlchemy/.lake/packages/batteries/.lake/build/lib/lean:/home/phrxmaz/Documents/CyberAlchemy/.lake/packages/Qq/.lake/build/lib/lean:/home/phrxmaz/Documents/CyberAlchemy/.lake/packages/aesop/.lake/build/lib/lean:/home/phrxmaz/Documents/CyberAlchemy/.lake/packages/proofwidgets/.lake/build/lib/lean:/home/phrxmaz/Documents/CyberAlchemy/.lake/packages/importGraph/.lake/build/lib/lean:/home/phrxmaz/Documents/CyberAlchemy/.lake/packages/LeanSearchClient/.lake/build/lib/lean:/home/phrxmaz/Documents/CyberAlchemy/.lake/packages/plausible/.lake/build/lib/lean:/home/phrxmaz/Documents/CyberAlchemy/.lake/packages/mathlib/.lake/build/lib/lean:/home/phrxmaz/Documents/CyberAlchemy/.lake/build/lib/lean /home/phrxmaz/.elan/toolchains/leanprover--lean4---v4.29.1/bin/lean /home/phrxmaz/Documents/CyberAlchemy/LaRueProtorealAlgebra/EmotionalLFunctions.lean -o /home/phrxmaz/Documents/CyberAlchemy/.lake/build/lib/lean/LaRueProtorealAlgebra/EmotionalLFunctions.olean -i /home/phrxmaz/Documents/CyberAlchemy/.lake/build/lib/lean/LaRueProtorealAlgebra/EmotionalLFunctions.ilean -c /home/phrxmaz/Documents/CyberAlchemy/.lake/build/ir/LaRueProtorealAlgebra/EmotionalLFunctions.c --setup /home/phrxmaz/Documents/CyberAlchemy/.lake/build/ir/LaRueProtorealAlgebra/EmotionalLFunctions.setup.json --json
error: LaRueProtorealAlgebra/EmotionalLFunctions.lean:2:0: invalid 'import' command, it must be used in the beginning of the file
error: Lean exited with code 1
✖ [38/202] Building LaRueProtorealAlgebra.ErrorCorrection (169ms)
trace: .> LEAN_PATH=/home/phrxmaz/Documents/CyberAlchemy/.lake/packages/Cli/.lake/build/lib/lean:/home/phrxmaz/Documents/CyberAlchemy/.lake/packages/batteries/.lake/build/lib/lean:/home/phrxmaz/Documents/CyberAlchemy/.lake/packages/Qq/.lake/build/lib/lean:/home/phrxmaz/Documents/CyberAlchemy/.lake/packages/aesop/.lake/build/lib/lean:/home/phrxmaz/Documents/CyberAlchemy/.lake/packages/proofwidgets/.lake/build/lib/lean:/home/phrxmaz/Documents/CyberAlchemy/.lake/packages/importGraph/.lake/build/lib/lean:/home/phrxmaz/Documents/CyberAlchemy/.lake/packages/LeanSearchClient/.lake/build/lib/lean:/home/phrxmaz/Documents/CyberAlchemy/.lake/packages/plausible/.lake/build/lib/lean:/home/phrxmaz/Documents/CyberAlchemy/.lake/packages/mathlib/.lake/build/lib/lean:/home/phrxmaz/Documents/CyberAlchemy/.lake/build/lib/lean /home/phrxmaz/.elan/toolchains/leanprover--lean4---v4.29.1/bin/lean /home/phrxmaz/Documents/CyberAlchemy/LaRueProtorealAlgebra/ErrorCorrection.lean -o /home/phrxmaz/Documents/CyberAlchemy/.lake/build/lib/lean/LaRueProtorealAlgebra/ErrorCorrection.olean -i /home/phrxmaz/Documents/CyberAlchemy/.lake/build/lib/lean/LaRueProtorealAlgebra/ErrorCorrection.ilean -c /home/phrxmaz/Documents/CyberAlchemy/.lake/build/ir/LaRueProtorealAlgebra/ErrorCorrection.c --setup /home/phrxmaz/Documents/CyberAlchemy/.lake/build/ir/LaRueProtorealAlgebra/ErrorCorrection.setup.json --json
error: LaRueProtorealAlgebra/ErrorCorrection.lean:2:0: invalid 'import' command, it must be used in the beginning of the file
error: Lean exited with code 1
✖ [39/202] Building LaRueProtorealAlgebra.ExteriorAlgebra (149ms)
trace: .> LEAN_PATH=/home/phrxmaz/Documents/CyberAlchemy/.lake/packages/Cli/.lake/build/lib/lean:/home/phrxmaz/Documents/CyberAlchemy/.lake/packages/batteries/.lake/build/lib/lean:/home/phrxmaz/Documents/CyberAlchemy/.lake/packages/Qq/.lake/build/lib/lean:/home/phrxmaz/Documents/CyberAlchemy/.lake/packages/aesop/.lake/build/lib/lean:/home/phrxmaz/Documents/CyberAlchemy/.lake/packages/proofwidgets/.lake/build/lib/lean:/home/phrxmaz/Documents/CyberAlchemy/.lake/packages/importGraph/.lake/build/lib/lean:/home/phrxmaz/Documents/CyberAlchemy/.lake/packages/LeanSearchClient/.lake/build/lib/lean:/home/phrxmaz/Documents/CyberAlchemy/.lake/packages/plausible/.lake/build/lib/lean:/home/phrxmaz/Documents/CyberAlchemy/.lake/packages/mathlib/.lake/build/lib/lean:/home/phrxmaz/Documents/CyberAlchemy/.lake/build/lib/lean /home/phrxmaz/.elan/toolchains/leanprover--lean4---v4.29.1/bin/lean /home/phrxmaz/Documents/CyberAlchemy/LaRueProtorealAlgebra/ExteriorAlgebra.lean -o /home/phrxmaz/Documents/CyberAlchemy/.lake/build/lib/lean/LaRueProtorealAlgebra/ExteriorAlgebra.olean -i /home/phrxmaz/Documents/CyberAlchemy/.lake/build/lib/lean/LaRueProtorealAlgebra/ExteriorAlgebra.ilean -c /home/phrxmaz/Documents/CyberAlchemy/.lake/build/ir/LaRueProtorealAlgebra/ExteriorAlgebra.c --setup /home/phrxmaz/Documents/CyberAlchemy/.lake/build/ir/LaRueProtorealAlgebra/ExteriorAlgebra.setup.json --json
error: LaRueProtorealAlgebra/ExteriorAlgebra.lean:2:0: invalid 'import' command, it must be used in the beginning of the file
error: Lean exited with code 1
✖ [40/202] Building LaRueProtorealAlgebra.CyclicCosmology (248ms)
trace: .> LEAN_PATH=/home/phrxmaz/Documents/CyberAlchemy/.lake/packages/Cli/.lake/build/lib/lean:/home/phrxmaz/Documents/CyberAlchemy/.lake/packages/batteries/.lake/build/lib/lean:/home/phrxmaz/Documents/CyberAlchemy/.lake/packages/Qq/.lake/build/lib/lean:/home/phrxmaz/Documents/CyberAlchemy/.lake/packages/aesop/.lake/build/lib/lean:/home/phrxmaz/Documents/CyberAlchemy/.lake/packages/proofwidgets/.lake/build/lib/lean:/home/phrxmaz/Documents/CyberAlchemy/.lake/packages/importGraph/.lake/build/lib/lean:/home/phrxmaz/Documents/CyberAlchemy/.lake/packages/LeanSearchClient/.lake/build/lib/lean:/home/phrxmaz/Documents/CyberAlchemy/.lake/packages/plausible/.lake/build/lib/lean:/home/phrxmaz/Documents/CyberAlchemy/.lake/packages/mathlib/.lake/build/lib/lean:/home/phrxmaz/Documents/CyberAlchemy/.lake/build/lib/lean /home/phrxmaz/.elan/toolchains/leanprover--lean4---v4.29.1/bin/lean /home/phrxmaz/Documents/CyberAlchemy/LaRueProtorealAlgebra/CyclicCosmology.lean -o /home/phrxmaz/Documents/CyberAlchemy/.lake/build/lib/lean/LaRueProtorealAlgebra/CyclicCosmology.olean -i /home/phrxmaz/Documents/CyberAlchemy/.lake/build/lib/lean/LaRueProtorealAlgebra/CyclicCosmology.ilean -c /home/phrxmaz/Documents/CyberAlchemy/.lake/build/ir/LaRueProtorealAlgebra/CyclicCosmology.c --setup /home/phrxmaz/Documents/CyberAlchemy/.lake/build/ir/LaRueProtorealAlgebra/CyclicCosmology.setup.json --json
error: LaRueProtorealAlgebra/CyclicCosmology.lean:2:0: invalid 'import' command, it must be used in the beginning of the file
error: Lean exited with code 1
✖ [41/202] Building LaRueProtorealAlgebra.DMinorResonance (253ms)
trace: .> LEAN_PATH=/home/phrxmaz/Documents/CyberAlchemy/.lake/packages/Cli/.lake/build/lib/lean:/home/phrxmaz/Documents/CyberAlchemy/.lake/packages/batteries/.lake/build/lib/lean:/home/phrxmaz/Documents/CyberAlchemy/.lake/packages/Qq/.lake/build/lib/lean:/home/phrxmaz/Documents/CyberAlchemy/.lake/packages/aesop/.lake/build/lib/lean:/home/phrxmaz/Documents/CyberAlchemy/.lake/packages/proofwidgets/.lake/build/lib/lean:/home/phrxmaz/Documents/CyberAlchemy/.lake/packages/importGraph/.lake/build/lib/lean:/home/phrxmaz/Documents/CyberAlchemy/.lake/packages/LeanSearchClient/.lake/build/lib/lean:/home/phrxmaz/Documents/CyberAlchemy/.lake/packages/plausible/.lake/build/lib/lean:/home/phrxmaz/Documents/CyberAlchemy/.lake/packages/mathlib/.lake/build/lib/lean:/home/phrxmaz/Documents/CyberAlchemy/.lake/build/lib/lean /home/phrxmaz/.elan/toolchains/leanprover--lean4---v4.29.1/bin/lean /home/phrxmaz/Documents/CyberAlchemy/LaRueProtorealAlgebra/DMinorResonance.lean -o /home/phrxmaz/Documents/CyberAlchemy/.lake/build/lib/lean/LaRueProtorealAlgebra/DMinorResonance.olean -i /home/phrxmaz/Documents/CyberAlchemy/.lake/build/lib/lean/LaRueProtorealAlgebra/DMinorResonance.ilean -c /home/phrxmaz/Documents/CyberAlchemy/.lake/build/ir/LaRueProtorealAlgebra/DMinorResonance.c --setup /home/phrxmaz/Documents/CyberAlchemy/.lake/build/ir/LaRueProtorealAlgebra/DMinorResonance.setup.json --json
error: LaRueProtorealAlgebra/DMinorResonance.lean:2:0: invalid 'import' command, it must be used in the beginning of the file
error: Lean exited with code 1
✖ [42/202] Building LaRueProtorealAlgebra.DNSTranslation (233ms)
trace: .> LEAN_PATH=/home/phrxmaz/Documents/CyberAlchemy/.lake/packages/Cli/.lake/build/lib/lean:/home/phrxmaz/Documents/CyberAlchemy/.lake/packages/batteries/.lake/build/lib/lean:/home/phrxmaz/Documents/CyberAlchemy/.lake/packages/Qq/.lake/build/lib/lean:/home/phrxmaz/Documents/CyberAlchemy/.lake/packages/aesop/.lake/build/lib/lean:/home/phrxmaz/Documents/CyberAlchemy/.lake/packages/proofwidgets/.lake/build/lib/lean:/home/phrxmaz/Documents/CyberAlchemy/.lake/packages/importGraph/.lake/build/lib/lean:/home/phrxmaz/Documents/CyberAlchemy/.lake/packages/LeanSearchClient/.lake/build/lib/lean:/home/phrxmaz/Documents/CyberAlchemy/.lake/packages/plausible/.lake/build/lib/lean:/home/phrxmaz/Documents/CyberAlchemy/.lake/packages/mathlib/.lake/build/lib/lean:/home/phrxmaz/Documents/CyberAlchemy/.lake/build/lib/lean /home/phrxmaz/.elan/toolchains/leanprover--lean4---v4.29.1/bin/lean /home/phrxmaz/Documents/CyberAlchemy/LaRueProtorealAlgebra/DNSTranslation.lean -o /home/phrxmaz/Documents/CyberAlchemy/.lake/build/lib/lean/LaRueProtorealAlgebra/DNSTranslation.olean -i /home/phrxmaz/Documents/CyberAlchemy/.lake/build/lib/lean/LaRueProtorealAlgebra/DNSTranslation.ilean -c /home/phrxmaz/Documents/CyberAlchemy/.lake/build/ir/LaRueProtorealAlgebra/DNSTranslation.c --setup /home/phrxmaz/Documents/CyberAlchemy/.lake/build/ir/LaRueProtorealAlgebra/DNSTranslation.setup.json --json
error: LaRueProtorealAlgebra/DNSTranslation.lean:2:0: invalid 'import' command, it must be used in the beginning of the file
error: Lean exited with code 1
✖ [43/202] Building LaRueProtorealAlgebra.EmotionalSecurity (196ms)
trace: .> LEAN_PATH=/home/phrxmaz/Documents/CyberAlchemy/.lake/packages/Cli/.lake/build/lib/lean:/home/phrxmaz/Documents/CyberAlchemy/.lake/packages/batteries/.lake/build/lib/lean:/home/phrxmaz/Documents/CyberAlchemy/.lake/packages/Qq/.lake/build/lib/lean:/home/phrxmaz/Documents/CyberAlchemy/.lake/packages/aesop/.lake/build/lib/lean:/home/phrxmaz/Documents/CyberAlchemy/.lake/packages/proofwidgets/.lake/build/lib/lean:/home/phrxmaz/Documents/CyberAlchemy/.lake/packages/importGraph/.lake/build/lib/lean:/home/phrxmaz/Documents/CyberAlchemy/.lake/packages/LeanSearchClient/.lake/build/lib/lean:/home/phrxmaz/Documents/CyberAlchemy/.lake/packages/plausible/.lake/build/lib/lean:/home/phrxmaz/Documents/CyberAlchemy/.lake/packages/mathlib/.lake/build/lib/lean:/home/phrxmaz/Documents/CyberAlchemy/.lake/build/lib/lean /home/phrxmaz/.elan/toolchains/leanprover--lean4---v4.29.1/bin/lean /home/phrxmaz/Documents/CyberAlchemy/LaRueProtorealAlgebra/EmotionalSecurity.lean -o /home/phrxmaz/Documents/CyberAlchemy/.lake/build/lib/lean/LaRueProtorealAlgebra/EmotionalSecurity.olean -i /home/phrxmaz/Documents/CyberAlchemy/.lake/build/lib/lean/LaRueProtorealAlgebra/EmotionalSecurity.ilean -c /home/phrxmaz/Documents/CyberAlchemy/.lake/build/ir/LaRueProtorealAlgebra/EmotionalSecurity.c --setup /home/phrxmaz/Documents/CyberAlchemy/.lake/build/ir/LaRueProtorealAlgebra/EmotionalSecurity.setup.json --json
error: LaRueProtorealAlgebra/EmotionalSecurity.lean:2:0: invalid 'import' command, it must be used in the beginning of the file
error: Lean exited with code 1
✖ [44/202] Building LaRueProtorealAlgebra.EulerComposition (191ms)
trace: .> LEAN_PATH=/home/phrxmaz/Documents/CyberAlchemy/.lake/packages/Cli/.lake/build/lib/lean:/home/phrxmaz/Documents/CyberAlchemy/.lake/packages/batteries/.lake/build/lib/lean:/home/phrxmaz/Documents/CyberAlchemy/.lake/packages/Qq/.lake/build/lib/lean:/home/phrxmaz/Documents/CyberAlchemy/.lake/packages/aesop/.lake/build/lib/lean:/home/phrxmaz/Documents/CyberAlchemy/.lake/packages/proofwidgets/.lake/build/lib/lean:/home/phrxmaz/Documents/CyberAlchemy/.lake/packages/importGraph/.lake/build/lib/lean:/home/phrxmaz/Documents/CyberAlchemy/.lake/packages/LeanSearchClient/.lake/build/lib/lean:/home/phrxmaz/Documents/CyberAlchemy/.lake/packages/plausible/.lake/build/lib/lean:/home/phrxmaz/Documents/CyberAlchemy/.lake/packages/mathlib/.lake/build/lib/lean:/home/phrxmaz/Documents/CyberAlchemy/.lake/build/lib/lean /home/phrxmaz/.elan/toolchains/leanprover--lean4---v4.29.1/bin/lean /home/phrxmaz/Documents/CyberAlchemy/LaRueProtorealAlgebra/EulerComposition.lean -o /home/phrxmaz/Documents/CyberAlchemy/.lake/build/lib/lean/LaRueProtorealAlgebra/EulerComposition.olean -i /home/phrxmaz/Documents/CyberAlchemy/.lake/build/lib/lean/LaRueProtorealAlgebra/EulerComposition.ilean -c /home/phrxmaz/Documents/CyberAlchemy/.lake/build/ir/LaRueProtorealAlgebra/EulerComposition.c --setup /home/phrxmaz/Documents/CyberAlchemy/.lake/build/ir/LaRueProtorealAlgebra/EulerComposition.setup.json --json
error: LaRueProtorealAlgebra/EulerComposition.lean:16:0: invalid 'import' command, it must be used in the beginning of the file
error: Lean exited with code 1
✖ [45/202] Building LaRueProtorealAlgebra.EulerPerception (267ms)
trace: .> LEAN_PATH=/home/phrxmaz/Documents/CyberAlchemy/.lake/packages/Cli/.lake/build/lib/lean:/home/phrxmaz/Documents/CyberAlchemy/.lake/packages/batteries/.lake/build/lib/lean:/home/phrxmaz/Documents/CyberAlchemy/.lake/packages/Qq/.lake/build/lib/lean:/home/phrxmaz/Documents/CyberAlchemy/.lake/packages/aesop/.lake/build/lib/lean:/home/phrxmaz/Documents/CyberAlchemy/.lake/packages/proofwidgets/.lake/build/lib/lean:/home/phrxmaz/Documents/CyberAlchemy/.lake/packages/importGraph/.lake/build/lib/lean:/home/phrxmaz/Documents/CyberAlchemy/.lake/packages/LeanSearchClient/.lake/build/lib/lean:/home/phrxmaz/Documents/CyberAlchemy/.lake/packages/plausible/.lake/build/lib/lean:/home/phrxmaz/Documents/CyberAlchemy/.lake/packages/mathlib/.lake/build/lib/lean:/home/phrxmaz/Documents/CyberAlchemy/.lake/build/lib/lean /home/phrxmaz/.elan/toolchains/leanprover--lean4---v4.29.1/bin/lean /home/phrxmaz/Documents/CyberAlchemy/LaRueProtorealAlgebra/EulerPerception.lean -o /home/phrxmaz/Documents/CyberAlchemy/.lake/build/lib/lean/LaRueProtorealAlgebra/EulerPerception.olean -i /home/phrxmaz/Documents/CyberAlchemy/.lake/build/lib/lean/LaRueProtorealAlgebra/EulerPerception.ilean -c /home/phrxmaz/Documents/CyberAlchemy/.lake/build/ir/LaRueProtorealAlgebra/EulerPerception.c --setup /home/phrxmaz/Documents/CyberAlchemy/.lake/build/ir/LaRueProtorealAlgebra/EulerPerception.setup.json --json
error: LaRueProtorealAlgebra/EulerPerception.lean:2:0: invalid 'import' command, it must be used in the beginning of the file
error: Lean exited with code 1
✖ [46/202] Building LaRueProtorealAlgebra.FractalHodge (158ms)
trace: .> LEAN_PATH=/home/phrxmaz/Documents/CyberAlchemy/.lake/packages/Cli/.lake/build/lib/lean:/home/phrxmaz/Documents/CyberAlchemy/.lake/packages/batteries/.lake/build/lib/lean:/home/phrxmaz/Documents/CyberAlchemy/.lake/packages/Qq/.lake/build/lib/lean:/home/phrxmaz/Documents/CyberAlchemy/.lake/packages/aesop/.lake/build/lib/lean:/home/phrxmaz/Documents/CyberAlchemy/.lake/packages/proofwidgets/.lake/build/lib/lean:/home/phrxmaz/Documents/CyberAlchemy/.lake/packages/importGraph/.lake/build/lib/lean:/home/phrxmaz/Documents/CyberAlchemy/.lake/packages/LeanSearchClient/.lake/build/lib/lean:/home/phrxmaz/Documents/CyberAlchemy/.lake/packages/plausible/.lake/build/lib/lean:/home/phrxmaz/Documents/CyberAlchemy/.lake/packages/mathlib/.lake/build/lib/lean:/home/phrxmaz/Documents/CyberAlchemy/.lake/build/lib/lean /home/phrxmaz/.elan/toolchains/leanprover--lean4---v4.29.1/bin/lean /home/phrxmaz/Documents/CyberAlchemy/LaRueProtorealAlgebra/FractalHodge.lean -o /home/phrxmaz/Documents/CyberAlchemy/.lake/build/lib/lean/LaRueProtorealAlgebra/FractalHodge.olean -i /home/phrxmaz/Documents/CyberAlchemy/.lake/build/lib/lean/LaRueProtorealAlgebra/FractalHodge.ilean -c /home/phrxmaz/Documents/CyberAlchemy/.lake/build/ir/LaRueProtorealAlgebra/FractalHodge.c --setup /home/phrxmaz/Documents/CyberAlchemy/.lake/build/ir/LaRueProtorealAlgebra/FractalHodge.setup.json --json
error: LaRueProtorealAlgebra/FractalHodge.lean:2:0: invalid 'import' command, it must be used in the beginning of the file
error: Lean exited with code 1
✖ [47/202] Building LaRueProtorealAlgebra.FusionRing (214ms)
trace: .> LEAN_PATH=/home/phrxmaz/Documents/CyberAlchemy/.lake/packages/Cli/.lake/build/lib/lean:/home/phrxmaz/Documents/CyberAlchemy/.lake/packages/batteries/.lake/build/lib/lean:/home/phrxmaz/Documents/CyberAlchemy/.lake/packages/Qq/.lake/build/lib/lean:/home/phrxmaz/Documents/CyberAlchemy/.lake/packages/aesop/.lake/build/lib/lean:/home/phrxmaz/Documents/CyberAlchemy/.lake/packages/proofwidgets/.lake/build/lib/lean:/home/phrxmaz/Documents/CyberAlchemy/.lake/packages/importGraph/.lake/build/lib/lean:/home/phrxmaz/Documents/CyberAlchemy/.lake/packages/LeanSearchClient/.lake/build/lib/lean:/home/phrxmaz/Documents/CyberAlchemy/.lake/packages/plausible/.lake/build/lib/lean:/home/phrxmaz/Documents/CyberAlchemy/.lake/packages/mathlib/.lake/build/lib/lean:/home/phrxmaz/Documents/CyberAlchemy/.lake/build/lib/lean /home/phrxmaz/.elan/toolchains/leanprover--lean4---v4.29.1/bin/lean /home/phrxmaz/Documents/CyberAlchemy/LaRueProtorealAlgebra/FusionRing.lean -o /home/phrxmaz/Documents/CyberAlchemy/.lake/build/lib/lean/LaRueProtorealAlgebra/FusionRing.olean -i /home/phrxmaz/Documents/CyberAlchemy/.lake/build/lib/lean/LaRueProtorealAlgebra/FusionRing.ilean -c /home/phrxmaz/Documents/CyberAlchemy/.lake/build/ir/LaRueProtorealAlgebra/FusionRing.c --setup /home/phrxmaz/Documents/CyberAlchemy/.lake/build/ir/LaRueProtorealAlgebra/FusionRing.setup.json --json
error: LaRueProtorealAlgebra/FusionRing.lean:2:0: invalid 'import' command, it must be used in the beginning of the file
error: Lean exited with code 1
✖ [48/202] Building LaRueProtorealAlgebra.EulersCradle (290ms)
trace: .> LEAN_PATH=/home/phrxmaz/Documents/CyberAlchemy/.lake/packages/Cli/.lake/build/lib/lean:/home/phrxmaz/Documents/CyberAlchemy/.lake/packages/batteries/.lake/build/lib/lean:/home/phrxmaz/Documents/CyberAlchemy/.lake/packages/Qq/.lake/build/lib/lean:/home/phrxmaz/Documents/CyberAlchemy/.lake/packages/aesop/.lake/build/lib/lean:/home/phrxmaz/Documents/CyberAlchemy/.lake/packages/proofwidgets/.lake/build/lib/lean:/home/phrxmaz/Documents/CyberAlchemy/.lake/packages/importGraph/.lake/build/lib/lean:/home/phrxmaz/Documents/CyberAlchemy/.lake/packages/LeanSearchClient/.lake/build/lib/lean:/home/phrxmaz/Documents/CyberAlchemy/.lake/packages/plausible/.lake/build/lib/lean:/home/phrxmaz/Documents/CyberAlchemy/.lake/packages/mathlib/.lake/build/lib/lean:/home/phrxmaz/Documents/CyberAlchemy/.lake/build/lib/lean /home/phrxmaz/.elan/toolchains/leanprover--lean4---v4.29.1/bin/lean /home/phrxmaz/Documents/CyberAlchemy/LaRueProtorealAlgebra/EulersCradle.lean -o /home/phrxmaz/Documents/CyberAlchemy/.lake/build/lib/lean/LaRueProtorealAlgebra/EulersCradle.olean -i /home/phrxmaz/Documents/CyberAlchemy/.lake/build/lib/lean/LaRueProtorealAlgebra/EulersCradle.ilean -c /home/phrxmaz/Documents/CyberAlchemy/.lake/build/ir/LaRueProtorealAlgebra/EulersCradle.c --setup /home/phrxmaz/Documents/CyberAlchemy/.lake/build/ir/LaRueProtorealAlgebra/EulersCradle.setup.json --json
error: LaRueProtorealAlgebra/EulersCradle.lean:2:0: invalid 'import' command, it must be used in the beginning of the file
error: Lean exited with code 1
✖ [49/202] Building LaRueProtorealAlgebra.GameExtensionality (243ms)
trace: .> LEAN_PATH=/home/phrxmaz/Documents/CyberAlchemy/.lake/packages/Cli/.lake/build/lib/lean:/home/phrxmaz/Documents/CyberAlchemy/.lake/packages/batteries/.lake/build/lib/lean:/home/phrxmaz/Documents/CyberAlchemy/.lake/packages/Qq/.lake/build/lib/lean:/home/phrxmaz/Documents/CyberAlchemy/.lake/packages/aesop/.lake/build/lib/lean:/home/phrxmaz/Documents/CyberAlchemy/.lake/packages/proofwidgets/.lake/build/lib/lean:/home/phrxmaz/Documents/CyberAlchemy/.lake/packages/importGraph/.lake/build/lib/lean:/home/phrxmaz/Documents/CyberAlchemy/.lake/packages/LeanSearchClient/.lake/build/lib/lean:/home/phrxmaz/Documents/CyberAlchemy/.lake/packages/plausible/.lake/build/lib/lean:/home/phrxmaz/Documents/CyberAlchemy/.lake/packages/mathlib/.lake/build/lib/lean:/home/phrxmaz/Documents/CyberAlchemy/.lake/build/lib/lean /home/phrxmaz/.elan/toolchains/leanprover--lean4---v4.29.1/bin/lean /home/phrxmaz/Documents/CyberAlchemy/LaRueProtorealAlgebra/GameExtensionality.lean -o /home/phrxmaz/Documents/CyberAlchemy/.lake/build/lib/lean/LaRueProtorealAlgebra/GameExtensionality.olean -i /home/phrxmaz/Documents/CyberAlchemy/.lake/build/lib/lean/LaRueProtorealAlgebra/GameExtensionality.ilean -c /home/phrxmaz/Documents/CyberAlchemy/.lake/build/ir/LaRueProtorealAlgebra/GameExtensionality.c --setup /home/phrxmaz/Documents/CyberAlchemy/.lake/build/ir/LaRueProtorealAlgebra/GameExtensionality.setup.json --json
error: LaRueProtorealAlgebra/GameExtensionality.lean:2:0: invalid 'import' command, it must be used in the beginning of the file
error: Lean exited with code 1
✖ [50/202] Building LaRueProtorealAlgebra.GANPipeline (210ms)
trace: .> LEAN_PATH=/home/phrxmaz/Documents/CyberAlchemy/.lake/packages/Cli/.lake/build/lib/lean:/home/phrxmaz/Documents/CyberAlchemy/.lake/packages/batteries/.lake/build/lib/lean:/home/phrxmaz/Documents/CyberAlchemy/.lake/packages/Qq/.lake/build/lib/lean:/home/phrxmaz/Documents/CyberAlchemy/.lake/packages/aesop/.lake/build/lib/lean:/home/phrxmaz/Documents/CyberAlchemy/.lake/packages/proofwidgets/.lake/build/lib/lean:/home/phrxmaz/Documents/CyberAlchemy/.lake/packages/importGraph/.lake/build/lib/lean:/home/phrxmaz/Documents/CyberAlchemy/.lake/packages/LeanSearchClient/.lake/build/lib/lean:/home/phrxmaz/Documents/CyberAlchemy/.lake/packages/plausible/.lake/build/lib/lean:/home/phrxmaz/Documents/CyberAlchemy/.lake/packages/mathlib/.lake/build/lib/lean:/home/phrxmaz/Documents/CyberAlchemy/.lake/build/lib/lean /home/phrxmaz/.elan/toolchains/leanprover--lean4---v4.29.1/bin/lean /home/phrxmaz/Documents/CyberAlchemy/LaRueProtorealAlgebra/GANPipeline.lean -o /home/phrxmaz/Documents/CyberAlchemy/.lake/build/lib/lean/LaRueProtorealAlgebra/GANPipeline.olean -i /home/phrxmaz/Documents/CyberAlchemy/.lake/build/lib/lean/LaRueProtorealAlgebra/GANPipeline.ilean -c /home/phrxmaz/Documents/CyberAlchemy/.lake/build/ir/LaRueProtorealAlgebra/GANPipeline.c --setup /home/phrxmaz/Documents/CyberAlchemy/.lake/build/ir/LaRueProtorealAlgebra/GANPipeline.setup.json --json
error: LaRueProtorealAlgebra/GANPipeline.lean:2:0: invalid 'import' command, it must be used in the beginning of the file
error: Lean exited with code 1
✖ [51/202] Building LaRueProtorealAlgebra.GaugeEmergence (173ms)
trace: .> LEAN_PATH=/home/phrxmaz/Documents/CyberAlchemy/.lake/packages/Cli/.lake/build/lib/lean:/home/phrxmaz/Documents/CyberAlchemy/.lake/packages/batteries/.lake/build/lib/lean:/home/phrxmaz/Documents/CyberAlchemy/.lake/packages/Qq/.lake/build/lib/lean:/home/phrxmaz/Documents/CyberAlchemy/.lake/packages/aesop/.lake/build/lib/lean:/home/phrxmaz/Documents/CyberAlchemy/.lake/packages/proofwidgets/.lake/build/lib/lean:/home/phrxmaz/Documents/CyberAlchemy/.lake/packages/importGraph/.lake/build/lib/lean:/home/phrxmaz/Documents/CyberAlchemy/.lake/packages/LeanSearchClient/.lake/build/lib/lean:/home/phrxmaz/Documents/CyberAlchemy/.lake/packages/plausible/.lake/build/lib/lean:/home/phrxmaz/Documents/CyberAlchemy/.lake/packages/mathlib/.lake/build/lib/lean:/home/phrxmaz/Documents/CyberAlchemy/.lake/build/lib/lean /home/phrxmaz/.elan/toolchains/leanprover--lean4---v4.29.1/bin/lean /home/phrxmaz/Documents/CyberAlchemy/LaRueProtorealAlgebra/GaugeEmergence.lean -o /home/phrxmaz/Documents/CyberAlchemy/.lake/build/lib/lean/LaRueProtorealAlgebra/GaugeEmergence.olean -i /home/phrxmaz/Documents/CyberAlchemy/.lake/build/lib/lean/LaRueProtorealAlgebra/GaugeEmergence.ilean -c /home/phrxmaz/Documents/CyberAlchemy/.lake/build/ir/LaRueProtorealAlgebra/GaugeEmergence.c --setup /home/phrxmaz/Documents/CyberAlchemy/.lake/build/ir/LaRueProtorealAlgebra/GaugeEmergence.setup.json --json
error: LaRueProtorealAlgebra/GaugeEmergence.lean:2:0: invalid 'import' command, it must be used in the beginning of the file
error: Lean exited with code 1
✖ [52/202] Building LaRueProtorealAlgebra.GeneralInversion (222ms)
trace: .> LEAN_PATH=/home/phrxmaz/Documents/CyberAlchemy/.lake/packages/Cli/.lake/build/lib/lean:/home/phrxmaz/Documents/CyberAlchemy/.lake/packages/batteries/.lake/build/lib/lean:/home/phrxmaz/Documents/CyberAlchemy/.lake/packages/Qq/.lake/build/lib/lean:/home/phrxmaz/Documents/CyberAlchemy/.lake/packages/aesop/.lake/build/lib/lean:/home/phrxmaz/Documents/CyberAlchemy/.lake/packages/proofwidgets/.lake/build/lib/lean:/home/phrxmaz/Documents/CyberAlchemy/.lake/packages/importGraph/.lake/build/lib/lean:/home/phrxmaz/Documents/CyberAlchemy/.lake/packages/LeanSearchClient/.lake/build/lib/lean:/home/phrxmaz/Documents/CyberAlchemy/.lake/packages/plausible/.lake/build/lib/lean:/home/phrxmaz/Documents/CyberAlchemy/.lake/packages/mathlib/.lake/build/lib/lean:/home/phrxmaz/Documents/CyberAlchemy/.lake/build/lib/lean /home/phrxmaz/.elan/toolchains/leanprover--lean4---v4.29.1/bin/lean /home/phrxmaz/Documents/CyberAlchemy/LaRueProtorealAlgebra/GeneralInversion.lean -o /home/phrxmaz/Documents/CyberAlchemy/.lake/build/lib/lean/LaRueProtorealAlgebra/GeneralInversion.olean -i /home/phrxmaz/Documents/CyberAlchemy/.lake/build/lib/lean/LaRueProtorealAlgebra/GeneralInversion.ilean -c /home/phrxmaz/Documents/CyberAlchemy/.lake/build/ir/LaRueProtorealAlgebra/GeneralInversion.c --setup /home/phrxmaz/Documents/CyberAlchemy/.lake/build/ir/LaRueProtorealAlgebra/GeneralInversion.setup.json --json
error: LaRueProtorealAlgebra/GeneralInversion.lean:2:0: invalid 'import' command, it must be used in the beginning of the file
error: Lean exited with code 1
✖ [53/202] Building LaRueProtorealAlgebra.GlialDopant (239ms)
trace: .> LEAN_PATH=/home/phrxmaz/Documents/CyberAlchemy/.lake/packages/Cli/.lake/build/lib/lean:/home/phrxmaz/Documents/CyberAlchemy/.lake/packages/batteries/.lake/build/lib/lean:/home/phrxmaz/Documents/CyberAlchemy/.lake/packages/Qq/.lake/build/lib/lean:/home/phrxmaz/Documents/CyberAlchemy/.lake/packages/aesop/.lake/build/lib/lean:/home/phrxmaz/Documents/CyberAlchemy/.lake/packages/proofwidgets/.lake/build/lib/lean:/home/phrxmaz/Documents/CyberAlchemy/.lake/packages/importGraph/.lake/build/lib/lean:/home/phrxmaz/Documents/CyberAlchemy/.lake/packages/LeanSearchClient/.lake/build/lib/lean:/home/phrxmaz/Documents/CyberAlchemy/.lake/packages/plausible/.lake/build/lib/lean:/home/phrxmaz/Documents/CyberAlchemy/.lake/packages/mathlib/.lake/build/lib/lean:/home/phrxmaz/Documents/CyberAlchemy/.lake/build/lib/lean /home/phrxmaz/.elan/toolchains/leanprover--lean4---v4.29.1/bin/lean /home/phrxmaz/Documents/CyberAlchemy/LaRueProtorealAlgebra/GlialDopant.lean -o /home/phrxmaz/Documents/CyberAlchemy/.lake/build/lib/lean/LaRueProtorealAlgebra/GlialDopant.olean -i /home/phrxmaz/Documents/CyberAlchemy/.lake/build/lib/lean/LaRueProtorealAlgebra/GlialDopant.ilean -c /home/phrxmaz/Documents/CyberAlchemy/.lake/build/ir/LaRueProtorealAlgebra/GlialDopant.c --setup /home/phrxmaz/Documents/CyberAlchemy/.lake/build/ir/LaRueProtorealAlgebra/GlialDopant.setup.json --json
error: LaRueProtorealAlgebra/GlialDopant.lean:2:0: invalid 'import' command, it must be used in the beginning of the file
error: Lean exited with code 1
✖ [54/202] Building LaRueProtorealAlgebra.AgenticMechanics (238ms)
trace: .> LEAN_PATH=/home/phrxmaz/Documents/CyberAlchemy/.lake/packages/Cli/.lake/build/lib/lean:/home/phrxmaz/Documents/CyberAlchemy/.lake/packages/batteries/.lake/build/lib/lean:/home/phrxmaz/Documents/CyberAlchemy/.lake/packages/Qq/.lake/build/lib/lean:/home/phrxmaz/Documents/CyberAlchemy/.lake/packages/aesop/.lake/build/lib/lean:/home/phrxmaz/Documents/CyberAlchemy/.lake/packages/proofwidgets/.lake/build/lib/lean:/home/phrxmaz/Documents/CyberAlchemy/.lake/packages/importGraph/.lake/build/lib/lean:/home/phrxmaz/Documents/CyberAlchemy/.lake/packages/LeanSearchClient/.lake/build/lib/lean:/home/phrxmaz/Documents/CyberAlchemy/.lake/packages/plausible/.lake/build/lib/lean:/home/phrxmaz/Documents/CyberAlchemy/.lake/packages/mathlib/.lake/build/lib/lean:/home/phrxmaz/Documents/CyberAlchemy/.lake/build/lib/lean /home/phrxmaz/.elan/toolchains/leanprover--lean4---v4.29.1/bin/lean /home/phrxmaz/Documents/CyberAlchemy/LaRueProtorealAlgebra/AgenticMechanics.lean -o /home/phrxmaz/Documents/CyberAlchemy/.lake/build/lib/lean/LaRueProtorealAlgebra/AgenticMechanics.olean -i /home/phrxmaz/Documents/CyberAlchemy/.lake/build/lib/lean/LaRueProtorealAlgebra/AgenticMechanics.ilean -c /home/phrxmaz/Documents/CyberAlchemy/.lake/build/ir/LaRueProtorealAlgebra/AgenticMechanics.c --setup /home/phrxmaz/Documents/CyberAlchemy/.lake/build/ir/LaRueProtorealAlgebra/AgenticMechanics.setup.json --json
error: LaRueProtorealAlgebra/AgenticMechanics.lean:2:0: invalid 'import' command, it must be used in the beginning of the file
error: Lean exited with code 1
✖ [55/202] Building LaRueProtorealAlgebra.GoldenHodgeExt (214ms)
trace: .> LEAN_PATH=/home/phrxmaz/Documents/CyberAlchemy/.lake/packages/Cli/.lake/build/lib/lean:/home/phrxmaz/Documents/CyberAlchemy/.lake/packages/batteries/.lake/build/lib/lean:/home/phrxmaz/Documents/CyberAlchemy/.lake/packages/Qq/.lake/build/lib/lean:/home/phrxmaz/Documents/CyberAlchemy/.lake/packages/aesop/.lake/build/lib/lean:/home/phrxmaz/Documents/CyberAlchemy/.lake/packages/proofwidgets/.lake/build/lib/lean:/home/phrxmaz/Documents/CyberAlchemy/.lake/packages/importGraph/.lake/build/lib/lean:/home/phrxmaz/Documents/CyberAlchemy/.lake/packages/LeanSearchClient/.lake/build/lib/lean:/home/phrxmaz/Documents/CyberAlchemy/.lake/packages/plausible/.lake/build/lib/lean:/home/phrxmaz/Documents/CyberAlchemy/.lake/packages/mathlib/.lake/build/lib/lean:/home/phrxmaz/Documents/CyberAlchemy/.lake/build/lib/lean /home/phrxmaz/.elan/toolchains/leanprover--lean4---v4.29.1/bin/lean /home/phrxmaz/Documents/CyberAlchemy/LaRueProtorealAlgebra/GoldenHodgeExt.lean -o /home/phrxmaz/Documents/CyberAlchemy/.lake/build/lib/lean/LaRueProtorealAlgebra/GoldenHodgeExt.olean -i /home/phrxmaz/Documents/CyberAlchemy/.lake/build/lib/lean/LaRueProtorealAlgebra/GoldenHodgeExt.ilean -c /home/phrxmaz/Documents/CyberAlchemy/.lake/build/ir/LaRueProtorealAlgebra/GoldenHodgeExt.c --setup /home/phrxmaz/Documents/CyberAlchemy/.lake/build/ir/LaRueProtorealAlgebra/GoldenHodgeExt.setup.json --json
error: LaRueProtorealAlgebra/GoldenHodgeExt.lean:2:0: invalid 'import' command, it must be used in the beginning of the file
error: Lean exited with code 1
✖ [56/202] Building LaRueProtorealAlgebra.GoldenLattice (185ms)
trace: .> LEAN_PATH=/home/phrxmaz/Documents/CyberAlchemy/.lake/packages/Cli/.lake/build/lib/lean:/home/phrxmaz/Documents/CyberAlchemy/.lake/packages/batteries/.lake/build/lib/lean:/home/phrxmaz/Documents/CyberAlchemy/.lake/packages/Qq/.lake/build/lib/lean:/home/phrxmaz/Documents/CyberAlchemy/.lake/packages/aesop/.lake/build/lib/lean:/home/phrxmaz/Documents/CyberAlchemy/.lake/packages/proofwidgets/.lake/build/lib/lean:/home/phrxmaz/Documents/CyberAlchemy/.lake/packages/importGraph/.lake/build/lib/lean:/home/phrxmaz/Documents/CyberAlchemy/.lake/packages/LeanSearchClient/.lake/build/lib/lean:/home/phrxmaz/Documents/CyberAlchemy/.lake/packages/plausible/.lake/build/lib/lean:/home/phrxmaz/Documents/CyberAlchemy/.lake/packages/mathlib/.lake/build/lib/lean:/home/phrxmaz/Documents/CyberAlchemy/.lake/build/lib/lean /home/phrxmaz/.elan/toolchains/leanprover--lean4---v4.29.1/bin/lean /home/phrxmaz/Documents/CyberAlchemy/LaRueProtorealAlgebra/GoldenLattice.lean -o /home/phrxmaz/Documents/CyberAlchemy/.lake/build/lib/lean/LaRueProtorealAlgebra/GoldenLattice.olean -i /home/phrxmaz/Documents/CyberAlchemy/.lake/build/lib/lean/LaRueProtorealAlgebra/GoldenLattice.ilean -c /home/phrxmaz/Documents/CyberAlchemy/.lake/build/ir/LaRueProtorealAlgebra/GoldenLattice.c --setup /home/phrxmaz/Documents/CyberAlchemy/.lake/build/ir/LaRueProtorealAlgebra/GoldenLattice.setup.json --json
error: LaRueProtorealAlgebra/GoldenLattice.lean:2:0: invalid 'import' command, it must be used in the beginning of the file
error: Lean exited with code 1
✖ [57/202] Building LaRueProtorealAlgebra.GoldenSubgroup (222ms)
trace: .> LEAN_PATH=/home/phrxmaz/Documents/CyberAlchemy/.lake/packages/Cli/.lake/build/lib/lean:/home/phrxmaz/Documents/CyberAlchemy/.lake/packages/batteries/.lake/build/lib/lean:/home/phrxmaz/Documents/CyberAlchemy/.lake/packages/Qq/.lake/build/lib/lean:/home/phrxmaz/Documents/CyberAlchemy/.lake/packages/aesop/.lake/build/lib/lean:/home/phrxmaz/Documents/CyberAlchemy/.lake/packages/proofwidgets/.lake/build/lib/lean:/home/phrxmaz/Documents/CyberAlchemy/.lake/packages/importGraph/.lake/build/lib/lean:/home/phrxmaz/Documents/CyberAlchemy/.lake/packages/LeanSearchClient/.lake/build/lib/lean:/home/phrxmaz/Documents/CyberAlchemy/.lake/packages/plausible/.lake/build/lib/lean:/home/phrxmaz/Documents/CyberAlchemy/.lake/packages/mathlib/.lake/build/lib/lean:/home/phrxmaz/Documents/CyberAlchemy/.lake/build/lib/lean /home/phrxmaz/.elan/toolchains/leanprover--lean4---v4.29.1/bin/lean /home/phrxmaz/Documents/CyberAlchemy/LaRueProtorealAlgebra/GoldenSubgroup.lean -o /home/phrxmaz/Documents/CyberAlchemy/.lake/build/lib/lean/LaRueProtorealAlgebra/GoldenSubgroup.olean -i /home/phrxmaz/Documents/CyberAlchemy/.lake/build/lib/lean/LaRueProtorealAlgebra/GoldenSubgroup.ilean -c /home/phrxmaz/Documents/CyberAlchemy/.lake/build/ir/LaRueProtorealAlgebra/GoldenSubgroup.c --setup /home/phrxmaz/Documents/CyberAlchemy/.lake/build/ir/LaRueProtorealAlgebra/GoldenSubgroup.setup.json --json
error: LaRueProtorealAlgebra/GoldenSubgroup.lean:2:0: invalid 'import' command, it must be used in the beginning of the file
error: Lean exited with code 1
✖ [58/202] Building LaRueProtorealAlgebra.GoldenVeblen (192ms)
trace: .> LEAN_PATH=/home/phrxmaz/Documents/CyberAlchemy/.lake/packages/Cli/.lake/build/lib/lean:/home/phrxmaz/Documents/CyberAlchemy/.lake/packages/batteries/.lake/build/lib/lean:/home/phrxmaz/Documents/CyberAlchemy/.lake/packages/Qq/.lake/build/lib/lean:/home/phrxmaz/Documents/CyberAlchemy/.lake/packages/aesop/.lake/build/lib/lean:/home/phrxmaz/Documents/CyberAlchemy/.lake/packages/proofwidgets/.lake/build/lib/lean:/home/phrxmaz/Documents/CyberAlchemy/.lake/packages/importGraph/.lake/build/lib/lean:/home/phrxmaz/Documents/CyberAlchemy/.lake/packages/LeanSearchClient/.lake/build/lib/lean:/home/phrxmaz/Documents/CyberAlchemy/.lake/packages/plausible/.lake/build/lib/lean:/home/phrxmaz/Documents/CyberAlchemy/.lake/packages/mathlib/.lake/build/lib/lean:/home/phrxmaz/Documents/CyberAlchemy/.lake/build/lib/lean /home/phrxmaz/.elan/toolchains/leanprover--lean4---v4.29.1/bin/lean /home/phrxmaz/Documents/CyberAlchemy/LaRueProtorealAlgebra/GoldenVeblen.lean -o /home/phrxmaz/Documents/CyberAlchemy/.lake/build/lib/lean/LaRueProtorealAlgebra/GoldenVeblen.olean -i /home/phrxmaz/Documents/CyberAlchemy/.lake/build/lib/lean/LaRueProtorealAlgebra/GoldenVeblen.ilean -c /home/phrxmaz/Documents/CyberAlchemy/.lake/build/ir/LaRueProtorealAlgebra/GoldenVeblen.c --setup /home/phrxmaz/Documents/CyberAlchemy/.lake/build/ir/LaRueProtorealAlgebra/GoldenVeblen.setup.json --json
error: LaRueProtorealAlgebra/GoldenVeblen.lean:2:0: invalid 'import' command, it must be used in the beginning of the file
error: Lean exited with code 1
✖ [59/202] Building LaRueProtorealAlgebra.GrandUnification (187ms)
trace: .> LEAN_PATH=/home/phrxmaz/Documents/CyberAlchemy/.lake/packages/Cli/.lake/build/lib/lean:/home/phrxmaz/Documents/CyberAlchemy/.lake/packages/batteries/.lake/build/lib/lean:/home/phrxmaz/Documents/CyberAlchemy/.lake/packages/Qq/.lake/build/lib/lean:/home/phrxmaz/Documents/CyberAlchemy/.lake/packages/aesop/.lake/build/lib/lean:/home/phrxmaz/Documents/CyberAlchemy/.lake/packages/proofwidgets/.lake/build/lib/lean:/home/phrxmaz/Documents/CyberAlchemy/.lake/packages/importGraph/.lake/build/lib/lean:/home/phrxmaz/Documents/CyberAlchemy/.lake/packages/LeanSearchClient/.lake/build/lib/lean:/home/phrxmaz/Documents/CyberAlchemy/.lake/packages/plausible/.lake/build/lib/lean:/home/phrxmaz/Documents/CyberAlchemy/.lake/packages/mathlib/.lake/build/lib/lean:/home/phrxmaz/Documents/CyberAlchemy/.lake/build/lib/lean /home/phrxmaz/.elan/toolchains/leanprover--lean4---v4.29.1/bin/lean /home/phrxmaz/Documents/CyberAlchemy/LaRueProtorealAlgebra/GrandUnification.lean -o /home/phrxmaz/Documents/CyberAlchemy/.lake/build/lib/lean/LaRueProtorealAlgebra/GrandUnification.olean -i /home/phrxmaz/Documents/CyberAlchemy/.lake/build/lib/lean/LaRueProtorealAlgebra/GrandUnification.ilean -c /home/phrxmaz/Documents/CyberAlchemy/.lake/build/ir/LaRueProtorealAlgebra/GrandUnification.c --setup /home/phrxmaz/Documents/CyberAlchemy/.lake/build/ir/LaRueProtorealAlgebra/GrandUnification.setup.json --json
error: LaRueProtorealAlgebra/GrandUnification.lean:2:0: invalid 'import' command, it must be used in the beginning of the file
error: Lean exited with code 1
✖ [60/202] Building LaRueProtorealAlgebra.GoldenAgents (244ms)
trace: .> LEAN_PATH=/home/phrxmaz/Documents/CyberAlchemy/.lake/packages/Cli/.lake/build/lib/lean:/home/phrxmaz/Documents/CyberAlchemy/.lake/packages/batteries/.lake/build/lib/lean:/home/phrxmaz/Documents/CyberAlchemy/.lake/packages/Qq/.lake/build/lib/lean:/home/phrxmaz/Documents/CyberAlchemy/.lake/packages/aesop/.lake/build/lib/lean:/home/phrxmaz/Documents/CyberAlchemy/.lake/packages/proofwidgets/.lake/build/lib/lean:/home/phrxmaz/Documents/CyberAlchemy/.lake/packages/importGraph/.lake/build/lib/lean:/home/phrxmaz/Documents/CyberAlchemy/.lake/packages/LeanSearchClient/.lake/build/lib/lean:/home/phrxmaz/Documents/CyberAlchemy/.lake/packages/plausible/.lake/build/lib/lean:/home/phrxmaz/Documents/CyberAlchemy/.lake/packages/mathlib/.lake/build/lib/lean:/home/phrxmaz/Documents/CyberAlchemy/.lake/build/lib/lean /home/phrxmaz/.elan/toolchains/leanprover--lean4---v4.29.1/bin/lean /home/phrxmaz/Documents/CyberAlchemy/LaRueProtorealAlgebra/GoldenAgents.lean -o /home/phrxmaz/Documents/CyberAlchemy/.lake/build/lib/lean/LaRueProtorealAlgebra/GoldenAgents.olean -i /home/phrxmaz/Documents/CyberAlchemy/.lake/build/lib/lean/LaRueProtorealAlgebra/GoldenAgents.ilean -c /home/phrxmaz/Documents/CyberAlchemy/.lake/build/ir/LaRueProtorealAlgebra/GoldenAgents.c --setup /home/phrxmaz/Documents/CyberAlchemy/.lake/build/ir/LaRueProtorealAlgebra/GoldenAgents.setup.json --json
error: LaRueProtorealAlgebra/GoldenAgents.lean:2:0: invalid 'import' command, it must be used in the beginning of the file
error: Lean exited with code 1
✖ [61/202] Building LaRueProtorealAlgebra.GoldenSplitPrime (272ms)
trace: .> LEAN_PATH=/home/phrxmaz/Documents/CyberAlchemy/.lake/packages/Cli/.lake/build/lib/lean:/home/phrxmaz/Documents/CyberAlchemy/.lake/packages/batteries/.lake/build/lib/lean:/home/phrxmaz/Documents/CyberAlchemy/.lake/packages/Qq/.lake/build/lib/lean:/home/phrxmaz/Documents/CyberAlchemy/.lake/packages/aesop/.lake/build/lib/lean:/home/phrxmaz/Documents/CyberAlchemy/.lake/packages/proofwidgets/.lake/build/lib/lean:/home/phrxmaz/Documents/CyberAlchemy/.lake/packages/importGraph/.lake/build/lib/lean:/home/phrxmaz/Documents/CyberAlchemy/.lake/packages/LeanSearchClient/.lake/build/lib/lean:/home/phrxmaz/Documents/CyberAlchemy/.lake/packages/plausible/.lake/build/lib/lean:/home/phrxmaz/Documents/CyberAlchemy/.lake/packages/mathlib/.lake/build/lib/lean:/home/phrxmaz/Documents/CyberAlchemy/.lake/build/lib/lean /home/phrxmaz/.elan/toolchains/leanprover--lean4---v4.29.1/bin/lean /home/phrxmaz/Documents/CyberAlchemy/LaRueProtorealAlgebra/GoldenSplitPrime.lean -o /home/phrxmaz/Documents/CyberAlchemy/.lake/build/lib/lean/LaRueProtorealAlgebra/GoldenSplitPrime.olean -i /home/phrxmaz/Documents/CyberAlchemy/.lake/build/lib/lean/LaRueProtorealAlgebra/GoldenSplitPrime.ilean -c /home/phrxmaz/Documents/CyberAlchemy/.lake/build/ir/LaRueProtorealAlgebra/GoldenSplitPrime.c --setup /home/phrxmaz/Documents/CyberAlchemy/.lake/build/ir/LaRueProtorealAlgebra/GoldenSplitPrime.setup.json --json
error: LaRueProtorealAlgebra/GoldenSplitPrime.lean:2:0: invalid 'import' command, it must be used in the beginning of the file
error: Lean exited with code 1
✖ [62/202] Building LaRueProtorealAlgebra.GrothendieckString (225ms)
trace: .> LEAN_PATH=/home/phrxmaz/Documents/CyberAlchemy/.lake/packages/Cli/.lake/build/lib/lean:/home/phrxmaz/Documents/CyberAlchemy/.lake/packages/batteries/.lake/build/lib/lean:/home/phrxmaz/Documents/CyberAlchemy/.lake/packages/Qq/.lake/build/lib/lean:/home/phrxmaz/Documents/CyberAlchemy/.lake/packages/aesop/.lake/build/lib/lean:/home/phrxmaz/Documents/CyberAlchemy/.lake/packages/proofwidgets/.lake/build/lib/lean:/home/phrxmaz/Documents/CyberAlchemy/.lake/packages/importGraph/.lake/build/lib/lean:/home/phrxmaz/Documents/CyberAlchemy/.lake/packages/LeanSearchClient/.lake/build/lib/lean:/home/phrxmaz/Documents/CyberAlchemy/.lake/packages/plausible/.lake/build/lib/lean:/home/phrxmaz/Documents/CyberAlchemy/.lake/packages/mathlib/.lake/build/lib/lean:/home/phrxmaz/Documents/CyberAlchemy/.lake/build/lib/lean /home/phrxmaz/.elan/toolchains/leanprover--lean4---v4.29.1/bin/lean /home/phrxmaz/Documents/CyberAlchemy/LaRueProtorealAlgebra/GrothendieckString.lean -o /home/phrxmaz/Documents/CyberAlchemy/.lake/build/lib/lean/LaRueProtorealAlgebra/GrothendieckString.olean -i /home/phrxmaz/Documents/CyberAlchemy/.lake/build/lib/lean/LaRueProtorealAlgebra/GrothendieckString.ilean -c /home/phrxmaz/Documents/CyberAlchemy/.lake/build/ir/LaRueProtorealAlgebra/GrothendieckString.c --setup /home/phrxmaz/Documents/CyberAlchemy/.lake/build/ir/LaRueProtorealAlgebra/GrothendieckString.setup.json --json
error: LaRueProtorealAlgebra/GrothendieckString.lean:2:0: invalid 'import' command, it must be used in the beginning of the file
error: Lean exited with code 1
✖ [63/202] Building LaRueProtorealAlgebra.HiddenWeight (205ms)
trace: .> LEAN_PATH=/home/phrxmaz/Documents/CyberAlchemy/.lake/packages/Cli/.lake/build/lib/lean:/home/phrxmaz/Documents/CyberAlchemy/.lake/packages/batteries/.lake/build/lib/lean:/home/phrxmaz/Documents/CyberAlchemy/.lake/packages/Qq/.lake/build/lib/lean:/home/phrxmaz/Documents/CyberAlchemy/.lake/packages/aesop/.lake/build/lib/lean:/home/phrxmaz/Documents/CyberAlchemy/.lake/packages/proofwidgets/.lake/build/lib/lean:/home/phrxmaz/Documents/CyberAlchemy/.lake/packages/importGraph/.lake/build/lib/lean:/home/phrxmaz/Documents/CyberAlchemy/.lake/packages/LeanSearchClient/.lake/build/lib/lean:/home/phrxmaz/Documents/CyberAlchemy/.lake/packages/plausible/.lake/build/lib/lean:/home/phrxmaz/Documents/CyberAlchemy/.lake/packages/mathlib/.lake/build/lib/lean:/home/phrxmaz/Documents/CyberAlchemy/.lake/build/lib/lean /home/phrxmaz/.elan/toolchains/leanprover--lean4---v4.29.1/bin/lean /home/phrxmaz/Documents/CyberAlchemy/LaRueProtorealAlgebra/HiddenWeight.lean -o /home/phrxmaz/Documents/CyberAlchemy/.lake/build/lib/lean/LaRueProtorealAlgebra/HiddenWeight.olean -i /home/phrxmaz/Documents/CyberAlchemy/.lake/build/lib/lean/LaRueProtorealAlgebra/HiddenWeight.ilean -c /home/phrxmaz/Documents/CyberAlchemy/.lake/build/ir/LaRueProtorealAlgebra/HiddenWeight.c --setup /home/phrxmaz/Documents/CyberAlchemy/.lake/build/ir/LaRueProtorealAlgebra/HiddenWeight.setup.json --json
error: LaRueProtorealAlgebra/HiddenWeight.lean:2:0: invalid 'import' command, it must be used in the beginning of the file
error: Lean exited with code 1
✖ [64/202] Building LaRueProtorealAlgebra.HierarchicalMayerVietoris (268ms)
trace: .> LEAN_PATH=/home/phrxmaz/Documents/CyberAlchemy/.lake/packages/Cli/.lake/build/lib/lean:/home/phrxmaz/Documents/CyberAlchemy/.lake/packages/batteries/.lake/build/lib/lean:/home/phrxmaz/Documents/CyberAlchemy/.lake/packages/Qq/.lake/build/lib/lean:/home/phrxmaz/Documents/CyberAlchemy/.lake/packages/aesop/.lake/build/lib/lean:/home/phrxmaz/Documents/CyberAlchemy/.lake/packages/proofwidgets/.lake/build/lib/lean:/home/phrxmaz/Documents/CyberAlchemy/.lake/packages/importGraph/.lake/build/lib/lean:/home/phrxmaz/Documents/CyberAlchemy/.lake/packages/LeanSearchClient/.lake/build/lib/lean:/home/phrxmaz/Documents/CyberAlchemy/.lake/packages/plausible/.lake/build/lib/lean:/home/phrxmaz/Documents/CyberAlchemy/.lake/packages/mathlib/.lake/build/lib/lean:/home/phrxmaz/Documents/CyberAlchemy/.lake/build/lib/lean /home/phrxmaz/.elan/toolchains/leanprover--lean4---v4.29.1/bin/lean /home/phrxmaz/Documents/CyberAlchemy/LaRueProtorealAlgebra/HierarchicalMayerVietoris.lean -o /home/phrxmaz/Documents/CyberAlchemy/.lake/build/lib/lean/LaRueProtorealAlgebra/HierarchicalMayerVietoris.olean -i /home/phrxmaz/Documents/CyberAlchemy/.lake/build/lib/lean/LaRueProtorealAlgebra/HierarchicalMayerVietoris.ilean -c /home/phrxmaz/Documents/CyberAlchemy/.lake/build/ir/LaRueProtorealAlgebra/HierarchicalMayerVietoris.c --setup /home/phrxmaz/Documents/CyberAlchemy/.lake/build/ir/LaRueProtorealAlgebra/HierarchicalMayerVietoris.setup.json --json
error: LaRueProtorealAlgebra/HierarchicalMayerVietoris.lean:2:0: invalid 'import' command, it must be used in the beginning of the file
error: Lean exited with code 1
✖ [65/202] Building LaRueProtorealAlgebra.HodgeConjecture (231ms)
trace: .> LEAN_PATH=/home/phrxmaz/Documents/CyberAlchemy/.lake/packages/Cli/.lake/build/lib/lean:/home/phrxmaz/Documents/CyberAlchemy/.lake/packages/batteries/.lake/build/lib/lean:/home/phrxmaz/Documents/CyberAlchemy/.lake/packages/Qq/.lake/build/lib/lean:/home/phrxmaz/Documents/CyberAlchemy/.lake/packages/aesop/.lake/build/lib/lean:/home/phrxmaz/Documents/CyberAlchemy/.lake/packages/proofwidgets/.lake/build/lib/lean:/home/phrxmaz/Documents/CyberAlchemy/.lake/packages/importGraph/.lake/build/lib/lean:/home/phrxmaz/Documents/CyberAlchemy/.lake/packages/LeanSearchClient/.lake/build/lib/lean:/home/phrxmaz/Documents/CyberAlchemy/.lake/packages/plausible/.lake/build/lib/lean:/home/phrxmaz/Documents/CyberAlchemy/.lake/packages/mathlib/.lake/build/lib/lean:/home/phrxmaz/Documents/CyberAlchemy/.lake/build/lib/lean /home/phrxmaz/.elan/toolchains/leanprover--lean4---v4.29.1/bin/lean /home/phrxmaz/Documents/CyberAlchemy/LaRueProtorealAlgebra/HodgeConjecture.lean -o /home/phrxmaz/Documents/CyberAlchemy/.lake/build/lib/lean/LaRueProtorealAlgebra/HodgeConjecture.olean -i /home/phrxmaz/Documents/CyberAlchemy/.lake/build/lib/lean/LaRueProtorealAlgebra/HodgeConjecture.ilean -c /home/phrxmaz/Documents/CyberAlchemy/.lake/build/ir/LaRueProtorealAlgebra/HodgeConjecture.c --setup /home/phrxmaz/Documents/CyberAlchemy/.lake/build/ir/LaRueProtorealAlgebra/HodgeConjecture.setup.json --json
error: LaRueProtorealAlgebra/HodgeConjecture.lean:2:0: invalid 'import' command, it must be used in the beginning of the file
error: Lean exited with code 1
✖ [66/202] Building LaRueProtorealAlgebra.HodgeDecomposition (217ms)
trace: .> LEAN_PATH=/home/phrxmaz/Documents/CyberAlchemy/.lake/packages/Cli/.lake/build/lib/lean:/home/phrxmaz/Documents/CyberAlchemy/.lake/packages/batteries/.lake/build/lib/lean:/home/phrxmaz/Documents/CyberAlchemy/.lake/packages/Qq/.lake/build/lib/lean:/home/phrxmaz/Documents/CyberAlchemy/.lake/packages/aesop/.lake/build/lib/lean:/home/phrxmaz/Documents/CyberAlchemy/.lake/packages/proofwidgets/.lake/build/lib/lean:/home/phrxmaz/Documents/CyberAlchemy/.lake/packages/importGraph/.lake/build/lib/lean:/home/phrxmaz/Documents/CyberAlchemy/.lake/packages/LeanSearchClient/.lake/build/lib/lean:/home/phrxmaz/Documents/CyberAlchemy/.lake/packages/plausible/.lake/build/lib/lean:/home/phrxmaz/Documents/CyberAlchemy/.lake/packages/mathlib/.lake/build/lib/lean:/home/phrxmaz/Documents/CyberAlchemy/.lake/build/lib/lean /home/phrxmaz/.elan/toolchains/leanprover--lean4---v4.29.1/bin/lean /home/phrxmaz/Documents/CyberAlchemy/LaRueProtorealAlgebra/HodgeDecomposition.lean -o /home/phrxmaz/Documents/CyberAlchemy/.lake/build/lib/lean/LaRueProtorealAlgebra/HodgeDecomposition.olean -i /home/phrxmaz/Documents/CyberAlchemy/.lake/build/lib/lean/LaRueProtorealAlgebra/HodgeDecomposition.ilean -c /home/phrxmaz/Documents/CyberAlchemy/.lake/build/ir/LaRueProtorealAlgebra/HodgeDecomposition.c --setup /home/phrxmaz/Documents/CyberAlchemy/.lake/build/ir/LaRueProtorealAlgebra/HodgeDecomposition.setup.json --json
error: LaRueProtorealAlgebra/HodgeDecomposition.lean:2:0: invalid 'import' command, it must be used in the beginning of the file
error: Lean exited with code 1
✖ [67/202] Building LaRueProtorealAlgebra.HolochainHash (241ms)
trace: .> LEAN_PATH=/home/phrxmaz/Documents/CyberAlchemy/.lake/packages/Cli/.lake/build/lib/lean:/home/phrxmaz/Documents/CyberAlchemy/.lake/packages/batteries/.lake/build/lib/lean:/home/phrxmaz/Documents/CyberAlchemy/.lake/packages/Qq/.lake/build/lib/lean:/home/phrxmaz/Documents/CyberAlchemy/.lake/packages/aesop/.lake/build/lib/lean:/home/phrxmaz/Documents/CyberAlchemy/.lake/packages/proofwidgets/.lake/build/lib/lean:/home/phrxmaz/Documents/CyberAlchemy/.lake/packages/importGraph/.lake/build/lib/lean:/home/phrxmaz/Documents/CyberAlchemy/.lake/packages/LeanSearchClient/.lake/build/lib/lean:/home/phrxmaz/Documents/CyberAlchemy/.lake/packages/plausible/.lake/build/lib/lean:/home/phrxmaz/Documents/CyberAlchemy/.lake/packages/mathlib/.lake/build/lib/lean:/home/phrxmaz/Documents/CyberAlchemy/.lake/build/lib/lean /home/phrxmaz/.elan/toolchains/leanprover--lean4---v4.29.1/bin/lean /home/phrxmaz/Documents/CyberAlchemy/LaRueProtorealAlgebra/HolochainHash.lean -o /home/phrxmaz/Documents/CyberAlchemy/.lake/build/lib/lean/LaRueProtorealAlgebra/HolochainHash.olean -i /home/phrxmaz/Documents/CyberAlchemy/.lake/build/lib/lean/LaRueProtorealAlgebra/HolochainHash.ilean -c /home/phrxmaz/Documents/CyberAlchemy/.lake/build/ir/LaRueProtorealAlgebra/HolochainHash.c --setup /home/phrxmaz/Documents/CyberAlchemy/.lake/build/ir/LaRueProtorealAlgebra/HolochainHash.setup.json --json
error: LaRueProtorealAlgebra/HolochainHash.lean:2:0: invalid 'import' command, it must be used in the beginning of the file
error: Lean exited with code 1
✖ [68/202] Building LaRueProtorealAlgebra.HyperbolicGeneralization (206ms)
trace: .> LEAN_PATH=/home/phrxmaz/Documents/CyberAlchemy/.lake/packages/Cli/.lake/build/lib/lean:/home/phrxmaz/Documents/CyberAlchemy/.lake/packages/batteries/.lake/build/lib/lean:/home/phrxmaz/Documents/CyberAlchemy/.lake/packages/Qq/.lake/build/lib/lean:/home/phrxmaz/Documents/CyberAlchemy/.lake/packages/aesop/.lake/build/lib/lean:/home/phrxmaz/Documents/CyberAlchemy/.lake/packages/proofwidgets/.lake/build/lib/lean:/home/phrxmaz/Documents/CyberAlchemy/.lake/packages/importGraph/.lake/build/lib/lean:/home/phrxmaz/Documents/CyberAlchemy/.lake/packages/LeanSearchClient/.lake/build/lib/lean:/home/phrxmaz/Documents/CyberAlchemy/.lake/packages/plausible/.lake/build/lib/lean:/home/phrxmaz/Documents/CyberAlchemy/.lake/packages/mathlib/.lake/build/lib/lean:/home/phrxmaz/Documents/CyberAlchemy/.lake/build/lib/lean /home/phrxmaz/.elan/toolchains/leanprover--lean4---v4.29.1/bin/lean /home/phrxmaz/Documents/CyberAlchemy/LaRueProtorealAlgebra/HyperbolicGeneralization.lean -o /home/phrxmaz/Documents/CyberAlchemy/.lake/build/lib/lean/LaRueProtorealAlgebra/HyperbolicGeneralization.olean -i /home/phrxmaz/Documents/CyberAlchemy/.lake/build/lib/lean/LaRueProtorealAlgebra/HyperbolicGeneralization.ilean -c /home/phrxmaz/Documents/CyberAlchemy/.lake/build/ir/LaRueProtorealAlgebra/HyperbolicGeneralization.c --setup /home/phrxmaz/Documents/CyberAlchemy/.lake/build/ir/LaRueProtorealAlgebra/HyperbolicGeneralization.setup.json --json
error: LaRueProtorealAlgebra/HyperbolicGeneralization.lean:2:0: invalid 'import' command, it must be used in the beginning of the file
error: Lean exited with code 1
✖ [69/202] Building LaRueProtorealAlgebra.GpuSeeding (325ms)
trace: .> LEAN_PATH=/home/phrxmaz/Documents/CyberAlchemy/.lake/packages/Cli/.lake/build/lib/lean:/home/phrxmaz/Documents/CyberAlchemy/.lake/packages/batteries/.lake/build/lib/lean:/home/phrxmaz/Documents/CyberAlchemy/.lake/packages/Qq/.lake/build/lib/lean:/home/phrxmaz/Documents/CyberAlchemy/.lake/packages/aesop/.lake/build/lib/lean:/home/phrxmaz/Documents/CyberAlchemy/.lake/packages/proofwidgets/.lake/build/lib/lean:/home/phrxmaz/Documents/CyberAlchemy/.lake/packages/importGraph/.lake/build/lib/lean:/home/phrxmaz/Documents/CyberAlchemy/.lake/packages/LeanSearchClient/.lake/build/lib/lean:/home/phrxmaz/Documents/CyberAlchemy/.lake/packages/plausible/.lake/build/lib/lean:/home/phrxmaz/Documents/CyberAlchemy/.lake/packages/mathlib/.lake/build/lib/lean:/home/phrxmaz/Documents/CyberAlchemy/.lake/build/lib/lean /home/phrxmaz/.elan/toolchains/leanprover--lean4---v4.29.1/bin/lean /home/phrxmaz/Documents/CyberAlchemy/LaRueProtorealAlgebra/GpuSeeding.lean -o /home/phrxmaz/Documents/CyberAlchemy/.lake/build/lib/lean/LaRueProtorealAlgebra/GpuSeeding.olean -i /home/phrxmaz/Documents/CyberAlchemy/.lake/build/lib/lean/LaRueProtorealAlgebra/GpuSeeding.ilean -c /home/phrxmaz/Documents/CyberAlchemy/.lake/build/ir/LaRueProtorealAlgebra/GpuSeeding.c --setup /home/phrxmaz/Documents/CyberAlchemy/.lake/build/ir/LaRueProtorealAlgebra/GpuSeeding.setup.json --json
error: LaRueProtorealAlgebra/GpuSeeding.lean:2:0: invalid 'import' command, it must be used in the beginning of the file
error: Lean exited with code 1
✖ [70/202] Building LaRueProtorealAlgebra.HolographicCollapse (295ms)
trace: .> LEAN_PATH=/home/phrxmaz/Documents/CyberAlchemy/.lake/packages/Cli/.lake/build/lib/lean:/home/phrxmaz/Documents/CyberAlchemy/.lake/packages/batteries/.lake/build/lib/lean:/home/phrxmaz/Documents/CyberAlchemy/.lake/packages/Qq/.lake/build/lib/lean:/home/phrxmaz/Documents/CyberAlchemy/.lake/packages/aesop/.lake/build/lib/lean:/home/phrxmaz/Documents/CyberAlchemy/.lake/packages/proofwidgets/.lake/build/lib/lean:/home/phrxmaz/Documents/CyberAlchemy/.lake/packages/importGraph/.lake/build/lib/lean:/home/phrxmaz/Documents/CyberAlchemy/.lake/packages/LeanSearchClient/.lake/build/lib/lean:/home/phrxmaz/Documents/CyberAlchemy/.lake/packages/plausible/.lake/build/lib/lean:/home/phrxmaz/Documents/CyberAlchemy/.lake/packages/mathlib/.lake/build/lib/lean:/home/phrxmaz/Documents/CyberAlchemy/.lake/build/lib/lean /home/phrxmaz/.elan/toolchains/leanprover--lean4---v4.29.1/bin/lean /home/phrxmaz/Documents/CyberAlchemy/LaRueProtorealAlgebra/HolographicCollapse.lean -o /home/phrxmaz/Documents/CyberAlchemy/.lake/build/lib/lean/LaRueProtorealAlgebra/HolographicCollapse.olean -i /home/phrxmaz/Documents/CyberAlchemy/.lake/build/lib/lean/LaRueProtorealAlgebra/HolographicCollapse.ilean -c /home/phrxmaz/Documents/CyberAlchemy/.lake/build/ir/LaRueProtorealAlgebra/HolographicCollapse.c --setup /home/phrxmaz/Documents/CyberAlchemy/.lake/build/ir/LaRueProtorealAlgebra/HolographicCollapse.setup.json --json
error: LaRueProtorealAlgebra/HolographicCollapse.lean:2:0: invalid 'import' command, it must be used in the beginning of the file
error: Lean exited with code 1
✖ [71/202] Building LaRueProtorealAlgebra.HoloneticColors (309ms)
trace: .> LEAN_PATH=/home/phrxmaz/Documents/CyberAlchemy/.lake/packages/Cli/.lake/build/lib/lean:/home/phrxmaz/Documents/CyberAlchemy/.lake/packages/batteries/.lake/build/lib/lean:/home/phrxmaz/Documents/CyberAlchemy/.lake/packages/Qq/.lake/build/lib/lean:/home/phrxmaz/Documents/CyberAlchemy/.lake/packages/aesop/.lake/build/lib/lean:/home/phrxmaz/Documents/CyberAlchemy/.lake/packages/proofwidgets/.lake/build/lib/lean:/home/phrxmaz/Documents/CyberAlchemy/.lake/packages/importGraph/.lake/build/lib/lean:/home/phrxmaz/Documents/CyberAlchemy/.lake/packages/LeanSearchClient/.lake/build/lib/lean:/home/phrxmaz/Documents/CyberAlchemy/.lake/packages/plausible/.lake/build/lib/lean:/home/phrxmaz/Documents/CyberAlchemy/.lake/packages/mathlib/.lake/build/lib/lean:/home/phrxmaz/Documents/CyberAlchemy/.lake/build/lib/lean /home/phrxmaz/.elan/toolchains/leanprover--lean4---v4.29.1/bin/lean /home/phrxmaz/Documents/CyberAlchemy/LaRueProtorealAlgebra/HoloneticColors.lean -o /home/phrxmaz/Documents/CyberAlchemy/.lake/build/lib/lean/LaRueProtorealAlgebra/HoloneticColors.olean -i /home/phrxmaz/Documents/CyberAlchemy/.lake/build/lib/lean/LaRueProtorealAlgebra/HoloneticColors.ilean -c /home/phrxmaz/Documents/CyberAlchemy/.lake/build/ir/LaRueProtorealAlgebra/HoloneticColors.c --setup /home/phrxmaz/Documents/CyberAlchemy/.lake/build/ir/LaRueProtorealAlgebra/HoloneticColors.setup.json --json
error: LaRueProtorealAlgebra/HoloneticColors.lean:2:0: invalid 'import' command, it must be used in the beginning of the file
error: Lean exited with code 1
✖ [72/202] Building LaRueProtorealAlgebra.HyperbolicIdentity (260ms)
trace: .> LEAN_PATH=/home/phrxmaz/Documents/CyberAlchemy/.lake/packages/Cli/.lake/build/lib/lean:/home/phrxmaz/Documents/CyberAlchemy/.lake/packages/batteries/.lake/build/lib/lean:/home/phrxmaz/Documents/CyberAlchemy/.lake/packages/Qq/.lake/build/lib/lean:/home/phrxmaz/Documents/CyberAlchemy/.lake/packages/aesop/.lake/build/lib/lean:/home/phrxmaz/Documents/CyberAlchemy/.lake/packages/proofwidgets/.lake/build/lib/lean:/home/phrxmaz/Documents/CyberAlchemy/.lake/packages/importGraph/.lake/build/lib/lean:/home/phrxmaz/Documents/CyberAlchemy/.lake/packages/LeanSearchClient/.lake/build/lib/lean:/home/phrxmaz/Documents/CyberAlchemy/.lake/packages/plausible/.lake/build/lib/lean:/home/phrxmaz/Documents/CyberAlchemy/.lake/packages/mathlib/.lake/build/lib/lean:/home/phrxmaz/Documents/CyberAlchemy/.lake/build/lib/lean /home/phrxmaz/.elan/toolchains/leanprover--lean4---v4.29.1/bin/lean /home/phrxmaz/Documents/CyberAlchemy/LaRueProtorealAlgebra/HyperbolicIdentity.lean -o /home/phrxmaz/Documents/CyberAlchemy/.lake/build/lib/lean/LaRueProtorealAlgebra/HyperbolicIdentity.olean -i /home/phrxmaz/Documents/CyberAlchemy/.lake/build/lib/lean/LaRueProtorealAlgebra/HyperbolicIdentity.ilean -c /home/phrxmaz/Documents/CyberAlchemy/.lake/build/ir/LaRueProtorealAlgebra/HyperbolicIdentity.c --setup /home/phrxmaz/Documents/CyberAlchemy/.lake/build/ir/LaRueProtorealAlgebra/HyperbolicIdentity.setup.json --json
error: LaRueProtorealAlgebra/HyperbolicIdentity.lean:2:0: invalid 'import' command, it must be used in the beginning of the file
error: Lean exited with code 1
✖ [73/202] Building LaRueProtorealAlgebra.HyperDifference (241ms)
trace: .> LEAN_PATH=/home/phrxmaz/Documents/CyberAlchemy/.lake/packages/Cli/.lake/build/lib/lean:/home/phrxmaz/Documents/CyberAlchemy/.lake/packages/batteries/.lake/build/lib/lean:/home/phrxmaz/Documents/CyberAlchemy/.lake/packages/Qq/.lake/build/lib/lean:/home/phrxmaz/Documents/CyberAlchemy/.lake/packages/aesop/.lake/build/lib/lean:/home/phrxmaz/Documents/CyberAlchemy/.lake/packages/proofwidgets/.lake/build/lib/lean:/home/phrxmaz/Documents/CyberAlchemy/.lake/packages/importGraph/.lake/build/lib/lean:/home/phrxmaz/Documents/CyberAlchemy/.lake/packages/LeanSearchClient/.lake/build/lib/lean:/home/phrxmaz/Documents/CyberAlchemy/.lake/packages/plausible/.lake/build/lib/lean:/home/phrxmaz/Documents/CyberAlchemy/.lake/packages/mathlib/.lake/build/lib/lean:/home/phrxmaz/Documents/CyberAlchemy/.lake/build/lib/lean /home/phrxmaz/.elan/toolchains/leanprover--lean4---v4.29.1/bin/lean /home/phrxmaz/Documents/CyberAlchemy/LaRueProtorealAlgebra/HyperDifference.lean -o /home/phrxmaz/Documents/CyberAlchemy/.lake/build/lib/lean/LaRueProtorealAlgebra/HyperDifference.olean -i /home/phrxmaz/Documents/CyberAlchemy/.lake/build/lib/lean/LaRueProtorealAlgebra/HyperDifference.ilean -c /home/phrxmaz/Documents/CyberAlchemy/.lake/build/ir/LaRueProtorealAlgebra/HyperDifference.c --setup /home/phrxmaz/Documents/CyberAlchemy/.lake/build/ir/LaRueProtorealAlgebra/HyperDifference.setup.json --json
error: LaRueProtorealAlgebra/HyperDifference.lean:2:0: invalid 'import' command, it must be used in the beginning of the file
error: Lean exited with code 1
✖ [74/202] Building LaRueProtorealAlgebra.HyperKlein (207ms)
trace: .> LEAN_PATH=/home/phrxmaz/Documents/CyberAlchemy/.lake/packages/Cli/.lake/build/lib/lean:/home/phrxmaz/Documents/CyberAlchemy/.lake/packages/batteries/.lake/build/lib/lean:/home/phrxmaz/Documents/CyberAlchemy/.lake/packages/Qq/.lake/build/lib/lean:/home/phrxmaz/Documents/CyberAlchemy/.lake/packages/aesop/.lake/build/lib/lean:/home/phrxmaz/Documents/CyberAlchemy/.lake/packages/proofwidgets/.lake/build/lib/lean:/home/phrxmaz/Documents/CyberAlchemy/.lake/packages/importGraph/.lake/build/lib/lean:/home/phrxmaz/Documents/CyberAlchemy/.lake/packages/LeanSearchClient/.lake/build/lib/lean:/home/phrxmaz/Documents/CyberAlchemy/.lake/packages/plausible/.lake/build/lib/lean:/home/phrxmaz/Documents/CyberAlchemy/.lake/packages/mathlib/.lake/build/lib/lean:/home/phrxmaz/Documents/CyberAlchemy/.lake/build/lib/lean /home/phrxmaz/.elan/toolchains/leanprover--lean4---v4.29.1/bin/lean /home/phrxmaz/Documents/CyberAlchemy/LaRueProtorealAlgebra/HyperKlein.lean -o /home/phrxmaz/Documents/CyberAlchemy/.lake/build/lib/lean/LaRueProtorealAlgebra/HyperKlein.olean -i /home/phrxmaz/Documents/CyberAlchemy/.lake/build/lib/lean/LaRueProtorealAlgebra/HyperKlein.ilean -c /home/phrxmaz/Documents/CyberAlchemy/.lake/build/ir/LaRueProtorealAlgebra/HyperKlein.c --setup /home/phrxmaz/Documents/CyberAlchemy/.lake/build/ir/LaRueProtorealAlgebra/HyperKlein.setup.json --json
error: LaRueProtorealAlgebra/HyperKlein.lean:2:0: invalid 'import' command, it must be used in the beginning of the file
error: Lean exited with code 1
✖ [75/202] Building LaRueProtorealAlgebra.HyperOperationScaling (215ms)
trace: .> LEAN_PATH=/home/phrxmaz/Documents/CyberAlchemy/.lake/packages/Cli/.lake/build/lib/lean:/home/phrxmaz/Documents/CyberAlchemy/.lake/packages/batteries/.lake/build/lib/lean:/home/phrxmaz/Documents/CyberAlchemy/.lake/packages/Qq/.lake/build/lib/lean:/home/phrxmaz/Documents/CyberAlchemy/.lake/packages/aesop/.lake/build/lib/lean:/home/phrxmaz/Documents/CyberAlchemy/.lake/packages/proofwidgets/.lake/build/lib/lean:/home/phrxmaz/Documents/CyberAlchemy/.lake/packages/importGraph/.lake/build/lib/lean:/home/phrxmaz/Documents/CyberAlchemy/.lake/packages/LeanSearchClient/.lake/build/lib/lean:/home/phrxmaz/Documents/CyberAlchemy/.lake/packages/plausible/.lake/build/lib/lean:/home/phrxmaz/Documents/CyberAlchemy/.lake/packages/mathlib/.lake/build/lib/lean:/home/phrxmaz/Documents/CyberAlchemy/.lake/build/lib/lean /home/phrxmaz/.elan/toolchains/leanprover--lean4---v4.29.1/bin/lean /home/phrxmaz/Documents/CyberAlchemy/LaRueProtorealAlgebra/HyperOperationScaling.lean -o /home/phrxmaz/Documents/CyberAlchemy/.lake/build/lib/lean/LaRueProtorealAlgebra/HyperOperationScaling.olean -i /home/phrxmaz/Documents/CyberAlchemy/.lake/build/lib/lean/LaRueProtorealAlgebra/HyperOperationScaling.ilean -c /home/phrxmaz/Documents/CyberAlchemy/.lake/build/ir/LaRueProtorealAlgebra/HyperOperationScaling.c --setup /home/phrxmaz/Documents/CyberAlchemy/.lake/build/ir/LaRueProtorealAlgebra/HyperOperationScaling.setup.json --json
error: LaRueProtorealAlgebra/HyperOperationScaling.lean:2:0: invalid 'import' command, it must be used in the beginning of the file
error: Lean exited with code 1
✖ [76/202] Building LaRueProtorealAlgebra.IncompletenessSource (215ms)
trace: .> LEAN_PATH=/home/phrxmaz/Documents/CyberAlchemy/.lake/packages/Cli/.lake/build/lib/lean:/home/phrxmaz/Documents/CyberAlchemy/.lake/packages/batteries/.lake/build/lib/lean:/home/phrxmaz/Documents/CyberAlchemy/.lake/packages/Qq/.lake/build/lib/lean:/home/phrxmaz/Documents/CyberAlchemy/.lake/packages/aesop/.lake/build/lib/lean:/home/phrxmaz/Documents/CyberAlchemy/.lake/packages/proofwidgets/.lake/build/lib/lean:/home/phrxmaz/Documents/CyberAlchemy/.lake/packages/importGraph/.lake/build/lib/lean:/home/phrxmaz/Documents/CyberAlchemy/.lake/packages/LeanSearchClient/.lake/build/lib/lean:/home/phrxmaz/Documents/CyberAlchemy/.lake/packages/plausible/.lake/build/lib/lean:/home/phrxmaz/Documents/CyberAlchemy/.lake/packages/mathlib/.lake/build/lib/lean:/home/phrxmaz/Documents/CyberAlchemy/.lake/build/lib/lean /home/phrxmaz/.elan/toolchains/leanprover--lean4---v4.29.1/bin/lean /home/phrxmaz/Documents/CyberAlchemy/LaRueProtorealAlgebra/IncompletenessSource.lean -o /home/phrxmaz/Documents/CyberAlchemy/.lake/build/lib/lean/LaRueProtorealAlgebra/IncompletenessSource.olean -i /home/phrxmaz/Documents/CyberAlchemy/.lake/build/lib/lean/LaRueProtorealAlgebra/IncompletenessSource.ilean -c /home/phrxmaz/Documents/CyberAlchemy/.lake/build/ir/LaRueProtorealAlgebra/IncompletenessSource.c --setup /home/phrxmaz/Documents/CyberAlchemy/.lake/build/ir/LaRueProtorealAlgebra/IncompletenessSource.setup.json --json
error: LaRueProtorealAlgebra/IncompletenessSource.lean:2:0: invalid 'import' command, it must be used in the beginning of the file
error: Lean exited with code 1
✖ [77/202] Building LaRueProtorealAlgebra.InfotonThermodynamics (209ms)
trace: .> LEAN_PATH=/home/phrxmaz/Documents/CyberAlchemy/.lake/packages/Cli/.lake/build/lib/lean:/home/phrxmaz/Documents/CyberAlchemy/.lake/packages/batteries/.lake/build/lib/lean:/home/phrxmaz/Documents/CyberAlchemy/.lake/packages/Qq/.lake/build/lib/lean:/home/phrxmaz/Documents/CyberAlchemy/.lake/packages/aesop/.lake/build/lib/lean:/home/phrxmaz/Documents/CyberAlchemy/.lake/packages/proofwidgets/.lake/build/lib/lean:/home/phrxmaz/Documents/CyberAlchemy/.lake/packages/importGraph/.lake/build/lib/lean:/home/phrxmaz/Documents/CyberAlchemy/.lake/packages/LeanSearchClient/.lake/build/lib/lean:/home/phrxmaz/Documents/CyberAlchemy/.lake/packages/plausible/.lake/build/lib/lean:/home/phrxmaz/Documents/CyberAlchemy/.lake/packages/mathlib/.lake/build/lib/lean:/home/phrxmaz/Documents/CyberAlchemy/.lake/build/lib/lean /home/phrxmaz/.elan/toolchains/leanprover--lean4---v4.29.1/bin/lean /home/phrxmaz/Documents/CyberAlchemy/LaRueProtorealAlgebra/InfotonThermodynamics.lean -o /home/phrxmaz/Documents/CyberAlchemy/.lake/build/lib/lean/LaRueProtorealAlgebra/InfotonThermodynamics.olean -i /home/phrxmaz/Documents/CyberAlchemy/.lake/build/lib/lean/LaRueProtorealAlgebra/InfotonThermodynamics.ilean -c /home/phrxmaz/Documents/CyberAlchemy/.lake/build/ir/LaRueProtorealAlgebra/InfotonThermodynamics.c --setup /home/phrxmaz/Documents/CyberAlchemy/.lake/build/ir/LaRueProtorealAlgebra/InfotonThermodynamics.setup.json --json
error: LaRueProtorealAlgebra/InfotonThermodynamics.lean:2:0: invalid 'import' command, it must be used in the beginning of the file
error: Lean exited with code 1
✖ [78/202] Building LaRueProtorealAlgebra.Invariance (223ms)
trace: .> LEAN_PATH=/home/phrxmaz/Documents/CyberAlchemy/.lake/packages/Cli/.lake/build/lib/lean:/home/phrxmaz/Documents/CyberAlchemy/.lake/packages/batteries/.lake/build/lib/lean:/home/phrxmaz/Documents/CyberAlchemy/.lake/packages/Qq/.lake/build/lib/lean:/home/phrxmaz/Documents/CyberAlchemy/.lake/packages/aesop/.lake/build/lib/lean:/home/phrxmaz/Documents/CyberAlchemy/.lake/packages/proofwidgets/.lake/build/lib/lean:/home/phrxmaz/Documents/CyberAlchemy/.lake/packages/importGraph/.lake/build/lib/lean:/home/phrxmaz/Documents/CyberAlchemy/.lake/packages/LeanSearchClient/.lake/build/lib/lean:/home/phrxmaz/Documents/CyberAlchemy/.lake/packages/plausible/.lake/build/lib/lean:/home/phrxmaz/Documents/CyberAlchemy/.lake/packages/mathlib/.lake/build/lib/lean:/home/phrxmaz/Documents/CyberAlchemy/.lake/build/lib/lean /home/phrxmaz/.elan/toolchains/leanprover--lean4---v4.29.1/bin/lean /home/phrxmaz/Documents/CyberAlchemy/LaRueProtorealAlgebra/Invariance.lean -o /home/phrxmaz/Documents/CyberAlchemy/.lake/build/lib/lean/LaRueProtorealAlgebra/Invariance.olean -i /home/phrxmaz/Documents/CyberAlchemy/.lake/build/lib/lean/LaRueProtorealAlgebra/Invariance.ilean -c /home/phrxmaz/Documents/CyberAlchemy/.lake/build/ir/LaRueProtorealAlgebra/Invariance.c --setup /home/phrxmaz/Documents/CyberAlchemy/.lake/build/ir/LaRueProtorealAlgebra/Invariance.setup.json --json
error: LaRueProtorealAlgebra/Invariance.lean:2:0: invalid 'import' command, it must be used in the beginning of the file
error: Lean exited with code 1
✖ [79/202] Building LaRueProtorealAlgebra.JetSheaf (185ms)
trace: .> LEAN_PATH=/home/phrxmaz/Documents/CyberAlchemy/.lake/packages/Cli/.lake/build/lib/lean:/home/phrxmaz/Documents/CyberAlchemy/.lake/packages/batteries/.lake/build/lib/lean:/home/phrxmaz/Documents/CyberAlchemy/.lake/packages/Qq/.lake/build/lib/lean:/home/phrxmaz/Documents/CyberAlchemy/.lake/packages/aesop/.lake/build/lib/lean:/home/phrxmaz/Documents/CyberAlchemy/.lake/packages/proofwidgets/.lake/build/lib/lean:/home/phrxmaz/Documents/CyberAlchemy/.lake/packages/importGraph/.lake/build/lib/lean:/home/phrxmaz/Documents/CyberAlchemy/.lake/packages/LeanSearchClient/.lake/build/lib/lean:/home/phrxmaz/Documents/CyberAlchemy/.lake/packages/plausible/.lake/build/lib/lean:/home/phrxmaz/Documents/CyberAlchemy/.lake/packages/mathlib/.lake/build/lib/lean:/home/phrxmaz/Documents/CyberAlchemy/.lake/build/lib/lean /home/phrxmaz/.elan/toolchains/leanprover--lean4---v4.29.1/bin/lean /home/phrxmaz/Documents/CyberAlchemy/LaRueProtorealAlgebra/JetSheaf.lean -o /home/phrxmaz/Documents/CyberAlchemy/.lake/build/lib/lean/LaRueProtorealAlgebra/JetSheaf.olean -i /home/phrxmaz/Documents/CyberAlchemy/.lake/build/lib/lean/LaRueProtorealAlgebra/JetSheaf.ilean -c /home/phrxmaz/Documents/CyberAlchemy/.lake/build/ir/LaRueProtorealAlgebra/JetSheaf.c --setup /home/phrxmaz/Documents/CyberAlchemy/.lake/build/ir/LaRueProtorealAlgebra/JetSheaf.setup.json --json
error: LaRueProtorealAlgebra/JetSheaf.lean:2:0: invalid 'import' command, it must be used in the beginning of the file
error: Lean exited with code 1
✖ [80/202] Building LaRueProtorealAlgebra.KamaTrain (179ms)
trace: .> LEAN_PATH=/home/phrxmaz/Documents/CyberAlchemy/.lake/packages/Cli/.lake/build/lib/lean:/home/phrxmaz/Documents/CyberAlchemy/.lake/packages/batteries/.lake/build/lib/lean:/home/phrxmaz/Documents/CyberAlchemy/.lake/packages/Qq/.lake/build/lib/lean:/home/phrxmaz/Documents/CyberAlchemy/.lake/packages/aesop/.lake/build/lib/lean:/home/phrxmaz/Documents/CyberAlchemy/.lake/packages/proofwidgets/.lake/build/lib/lean:/home/phrxmaz/Documents/CyberAlchemy/.lake/packages/importGraph/.lake/build/lib/lean:/home/phrxmaz/Documents/CyberAlchemy/.lake/packages/LeanSearchClient/.lake/build/lib/lean:/home/phrxmaz/Documents/CyberAlchemy/.lake/packages/plausible/.lake/build/lib/lean:/home/phrxmaz/Documents/CyberAlchemy/.lake/packages/mathlib/.lake/build/lib/lean:/home/phrxmaz/Documents/CyberAlchemy/.lake/build/lib/lean /home/phrxmaz/.elan/toolchains/leanprover--lean4---v4.29.1/bin/lean /home/phrxmaz/Documents/CyberAlchemy/LaRueProtorealAlgebra/KamaTrain.lean -o /home/phrxmaz/Documents/CyberAlchemy/.lake/build/lib/lean/LaRueProtorealAlgebra/KamaTrain.olean -i /home/phrxmaz/Documents/CyberAlchemy/.lake/build/lib/lean/LaRueProtorealAlgebra/KamaTrain.ilean -c /home/phrxmaz/Documents/CyberAlchemy/.lake/build/ir/LaRueProtorealAlgebra/KamaTrain.c --setup /home/phrxmaz/Documents/CyberAlchemy/.lake/build/ir/LaRueProtorealAlgebra/KamaTrain.setup.json --json
error: LaRueProtorealAlgebra/KamaTrain.lean:2:0: invalid 'import' command, it must be used in the beginning of the file
error: Lean exited with code 1
✖ [81/202] Building LaRueProtorealAlgebra.KleinAlgebra (210ms)
trace: .> LEAN_PATH=/home/phrxmaz/Documents/CyberAlchemy/.lake/packages/Cli/.lake/build/lib/lean:/home/phrxmaz/Documents/CyberAlchemy/.lake/packages/batteries/.lake/build/lib/lean:/home/phrxmaz/Documents/CyberAlchemy/.lake/packages/Qq/.lake/build/lib/lean:/home/phrxmaz/Documents/CyberAlchemy/.lake/packages/aesop/.lake/build/lib/lean:/home/phrxmaz/Documents/CyberAlchemy/.lake/packages/proofwidgets/.lake/build/lib/lean:/home/phrxmaz/Documents/CyberAlchemy/.lake/packages/importGraph/.lake/build/lib/lean:/home/phrxmaz/Documents/CyberAlchemy/.lake/packages/LeanSearchClient/.lake/build/lib/lean:/home/phrxmaz/Documents/CyberAlchemy/.lake/packages/plausible/.lake/build/lib/lean:/home/phrxmaz/Documents/CyberAlchemy/.lake/packages/mathlib/.lake/build/lib/lean:/home/phrxmaz/Documents/CyberAlchemy/.lake/build/lib/lean /home/phrxmaz/.elan/toolchains/leanprover--lean4---v4.29.1/bin/lean /home/phrxmaz/Documents/CyberAlchemy/LaRueProtorealAlgebra/KleinAlgebra.lean -o /home/phrxmaz/Documents/CyberAlchemy/.lake/build/lib/lean/LaRueProtorealAlgebra/KleinAlgebra.olean -i /home/phrxmaz/Documents/CyberAlchemy/.lake/build/lib/lean/LaRueProtorealAlgebra/KleinAlgebra.ilean -c /home/phrxmaz/Documents/CyberAlchemy/.lake/build/ir/LaRueProtorealAlgebra/KleinAlgebra.c --setup /home/phrxmaz/Documents/CyberAlchemy/.lake/build/ir/LaRueProtorealAlgebra/KleinAlgebra.setup.json --json
error: LaRueProtorealAlgebra/KleinAlgebra.lean:2:0: invalid 'import' command, it must be used in the beginning of the file
error: Lean exited with code 1
✖ [82/202] Building LaRueProtorealAlgebra.KleinBottle (201ms)
trace: .> LEAN_PATH=/home/phrxmaz/Documents/CyberAlchemy/.lake/packages/Cli/.lake/build/lib/lean:/home/phrxmaz/Documents/CyberAlchemy/.lake/packages/batteries/.lake/build/lib/lean:/home/phrxmaz/Documents/CyberAlchemy/.lake/packages/Qq/.lake/build/lib/lean:/home/phrxmaz/Documents/CyberAlchemy/.lake/packages/aesop/.lake/build/lib/lean:/home/phrxmaz/Documents/CyberAlchemy/.lake/packages/proofwidgets/.lake/build/lib/lean:/home/phrxmaz/Documents/CyberAlchemy/.lake/packages/importGraph/.lake/build/lib/lean:/home/phrxmaz/Documents/CyberAlchemy/.lake/packages/LeanSearchClient/.lake/build/lib/lean:/home/phrxmaz/Documents/CyberAlchemy/.lake/packages/plausible/.lake/build/lib/lean:/home/phrxmaz/Documents/CyberAlchemy/.lake/packages/mathlib/.lake/build/lib/lean:/home/phrxmaz/Documents/CyberAlchemy/.lake/build/lib/lean /home/phrxmaz/.elan/toolchains/leanprover--lean4---v4.29.1/bin/lean /home/phrxmaz/Documents/CyberAlchemy/LaRueProtorealAlgebra/KleinBottle.lean -o /home/phrxmaz/Documents/CyberAlchemy/.lake/build/lib/lean/LaRueProtorealAlgebra/KleinBottle.olean -i /home/phrxmaz/Documents/CyberAlchemy/.lake/build/lib/lean/LaRueProtorealAlgebra/KleinBottle.ilean -c /home/phrxmaz/Documents/CyberAlchemy/.lake/build/ir/LaRueProtorealAlgebra/KleinBottle.c --setup /home/phrxmaz/Documents/CyberAlchemy/.lake/build/ir/LaRueProtorealAlgebra/KleinBottle.setup.json --json
error: LaRueProtorealAlgebra/KleinBottle.lean:2:0: invalid 'import' command, it must be used in the beginning of the file
error: Lean exited with code 1
✖ [83/202] Building LaRueProtorealAlgebra.KleinTopology (195ms)
trace: .> LEAN_PATH=/home/phrxmaz/Documents/CyberAlchemy/.lake/packages/Cli/.lake/build/lib/lean:/home/phrxmaz/Documents/CyberAlchemy/.lake/packages/batteries/.lake/build/lib/lean:/home/phrxmaz/Documents/CyberAlchemy/.lake/packages/Qq/.lake/build/lib/lean:/home/phrxmaz/Documents/CyberAlchemy/.lake/packages/aesop/.lake/build/lib/lean:/home/phrxmaz/Documents/CyberAlchemy/.lake/packages/proofwidgets/.lake/build/lib/lean:/home/phrxmaz/Documents/CyberAlchemy/.lake/packages/importGraph/.lake/build/lib/lean:/home/phrxmaz/Documents/CyberAlchemy/.lake/packages/LeanSearchClient/.lake/build/lib/lean:/home/phrxmaz/Documents/CyberAlchemy/.lake/packages/plausible/.lake/build/lib/lean:/home/phrxmaz/Documents/CyberAlchemy/.lake/packages/mathlib/.lake/build/lib/lean:/home/phrxmaz/Documents/CyberAlchemy/.lake/build/lib/lean /home/phrxmaz/.elan/toolchains/leanprover--lean4---v4.29.1/bin/lean /home/phrxmaz/Documents/CyberAlchemy/LaRueProtorealAlgebra/KleinTopology.lean -o /home/phrxmaz/Documents/CyberAlchemy/.lake/build/lib/lean/LaRueProtorealAlgebra/KleinTopology.olean -i /home/phrxmaz/Documents/CyberAlchemy/.lake/build/lib/lean/LaRueProtorealAlgebra/KleinTopology.ilean -c /home/phrxmaz/Documents/CyberAlchemy/.lake/build/ir/LaRueProtorealAlgebra/KleinTopology.c --setup /home/phrxmaz/Documents/CyberAlchemy/.lake/build/ir/LaRueProtorealAlgebra/KleinTopology.setup.json --json
error: LaRueProtorealAlgebra/KleinTopology.lean:2:0: invalid 'import' command, it must be used in the beginning of the file
error: Lean exited with code 1
✖ [84/202] Building LaRueProtorealAlgebra.LGKCosmology (187ms)
trace: .> LEAN_PATH=/home/phrxmaz/Documents/CyberAlchemy/.lake/packages/Cli/.lake/build/lib/lean:/home/phrxmaz/Documents/CyberAlchemy/.lake/packages/batteries/.lake/build/lib/lean:/home/phrxmaz/Documents/CyberAlchemy/.lake/packages/Qq/.lake/build/lib/lean:/home/phrxmaz/Documents/CyberAlchemy/.lake/packages/aesop/.lake/build/lib/lean:/home/phrxmaz/Documents/CyberAlchemy/.lake/packages/proofwidgets/.lake/build/lib/lean:/home/phrxmaz/Documents/CyberAlchemy/.lake/packages/importGraph/.lake/build/lib/lean:/home/phrxmaz/Documents/CyberAlchemy/.lake/packages/LeanSearchClient/.lake/build/lib/lean:/home/phrxmaz/Documents/CyberAlchemy/.lake/packages/plausible/.lake/build/lib/lean:/home/phrxmaz/Documents/CyberAlchemy/.lake/packages/mathlib/.lake/build/lib/lean:/home/phrxmaz/Documents/CyberAlchemy/.lake/build/lib/lean /home/phrxmaz/.elan/toolchains/leanprover--lean4---v4.29.1/bin/lean /home/phrxmaz/Documents/CyberAlchemy/LaRueProtorealAlgebra/LGKCosmology.lean -o /home/phrxmaz/Documents/CyberAlchemy/.lake/build/lib/lean/LaRueProtorealAlgebra/LGKCosmology.olean -i /home/phrxmaz/Documents/CyberAlchemy/.lake/build/lib/lean/LaRueProtorealAlgebra/LGKCosmology.ilean -c /home/phrxmaz/Documents/CyberAlchemy/.lake/build/ir/LaRueProtorealAlgebra/LGKCosmology.c --setup /home/phrxmaz/Documents/CyberAlchemy/.lake/build/ir/LaRueProtorealAlgebra/LGKCosmology.setup.json --json
error: LaRueProtorealAlgebra/LGKCosmology.lean:2:0: invalid 'import' command, it must be used in the beginning of the file
error: Lean exited with code 1
✖ [85/202] Building LaRueProtorealAlgebra.LieAlgebra (173ms)
trace: .> LEAN_PATH=/home/phrxmaz/Documents/CyberAlchemy/.lake/packages/Cli/.lake/build/lib/lean:/home/phrxmaz/Documents/CyberAlchemy/.lake/packages/batteries/.lake/build/lib/lean:/home/phrxmaz/Documents/CyberAlchemy/.lake/packages/Qq/.lake/build/lib/lean:/home/phrxmaz/Documents/CyberAlchemy/.lake/packages/aesop/.lake/build/lib/lean:/home/phrxmaz/Documents/CyberAlchemy/.lake/packages/proofwidgets/.lake/build/lib/lean:/home/phrxmaz/Documents/CyberAlchemy/.lake/packages/importGraph/.lake/build/lib/lean:/home/phrxmaz/Documents/CyberAlchemy/.lake/packages/LeanSearchClient/.lake/build/lib/lean:/home/phrxmaz/Documents/CyberAlchemy/.lake/packages/plausible/.lake/build/lib/lean:/home/phrxmaz/Documents/CyberAlchemy/.lake/packages/mathlib/.lake/build/lib/lean:/home/phrxmaz/Documents/CyberAlchemy/.lake/build/lib/lean /home/phrxmaz/.elan/toolchains/leanprover--lean4---v4.29.1/bin/lean /home/phrxmaz/Documents/CyberAlchemy/LaRueProtorealAlgebra/LieAlgebra.lean -o /home/phrxmaz/Documents/CyberAlchemy/.lake/build/lib/lean/LaRueProtorealAlgebra/LieAlgebra.olean -i /home/phrxmaz/Documents/CyberAlchemy/.lake/build/lib/lean/LaRueProtorealAlgebra/LieAlgebra.ilean -c /home/phrxmaz/Documents/CyberAlchemy/.lake/build/ir/LaRueProtorealAlgebra/LieAlgebra.c --setup /home/phrxmaz/Documents/CyberAlchemy/.lake/build/ir/LaRueProtorealAlgebra/LieAlgebra.setup.json --json
error: LaRueProtorealAlgebra/LieAlgebra.lean:2:0: invalid 'import' command, it must be used in the beginning of the file
error: Lean exited with code 1
✖ [86/202] Building LaRueProtorealAlgebra.LittleDelta (169ms)
trace: .> LEAN_PATH=/home/phrxmaz/Documents/CyberAlchemy/.lake/packages/Cli/.lake/build/lib/lean:/home/phrxmaz/Documents/CyberAlchemy/.lake/packages/batteries/.lake/build/lib/lean:/home/phrxmaz/Documents/CyberAlchemy/.lake/packages/Qq/.lake/build/lib/lean:/home/phrxmaz/Documents/CyberAlchemy/.lake/packages/aesop/.lake/build/lib/lean:/home/phrxmaz/Documents/CyberAlchemy/.lake/packages/proofwidgets/.lake/build/lib/lean:/home/phrxmaz/Documents/CyberAlchemy/.lake/packages/importGraph/.lake/build/lib/lean:/home/phrxmaz/Documents/CyberAlchemy/.lake/packages/LeanSearchClient/.lake/build/lib/lean:/home/phrxmaz/Documents/CyberAlchemy/.lake/packages/plausible/.lake/build/lib/lean:/home/phrxmaz/Documents/CyberAlchemy/.lake/packages/mathlib/.lake/build/lib/lean:/home/phrxmaz/Documents/CyberAlchemy/.lake/build/lib/lean /home/phrxmaz/.elan/toolchains/leanprover--lean4---v4.29.1/bin/lean /home/phrxmaz/Documents/CyberAlchemy/LaRueProtorealAlgebra/LittleDelta.lean -o /home/phrxmaz/Documents/CyberAlchemy/.lake/build/lib/lean/LaRueProtorealAlgebra/LittleDelta.olean -i /home/phrxmaz/Documents/CyberAlchemy/.lake/build/lib/lean/LaRueProtorealAlgebra/LittleDelta.ilean -c /home/phrxmaz/Documents/CyberAlchemy/.lake/build/ir/LaRueProtorealAlgebra/LittleDelta.c --setup /home/phrxmaz/Documents/CyberAlchemy/.lake/build/ir/LaRueProtorealAlgebra/LittleDelta.setup.json --json
error: LaRueProtorealAlgebra/LittleDelta.lean:2:0: invalid 'import' command, it must be used in the beginning of the file
error: Lean exited with code 1
✖ [87/202] Building LaRueProtorealAlgebra.LangSemantics (226ms)
trace: .> LEAN_PATH=/home/phrxmaz/Documents/CyberAlchemy/.lake/packages/Cli/.lake/build/lib/lean:/home/phrxmaz/Documents/CyberAlchemy/.lake/packages/batteries/.lake/build/lib/lean:/home/phrxmaz/Documents/CyberAlchemy/.lake/packages/Qq/.lake/build/lib/lean:/home/phrxmaz/Documents/CyberAlchemy/.lake/packages/aesop/.lake/build/lib/lean:/home/phrxmaz/Documents/CyberAlchemy/.lake/packages/proofwidgets/.lake/build/lib/lean:/home/phrxmaz/Documents/CyberAlchemy/.lake/packages/importGraph/.lake/build/lib/lean:/home/phrxmaz/Documents/CyberAlchemy/.lake/packages/LeanSearchClient/.lake/build/lib/lean:/home/phrxmaz/Documents/CyberAlchemy/.lake/packages/plausible/.lake/build/lib/lean:/home/phrxmaz/Documents/CyberAlchemy/.lake/packages/mathlib/.lake/build/lib/lean:/home/phrxmaz/Documents/CyberAlchemy/.lake/build/lib/lean /home/phrxmaz/.elan/toolchains/leanprover--lean4---v4.29.1/bin/lean /home/phrxmaz/Documents/CyberAlchemy/LaRueProtorealAlgebra/LangSemantics.lean -o /home/phrxmaz/Documents/CyberAlchemy/.lake/build/lib/lean/LaRueProtorealAlgebra/LangSemantics.olean -i /home/phrxmaz/Documents/CyberAlchemy/.lake/build/lib/lean/LaRueProtorealAlgebra/LangSemantics.ilean -c /home/phrxmaz/Documents/CyberAlchemy/.lake/build/ir/LaRueProtorealAlgebra/LangSemantics.c --setup /home/phrxmaz/Documents/CyberAlchemy/.lake/build/ir/LaRueProtorealAlgebra/LangSemantics.setup.json --json
error: LaRueProtorealAlgebra/LangSemantics.lean:2:0: invalid 'import' command, it must be used in the beginning of the file
error: Lean exited with code 1
✖ [88/202] Building LaRueProtorealAlgebra.LingualMorphism (203ms)
trace: .> LEAN_PATH=/home/phrxmaz/Documents/CyberAlchemy/.lake/packages/Cli/.lake/build/lib/lean:/home/phrxmaz/Documents/CyberAlchemy/.lake/packages/batteries/.lake/build/lib/lean:/home/phrxmaz/Documents/CyberAlchemy/.lake/packages/Qq/.lake/build/lib/lean:/home/phrxmaz/Documents/CyberAlchemy/.lake/packages/aesop/.lake/build/lib/lean:/home/phrxmaz/Documents/CyberAlchemy/.lake/packages/proofwidgets/.lake/build/lib/lean:/home/phrxmaz/Documents/CyberAlchemy/.lake/packages/importGraph/.lake/build/lib/lean:/home/phrxmaz/Documents/CyberAlchemy/.lake/packages/LeanSearchClient/.lake/build/lib/lean:/home/phrxmaz/Documents/CyberAlchemy/.lake/packages/plausible/.lake/build/lib/lean:/home/phrxmaz/Documents/CyberAlchemy/.lake/packages/mathlib/.lake/build/lib/lean:/home/phrxmaz/Documents/CyberAlchemy/.lake/build/lib/lean /home/phrxmaz/.elan/toolchains/leanprover--lean4---v4.29.1/bin/lean /home/phrxmaz/Documents/CyberAlchemy/LaRueProtorealAlgebra/LingualMorphism.lean -o /home/phrxmaz/Documents/CyberAlchemy/.lake/build/lib/lean/LaRueProtorealAlgebra/LingualMorphism.olean -i /home/phrxmaz/Documents/CyberAlchemy/.lake/build/lib/lean/LaRueProtorealAlgebra/LingualMorphism.ilean -c /home/phrxmaz/Documents/CyberAlchemy/.lake/build/ir/LaRueProtorealAlgebra/LingualMorphism.c --setup /home/phrxmaz/Documents/CyberAlchemy/.lake/build/ir/LaRueProtorealAlgebra/LingualMorphism.setup.json --json
error: LaRueProtorealAlgebra/LingualMorphism.lean:2:0: invalid 'import' command, it must be used in the beginning of the file
error: Lean exited with code 1
✖ [89/202] Building LaRueProtorealAlgebra.LSheaf43 (216ms)
trace: .> LEAN_PATH=/home/phrxmaz/Documents/CyberAlchemy/.lake/packages/Cli/.lake/build/lib/lean:/home/phrxmaz/Documents/CyberAlchemy/.lake/packages/batteries/.lake/build/lib/lean:/home/phrxmaz/Documents/CyberAlchemy/.lake/packages/Qq/.lake/build/lib/lean:/home/phrxmaz/Documents/CyberAlchemy/.lake/packages/aesop/.lake/build/lib/lean:/home/phrxmaz/Documents/CyberAlchemy/.lake/packages/proofwidgets/.lake/build/lib/lean:/home/phrxmaz/Documents/CyberAlchemy/.lake/packages/importGraph/.lake/build/lib/lean:/home/phrxmaz/Documents/CyberAlchemy/.lake/packages/LeanSearchClient/.lake/build/lib/lean:/home/phrxmaz/Documents/CyberAlchemy/.lake/packages/plausible/.lake/build/lib/lean:/home/phrxmaz/Documents/CyberAlchemy/.lake/packages/mathlib/.lake/build/lib/lean:/home/phrxmaz/Documents/CyberAlchemy/.lake/build/lib/lean /home/phrxmaz/.elan/toolchains/leanprover--lean4---v4.29.1/bin/lean /home/phrxmaz/Documents/CyberAlchemy/LaRueProtorealAlgebra/LSheaf43.lean -o /home/phrxmaz/Documents/CyberAlchemy/.lake/build/lib/lean/LaRueProtorealAlgebra/LSheaf43.olean -i /home/phrxmaz/Documents/CyberAlchemy/.lake/build/lib/lean/LaRueProtorealAlgebra/LSheaf43.ilean -c /home/phrxmaz/Documents/CyberAlchemy/.lake/build/ir/LaRueProtorealAlgebra/LSheaf43.c --setup /home/phrxmaz/Documents/CyberAlchemy/.lake/build/ir/LaRueProtorealAlgebra/LSheaf43.setup.json --json
error: LaRueProtorealAlgebra/LSheaf43.lean:2:0: invalid 'import' command, it must be used in the beginning of the file
error: Lean exited with code 1
✖ [90/202] Building LaRueProtorealAlgebra.ManifoldMorphism (201ms)
trace: .> LEAN_PATH=/home/phrxmaz/Documents/CyberAlchemy/.lake/packages/Cli/.lake/build/lib/lean:/home/phrxmaz/Documents/CyberAlchemy/.lake/packages/batteries/.lake/build/lib/lean:/home/phrxmaz/Documents/CyberAlchemy/.lake/packages/Qq/.lake/build/lib/lean:/home/phrxmaz/Documents/CyberAlchemy/.lake/packages/aesop/.lake/build/lib/lean:/home/phrxmaz/Documents/CyberAlchemy/.lake/packages/proofwidgets/.lake/build/lib/lean:/home/phrxmaz/Documents/CyberAlchemy/.lake/packages/importGraph/.lake/build/lib/lean:/home/phrxmaz/Documents/CyberAlchemy/.lake/packages/LeanSearchClient/.lake/build/lib/lean:/home/phrxmaz/Documents/CyberAlchemy/.lake/packages/plausible/.lake/build/lib/lean:/home/phrxmaz/Documents/CyberAlchemy/.lake/packages/mathlib/.lake/build/lib/lean:/home/phrxmaz/Documents/CyberAlchemy/.lake/build/lib/lean /home/phrxmaz/.elan/toolchains/leanprover--lean4---v4.29.1/bin/lean /home/phrxmaz/Documents/CyberAlchemy/LaRueProtorealAlgebra/ManifoldMorphism.lean -o /home/phrxmaz/Documents/CyberAlchemy/.lake/build/lib/lean/LaRueProtorealAlgebra/ManifoldMorphism.olean -i /home/phrxmaz/Documents/CyberAlchemy/.lake/build/lib/lean/LaRueProtorealAlgebra/ManifoldMorphism.ilean -c /home/phrxmaz/Documents/CyberAlchemy/.lake/build/ir/LaRueProtorealAlgebra/ManifoldMorphism.c --setup /home/phrxmaz/Documents/CyberAlchemy/.lake/build/ir/LaRueProtorealAlgebra/ManifoldMorphism.setup.json --json
error: LaRueProtorealAlgebra/ManifoldMorphism.lean:2:0: invalid 'import' command, it must be used in the beginning of the file
error: Lean exited with code 1
✖ [91/202] Building LaRueProtorealAlgebra.MassGap (183ms)
trace: .> LEAN_PATH=/home/phrxmaz/Documents/CyberAlchemy/.lake/packages/Cli/.lake/build/lib/lean:/home/phrxmaz/Documents/CyberAlchemy/.lake/packages/batteries/.lake/build/lib/lean:/home/phrxmaz/Documents/CyberAlchemy/.lake/packages/Qq/.lake/build/lib/lean:/home/phrxmaz/Documents/CyberAlchemy/.lake/packages/aesop/.lake/build/lib/lean:/home/phrxmaz/Documents/CyberAlchemy/.lake/packages/proofwidgets/.lake/build/lib/lean:/home/phrxmaz/Documents/CyberAlchemy/.lake/packages/importGraph/.lake/build/lib/lean:/home/phrxmaz/Documents/CyberAlchemy/.lake/packages/LeanSearchClient/.lake/build/lib/lean:/home/phrxmaz/Documents/CyberAlchemy/.lake/packages/plausible/.lake/build/lib/lean:/home/phrxmaz/Documents/CyberAlchemy/.lake/packages/mathlib/.lake/build/lib/lean:/home/phrxmaz/Documents/CyberAlchemy/.lake/build/lib/lean /home/phrxmaz/.elan/toolchains/leanprover--lean4---v4.29.1/bin/lean /home/phrxmaz/Documents/CyberAlchemy/LaRueProtorealAlgebra/MassGap.lean -o /home/phrxmaz/Documents/CyberAlchemy/.lake/build/lib/lean/LaRueProtorealAlgebra/MassGap.olean -i /home/phrxmaz/Documents/CyberAlchemy/.lake/build/lib/lean/LaRueProtorealAlgebra/MassGap.ilean -c /home/phrxmaz/Documents/CyberAlchemy/.lake/build/ir/LaRueProtorealAlgebra/MassGap.c --setup /home/phrxmaz/Documents/CyberAlchemy/.lake/build/ir/LaRueProtorealAlgebra/MassGap.setup.json --json
error: LaRueProtorealAlgebra/MassGap.lean:2:0: invalid 'import' command, it must be used in the beginning of the file
error: Lean exited with code 1
✖ [92/202] Building LaRueProtorealAlgebra.MayerVietoris (162ms)
trace: .> LEAN_PATH=/home/phrxmaz/Documents/CyberAlchemy/.lake/packages/Cli/.lake/build/lib/lean:/home/phrxmaz/Documents/CyberAlchemy/.lake/packages/batteries/.lake/build/lib/lean:/home/phrxmaz/Documents/CyberAlchemy/.lake/packages/Qq/.lake/build/lib/lean:/home/phrxmaz/Documents/CyberAlchemy/.lake/packages/aesop/.lake/build/lib/lean:/home/phrxmaz/Documents/CyberAlchemy/.lake/packages/proofwidgets/.lake/build/lib/lean:/home/phrxmaz/Documents/CyberAlchemy/.lake/packages/importGraph/.lake/build/lib/lean:/home/phrxmaz/Documents/CyberAlchemy/.lake/packages/LeanSearchClient/.lake/build/lib/lean:/home/phrxmaz/Documents/CyberAlchemy/.lake/packages/plausible/.lake/build/lib/lean:/home/phrxmaz/Documents/CyberAlchemy/.lake/packages/mathlib/.lake/build/lib/lean:/home/phrxmaz/Documents/CyberAlchemy/.lake/build/lib/lean /home/phrxmaz/.elan/toolchains/leanprover--lean4---v4.29.1/bin/lean /home/phrxmaz/Documents/CyberAlchemy/LaRueProtorealAlgebra/MayerVietoris.lean -o /home/phrxmaz/Documents/CyberAlchemy/.lake/build/lib/lean/LaRueProtorealAlgebra/MayerVietoris.olean -i /home/phrxmaz/Documents/CyberAlchemy/.lake/build/lib/lean/LaRueProtorealAlgebra/MayerVietoris.ilean -c /home/phrxmaz/Documents/CyberAlchemy/.lake/build/ir/LaRueProtorealAlgebra/MayerVietoris.c --setup /home/phrxmaz/Documents/CyberAlchemy/.lake/build/ir/LaRueProtorealAlgebra/MayerVietoris.setup.json --json
error: LaRueProtorealAlgebra/MayerVietoris.lean:2:0: invalid 'import' command, it must be used in the beginning of the file
error: Lean exited with code 1
✖ [93/202] Building LaRueProtorealAlgebra.MeshDef (188ms)
trace: .> LEAN_PATH=/home/phrxmaz/Documents/CyberAlchemy/.lake/packages/Cli/.lake/build/lib/lean:/home/phrxmaz/Documents/CyberAlchemy/.lake/packages/batteries/.lake/build/lib/lean:/home/phrxmaz/Documents/CyberAlchemy/.lake/packages/Qq/.lake/build/lib/lean:/home/phrxmaz/Documents/CyberAlchemy/.lake/packages/aesop/.lake/build/lib/lean:/home/phrxmaz/Documents/CyberAlchemy/.lake/packages/proofwidgets/.lake/build/lib/lean:/home/phrxmaz/Documents/CyberAlchemy/.lake/packages/importGraph/.lake/build/lib/lean:/home/phrxmaz/Documents/CyberAlchemy/.lake/packages/LeanSearchClient/.lake/build/lib/lean:/home/phrxmaz/Documents/CyberAlchemy/.lake/packages/plausible/.lake/build/lib/lean:/home/phrxmaz/Documents/CyberAlchemy/.lake/packages/mathlib/.lake/build/lib/lean:/home/phrxmaz/Documents/CyberAlchemy/.lake/build/lib/lean /home/phrxmaz/.elan/toolchains/leanprover--lean4---v4.29.1/bin/lean /home/phrxmaz/Documents/CyberAlchemy/LaRueProtorealAlgebra/MeshDef.lean -o /home/phrxmaz/Documents/CyberAlchemy/.lake/build/lib/lean/LaRueProtorealAlgebra/MeshDef.olean -i /home/phrxmaz/Documents/CyberAlchemy/.lake/build/lib/lean/LaRueProtorealAlgebra/MeshDef.ilean -c /home/phrxmaz/Documents/CyberAlchemy/.lake/build/ir/LaRueProtorealAlgebra/MeshDef.c --setup /home/phrxmaz/Documents/CyberAlchemy/.lake/build/ir/LaRueProtorealAlgebra/MeshDef.setup.json --json
error: LaRueProtorealAlgebra/MeshDef.lean:2:0: invalid 'import' command, it must be used in the beginning of the file
error: Lean exited with code 1
✖ [94/202] Building LaRueProtorealAlgebra.MetaCritical (174ms)
trace: .> LEAN_PATH=/home/phrxmaz/Documents/CyberAlchemy/.lake/packages/Cli/.lake/build/lib/lean:/home/phrxmaz/Documents/CyberAlchemy/.lake/packages/batteries/.lake/build/lib/lean:/home/phrxmaz/Documents/CyberAlchemy/.lake/packages/Qq/.lake/build/lib/lean:/home/phrxmaz/Documents/CyberAlchemy/.lake/packages/aesop/.lake/build/lib/lean:/home/phrxmaz/Documents/CyberAlchemy/.lake/packages/proofwidgets/.lake/build/lib/lean:/home/phrxmaz/Documents/CyberAlchemy/.lake/packages/importGraph/.lake/build/lib/lean:/home/phrxmaz/Documents/CyberAlchemy/.lake/packages/LeanSearchClient/.lake/build/lib/lean:/home/phrxmaz/Documents/CyberAlchemy/.lake/packages/plausible/.lake/build/lib/lean:/home/phrxmaz/Documents/CyberAlchemy/.lake/packages/mathlib/.lake/build/lib/lean:/home/phrxmaz/Documents/CyberAlchemy/.lake/build/lib/lean /home/phrxmaz/.elan/toolchains/leanprover--lean4---v4.29.1/bin/lean /home/phrxmaz/Documents/CyberAlchemy/LaRueProtorealAlgebra/MetaCritical.lean -o /home/phrxmaz/Documents/CyberAlchemy/.lake/build/lib/lean/LaRueProtorealAlgebra/MetaCritical.olean -i /home/phrxmaz/Documents/CyberAlchemy/.lake/build/lib/lean/LaRueProtorealAlgebra/MetaCritical.ilean -c /home/phrxmaz/Documents/CyberAlchemy/.lake/build/ir/LaRueProtorealAlgebra/MetaCritical.c --setup /home/phrxmaz/Documents/CyberAlchemy/.lake/build/ir/LaRueProtorealAlgebra/MetaCritical.setup.json --json
error: LaRueProtorealAlgebra/MetaCritical.lean:2:0: invalid 'import' command, it must be used in the beginning of the file
error: Lean exited with code 1
✖ [95/202] Building LaRueProtorealAlgebra.MetaMem (205ms)
trace: .> LEAN_PATH=/home/phrxmaz/Documents/CyberAlchemy/.lake/packages/Cli/.lake/build/lib/lean:/home/phrxmaz/Documents/CyberAlchemy/.lake/packages/batteries/.lake/build/lib/lean:/home/phrxmaz/Documents/CyberAlchemy/.lake/packages/Qq/.lake/build/lib/lean:/home/phrxmaz/Documents/CyberAlchemy/.lake/packages/aesop/.lake/build/lib/lean:/home/phrxmaz/Documents/CyberAlchemy/.lake/packages/proofwidgets/.lake/build/lib/lean:/home/phrxmaz/Documents/CyberAlchemy/.lake/packages/importGraph/.lake/build/lib/lean:/home/phrxmaz/Documents/CyberAlchemy/.lake/packages/LeanSearchClient/.lake/build/lib/lean:/home/phrxmaz/Documents/CyberAlchemy/.lake/packages/plausible/.lake/build/lib/lean:/home/phrxmaz/Documents/CyberAlchemy/.lake/packages/mathlib/.lake/build/lib/lean:/home/phrxmaz/Documents/CyberAlchemy/.lake/build/lib/lean /home/phrxmaz/.elan/toolchains/leanprover--lean4---v4.29.1/bin/lean /home/phrxmaz/Documents/CyberAlchemy/LaRueProtorealAlgebra/MetaMem.lean -o /home/phrxmaz/Documents/CyberAlchemy/.lake/build/lib/lean/LaRueProtorealAlgebra/MetaMem.olean -i /home/phrxmaz/Documents/CyberAlchemy/.lake/build/lib/lean/LaRueProtorealAlgebra/MetaMem.ilean -c /home/phrxmaz/Documents/CyberAlchemy/.lake/build/ir/LaRueProtorealAlgebra/MetaMem.c --setup /home/phrxmaz/Documents/CyberAlchemy/.lake/build/ir/LaRueProtorealAlgebra/MetaMem.setup.json --json
error: LaRueProtorealAlgebra/MetaMem.lean:2:0: invalid 'import' command, it must be used in the beginning of the file
error: Lean exited with code 1
✖ [96/202] Building LaRueProtorealAlgebra.MicrotransformerEfficiency (189ms)
trace: .> LEAN_PATH=/home/phrxmaz/Documents/CyberAlchemy/.lake/packages/Cli/.lake/build/lib/lean:/home/phrxmaz/Documents/CyberAlchemy/.lake/packages/batteries/.lake/build/lib/lean:/home/phrxmaz/Documents/CyberAlchemy/.lake/packages/Qq/.lake/build/lib/lean:/home/phrxmaz/Documents/CyberAlchemy/.lake/packages/aesop/.lake/build/lib/lean:/home/phrxmaz/Documents/CyberAlchemy/.lake/packages/proofwidgets/.lake/build/lib/lean:/home/phrxmaz/Documents/CyberAlchemy/.lake/packages/importGraph/.lake/build/lib/lean:/home/phrxmaz/Documents/CyberAlchemy/.lake/packages/LeanSearchClient/.lake/build/lib/lean:/home/phrxmaz/Documents/CyberAlchemy/.lake/packages/plausible/.lake/build/lib/lean:/home/phrxmaz/Documents/CyberAlchemy/.lake/packages/mathlib/.lake/build/lib/lean:/home/phrxmaz/Documents/CyberAlchemy/.lake/build/lib/lean /home/phrxmaz/.elan/toolchains/leanprover--lean4---v4.29.1/bin/lean /home/phrxmaz/Documents/CyberAlchemy/LaRueProtorealAlgebra/MicrotransformerEfficiency.lean -o /home/phrxmaz/Documents/CyberAlchemy/.lake/build/lib/lean/LaRueProtorealAlgebra/MicrotransformerEfficiency.olean -i /home/phrxmaz/Documents/CyberAlchemy/.lake/build/lib/lean/LaRueProtorealAlgebra/MicrotransformerEfficiency.ilean -c /home/phrxmaz/Documents/CyberAlchemy/.lake/build/ir/LaRueProtorealAlgebra/MicrotransformerEfficiency.c --setup /home/phrxmaz/Documents/CyberAlchemy/.lake/build/ir/LaRueProtorealAlgebra/MicrotransformerEfficiency.setup.json --json
error: LaRueProtorealAlgebra/MicrotransformerEfficiency.lean:2:0: invalid 'import' command, it must be used in the beginning of the file
error: Lean exited with code 1
✖ [97/202] Building LaRueProtorealAlgebra.MonsterInverse (188ms)
trace: .> LEAN_PATH=/home/phrxmaz/Documents/CyberAlchemy/.lake/packages/Cli/.lake/build/lib/lean:/home/phrxmaz/Documents/CyberAlchemy/.lake/packages/batteries/.lake/build/lib/lean:/home/phrxmaz/Documents/CyberAlchemy/.lake/packages/Qq/.lake/build/lib/lean:/home/phrxmaz/Documents/CyberAlchemy/.lake/packages/aesop/.lake/build/lib/lean:/home/phrxmaz/Documents/CyberAlchemy/.lake/packages/proofwidgets/.lake/build/lib/lean:/home/phrxmaz/Documents/CyberAlchemy/.lake/packages/importGraph/.lake/build/lib/lean:/home/phrxmaz/Documents/CyberAlchemy/.lake/packages/LeanSearchClient/.lake/build/lib/lean:/home/phrxmaz/Documents/CyberAlchemy/.lake/packages/plausible/.lake/build/lib/lean:/home/phrxmaz/Documents/CyberAlchemy/.lake/packages/mathlib/.lake/build/lib/lean:/home/phrxmaz/Documents/CyberAlchemy/.lake/build/lib/lean /home/phrxmaz/.elan/toolchains/leanprover--lean4---v4.29.1/bin/lean /home/phrxmaz/Documents/CyberAlchemy/LaRueProtorealAlgebra/MonsterInverse.lean -o /home/phrxmaz/Documents/CyberAlchemy/.lake/build/lib/lean/LaRueProtorealAlgebra/MonsterInverse.olean -i /home/phrxmaz/Documents/CyberAlchemy/.lake/build/lib/lean/LaRueProtorealAlgebra/MonsterInverse.ilean -c /home/phrxmaz/Documents/CyberAlchemy/.lake/build/ir/LaRueProtorealAlgebra/MonsterInverse.c --setup /home/phrxmaz/Documents/CyberAlchemy/.lake/build/ir/LaRueProtorealAlgebra/MonsterInverse.setup.json --json
error: LaRueProtorealAlgebra/MonsterInverse.lean:2:0: invalid 'import' command, it must be used in the beginning of the file
error: Lean exited with code 1
✖ [98/202] Building LaRueProtorealAlgebra.MonsterLattice (224ms)
trace: .> LEAN_PATH=/home/phrxmaz/Documents/CyberAlchemy/.lake/packages/Cli/.lake/build/lib/lean:/home/phrxmaz/Documents/CyberAlchemy/.lake/packages/batteries/.lake/build/lib/lean:/home/phrxmaz/Documents/CyberAlchemy/.lake/packages/Qq/.lake/build/lib/lean:/home/phrxmaz/Documents/CyberAlchemy/.lake/packages/aesop/.lake/build/lib/lean:/home/phrxmaz/Documents/CyberAlchemy/.lake/packages/proofwidgets/.lake/build/lib/lean:/home/phrxmaz/Documents/CyberAlchemy/.lake/packages/importGraph/.lake/build/lib/lean:/home/phrxmaz/Documents/CyberAlchemy/.lake/packages/LeanSearchClient/.lake/build/lib/lean:/home/phrxmaz/Documents/CyberAlchemy/.lake/packages/plausible/.lake/build/lib/lean:/home/phrxmaz/Documents/CyberAlchemy/.lake/packages/mathlib/.lake/build/lib/lean:/home/phrxmaz/Documents/CyberAlchemy/.lake/build/lib/lean /home/phrxmaz/.elan/toolchains/leanprover--lean4---v4.29.1/bin/lean /home/phrxmaz/Documents/CyberAlchemy/LaRueProtorealAlgebra/MonsterLattice.lean -o /home/phrxmaz/Documents/CyberAlchemy/.lake/build/lib/lean/LaRueProtorealAlgebra/MonsterLattice.olean -i /home/phrxmaz/Documents/CyberAlchemy/.lake/build/lib/lean/LaRueProtorealAlgebra/MonsterLattice.ilean -c /home/phrxmaz/Documents/CyberAlchemy/.lake/build/ir/LaRueProtorealAlgebra/MonsterLattice.c --setup /home/phrxmaz/Documents/CyberAlchemy/.lake/build/ir/LaRueProtorealAlgebra/MonsterLattice.setup.json --json
error: LaRueProtorealAlgebra/MonsterLattice.lean:2:0: invalid 'import' command, it must be used in the beginning of the file
error: Lean exited with code 1
✖ [99/202] Building LaRueProtorealAlgebra.MultimodalMorphism (196ms)
trace: .> LEAN_PATH=/home/phrxmaz/Documents/CyberAlchemy/.lake/packages/Cli/.lake/build/lib/lean:/home/phrxmaz/Documents/CyberAlchemy/.lake/packages/batteries/.lake/build/lib/lean:/home/phrxmaz/Documents/CyberAlchemy/.lake/packages/Qq/.lake/build/lib/lean:/home/phrxmaz/Documents/CyberAlchemy/.lake/packages/aesop/.lake/build/lib/lean:/home/phrxmaz/Documents/CyberAlchemy/.lake/packages/proofwidgets/.lake/build/lib/lean:/home/phrxmaz/Documents/CyberAlchemy/.lake/packages/importGraph/.lake/build/lib/lean:/home/phrxmaz/Documents/CyberAlchemy/.lake/packages/LeanSearchClient/.lake/build/lib/lean:/home/phrxmaz/Documents/CyberAlchemy/.lake/packages/plausible/.lake/build/lib/lean:/home/phrxmaz/Documents/CyberAlchemy/.lake/packages/mathlib/.lake/build/lib/lean:/home/phrxmaz/Documents/CyberAlchemy/.lake/build/lib/lean /home/phrxmaz/.elan/toolchains/leanprover--lean4---v4.29.1/bin/lean /home/phrxmaz/Documents/CyberAlchemy/LaRueProtorealAlgebra/MultimodalMorphism.lean -o /home/phrxmaz/Documents/CyberAlchemy/.lake/build/lib/lean/LaRueProtorealAlgebra/MultimodalMorphism.olean -i /home/phrxmaz/Documents/CyberAlchemy/.lake/build/lib/lean/LaRueProtorealAlgebra/MultimodalMorphism.ilean -c /home/phrxmaz/Documents/CyberAlchemy/.lake/build/ir/LaRueProtorealAlgebra/MultimodalMorphism.c --setup /home/phrxmaz/Documents/CyberAlchemy/.lake/build/ir/LaRueProtorealAlgebra/MultimodalMorphism.setup.json --json
error: LaRueProtorealAlgebra/MultimodalMorphism.lean:2:0: invalid 'import' command, it must be used in the beginning of the file
error: Lean exited with code 1
✖ [100/202] Building LaRueProtorealAlgebra.NewtonianWeave (190ms)
trace: .> LEAN_PATH=/home/phrxmaz/Documents/CyberAlchemy/.lake/packages/Cli/.lake/build/lib/lean:/home/phrxmaz/Documents/CyberAlchemy/.lake/packages/batteries/.lake/build/lib/lean:/home/phrxmaz/Documents/CyberAlchemy/.lake/packages/Qq/.lake/build/lib/lean:/home/phrxmaz/Documents/CyberAlchemy/.lake/packages/aesop/.lake/build/lib/lean:/home/phrxmaz/Documents/CyberAlchemy/.lake/packages/proofwidgets/.lake/build/lib/lean:/home/phrxmaz/Documents/CyberAlchemy/.lake/packages/importGraph/.lake/build/lib/lean:/home/phrxmaz/Documents/CyberAlchemy/.lake/packages/LeanSearchClient/.lake/build/lib/lean:/home/phrxmaz/Documents/CyberAlchemy/.lake/packages/plausible/.lake/build/lib/lean:/home/phrxmaz/Documents/CyberAlchemy/.lake/packages/mathlib/.lake/build/lib/lean:/home/phrxmaz/Documents/CyberAlchemy/.lake/build/lib/lean /home/phrxmaz/.elan/toolchains/leanprover--lean4---v4.29.1/bin/lean /home/phrxmaz/Documents/CyberAlchemy/LaRueProtorealAlgebra/NewtonianWeave.lean -o /home/phrxmaz/Documents/CyberAlchemy/.lake/build/lib/lean/LaRueProtorealAlgebra/NewtonianWeave.olean -i /home/phrxmaz/Documents/CyberAlchemy/.lake/build/lib/lean/LaRueProtorealAlgebra/NewtonianWeave.ilean -c /home/phrxmaz/Documents/CyberAlchemy/.lake/build/ir/LaRueProtorealAlgebra/NewtonianWeave.c --setup /home/phrxmaz/Documents/CyberAlchemy/.lake/build/ir/LaRueProtorealAlgebra/NewtonianWeave.setup.json --json
error: LaRueProtorealAlgebra/NewtonianWeave.lean:2:0: invalid 'import' command, it must be used in the beginning of the file
error: Lean exited with code 1
✖ [101/202] Building LaRueProtorealAlgebra.NilradicalGeneralization (209ms)
trace: .> LEAN_PATH=/home/phrxmaz/Documents/CyberAlchemy/.lake/packages/Cli/.lake/build/lib/lean:/home/phrxmaz/Documents/CyberAlchemy/.lake/packages/batteries/.lake/build/lib/lean:/home/phrxmaz/Documents/CyberAlchemy/.lake/packages/Qq/.lake/build/lib/lean:/home/phrxmaz/Documents/CyberAlchemy/.lake/packages/aesop/.lake/build/lib/lean:/home/phrxmaz/Documents/CyberAlchemy/.lake/packages/proofwidgets/.lake/build/lib/lean:/home/phrxmaz/Documents/CyberAlchemy/.lake/packages/importGraph/.lake/build/lib/lean:/home/phrxmaz/Documents/CyberAlchemy/.lake/packages/LeanSearchClient/.lake/build/lib/lean:/home/phrxmaz/Documents/CyberAlchemy/.lake/packages/plausible/.lake/build/lib/lean:/home/phrxmaz/Documents/CyberAlchemy/.lake/packages/mathlib/.lake/build/lib/lean:/home/phrxmaz/Documents/CyberAlchemy/.lake/build/lib/lean /home/phrxmaz/.elan/toolchains/leanprover--lean4---v4.29.1/bin/lean /home/phrxmaz/Documents/CyberAlchemy/LaRueProtorealAlgebra/NilradicalGeneralization.lean -o /home/phrxmaz/Documents/CyberAlchemy/.lake/build/lib/lean/LaRueProtorealAlgebra/NilradicalGeneralization.olean -i /home/phrxmaz/Documents/CyberAlchemy/.lake/build/lib/lean/LaRueProtorealAlgebra/NilradicalGeneralization.ilean -c /home/phrxmaz/Documents/CyberAlchemy/.lake/build/ir/LaRueProtorealAlgebra/NilradicalGeneralization.c --setup /home/phrxmaz/Documents/CyberAlchemy/.lake/build/ir/LaRueProtorealAlgebra/NilradicalGeneralization.setup.json --json
error: LaRueProtorealAlgebra/NilradicalGeneralization.lean:2:0: invalid 'import' command, it must be used in the beginning of the file
error: Lean exited with code 1
✖ [102/202] Building LaRueProtorealAlgebra.NonstandardBridge (194ms)
trace: .> LEAN_PATH=/home/phrxmaz/Documents/CyberAlchemy/.lake/packages/Cli/.lake/build/lib/lean:/home/phrxmaz/Documents/CyberAlchemy/.lake/packages/batteries/.lake/build/lib/lean:/home/phrxmaz/Documents/CyberAlchemy/.lake/packages/Qq/.lake/build/lib/lean:/home/phrxmaz/Documents/CyberAlchemy/.lake/packages/aesop/.lake/build/lib/lean:/home/phrxmaz/Documents/CyberAlchemy/.lake/packages/proofwidgets/.lake/build/lib/lean:/home/phrxmaz/Documents/CyberAlchemy/.lake/packages/importGraph/.lake/build/lib/lean:/home/phrxmaz/Documents/CyberAlchemy/.lake/packages/LeanSearchClient/.lake/build/lib/lean:/home/phrxmaz/Documents/CyberAlchemy/.lake/packages/plausible/.lake/build/lib/lean:/home/phrxmaz/Documents/CyberAlchemy/.lake/packages/mathlib/.lake/build/lib/lean:/home/phrxmaz/Documents/CyberAlchemy/.lake/build/lib/lean /home/phrxmaz/.elan/toolchains/leanprover--lean4---v4.29.1/bin/lean /home/phrxmaz/Documents/CyberAlchemy/LaRueProtorealAlgebra/NonstandardBridge.lean -o /home/phrxmaz/Documents/CyberAlchemy/.lake/build/lib/lean/LaRueProtorealAlgebra/NonstandardBridge.olean -i /home/phrxmaz/Documents/CyberAlchemy/.lake/build/lib/lean/LaRueProtorealAlgebra/NonstandardBridge.ilean -c /home/phrxmaz/Documents/CyberAlchemy/.lake/build/ir/LaRueProtorealAlgebra/NonstandardBridge.c --setup /home/phrxmaz/Documents/CyberAlchemy/.lake/build/ir/LaRueProtorealAlgebra/NonstandardBridge.setup.json --json
error: LaRueProtorealAlgebra/NonstandardBridge.lean:2:0: invalid 'import' command, it must be used in the beginning of the file
error: Lean exited with code 1
✖ [103/202] Building LaRueProtorealAlgebra.ObserverAdapter (150ms)
trace: .> LEAN_PATH=/home/phrxmaz/Documents/CyberAlchemy/.lake/packages/Cli/.lake/build/lib/lean:/home/phrxmaz/Documents/CyberAlchemy/.lake/packages/batteries/.lake/build/lib/lean:/home/phrxmaz/Documents/CyberAlchemy/.lake/packages/Qq/.lake/build/lib/lean:/home/phrxmaz/Documents/CyberAlchemy/.lake/packages/aesop/.lake/build/lib/lean:/home/phrxmaz/Documents/CyberAlchemy/.lake/packages/proofwidgets/.lake/build/lib/lean:/home/phrxmaz/Documents/CyberAlchemy/.lake/packages/importGraph/.lake/build/lib/lean:/home/phrxmaz/Documents/CyberAlchemy/.lake/packages/LeanSearchClient/.lake/build/lib/lean:/home/phrxmaz/Documents/CyberAlchemy/.lake/packages/plausible/.lake/build/lib/lean:/home/phrxmaz/Documents/CyberAlchemy/.lake/packages/mathlib/.lake/build/lib/lean:/home/phrxmaz/Documents/CyberAlchemy/.lake/build/lib/lean /home/phrxmaz/.elan/toolchains/leanprover--lean4---v4.29.1/bin/lean /home/phrxmaz/Documents/CyberAlchemy/LaRueProtorealAlgebra/ObserverAdapter.lean -o /home/phrxmaz/Documents/CyberAlchemy/.lake/build/lib/lean/LaRueProtorealAlgebra/ObserverAdapter.olean -i /home/phrxmaz/Documents/CyberAlchemy/.lake/build/lib/lean/LaRueProtorealAlgebra/ObserverAdapter.ilean -c /home/phrxmaz/Documents/CyberAlchemy/.lake/build/ir/LaRueProtorealAlgebra/ObserverAdapter.c --setup /home/phrxmaz/Documents/CyberAlchemy/.lake/build/ir/LaRueProtorealAlgebra/ObserverAdapter.setup.json --json
error: LaRueProtorealAlgebra/ObserverAdapter.lean:2:0: invalid 'import' command, it must be used in the beginning of the file
error: Lean exited with code 1
✖ [104/202] Building LaRueProtorealAlgebra.OctraFheSubset (194ms)
trace: .> LEAN_PATH=/home/phrxmaz/Documents/CyberAlchemy/.lake/packages/Cli/.lake/build/lib/lean:/home/phrxmaz/Documents/CyberAlchemy/.lake/packages/batteries/.lake/build/lib/lean:/home/phrxmaz/Documents/CyberAlchemy/.lake/packages/Qq/.lake/build/lib/lean:/home/phrxmaz/Documents/CyberAlchemy/.lake/packages/aesop/.lake/build/lib/lean:/home/phrxmaz/Documents/CyberAlchemy/.lake/packages/proofwidgets/.lake/build/lib/lean:/home/phrxmaz/Documents/CyberAlchemy/.lake/packages/importGraph/.lake/build/lib/lean:/home/phrxmaz/Documents/CyberAlchemy/.lake/packages/LeanSearchClient/.lake/build/lib/lean:/home/phrxmaz/Documents/CyberAlchemy/.lake/packages/plausible/.lake/build/lib/lean:/home/phrxmaz/Documents/CyberAlchemy/.lake/packages/mathlib/.lake/build/lib/lean:/home/phrxmaz/Documents/CyberAlchemy/.lake/build/lib/lean /home/phrxmaz/.elan/toolchains/leanprover--lean4---v4.29.1/bin/lean /home/phrxmaz/Documents/CyberAlchemy/LaRueProtorealAlgebra/OctraFheSubset.lean -o /home/phrxmaz/Documents/CyberAlchemy/.lake/build/lib/lean/LaRueProtorealAlgebra/OctraFheSubset.olean -i /home/phrxmaz/Documents/CyberAlchemy/.lake/build/lib/lean/LaRueProtorealAlgebra/OctraFheSubset.ilean -c /home/phrxmaz/Documents/CyberAlchemy/.lake/build/ir/LaRueProtorealAlgebra/OctraFheSubset.c --setup /home/phrxmaz/Documents/CyberAlchemy/.lake/build/ir/LaRueProtorealAlgebra/OctraFheSubset.setup.json --json
error: LaRueProtorealAlgebra/OctraFheSubset.lean:2:0: invalid 'import' command, it must be used in the beginning of the file
error: Lean exited with code 1
✖ [105/202] Building LaRueProtorealAlgebra.OptimalCompute (184ms)
trace: .> LEAN_PATH=/home/phrxmaz/Documents/CyberAlchemy/.lake/packages/Cli/.lake/build/lib/lean:/home/phrxmaz/Documents/CyberAlchemy/.lake/packages/batteries/.lake/build/lib/lean:/home/phrxmaz/Documents/CyberAlchemy/.lake/packages/Qq/.lake/build/lib/lean:/home/phrxmaz/Documents/CyberAlchemy/.lake/packages/aesop/.lake/build/lib/lean:/home/phrxmaz/Documents/CyberAlchemy/.lake/packages/proofwidgets/.lake/build/lib/lean:/home/phrxmaz/Documents/CyberAlchemy/.lake/packages/importGraph/.lake/build/lib/lean:/home/phrxmaz/Documents/CyberAlchemy/.lake/packages/LeanSearchClient/.lake/build/lib/lean:/home/phrxmaz/Documents/CyberAlchemy/.lake/packages/plausible/.lake/build/lib/lean:/home/phrxmaz/Documents/CyberAlchemy/.lake/packages/mathlib/.lake/build/lib/lean:/home/phrxmaz/Documents/CyberAlchemy/.lake/build/lib/lean /home/phrxmaz/.elan/toolchains/leanprover--lean4---v4.29.1/bin/lean /home/phrxmaz/Documents/CyberAlchemy/LaRueProtorealAlgebra/OptimalCompute.lean -o /home/phrxmaz/Documents/CyberAlchemy/.lake/build/lib/lean/LaRueProtorealAlgebra/OptimalCompute.olean -i /home/phrxmaz/Documents/CyberAlchemy/.lake/build/lib/lean/LaRueProtorealAlgebra/OptimalCompute.ilean -c /home/phrxmaz/Documents/CyberAlchemy/.lake/build/ir/LaRueProtorealAlgebra/OptimalCompute.c --setup /home/phrxmaz/Documents/CyberAlchemy/.lake/build/ir/LaRueProtorealAlgebra/OptimalCompute.setup.json --json
error: LaRueProtorealAlgebra/OptimalCompute.lean:2:0: invalid 'import' command, it must be used in the beginning of the file
error: Lean exited with code 1
✖ [106/202] Building LaRueProtorealAlgebra.ParityStability (153ms)
trace: .> LEAN_PATH=/home/phrxmaz/Documents/CyberAlchemy/.lake/packages/Cli/.lake/build/lib/lean:/home/phrxmaz/Documents/CyberAlchemy/.lake/packages/batteries/.lake/build/lib/lean:/home/phrxmaz/Documents/CyberAlchemy/.lake/packages/Qq/.lake/build/lib/lean:/home/phrxmaz/Documents/CyberAlchemy/.lake/packages/aesop/.lake/build/lib/lean:/home/phrxmaz/Documents/CyberAlchemy/.lake/packages/proofwidgets/.lake/build/lib/lean:/home/phrxmaz/Documents/CyberAlchemy/.lake/packages/importGraph/.lake/build/lib/lean:/home/phrxmaz/Documents/CyberAlchemy/.lake/packages/LeanSearchClient/.lake/build/lib/lean:/home/phrxmaz/Documents/CyberAlchemy/.lake/packages/plausible/.lake/build/lib/lean:/home/phrxmaz/Documents/CyberAlchemy/.lake/packages/mathlib/.lake/build/lib/lean:/home/phrxmaz/Documents/CyberAlchemy/.lake/build/lib/lean /home/phrxmaz/.elan/toolchains/leanprover--lean4---v4.29.1/bin/lean /home/phrxmaz/Documents/CyberAlchemy/LaRueProtorealAlgebra/ParityStability.lean -o /home/phrxmaz/Documents/CyberAlchemy/.lake/build/lib/lean/LaRueProtorealAlgebra/ParityStability.olean -i /home/phrxmaz/Documents/CyberAlchemy/.lake/build/lib/lean/LaRueProtorealAlgebra/ParityStability.ilean -c /home/phrxmaz/Documents/CyberAlchemy/.lake/build/ir/LaRueProtorealAlgebra/ParityStability.c --setup /home/phrxmaz/Documents/CyberAlchemy/.lake/build/ir/LaRueProtorealAlgebra/ParityStability.setup.json --json
error: LaRueProtorealAlgebra/ParityStability.lean:2:0: invalid 'import' command, it must be used in the beginning of the file
error: Lean exited with code 1
✖ [107/202] Building LaRueProtorealAlgebra.PentagonCoherence (199ms)
trace: .> LEAN_PATH=/home/phrxmaz/Documents/CyberAlchemy/.lake/packages/Cli/.lake/build/lib/lean:/home/phrxmaz/Documents/CyberAlchemy/.lake/packages/batteries/.lake/build/lib/lean:/home/phrxmaz/Documents/CyberAlchemy/.lake/packages/Qq/.lake/build/lib/lean:/home/phrxmaz/Documents/CyberAlchemy/.lake/packages/aesop/.lake/build/lib/lean:/home/phrxmaz/Documents/CyberAlchemy/.lake/packages/proofwidgets/.lake/build/lib/lean:/home/phrxmaz/Documents/CyberAlchemy/.lake/packages/importGraph/.lake/build/lib/lean:/home/phrxmaz/Documents/CyberAlchemy/.lake/packages/LeanSearchClient/.lake/build/lib/lean:/home/phrxmaz/Documents/CyberAlchemy/.lake/packages/plausible/.lake/build/lib/lean:/home/phrxmaz/Documents/CyberAlchemy/.lake/packages/mathlib/.lake/build/lib/lean:/home/phrxmaz/Documents/CyberAlchemy/.lake/build/lib/lean /home/phrxmaz/.elan/toolchains/leanprover--lean4---v4.29.1/bin/lean /home/phrxmaz/Documents/CyberAlchemy/LaRueProtorealAlgebra/PentagonCoherence.lean -o /home/phrxmaz/Documents/CyberAlchemy/.lake/build/lib/lean/LaRueProtorealAlgebra/PentagonCoherence.olean -i /home/phrxmaz/Documents/CyberAlchemy/.lake/build/lib/lean/LaRueProtorealAlgebra/PentagonCoherence.ilean -c /home/phrxmaz/Documents/CyberAlchemy/.lake/build/ir/LaRueProtorealAlgebra/PentagonCoherence.c --setup /home/phrxmaz/Documents/CyberAlchemy/.lake/build/ir/LaRueProtorealAlgebra/PentagonCoherence.setup.json --json
error: LaRueProtorealAlgebra/PentagonCoherence.lean:2:0: invalid 'import' command, it must be used in the beginning of the file
error: Lean exited with code 1
✖ [108/202] Building LaRueProtorealAlgebra.PhysicalBifurcation (174ms)
trace: .> LEAN_PATH=/home/phrxmaz/Documents/CyberAlchemy/.lake/packages/Cli/.lake/build/lib/lean:/home/phrxmaz/Documents/CyberAlchemy/.lake/packages/batteries/.lake/build/lib/lean:/home/phrxmaz/Documents/CyberAlchemy/.lake/packages/Qq/.lake/build/lib/lean:/home/phrxmaz/Documents/CyberAlchemy/.lake/packages/aesop/.lake/build/lib/lean:/home/phrxmaz/Documents/CyberAlchemy/.lake/packages/proofwidgets/.lake/build/lib/lean:/home/phrxmaz/Documents/CyberAlchemy/.lake/packages/importGraph/.lake/build/lib/lean:/home/phrxmaz/Documents/CyberAlchemy/.lake/packages/LeanSearchClient/.lake/build/lib/lean:/home/phrxmaz/Documents/CyberAlchemy/.lake/packages/plausible/.lake/build/lib/lean:/home/phrxmaz/Documents/CyberAlchemy/.lake/packages/mathlib/.lake/build/lib/lean:/home/phrxmaz/Documents/CyberAlchemy/.lake/build/lib/lean /home/phrxmaz/.elan/toolchains/leanprover--lean4---v4.29.1/bin/lean /home/phrxmaz/Documents/CyberAlchemy/LaRueProtorealAlgebra/PhysicalBifurcation.lean -o /home/phrxmaz/Documents/CyberAlchemy/.lake/build/lib/lean/LaRueProtorealAlgebra/PhysicalBifurcation.olean -i /home/phrxmaz/Documents/CyberAlchemy/.lake/build/lib/lean/LaRueProtorealAlgebra/PhysicalBifurcation.ilean -c /home/phrxmaz/Documents/CyberAlchemy/.lake/build/ir/LaRueProtorealAlgebra/PhysicalBifurcation.c --setup /home/phrxmaz/Documents/CyberAlchemy/.lake/build/ir/LaRueProtorealAlgebra/PhysicalBifurcation.setup.json --json
error: LaRueProtorealAlgebra/PhysicalBifurcation.lean:2:0: invalid 'import' command, it must be used in the beginning of the file
error: Lean exited with code 1
✖ [109/202] Building LaRueProtorealAlgebra.ObservationalAperture (289ms)
trace: .> LEAN_PATH=/home/phrxmaz/Documents/CyberAlchemy/.lake/packages/Cli/.lake/build/lib/lean:/home/phrxmaz/Documents/CyberAlchemy/.lake/packages/batteries/.lake/build/lib/lean:/home/phrxmaz/Documents/CyberAlchemy/.lake/packages/Qq/.lake/build/lib/lean:/home/phrxmaz/Documents/CyberAlchemy/.lake/packages/aesop/.lake/build/lib/lean:/home/phrxmaz/Documents/CyberAlchemy/.lake/packages/proofwidgets/.lake/build/lib/lean:/home/phrxmaz/Documents/CyberAlchemy/.lake/packages/importGraph/.lake/build/lib/lean:/home/phrxmaz/Documents/CyberAlchemy/.lake/packages/LeanSearchClient/.lake/build/lib/lean:/home/phrxmaz/Documents/CyberAlchemy/.lake/packages/plausible/.lake/build/lib/lean:/home/phrxmaz/Documents/CyberAlchemy/.lake/packages/mathlib/.lake/build/lib/lean:/home/phrxmaz/Documents/CyberAlchemy/.lake/build/lib/lean /home/phrxmaz/.elan/toolchains/leanprover--lean4---v4.29.1/bin/lean /home/phrxmaz/Documents/CyberAlchemy/LaRueProtorealAlgebra/ObservationalAperture.lean -o /home/phrxmaz/Documents/CyberAlchemy/.lake/build/lib/lean/LaRueProtorealAlgebra/ObservationalAperture.olean -i /home/phrxmaz/Documents/CyberAlchemy/.lake/build/lib/lean/LaRueProtorealAlgebra/ObservationalAperture.ilean -c /home/phrxmaz/Documents/CyberAlchemy/.lake/build/ir/LaRueProtorealAlgebra/ObservationalAperture.c --setup /home/phrxmaz/Documents/CyberAlchemy/.lake/build/ir/LaRueProtorealAlgebra/ObservationalAperture.setup.json --json
error: LaRueProtorealAlgebra/ObservationalAperture.lean:2:0: invalid 'import' command, it must be used in the beginning of the file
error: Lean exited with code 1
✖ [110/202] Building LaRueProtorealAlgebra.OptimalConfig (263ms)
trace: .> LEAN_PATH=/home/phrxmaz/Documents/CyberAlchemy/.lake/packages/Cli/.lake/build/lib/lean:/home/phrxmaz/Documents/CyberAlchemy/.lake/packages/batteries/.lake/build/lib/lean:/home/phrxmaz/Documents/CyberAlchemy/.lake/packages/Qq/.lake/build/lib/lean:/home/phrxmaz/Documents/CyberAlchemy/.lake/packages/aesop/.lake/build/lib/lean:/home/phrxmaz/Documents/CyberAlchemy/.lake/packages/proofwidgets/.lake/build/lib/lean:/home/phrxmaz/Documents/CyberAlchemy/.lake/packages/importGraph/.lake/build/lib/lean:/home/phrxmaz/Documents/CyberAlchemy/.lake/packages/LeanSearchClient/.lake/build/lib/lean:/home/phrxmaz/Documents/CyberAlchemy/.lake/packages/plausible/.lake/build/lib/lean:/home/phrxmaz/Documents/CyberAlchemy/.lake/packages/mathlib/.lake/build/lib/lean:/home/phrxmaz/Documents/CyberAlchemy/.lake/build/lib/lean /home/phrxmaz/.elan/toolchains/leanprover--lean4---v4.29.1/bin/lean /home/phrxmaz/Documents/CyberAlchemy/LaRueProtorealAlgebra/OptimalConfig.lean -o /home/phrxmaz/Documents/CyberAlchemy/.lake/build/lib/lean/LaRueProtorealAlgebra/OptimalConfig.olean -i /home/phrxmaz/Documents/CyberAlchemy/.lake/build/lib/lean/LaRueProtorealAlgebra/OptimalConfig.ilean -c /home/phrxmaz/Documents/CyberAlchemy/.lake/build/ir/LaRueProtorealAlgebra/OptimalConfig.c --setup /home/phrxmaz/Documents/CyberAlchemy/.lake/build/ir/LaRueProtorealAlgebra/OptimalConfig.setup.json --json
error: LaRueProtorealAlgebra/OptimalConfig.lean:2:0: invalid 'import' command, it must be used in the beginning of the file
error: Lean exited with code 1
✖ [111/202] Building LaRueProtorealAlgebra.OrchOR (228ms)
trace: .> LEAN_PATH=/home/phrxmaz/Documents/CyberAlchemy/.lake/packages/Cli/.lake/build/lib/lean:/home/phrxmaz/Documents/CyberAlchemy/.lake/packages/batteries/.lake/build/lib/lean:/home/phrxmaz/Documents/CyberAlchemy/.lake/packages/Qq/.lake/build/lib/lean:/home/phrxmaz/Documents/CyberAlchemy/.lake/packages/aesop/.lake/build/lib/lean:/home/phrxmaz/Documents/CyberAlchemy/.lake/packages/proofwidgets/.lake/build/lib/lean:/home/phrxmaz/Documents/CyberAlchemy/.lake/packages/importGraph/.lake/build/lib/lean:/home/phrxmaz/Documents/CyberAlchemy/.lake/packages/LeanSearchClient/.lake/build/lib/lean:/home/phrxmaz/Documents/CyberAlchemy/.lake/packages/plausible/.lake/build/lib/lean:/home/phrxmaz/Documents/CyberAlchemy/.lake/packages/mathlib/.lake/build/lib/lean:/home/phrxmaz/Documents/CyberAlchemy/.lake/build/lib/lean /home/phrxmaz/.elan/toolchains/leanprover--lean4---v4.29.1/bin/lean /home/phrxmaz/Documents/CyberAlchemy/LaRueProtorealAlgebra/OrchOR.lean -o /home/phrxmaz/Documents/CyberAlchemy/.lake/build/lib/lean/LaRueProtorealAlgebra/OrchOR.olean -i /home/phrxmaz/Documents/CyberAlchemy/.lake/build/lib/lean/LaRueProtorealAlgebra/OrchOR.ilean -c /home/phrxmaz/Documents/CyberAlchemy/.lake/build/ir/LaRueProtorealAlgebra/OrchOR.c --setup /home/phrxmaz/Documents/CyberAlchemy/.lake/build/ir/LaRueProtorealAlgebra/OrchOR.setup.json --json
error: LaRueProtorealAlgebra/OrchOR.lean:2:0: invalid 'import' command, it must be used in the beginning of the file
error: Lean exited with code 1
✖ [112/202] Building LaRueProtorealAlgebra.PhasorTower (201ms)
trace: .> LEAN_PATH=/home/phrxmaz/Documents/CyberAlchemy/.lake/packages/Cli/.lake/build/lib/lean:/home/phrxmaz/Documents/CyberAlchemy/.lake/packages/batteries/.lake/build/lib/lean:/home/phrxmaz/Documents/CyberAlchemy/.lake/packages/Qq/.lake/build/lib/lean:/home/phrxmaz/Documents/CyberAlchemy/.lake/packages/aesop/.lake/build/lib/lean:/home/phrxmaz/Documents/CyberAlchemy/.lake/packages/proofwidgets/.lake/build/lib/lean:/home/phrxmaz/Documents/CyberAlchemy/.lake/packages/importGraph/.lake/build/lib/lean:/home/phrxmaz/Documents/CyberAlchemy/.lake/packages/LeanSearchClient/.lake/build/lib/lean:/home/phrxmaz/Documents/CyberAlchemy/.lake/packages/plausible/.lake/build/lib/lean:/home/phrxmaz/Documents/CyberAlchemy/.lake/packages/mathlib/.lake/build/lib/lean:/home/phrxmaz/Documents/CyberAlchemy/.lake/build/lib/lean /home/phrxmaz/.elan/toolchains/leanprover--lean4---v4.29.1/bin/lean /home/phrxmaz/Documents/CyberAlchemy/LaRueProtorealAlgebra/PhasorTower.lean -o /home/phrxmaz/Documents/CyberAlchemy/.lake/build/lib/lean/LaRueProtorealAlgebra/PhasorTower.olean -i /home/phrxmaz/Documents/CyberAlchemy/.lake/build/lib/lean/LaRueProtorealAlgebra/PhasorTower.ilean -c /home/phrxmaz/Documents/CyberAlchemy/.lake/build/ir/LaRueProtorealAlgebra/PhasorTower.c --setup /home/phrxmaz/Documents/CyberAlchemy/.lake/build/ir/LaRueProtorealAlgebra/PhasorTower.setup.json --json
error: LaRueProtorealAlgebra/PhasorTower.lean:2:0: invalid 'import' command, it must be used in the beginning of the file
error: Lean exited with code 1
✖ [113/202] Building LaRueProtorealAlgebra.PhysicalConstants (182ms)
trace: .> LEAN_PATH=/home/phrxmaz/Documents/CyberAlchemy/.lake/packages/Cli/.lake/build/lib/lean:/home/phrxmaz/Documents/CyberAlchemy/.lake/packages/batteries/.lake/build/lib/lean:/home/phrxmaz/Documents/CyberAlchemy/.lake/packages/Qq/.lake/build/lib/lean:/home/phrxmaz/Documents/CyberAlchemy/.lake/packages/aesop/.lake/build/lib/lean:/home/phrxmaz/Documents/CyberAlchemy/.lake/packages/proofwidgets/.lake/build/lib/lean:/home/phrxmaz/Documents/CyberAlchemy/.lake/packages/importGraph/.lake/build/lib/lean:/home/phrxmaz/Documents/CyberAlchemy/.lake/packages/LeanSearchClient/.lake/build/lib/lean:/home/phrxmaz/Documents/CyberAlchemy/.lake/packages/plausible/.lake/build/lib/lean:/home/phrxmaz/Documents/CyberAlchemy/.lake/packages/mathlib/.lake/build/lib/lean:/home/phrxmaz/Documents/CyberAlchemy/.lake/build/lib/lean /home/phrxmaz/.elan/toolchains/leanprover--lean4---v4.29.1/bin/lean /home/phrxmaz/Documents/CyberAlchemy/LaRueProtorealAlgebra/PhysicalConstants.lean -o /home/phrxmaz/Documents/CyberAlchemy/.lake/build/lib/lean/LaRueProtorealAlgebra/PhysicalConstants.olean -i /home/phrxmaz/Documents/CyberAlchemy/.lake/build/lib/lean/LaRueProtorealAlgebra/PhysicalConstants.ilean -c /home/phrxmaz/Documents/CyberAlchemy/.lake/build/ir/LaRueProtorealAlgebra/PhysicalConstants.c --setup /home/phrxmaz/Documents/CyberAlchemy/.lake/build/ir/LaRueProtorealAlgebra/PhysicalConstants.setup.json --json
error: LaRueProtorealAlgebra/PhysicalConstants.lean:2:0: invalid 'import' command, it must be used in the beginning of the file
error: Lean exited with code 1
✖ [114/202] Building LaRueProtorealAlgebra.PlasmaInfotonBridge (178ms)
trace: .> LEAN_PATH=/home/phrxmaz/Documents/CyberAlchemy/.lake/packages/Cli/.lake/build/lib/lean:/home/phrxmaz/Documents/CyberAlchemy/.lake/packages/batteries/.lake/build/lib/lean:/home/phrxmaz/Documents/CyberAlchemy/.lake/packages/Qq/.lake/build/lib/lean:/home/phrxmaz/Documents/CyberAlchemy/.lake/packages/aesop/.lake/build/lib/lean:/home/phrxmaz/Documents/CyberAlchemy/.lake/packages/proofwidgets/.lake/build/lib/lean:/home/phrxmaz/Documents/CyberAlchemy/.lake/packages/importGraph/.lake/build/lib/lean:/home/phrxmaz/Documents/CyberAlchemy/.lake/packages/LeanSearchClient/.lake/build/lib/lean:/home/phrxmaz/Documents/CyberAlchemy/.lake/packages/plausible/.lake/build/lib/lean:/home/phrxmaz/Documents/CyberAlchemy/.lake/packages/mathlib/.lake/build/lib/lean:/home/phrxmaz/Documents/CyberAlchemy/.lake/build/lib/lean /home/phrxmaz/.elan/toolchains/leanprover--lean4---v4.29.1/bin/lean /home/phrxmaz/Documents/CyberAlchemy/LaRueProtorealAlgebra/PlasmaInfotonBridge.lean -o /home/phrxmaz/Documents/CyberAlchemy/.lake/build/lib/lean/LaRueProtorealAlgebra/PlasmaInfotonBridge.olean -i /home/phrxmaz/Documents/CyberAlchemy/.lake/build/lib/lean/LaRueProtorealAlgebra/PlasmaInfotonBridge.ilean -c /home/phrxmaz/Documents/CyberAlchemy/.lake/build/ir/LaRueProtorealAlgebra/PlasmaInfotonBridge.c --setup /home/phrxmaz/Documents/CyberAlchemy/.lake/build/ir/LaRueProtorealAlgebra/PlasmaInfotonBridge.setup.json --json
error: LaRueProtorealAlgebra/PlasmaInfotonBridge.lean:2:0: invalid 'import' command, it must be used in the beginning of the file
error: Lean exited with code 1
✖ [115/202] Building LaRueProtorealAlgebra.PolarizingField (187ms)
trace: .> LEAN_PATH=/home/phrxmaz/Documents/CyberAlchemy/.lake/packages/Cli/.lake/build/lib/lean:/home/phrxmaz/Documents/CyberAlchemy/.lake/packages/batteries/.lake/build/lib/lean:/home/phrxmaz/Documents/CyberAlchemy/.lake/packages/Qq/.lake/build/lib/lean:/home/phrxmaz/Documents/CyberAlchemy/.lake/packages/aesop/.lake/build/lib/lean:/home/phrxmaz/Documents/CyberAlchemy/.lake/packages/proofwidgets/.lake/build/lib/lean:/home/phrxmaz/Documents/CyberAlchemy/.lake/packages/importGraph/.lake/build/lib/lean:/home/phrxmaz/Documents/CyberAlchemy/.lake/packages/LeanSearchClient/.lake/build/lib/lean:/home/phrxmaz/Documents/CyberAlchemy/.lake/packages/plausible/.lake/build/lib/lean:/home/phrxmaz/Documents/CyberAlchemy/.lake/packages/mathlib/.lake/build/lib/lean:/home/phrxmaz/Documents/CyberAlchemy/.lake/build/lib/lean /home/phrxmaz/.elan/toolchains/leanprover--lean4---v4.29.1/bin/lean /home/phrxmaz/Documents/CyberAlchemy/LaRueProtorealAlgebra/PolarizingField.lean -o /home/phrxmaz/Documents/CyberAlchemy/.lake/build/lib/lean/LaRueProtorealAlgebra/PolarizingField.olean -i /home/phrxmaz/Documents/CyberAlchemy/.lake/build/lib/lean/LaRueProtorealAlgebra/PolarizingField.ilean -c /home/phrxmaz/Documents/CyberAlchemy/.lake/build/ir/LaRueProtorealAlgebra/PolarizingField.c --setup /home/phrxmaz/Documents/CyberAlchemy/.lake/build/ir/LaRueProtorealAlgebra/PolarizingField.setup.json --json
error: LaRueProtorealAlgebra/PolarizingField.lean:2:0: invalid 'import' command, it must be used in the beginning of the file
error: Lean exited with code 1
✖ [116/202] Building LaRueProtorealAlgebra.PrimeGenerators (187ms)
trace: .> LEAN_PATH=/home/phrxmaz/Documents/CyberAlchemy/.lake/packages/Cli/.lake/build/lib/lean:/home/phrxmaz/Documents/CyberAlchemy/.lake/packages/batteries/.lake/build/lib/lean:/home/phrxmaz/Documents/CyberAlchemy/.lake/packages/Qq/.lake/build/lib/lean:/home/phrxmaz/Documents/CyberAlchemy/.lake/packages/aesop/.lake/build/lib/lean:/home/phrxmaz/Documents/CyberAlchemy/.lake/packages/proofwidgets/.lake/build/lib/lean:/home/phrxmaz/Documents/CyberAlchemy/.lake/packages/importGraph/.lake/build/lib/lean:/home/phrxmaz/Documents/CyberAlchemy/.lake/packages/LeanSearchClient/.lake/build/lib/lean:/home/phrxmaz/Documents/CyberAlchemy/.lake/packages/plausible/.lake/build/lib/lean:/home/phrxmaz/Documents/CyberAlchemy/.lake/packages/mathlib/.lake/build/lib/lean:/home/phrxmaz/Documents/CyberAlchemy/.lake/build/lib/lean /home/phrxmaz/.elan/toolchains/leanprover--lean4---v4.29.1/bin/lean /home/phrxmaz/Documents/CyberAlchemy/LaRueProtorealAlgebra/PrimeGenerators.lean -o /home/phrxmaz/Documents/CyberAlchemy/.lake/build/lib/lean/LaRueProtorealAlgebra/PrimeGenerators.olean -i /home/phrxmaz/Documents/CyberAlchemy/.lake/build/lib/lean/LaRueProtorealAlgebra/PrimeGenerators.ilean -c /home/phrxmaz/Documents/CyberAlchemy/.lake/build/ir/LaRueProtorealAlgebra/PrimeGenerators.c --setup /home/phrxmaz/Documents/CyberAlchemy/.lake/build/ir/LaRueProtorealAlgebra/PrimeGenerators.setup.json --json
error: LaRueProtorealAlgebra/PrimeGenerators.lean:2:0: invalid 'import' command, it must be used in the beginning of the file
error: Lean exited with code 1
✖ [117/202] Building LaRueProtorealAlgebra.PrimorialJitter (171ms)
trace: .> LEAN_PATH=/home/phrxmaz/Documents/CyberAlchemy/.lake/packages/Cli/.lake/build/lib/lean:/home/phrxmaz/Documents/CyberAlchemy/.lake/packages/batteries/.lake/build/lib/lean:/home/phrxmaz/Documents/CyberAlchemy/.lake/packages/Qq/.lake/build/lib/lean:/home/phrxmaz/Documents/CyberAlchemy/.lake/packages/aesop/.lake/build/lib/lean:/home/phrxmaz/Documents/CyberAlchemy/.lake/packages/proofwidgets/.lake/build/lib/lean:/home/phrxmaz/Documents/CyberAlchemy/.lake/packages/importGraph/.lake/build/lib/lean:/home/phrxmaz/Documents/CyberAlchemy/.lake/packages/LeanSearchClient/.lake/build/lib/lean:/home/phrxmaz/Documents/CyberAlchemy/.lake/packages/plausible/.lake/build/lib/lean:/home/phrxmaz/Documents/CyberAlchemy/.lake/packages/mathlib/.lake/build/lib/lean:/home/phrxmaz/Documents/CyberAlchemy/.lake/build/lib/lean /home/phrxmaz/.elan/toolchains/leanprover--lean4---v4.29.1/bin/lean /home/phrxmaz/Documents/CyberAlchemy/LaRueProtorealAlgebra/PrimorialJitter.lean -o /home/phrxmaz/Documents/CyberAlchemy/.lake/build/lib/lean/LaRueProtorealAlgebra/PrimorialJitter.olean -i /home/phrxmaz/Documents/CyberAlchemy/.lake/build/lib/lean/LaRueProtorealAlgebra/PrimorialJitter.ilean -c /home/phrxmaz/Documents/CyberAlchemy/.lake/build/ir/LaRueProtorealAlgebra/PrimorialJitter.c --setup /home/phrxmaz/Documents/CyberAlchemy/.lake/build/ir/LaRueProtorealAlgebra/PrimorialJitter.setup.json --json
error: LaRueProtorealAlgebra/PrimorialJitter.lean:2:0: invalid 'import' command, it must be used in the beginning of the file
error: Lean exited with code 1
✖ [118/202] Building LaRueProtorealAlgebra.ProtorealAlgebra (161ms)
trace: .> LEAN_PATH=/home/phrxmaz/Documents/CyberAlchemy/.lake/packages/Cli/.lake/build/lib/lean:/home/phrxmaz/Documents/CyberAlchemy/.lake/packages/batteries/.lake/build/lib/lean:/home/phrxmaz/Documents/CyberAlchemy/.lake/packages/Qq/.lake/build/lib/lean:/home/phrxmaz/Documents/CyberAlchemy/.lake/packages/aesop/.lake/build/lib/lean:/home/phrxmaz/Documents/CyberAlchemy/.lake/packages/proofwidgets/.lake/build/lib/lean:/home/phrxmaz/Documents/CyberAlchemy/.lake/packages/importGraph/.lake/build/lib/lean:/home/phrxmaz/Documents/CyberAlchemy/.lake/packages/LeanSearchClient/.lake/build/lib/lean:/home/phrxmaz/Documents/CyberAlchemy/.lake/packages/plausible/.lake/build/lib/lean:/home/phrxmaz/Documents/CyberAlchemy/.lake/packages/mathlib/.lake/build/lib/lean:/home/phrxmaz/Documents/CyberAlchemy/.lake/build/lib/lean /home/phrxmaz/.elan/toolchains/leanprover--lean4---v4.29.1/bin/lean /home/phrxmaz/Documents/CyberAlchemy/LaRueProtorealAlgebra/ProtorealAlgebra.lean -o /home/phrxmaz/Documents/CyberAlchemy/.lake/build/lib/lean/LaRueProtorealAlgebra/ProtorealAlgebra.olean -i /home/phrxmaz/Documents/CyberAlchemy/.lake/build/lib/lean/LaRueProtorealAlgebra/ProtorealAlgebra.ilean -c /home/phrxmaz/Documents/CyberAlchemy/.lake/build/ir/LaRueProtorealAlgebra/ProtorealAlgebra.c --setup /home/phrxmaz/Documents/CyberAlchemy/.lake/build/ir/LaRueProtorealAlgebra/ProtorealAlgebra.setup.json --json
error: LaRueProtorealAlgebra/ProtorealAlgebra.lean:2:0: invalid 'import' command, it must be used in the beginning of the file
error: Lean exited with code 1
✖ [119/202] Building LaRueProtorealAlgebra.PalindromeStandingWave (236ms)
trace: .> LEAN_PATH=/home/phrxmaz/Documents/CyberAlchemy/.lake/packages/Cli/.lake/build/lib/lean:/home/phrxmaz/Documents/CyberAlchemy/.lake/packages/batteries/.lake/build/lib/lean:/home/phrxmaz/Documents/CyberAlchemy/.lake/packages/Qq/.lake/build/lib/lean:/home/phrxmaz/Documents/CyberAlchemy/.lake/packages/aesop/.lake/build/lib/lean:/home/phrxmaz/Documents/CyberAlchemy/.lake/packages/proofwidgets/.lake/build/lib/lean:/home/phrxmaz/Documents/CyberAlchemy/.lake/packages/importGraph/.lake/build/lib/lean:/home/phrxmaz/Documents/CyberAlchemy/.lake/packages/LeanSearchClient/.lake/build/lib/lean:/home/phrxmaz/Documents/CyberAlchemy/.lake/packages/plausible/.lake/build/lib/lean:/home/phrxmaz/Documents/CyberAlchemy/.lake/packages/mathlib/.lake/build/lib/lean:/home/phrxmaz/Documents/CyberAlchemy/.lake/build/lib/lean /home/phrxmaz/.elan/toolchains/leanprover--lean4---v4.29.1/bin/lean /home/phrxmaz/Documents/CyberAlchemy/LaRueProtorealAlgebra/PalindromeStandingWave.lean -o /home/phrxmaz/Documents/CyberAlchemy/.lake/build/lib/lean/LaRueProtorealAlgebra/PalindromeStandingWave.olean -i /home/phrxmaz/Documents/CyberAlchemy/.lake/build/lib/lean/LaRueProtorealAlgebra/PalindromeStandingWave.ilean -c /home/phrxmaz/Documents/CyberAlchemy/.lake/build/ir/LaRueProtorealAlgebra/PalindromeStandingWave.c --setup /home/phrxmaz/Documents/CyberAlchemy/.lake/build/ir/LaRueProtorealAlgebra/PalindromeStandingWave.setup.json --json
error: LaRueProtorealAlgebra/PalindromeStandingWave.lean:2:0: invalid 'import' command, it must be used in the beginning of the file
error: Lean exited with code 1
✖ [120/202] Building LaRueProtorealAlgebra.PalindromicPrimeOrbits (221ms)
trace: .> LEAN_PATH=/home/phrxmaz/Documents/CyberAlchemy/.lake/packages/Cli/.lake/build/lib/lean:/home/phrxmaz/Documents/CyberAlchemy/.lake/packages/batteries/.lake/build/lib/lean:/home/phrxmaz/Documents/CyberAlchemy/.lake/packages/Qq/.lake/build/lib/lean:/home/phrxmaz/Documents/CyberAlchemy/.lake/packages/aesop/.lake/build/lib/lean:/home/phrxmaz/Documents/CyberAlchemy/.lake/packages/proofwidgets/.lake/build/lib/lean:/home/phrxmaz/Documents/CyberAlchemy/.lake/packages/importGraph/.lake/build/lib/lean:/home/phrxmaz/Documents/CyberAlchemy/.lake/packages/LeanSearchClient/.lake/build/lib/lean:/home/phrxmaz/Documents/CyberAlchemy/.lake/packages/plausible/.lake/build/lib/lean:/home/phrxmaz/Documents/CyberAlchemy/.lake/packages/mathlib/.lake/build/lib/lean:/home/phrxmaz/Documents/CyberAlchemy/.lake/build/lib/lean /home/phrxmaz/.elan/toolchains/leanprover--lean4---v4.29.1/bin/lean /home/phrxmaz/Documents/CyberAlchemy/LaRueProtorealAlgebra/PalindromicPrimeOrbits.lean -o /home/phrxmaz/Documents/CyberAlchemy/.lake/build/lib/lean/LaRueProtorealAlgebra/PalindromicPrimeOrbits.olean -i /home/phrxmaz/Documents/CyberAlchemy/.lake/build/lib/lean/LaRueProtorealAlgebra/PalindromicPrimeOrbits.ilean -c /home/phrxmaz/Documents/CyberAlchemy/.lake/build/ir/LaRueProtorealAlgebra/PalindromicPrimeOrbits.c --setup /home/phrxmaz/Documents/CyberAlchemy/.lake/build/ir/LaRueProtorealAlgebra/PalindromicPrimeOrbits.setup.json --json
error: LaRueProtorealAlgebra/PalindromicPrimeOrbits.lean:2:0: invalid 'import' command, it must be used in the beginning of the file
error: Lean exited with code 1
✖ [121/202] Building LaRueProtorealAlgebra.ProtoLite (197ms)
trace: .> LEAN_PATH=/home/phrxmaz/Documents/CyberAlchemy/.lake/packages/Cli/.lake/build/lib/lean:/home/phrxmaz/Documents/CyberAlchemy/.lake/packages/batteries/.lake/build/lib/lean:/home/phrxmaz/Documents/CyberAlchemy/.lake/packages/Qq/.lake/build/lib/lean:/home/phrxmaz/Documents/CyberAlchemy/.lake/packages/aesop/.lake/build/lib/lean:/home/phrxmaz/Documents/CyberAlchemy/.lake/packages/proofwidgets/.lake/build/lib/lean:/home/phrxmaz/Documents/CyberAlchemy/.lake/packages/importGraph/.lake/build/lib/lean:/home/phrxmaz/Documents/CyberAlchemy/.lake/packages/LeanSearchClient/.lake/build/lib/lean:/home/phrxmaz/Documents/CyberAlchemy/.lake/packages/plausible/.lake/build/lib/lean:/home/phrxmaz/Documents/CyberAlchemy/.lake/packages/mathlib/.lake/build/lib/lean:/home/phrxmaz/Documents/CyberAlchemy/.lake/build/lib/lean /home/phrxmaz/.elan/toolchains/leanprover--lean4---v4.29.1/bin/lean /home/phrxmaz/Documents/CyberAlchemy/LaRueProtorealAlgebra/ProtoLite.lean -o /home/phrxmaz/Documents/CyberAlchemy/.lake/build/lib/lean/LaRueProtorealAlgebra/ProtoLite.olean -i /home/phrxmaz/Documents/CyberAlchemy/.lake/build/lib/lean/LaRueProtorealAlgebra/ProtoLite.ilean -c /home/phrxmaz/Documents/CyberAlchemy/.lake/build/ir/LaRueProtorealAlgebra/ProtoLite.c --setup /home/phrxmaz/Documents/CyberAlchemy/.lake/build/ir/LaRueProtorealAlgebra/ProtoLite.setup.json --json
error: LaRueProtorealAlgebra/ProtoLite.lean:2:0: invalid 'import' command, it must be used in the beginning of the file
error: Lean exited with code 1
✖ [122/202] Building LaRueProtorealAlgebra.ProtorealAI (206ms)
trace: .> LEAN_PATH=/home/phrxmaz/Documents/CyberAlchemy/.lake/packages/Cli/.lake/build/lib/lean:/home/phrxmaz/Documents/CyberAlchemy/.lake/packages/batteries/.lake/build/lib/lean:/home/phrxmaz/Documents/CyberAlchemy/.lake/packages/Qq/.lake/build/lib/lean:/home/phrxmaz/Documents/CyberAlchemy/.lake/packages/aesop/.lake/build/lib/lean:/home/phrxmaz/Documents/CyberAlchemy/.lake/packages/proofwidgets/.lake/build/lib/lean:/home/phrxmaz/Documents/CyberAlchemy/.lake/packages/importGraph/.lake/build/lib/lean:/home/phrxmaz/Documents/CyberAlchemy/.lake/packages/LeanSearchClient/.lake/build/lib/lean:/home/phrxmaz/Documents/CyberAlchemy/.lake/packages/plausible/.lake/build/lib/lean:/home/phrxmaz/Documents/CyberAlchemy/.lake/packages/mathlib/.lake/build/lib/lean:/home/phrxmaz/Documents/CyberAlchemy/.lake/build/lib/lean /home/phrxmaz/.elan/toolchains/leanprover--lean4---v4.29.1/bin/lean /home/phrxmaz/Documents/CyberAlchemy/LaRueProtorealAlgebra/ProtorealAI.lean -o /home/phrxmaz/Documents/CyberAlchemy/.lake/build/lib/lean/LaRueProtorealAlgebra/ProtorealAI.olean -i /home/phrxmaz/Documents/CyberAlchemy/.lake/build/lib/lean/LaRueProtorealAlgebra/ProtorealAI.ilean -c /home/phrxmaz/Documents/CyberAlchemy/.lake/build/ir/LaRueProtorealAlgebra/ProtorealAI.c --setup /home/phrxmaz/Documents/CyberAlchemy/.lake/build/ir/LaRueProtorealAlgebra/ProtorealAI.setup.json --json
error: LaRueProtorealAlgebra/ProtorealAI.lean:2:0: invalid 'import' command, it must be used in the beginning of the file
error: Lean exited with code 1
✖ [123/202] Building LaRueProtorealAlgebra.ProtorealAxioms (193ms)
trace: .> LEAN_PATH=/home/phrxmaz/Documents/CyberAlchemy/.lake/packages/Cli/.lake/build/lib/lean:/home/phrxmaz/Documents/CyberAlchemy/.lake/packages/batteries/.lake/build/lib/lean:/home/phrxmaz/Documents/CyberAlchemy/.lake/packages/Qq/.lake/build/lib/lean:/home/phrxmaz/Documents/CyberAlchemy/.lake/packages/aesop/.lake/build/lib/lean:/home/phrxmaz/Documents/CyberAlchemy/.lake/packages/proofwidgets/.lake/build/lib/lean:/home/phrxmaz/Documents/CyberAlchemy/.lake/packages/importGraph/.lake/build/lib/lean:/home/phrxmaz/Documents/CyberAlchemy/.lake/packages/LeanSearchClient/.lake/build/lib/lean:/home/phrxmaz/Documents/CyberAlchemy/.lake/packages/plausible/.lake/build/lib/lean:/home/phrxmaz/Documents/CyberAlchemy/.lake/packages/mathlib/.lake/build/lib/lean:/home/phrxmaz/Documents/CyberAlchemy/.lake/build/lib/lean /home/phrxmaz/.elan/toolchains/leanprover--lean4---v4.29.1/bin/lean /home/phrxmaz/Documents/CyberAlchemy/LaRueProtorealAlgebra/ProtorealAxioms.lean -o /home/phrxmaz/Documents/CyberAlchemy/.lake/build/lib/lean/LaRueProtorealAlgebra/ProtorealAxioms.olean -i /home/phrxmaz/Documents/CyberAlchemy/.lake/build/lib/lean/LaRueProtorealAlgebra/ProtorealAxioms.ilean -c /home/phrxmaz/Documents/CyberAlchemy/.lake/build/ir/LaRueProtorealAlgebra/ProtorealAxioms.c --setup /home/phrxmaz/Documents/CyberAlchemy/.lake/build/ir/LaRueProtorealAlgebra/ProtorealAxioms.setup.json --json
error: LaRueProtorealAlgebra/ProtorealAxioms.lean:2:0: invalid 'import' command, it must be used in the beginning of the file
error: Lean exited with code 1
✖ [124/202] Building LaRueProtorealAlgebra.ProtorealFFT (156ms)
trace: .> LEAN_PATH=/home/phrxmaz/Documents/CyberAlchemy/.lake/packages/Cli/.lake/build/lib/lean:/home/phrxmaz/Documents/CyberAlchemy/.lake/packages/batteries/.lake/build/lib/lean:/home/phrxmaz/Documents/CyberAlchemy/.lake/packages/Qq/.lake/build/lib/lean:/home/phrxmaz/Documents/CyberAlchemy/.lake/packages/aesop/.lake/build/lib/lean:/home/phrxmaz/Documents/CyberAlchemy/.lake/packages/proofwidgets/.lake/build/lib/lean:/home/phrxmaz/Documents/CyberAlchemy/.lake/packages/importGraph/.lake/build/lib/lean:/home/phrxmaz/Documents/CyberAlchemy/.lake/packages/LeanSearchClient/.lake/build/lib/lean:/home/phrxmaz/Documents/CyberAlchemy/.lake/packages/plausible/.lake/build/lib/lean:/home/phrxmaz/Documents/CyberAlchemy/.lake/packages/mathlib/.lake/build/lib/lean:/home/phrxmaz/Documents/CyberAlchemy/.lake/build/lib/lean /home/phrxmaz/.elan/toolchains/leanprover--lean4---v4.29.1/bin/lean /home/phrxmaz/Documents/CyberAlchemy/LaRueProtorealAlgebra/ProtorealFFT.lean -o /home/phrxmaz/Documents/CyberAlchemy/.lake/build/lib/lean/LaRueProtorealAlgebra/ProtorealFFT.olean -i /home/phrxmaz/Documents/CyberAlchemy/.lake/build/lib/lean/LaRueProtorealAlgebra/ProtorealFFT.ilean -c /home/phrxmaz/Documents/CyberAlchemy/.lake/build/ir/LaRueProtorealAlgebra/ProtorealFFT.c --setup /home/phrxmaz/Documents/CyberAlchemy/.lake/build/ir/LaRueProtorealAlgebra/ProtorealFFT.setup.json --json
error: LaRueProtorealAlgebra/ProtorealFFT.lean:2:0: invalid 'import' command, it must be used in the beginning of the file
error: Lean exited with code 1
✖ [125/202] Building LaRueProtorealAlgebra.ProtorealGraph (212ms)
trace: .> LEAN_PATH=/home/phrxmaz/Documents/CyberAlchemy/.lake/packages/Cli/.lake/build/lib/lean:/home/phrxmaz/Documents/CyberAlchemy/.lake/packages/batteries/.lake/build/lib/lean:/home/phrxmaz/Documents/CyberAlchemy/.lake/packages/Qq/.lake/build/lib/lean:/home/phrxmaz/Documents/CyberAlchemy/.lake/packages/aesop/.lake/build/lib/lean:/home/phrxmaz/Documents/CyberAlchemy/.lake/packages/proofwidgets/.lake/build/lib/lean:/home/phrxmaz/Documents/CyberAlchemy/.lake/packages/importGraph/.lake/build/lib/lean:/home/phrxmaz/Documents/CyberAlchemy/.lake/packages/LeanSearchClient/.lake/build/lib/lean:/home/phrxmaz/Documents/CyberAlchemy/.lake/packages/plausible/.lake/build/lib/lean:/home/phrxmaz/Documents/CyberAlchemy/.lake/packages/mathlib/.lake/build/lib/lean:/home/phrxmaz/Documents/CyberAlchemy/.lake/build/lib/lean /home/phrxmaz/.elan/toolchains/leanprover--lean4---v4.29.1/bin/lean /home/phrxmaz/Documents/CyberAlchemy/LaRueProtorealAlgebra/ProtorealGraph.lean -o /home/phrxmaz/Documents/CyberAlchemy/.lake/build/lib/lean/LaRueProtorealAlgebra/ProtorealGraph.olean -i /home/phrxmaz/Documents/CyberAlchemy/.lake/build/lib/lean/LaRueProtorealAlgebra/ProtorealGraph.ilean -c /home/phrxmaz/Documents/CyberAlchemy/.lake/build/ir/LaRueProtorealAlgebra/ProtorealGraph.c --setup /home/phrxmaz/Documents/CyberAlchemy/.lake/build/ir/LaRueProtorealAlgebra/ProtorealGraph.setup.json --json
error: LaRueProtorealAlgebra/ProtorealGraph.lean:2:0: invalid 'import' command, it must be used in the beginning of the file
error: Lean exited with code 1
✖ [126/202] Building LaRueProtorealAlgebra.ProtorealHyperbolic (209ms)
trace: .> LEAN_PATH=/home/phrxmaz/Documents/CyberAlchemy/.lake/packages/Cli/.lake/build/lib/lean:/home/phrxmaz/Documents/CyberAlchemy/.lake/packages/batteries/.lake/build/lib/lean:/home/phrxmaz/Documents/CyberAlchemy/.lake/packages/Qq/.lake/build/lib/lean:/home/phrxmaz/Documents/CyberAlchemy/.lake/packages/aesop/.lake/build/lib/lean:/home/phrxmaz/Documents/CyberAlchemy/.lake/packages/proofwidgets/.lake/build/lib/lean:/home/phrxmaz/Documents/CyberAlchemy/.lake/packages/importGraph/.lake/build/lib/lean:/home/phrxmaz/Documents/CyberAlchemy/.lake/packages/LeanSearchClient/.lake/build/lib/lean:/home/phrxmaz/Documents/CyberAlchemy/.lake/packages/plausible/.lake/build/lib/lean:/home/phrxmaz/Documents/CyberAlchemy/.lake/packages/mathlib/.lake/build/lib/lean:/home/phrxmaz/Documents/CyberAlchemy/.lake/build/lib/lean /home/phrxmaz/.elan/toolchains/leanprover--lean4---v4.29.1/bin/lean /home/phrxmaz/Documents/CyberAlchemy/LaRueProtorealAlgebra/ProtorealHyperbolic.lean -o /home/phrxmaz/Documents/CyberAlchemy/.lake/build/lib/lean/LaRueProtorealAlgebra/ProtorealHyperbolic.olean -i /home/phrxmaz/Documents/CyberAlchemy/.lake/build/lib/lean/LaRueProtorealAlgebra/ProtorealHyperbolic.ilean -c /home/phrxmaz/Documents/CyberAlchemy/.lake/build/ir/LaRueProtorealAlgebra/ProtorealHyperbolic.c --setup /home/phrxmaz/Documents/CyberAlchemy/.lake/build/ir/LaRueProtorealAlgebra/ProtorealHyperbolic.setup.json --json
error: LaRueProtorealAlgebra/ProtorealHyperbolic.lean:2:0: invalid 'import' command, it must be used in the beginning of the file
error: Lean exited with code 1
✖ [127/202] Building LaRueProtorealAlgebra.ProtorealManifold (189ms)
trace: .> LEAN_PATH=/home/phrxmaz/Documents/CyberAlchemy/.lake/packages/Cli/.lake/build/lib/lean:/home/phrxmaz/Documents/CyberAlchemy/.lake/packages/batteries/.lake/build/lib/lean:/home/phrxmaz/Documents/CyberAlchemy/.lake/packages/Qq/.lake/build/lib/lean:/home/phrxmaz/Documents/CyberAlchemy/.lake/packages/aesop/.lake/build/lib/lean:/home/phrxmaz/Documents/CyberAlchemy/.lake/packages/proofwidgets/.lake/build/lib/lean:/home/phrxmaz/Documents/CyberAlchemy/.lake/packages/importGraph/.lake/build/lib/lean:/home/phrxmaz/Documents/CyberAlchemy/.lake/packages/LeanSearchClient/.lake/build/lib/lean:/home/phrxmaz/Documents/CyberAlchemy/.lake/packages/plausible/.lake/build/lib/lean:/home/phrxmaz/Documents/CyberAlchemy/.lake/packages/mathlib/.lake/build/lib/lean:/home/phrxmaz/Documents/CyberAlchemy/.lake/build/lib/lean /home/phrxmaz/.elan/toolchains/leanprover--lean4---v4.29.1/bin/lean /home/phrxmaz/Documents/CyberAlchemy/LaRueProtorealAlgebra/ProtorealManifold.lean -o /home/phrxmaz/Documents/CyberAlchemy/.lake/build/lib/lean/LaRueProtorealAlgebra/ProtorealManifold.olean -i /home/phrxmaz/Documents/CyberAlchemy/.lake/build/lib/lean/LaRueProtorealAlgebra/ProtorealManifold.ilean -c /home/phrxmaz/Documents/CyberAlchemy/.lake/build/ir/LaRueProtorealAlgebra/ProtorealManifold.c --setup /home/phrxmaz/Documents/CyberAlchemy/.lake/build/ir/LaRueProtorealAlgebra/ProtorealManifold.setup.json --json
error: LaRueProtorealAlgebra/ProtorealManifold.lean:2:0: invalid 'import' command, it must be used in the beginning of the file
error: Lean exited with code 1
✖ [128/202] Building LaRueProtorealAlgebra.ProtorealMesh (188ms)
trace: .> LEAN_PATH=/home/phrxmaz/Documents/CyberAlchemy/.lake/packages/Cli/.lake/build/lib/lean:/home/phrxmaz/Documents/CyberAlchemy/.lake/packages/batteries/.lake/build/lib/lean:/home/phrxmaz/Documents/CyberAlchemy/.lake/packages/Qq/.lake/build/lib/lean:/home/phrxmaz/Documents/CyberAlchemy/.lake/packages/aesop/.lake/build/lib/lean:/home/phrxmaz/Documents/CyberAlchemy/.lake/packages/proofwidgets/.lake/build/lib/lean:/home/phrxmaz/Documents/CyberAlchemy/.lake/packages/importGraph/.lake/build/lib/lean:/home/phrxmaz/Documents/CyberAlchemy/.lake/packages/LeanSearchClient/.lake/build/lib/lean:/home/phrxmaz/Documents/CyberAlchemy/.lake/packages/plausible/.lake/build/lib/lean:/home/phrxmaz/Documents/CyberAlchemy/.lake/packages/mathlib/.lake/build/lib/lean:/home/phrxmaz/Documents/CyberAlchemy/.lake/build/lib/lean /home/phrxmaz/.elan/toolchains/leanprover--lean4---v4.29.1/bin/lean /home/phrxmaz/Documents/CyberAlchemy/LaRueProtorealAlgebra/ProtorealMesh.lean -o /home/phrxmaz/Documents/CyberAlchemy/.lake/build/lib/lean/LaRueProtorealAlgebra/ProtorealMesh.olean -i /home/phrxmaz/Documents/CyberAlchemy/.lake/build/lib/lean/LaRueProtorealAlgebra/ProtorealMesh.ilean -c /home/phrxmaz/Documents/CyberAlchemy/.lake/build/ir/LaRueProtorealAlgebra/ProtorealMesh.c --setup /home/phrxmaz/Documents/CyberAlchemy/.lake/build/ir/LaRueProtorealAlgebra/ProtorealMesh.setup.json --json
error: LaRueProtorealAlgebra/ProtorealMesh.lean:2:0: invalid 'import' command, it must be used in the beginning of the file
error: Lean exited with code 1
✖ [129/202] Building LaRueProtorealAlgebra.ProtorealNorm (219ms)
trace: .> LEAN_PATH=/home/phrxmaz/Documents/CyberAlchemy/.lake/packages/Cli/.lake/build/lib/lean:/home/phrxmaz/Documents/CyberAlchemy/.lake/packages/batteries/.lake/build/lib/lean:/home/phrxmaz/Documents/CyberAlchemy/.lake/packages/Qq/.lake/build/lib/lean:/home/phrxmaz/Documents/CyberAlchemy/.lake/packages/aesop/.lake/build/lib/lean:/home/phrxmaz/Documents/CyberAlchemy/.lake/packages/proofwidgets/.lake/build/lib/lean:/home/phrxmaz/Documents/CyberAlchemy/.lake/packages/importGraph/.lake/build/lib/lean:/home/phrxmaz/Documents/CyberAlchemy/.lake/packages/LeanSearchClient/.lake/build/lib/lean:/home/phrxmaz/Documents/CyberAlchemy/.lake/packages/plausible/.lake/build/lib/lean:/home/phrxmaz/Documents/CyberAlchemy/.lake/packages/mathlib/.lake/build/lib/lean:/home/phrxmaz/Documents/CyberAlchemy/.lake/build/lib/lean /home/phrxmaz/.elan/toolchains/leanprover--lean4---v4.29.1/bin/lean /home/phrxmaz/Documents/CyberAlchemy/LaRueProtorealAlgebra/ProtorealNorm.lean -o /home/phrxmaz/Documents/CyberAlchemy/.lake/build/lib/lean/LaRueProtorealAlgebra/ProtorealNorm.olean -i /home/phrxmaz/Documents/CyberAlchemy/.lake/build/lib/lean/LaRueProtorealAlgebra/ProtorealNorm.ilean -c /home/phrxmaz/Documents/CyberAlchemy/.lake/build/ir/LaRueProtorealAlgebra/ProtorealNorm.c --setup /home/phrxmaz/Documents/CyberAlchemy/.lake/build/ir/LaRueProtorealAlgebra/ProtorealNorm.setup.json --json
error: LaRueProtorealAlgebra/ProtorealNorm.lean:2:0: invalid 'import' command, it must be used in the beginning of the file
error: Lean exited with code 1
✖ [130/202] Building LaRueProtorealAlgebra.ProtorealOperator (207ms)
trace: .> LEAN_PATH=/home/phrxmaz/Documents/CyberAlchemy/.lake/packages/Cli/.lake/build/lib/lean:/home/phrxmaz/Documents/CyberAlchemy/.lake/packages/batteries/.lake/build/lib/lean:/home/phrxmaz/Documents/CyberAlchemy/.lake/packages/Qq/.lake/build/lib/lean:/home/phrxmaz/Documents/CyberAlchemy/.lake/packages/aesop/.lake/build/lib/lean:/home/phrxmaz/Documents/CyberAlchemy/.lake/packages/proofwidgets/.lake/build/lib/lean:/home/phrxmaz/Documents/CyberAlchemy/.lake/packages/importGraph/.lake/build/lib/lean:/home/phrxmaz/Documents/CyberAlchemy/.lake/packages/LeanSearchClient/.lake/build/lib/lean:/home/phrxmaz/Documents/CyberAlchemy/.lake/packages/plausible/.lake/build/lib/lean:/home/phrxmaz/Documents/CyberAlchemy/.lake/packages/mathlib/.lake/build/lib/lean:/home/phrxmaz/Documents/CyberAlchemy/.lake/build/lib/lean /home/phrxmaz/.elan/toolchains/leanprover--lean4---v4.29.1/bin/lean /home/phrxmaz/Documents/CyberAlchemy/LaRueProtorealAlgebra/ProtorealOperator.lean -o /home/phrxmaz/Documents/CyberAlchemy/.lake/build/lib/lean/LaRueProtorealAlgebra/ProtorealOperator.olean -i /home/phrxmaz/Documents/CyberAlchemy/.lake/build/lib/lean/LaRueProtorealAlgebra/ProtorealOperator.ilean -c /home/phrxmaz/Documents/CyberAlchemy/.lake/build/ir/LaRueProtorealAlgebra/ProtorealOperator.c --setup /home/phrxmaz/Documents/CyberAlchemy/.lake/build/ir/LaRueProtorealAlgebra/ProtorealOperator.setup.json --json
error: LaRueProtorealAlgebra/ProtorealOperator.lean:2:0: invalid 'import' command, it must be used in the beginning of the file
error: Lean exited with code 1
✖ [131/202] Building LaRueProtorealAlgebra.ProtorealParity (206ms)
trace: .> LEAN_PATH=/home/phrxmaz/Documents/CyberAlchemy/.lake/packages/Cli/.lake/build/lib/lean:/home/phrxmaz/Documents/CyberAlchemy/.lake/packages/batteries/.lake/build/lib/lean:/home/phrxmaz/Documents/CyberAlchemy/.lake/packages/Qq/.lake/build/lib/lean:/home/phrxmaz/Documents/CyberAlchemy/.lake/packages/aesop/.lake/build/lib/lean:/home/phrxmaz/Documents/CyberAlchemy/.lake/packages/proofwidgets/.lake/build/lib/lean:/home/phrxmaz/Documents/CyberAlchemy/.lake/packages/importGraph/.lake/build/lib/lean:/home/phrxmaz/Documents/CyberAlchemy/.lake/packages/LeanSearchClient/.lake/build/lib/lean:/home/phrxmaz/Documents/CyberAlchemy/.lake/packages/plausible/.lake/build/lib/lean:/home/phrxmaz/Documents/CyberAlchemy/.lake/packages/mathlib/.lake/build/lib/lean:/home/phrxmaz/Documents/CyberAlchemy/.lake/build/lib/lean /home/phrxmaz/.elan/toolchains/leanprover--lean4---v4.29.1/bin/lean /home/phrxmaz/Documents/CyberAlchemy/LaRueProtorealAlgebra/ProtorealParity.lean -o /home/phrxmaz/Documents/CyberAlchemy/.lake/build/lib/lean/LaRueProtorealAlgebra/ProtorealParity.olean -i /home/phrxmaz/Documents/CyberAlchemy/.lake/build/lib/lean/LaRueProtorealAlgebra/ProtorealParity.ilean -c /home/phrxmaz/Documents/CyberAlchemy/.lake/build/ir/LaRueProtorealAlgebra/ProtorealParity.c --setup /home/phrxmaz/Documents/CyberAlchemy/.lake/build/ir/LaRueProtorealAlgebra/ProtorealParity.setup.json --json
error: LaRueProtorealAlgebra/ProtorealParity.lean:2:0: invalid 'import' command, it must be used in the beginning of the file
error: Lean exited with code 1
✖ [132/202] Building LaRueProtorealAlgebra.ProtorealTrig (193ms)
trace: .> LEAN_PATH=/home/phrxmaz/Documents/CyberAlchemy/.lake/packages/Cli/.lake/build/lib/lean:/home/phrxmaz/Documents/CyberAlchemy/.lake/packages/batteries/.lake/build/lib/lean:/home/phrxmaz/Documents/CyberAlchemy/.lake/packages/Qq/.lake/build/lib/lean:/home/phrxmaz/Documents/CyberAlchemy/.lake/packages/aesop/.lake/build/lib/lean:/home/phrxmaz/Documents/CyberAlchemy/.lake/packages/proofwidgets/.lake/build/lib/lean:/home/phrxmaz/Documents/CyberAlchemy/.lake/packages/importGraph/.lake/build/lib/lean:/home/phrxmaz/Documents/CyberAlchemy/.lake/packages/LeanSearchClient/.lake/build/lib/lean:/home/phrxmaz/Documents/CyberAlchemy/.lake/packages/plausible/.lake/build/lib/lean:/home/phrxmaz/Documents/CyberAlchemy/.lake/packages/mathlib/.lake/build/lib/lean:/home/phrxmaz/Documents/CyberAlchemy/.lake/build/lib/lean /home/phrxmaz/.elan/toolchains/leanprover--lean4---v4.29.1/bin/lean /home/phrxmaz/Documents/CyberAlchemy/LaRueProtorealAlgebra/ProtorealTrig.lean -o /home/phrxmaz/Documents/CyberAlchemy/.lake/build/lib/lean/LaRueProtorealAlgebra/ProtorealTrig.olean -i /home/phrxmaz/Documents/CyberAlchemy/.lake/build/lib/lean/LaRueProtorealAlgebra/ProtorealTrig.ilean -c /home/phrxmaz/Documents/CyberAlchemy/.lake/build/ir/LaRueProtorealAlgebra/ProtorealTrig.c --setup /home/phrxmaz/Documents/CyberAlchemy/.lake/build/ir/LaRueProtorealAlgebra/ProtorealTrig.setup.json --json
error: LaRueProtorealAlgebra/ProtorealTrig.lean:2:0: invalid 'import' command, it must be used in the beginning of the file
error: Lean exited with code 1
✖ [133/202] Building LaRueProtorealAlgebra.QuantumErrorCorrection (187ms)
trace: .> LEAN_PATH=/home/phrxmaz/Documents/CyberAlchemy/.lake/packages/Cli/.lake/build/lib/lean:/home/phrxmaz/Documents/CyberAlchemy/.lake/packages/batteries/.lake/build/lib/lean:/home/phrxmaz/Documents/CyberAlchemy/.lake/packages/Qq/.lake/build/lib/lean:/home/phrxmaz/Documents/CyberAlchemy/.lake/packages/aesop/.lake/build/lib/lean:/home/phrxmaz/Documents/CyberAlchemy/.lake/packages/proofwidgets/.lake/build/lib/lean:/home/phrxmaz/Documents/CyberAlchemy/.lake/packages/importGraph/.lake/build/lib/lean:/home/phrxmaz/Documents/CyberAlchemy/.lake/packages/LeanSearchClient/.lake/build/lib/lean:/home/phrxmaz/Documents/CyberAlchemy/.lake/packages/plausible/.lake/build/lib/lean:/home/phrxmaz/Documents/CyberAlchemy/.lake/packages/mathlib/.lake/build/lib/lean:/home/phrxmaz/Documents/CyberAlchemy/.lake/build/lib/lean /home/phrxmaz/.elan/toolchains/leanprover--lean4---v4.29.1/bin/lean /home/phrxmaz/Documents/CyberAlchemy/LaRueProtorealAlgebra/QuantumErrorCorrection.lean -o /home/phrxmaz/Documents/CyberAlchemy/.lake/build/lib/lean/LaRueProtorealAlgebra/QuantumErrorCorrection.olean -i /home/phrxmaz/Documents/CyberAlchemy/.lake/build/lib/lean/LaRueProtorealAlgebra/QuantumErrorCorrection.ilean -c /home/phrxmaz/Documents/CyberAlchemy/.lake/build/ir/LaRueProtorealAlgebra/QuantumErrorCorrection.c --setup /home/phrxmaz/Documents/CyberAlchemy/.lake/build/ir/LaRueProtorealAlgebra/QuantumErrorCorrection.setup.json --json
error: LaRueProtorealAlgebra/QuantumErrorCorrection.lean:2:0: invalid 'import' command, it must be used in the beginning of the file
error: Lean exited with code 1
✖ [134/202] Building LaRueProtorealAlgebra.RelativisticContinuum (167ms)
trace: .> LEAN_PATH=/home/phrxmaz/Documents/CyberAlchemy/.lake/packages/Cli/.lake/build/lib/lean:/home/phrxmaz/Documents/CyberAlchemy/.lake/packages/batteries/.lake/build/lib/lean:/home/phrxmaz/Documents/CyberAlchemy/.lake/packages/Qq/.lake/build/lib/lean:/home/phrxmaz/Documents/CyberAlchemy/.lake/packages/aesop/.lake/build/lib/lean:/home/phrxmaz/Documents/CyberAlchemy/.lake/packages/proofwidgets/.lake/build/lib/lean:/home/phrxmaz/Documents/CyberAlchemy/.lake/packages/importGraph/.lake/build/lib/lean:/home/phrxmaz/Documents/CyberAlchemy/.lake/packages/LeanSearchClient/.lake/build/lib/lean:/home/phrxmaz/Documents/CyberAlchemy/.lake/packages/plausible/.lake/build/lib/lean:/home/phrxmaz/Documents/CyberAlchemy/.lake/packages/mathlib/.lake/build/lib/lean:/home/phrxmaz/Documents/CyberAlchemy/.lake/build/lib/lean /home/phrxmaz/.elan/toolchains/leanprover--lean4---v4.29.1/bin/lean /home/phrxmaz/Documents/CyberAlchemy/LaRueProtorealAlgebra/RelativisticContinuum.lean -o /home/phrxmaz/Documents/CyberAlchemy/.lake/build/lib/lean/LaRueProtorealAlgebra/RelativisticContinuum.olean -i /home/phrxmaz/Documents/CyberAlchemy/.lake/build/lib/lean/LaRueProtorealAlgebra/RelativisticContinuum.ilean -c /home/phrxmaz/Documents/CyberAlchemy/.lake/build/ir/LaRueProtorealAlgebra/RelativisticContinuum.c --setup /home/phrxmaz/Documents/CyberAlchemy/.lake/build/ir/LaRueProtorealAlgebra/RelativisticContinuum.setup.json --json
error: LaRueProtorealAlgebra/RelativisticContinuum.lean:2:0: invalid 'import' command, it must be used in the beginning of the file
error: Lean exited with code 1
✖ [135/202] Building LaRueProtorealAlgebra.ResonantCurriculum (169ms)
trace: .> LEAN_PATH=/home/phrxmaz/Documents/CyberAlchemy/.lake/packages/Cli/.lake/build/lib/lean:/home/phrxmaz/Documents/CyberAlchemy/.lake/packages/batteries/.lake/build/lib/lean:/home/phrxmaz/Documents/CyberAlchemy/.lake/packages/Qq/.lake/build/lib/lean:/home/phrxmaz/Documents/CyberAlchemy/.lake/packages/aesop/.lake/build/lib/lean:/home/phrxmaz/Documents/CyberAlchemy/.lake/packages/proofwidgets/.lake/build/lib/lean:/home/phrxmaz/Documents/CyberAlchemy/.lake/packages/importGraph/.lake/build/lib/lean:/home/phrxmaz/Documents/CyberAlchemy/.lake/packages/LeanSearchClient/.lake/build/lib/lean:/home/phrxmaz/Documents/CyberAlchemy/.lake/packages/plausible/.lake/build/lib/lean:/home/phrxmaz/Documents/CyberAlchemy/.lake/packages/mathlib/.lake/build/lib/lean:/home/phrxmaz/Documents/CyberAlchemy/.lake/build/lib/lean /home/phrxmaz/.elan/toolchains/leanprover--lean4---v4.29.1/bin/lean /home/phrxmaz/Documents/CyberAlchemy/LaRueProtorealAlgebra/ResonantCurriculum.lean -o /home/phrxmaz/Documents/CyberAlchemy/.lake/build/lib/lean/LaRueProtorealAlgebra/ResonantCurriculum.olean -i /home/phrxmaz/Documents/CyberAlchemy/.lake/build/lib/lean/LaRueProtorealAlgebra/ResonantCurriculum.ilean -c /home/phrxmaz/Documents/CyberAlchemy/.lake/build/ir/LaRueProtorealAlgebra/ResonantCurriculum.c --setup /home/phrxmaz/Documents/CyberAlchemy/.lake/build/ir/LaRueProtorealAlgebra/ResonantCurriculum.setup.json --json
error: LaRueProtorealAlgebra/ResonantCurriculum.lean:2:0: invalid 'import' command, it must be used in the beginning of the file
error: Lean exited with code 1
✖ [136/202] Building LaRueProtorealAlgebra.RiemannFunctionalEquation (199ms)
trace: .> LEAN_PATH=/home/phrxmaz/Documents/CyberAlchemy/.lake/packages/Cli/.lake/build/lib/lean:/home/phrxmaz/Documents/CyberAlchemy/.lake/packages/batteries/.lake/build/lib/lean:/home/phrxmaz/Documents/CyberAlchemy/.lake/packages/Qq/.lake/build/lib/lean:/home/phrxmaz/Documents/CyberAlchemy/.lake/packages/aesop/.lake/build/lib/lean:/home/phrxmaz/Documents/CyberAlchemy/.lake/packages/proofwidgets/.lake/build/lib/lean:/home/phrxmaz/Documents/CyberAlchemy/.lake/packages/importGraph/.lake/build/lib/lean:/home/phrxmaz/Documents/CyberAlchemy/.lake/packages/LeanSearchClient/.lake/build/lib/lean:/home/phrxmaz/Documents/CyberAlchemy/.lake/packages/plausible/.lake/build/lib/lean:/home/phrxmaz/Documents/CyberAlchemy/.lake/packages/mathlib/.lake/build/lib/lean:/home/phrxmaz/Documents/CyberAlchemy/.lake/build/lib/lean /home/phrxmaz/.elan/toolchains/leanprover--lean4---v4.29.1/bin/lean /home/phrxmaz/Documents/CyberAlchemy/LaRueProtorealAlgebra/RiemannFunctionalEquation.lean -o /home/phrxmaz/Documents/CyberAlchemy/.lake/build/lib/lean/LaRueProtorealAlgebra/RiemannFunctionalEquation.olean -i /home/phrxmaz/Documents/CyberAlchemy/.lake/build/lib/lean/LaRueProtorealAlgebra/RiemannFunctionalEquation.ilean -c /home/phrxmaz/Documents/CyberAlchemy/.lake/build/ir/LaRueProtorealAlgebra/RiemannFunctionalEquation.c --setup /home/phrxmaz/Documents/CyberAlchemy/.lake/build/ir/LaRueProtorealAlgebra/RiemannFunctionalEquation.setup.json --json
error: LaRueProtorealAlgebra/RiemannFunctionalEquation.lean:2:0: invalid 'import' command, it must be used in the beginning of the file
error: Lean exited with code 1
✖ [137/202] Building LaRueProtorealAlgebra.RiemannSolution (186ms)
trace: .> LEAN_PATH=/home/phrxmaz/Documents/CyberAlchemy/.lake/packages/Cli/.lake/build/lib/lean:/home/phrxmaz/Documents/CyberAlchemy/.lake/packages/batteries/.lake/build/lib/lean:/home/phrxmaz/Documents/CyberAlchemy/.lake/packages/Qq/.lake/build/lib/lean:/home/phrxmaz/Documents/CyberAlchemy/.lake/packages/aesop/.lake/build/lib/lean:/home/phrxmaz/Documents/CyberAlchemy/.lake/packages/proofwidgets/.lake/build/lib/lean:/home/phrxmaz/Documents/CyberAlchemy/.lake/packages/importGraph/.lake/build/lib/lean:/home/phrxmaz/Documents/CyberAlchemy/.lake/packages/LeanSearchClient/.lake/build/lib/lean:/home/phrxmaz/Documents/CyberAlchemy/.lake/packages/plausible/.lake/build/lib/lean:/home/phrxmaz/Documents/CyberAlchemy/.lake/packages/mathlib/.lake/build/lib/lean:/home/phrxmaz/Documents/CyberAlchemy/.lake/build/lib/lean /home/phrxmaz/.elan/toolchains/leanprover--lean4---v4.29.1/bin/lean /home/phrxmaz/Documents/CyberAlchemy/LaRueProtorealAlgebra/RiemannSolution.lean -o /home/phrxmaz/Documents/CyberAlchemy/.lake/build/lib/lean/LaRueProtorealAlgebra/RiemannSolution.olean -i /home/phrxmaz/Documents/CyberAlchemy/.lake/build/lib/lean/LaRueProtorealAlgebra/RiemannSolution.ilean -c /home/phrxmaz/Documents/CyberAlchemy/.lake/build/ir/LaRueProtorealAlgebra/RiemannSolution.c --setup /home/phrxmaz/Documents/CyberAlchemy/.lake/build/ir/LaRueProtorealAlgebra/RiemannSolution.setup.json --json
error: LaRueProtorealAlgebra/RiemannSolution.lean:2:0: invalid 'import' command, it must be used in the beginning of the file
error: Lean exited with code 1
✖ [138/202] Building LaRueProtorealAlgebra.Rigidity (212ms)
trace: .> LEAN_PATH=/home/phrxmaz/Documents/CyberAlchemy/.lake/packages/Cli/.lake/build/lib/lean:/home/phrxmaz/Documents/CyberAlchemy/.lake/packages/batteries/.lake/build/lib/lean:/home/phrxmaz/Documents/CyberAlchemy/.lake/packages/Qq/.lake/build/lib/lean:/home/phrxmaz/Documents/CyberAlchemy/.lake/packages/aesop/.lake/build/lib/lean:/home/phrxmaz/Documents/CyberAlchemy/.lake/packages/proofwidgets/.lake/build/lib/lean:/home/phrxmaz/Documents/CyberAlchemy/.lake/packages/importGraph/.lake/build/lib/lean:/home/phrxmaz/Documents/CyberAlchemy/.lake/packages/LeanSearchClient/.lake/build/lib/lean:/home/phrxmaz/Documents/CyberAlchemy/.lake/packages/plausible/.lake/build/lib/lean:/home/phrxmaz/Documents/CyberAlchemy/.lake/packages/mathlib/.lake/build/lib/lean:/home/phrxmaz/Documents/CyberAlchemy/.lake/build/lib/lean /home/phrxmaz/.elan/toolchains/leanprover--lean4---v4.29.1/bin/lean /home/phrxmaz/Documents/CyberAlchemy/LaRueProtorealAlgebra/Rigidity.lean -o /home/phrxmaz/Documents/CyberAlchemy/.lake/build/lib/lean/LaRueProtorealAlgebra/Rigidity.olean -i /home/phrxmaz/Documents/CyberAlchemy/.lake/build/lib/lean/LaRueProtorealAlgebra/Rigidity.ilean -c /home/phrxmaz/Documents/CyberAlchemy/.lake/build/ir/LaRueProtorealAlgebra/Rigidity.c --setup /home/phrxmaz/Documents/CyberAlchemy/.lake/build/ir/LaRueProtorealAlgebra/Rigidity.setup.json --json
error: LaRueProtorealAlgebra/Rigidity.lean:2:0: invalid 'import' command, it must be used in the beginning of the file
error: Lean exited with code 1
✖ [139/202] Building LaRueProtorealAlgebra.SaeptationPrune (220ms)
trace: .> LEAN_PATH=/home/phrxmaz/Documents/CyberAlchemy/.lake/packages/Cli/.lake/build/lib/lean:/home/phrxmaz/Documents/CyberAlchemy/.lake/packages/batteries/.lake/build/lib/lean:/home/phrxmaz/Documents/CyberAlchemy/.lake/packages/Qq/.lake/build/lib/lean:/home/phrxmaz/Documents/CyberAlchemy/.lake/packages/aesop/.lake/build/lib/lean:/home/phrxmaz/Documents/CyberAlchemy/.lake/packages/proofwidgets/.lake/build/lib/lean:/home/phrxmaz/Documents/CyberAlchemy/.lake/packages/importGraph/.lake/build/lib/lean:/home/phrxmaz/Documents/CyberAlchemy/.lake/packages/LeanSearchClient/.lake/build/lib/lean:/home/phrxmaz/Documents/CyberAlchemy/.lake/packages/plausible/.lake/build/lib/lean:/home/phrxmaz/Documents/CyberAlchemy/.lake/packages/mathlib/.lake/build/lib/lean:/home/phrxmaz/Documents/CyberAlchemy/.lake/build/lib/lean /home/phrxmaz/.elan/toolchains/leanprover--lean4---v4.29.1/bin/lean /home/phrxmaz/Documents/CyberAlchemy/LaRueProtorealAlgebra/SaeptationPrune.lean -o /home/phrxmaz/Documents/CyberAlchemy/.lake/build/lib/lean/LaRueProtorealAlgebra/SaeptationPrune.olean -i /home/phrxmaz/Documents/CyberAlchemy/.lake/build/lib/lean/LaRueProtorealAlgebra/SaeptationPrune.ilean -c /home/phrxmaz/Documents/CyberAlchemy/.lake/build/ir/LaRueProtorealAlgebra/SaeptationPrune.c --setup /home/phrxmaz/Documents/CyberAlchemy/.lake/build/ir/LaRueProtorealAlgebra/SaeptationPrune.setup.json --json
error: LaRueProtorealAlgebra/SaeptationPrune.lean:2:0: invalid 'import' command, it must be used in the beginning of the file
error: Lean exited with code 1
✖ [140/202] Building LaRueProtorealAlgebra.SafetyBounds (219ms)
trace: .> LEAN_PATH=/home/phrxmaz/Documents/CyberAlchemy/.lake/packages/Cli/.lake/build/lib/lean:/home/phrxmaz/Documents/CyberAlchemy/.lake/packages/batteries/.lake/build/lib/lean:/home/phrxmaz/Documents/CyberAlchemy/.lake/packages/Qq/.lake/build/lib/lean:/home/phrxmaz/Documents/CyberAlchemy/.lake/packages/aesop/.lake/build/lib/lean:/home/phrxmaz/Documents/CyberAlchemy/.lake/packages/proofwidgets/.lake/build/lib/lean:/home/phrxmaz/Documents/CyberAlchemy/.lake/packages/importGraph/.lake/build/lib/lean:/home/phrxmaz/Documents/CyberAlchemy/.lake/packages/LeanSearchClient/.lake/build/lib/lean:/home/phrxmaz/Documents/CyberAlchemy/.lake/packages/plausible/.lake/build/lib/lean:/home/phrxmaz/Documents/CyberAlchemy/.lake/packages/mathlib/.lake/build/lib/lean:/home/phrxmaz/Documents/CyberAlchemy/.lake/build/lib/lean /home/phrxmaz/.elan/toolchains/leanprover--lean4---v4.29.1/bin/lean /home/phrxmaz/Documents/CyberAlchemy/LaRueProtorealAlgebra/SafetyBounds.lean -o /home/phrxmaz/Documents/CyberAlchemy/.lake/build/lib/lean/LaRueProtorealAlgebra/SafetyBounds.olean -i /home/phrxmaz/Documents/CyberAlchemy/.lake/build/lib/lean/LaRueProtorealAlgebra/SafetyBounds.ilean -c /home/phrxmaz/Documents/CyberAlchemy/.lake/build/ir/LaRueProtorealAlgebra/SafetyBounds.c --setup /home/phrxmaz/Documents/CyberAlchemy/.lake/build/ir/LaRueProtorealAlgebra/SafetyBounds.setup.json --json
error: LaRueProtorealAlgebra/SafetyBounds.lean:2:0: invalid 'import' command, it must be used in the beginning of the file
error: Lean exited with code 1
✖ [141/202] Building LaRueProtorealAlgebra.SavageProbability (158ms)
trace: .> LEAN_PATH=/home/phrxmaz/Documents/CyberAlchemy/.lake/packages/Cli/.lake/build/lib/lean:/home/phrxmaz/Documents/CyberAlchemy/.lake/packages/batteries/.lake/build/lib/lean:/home/phrxmaz/Documents/CyberAlchemy/.lake/packages/Qq/.lake/build/lib/lean:/home/phrxmaz/Documents/CyberAlchemy/.lake/packages/aesop/.lake/build/lib/lean:/home/phrxmaz/Documents/CyberAlchemy/.lake/packages/proofwidgets/.lake/build/lib/lean:/home/phrxmaz/Documents/CyberAlchemy/.lake/packages/importGraph/.lake/build/lib/lean:/home/phrxmaz/Documents/CyberAlchemy/.lake/packages/LeanSearchClient/.lake/build/lib/lean:/home/phrxmaz/Documents/CyberAlchemy/.lake/packages/plausible/.lake/build/lib/lean:/home/phrxmaz/Documents/CyberAlchemy/.lake/packages/mathlib/.lake/build/lib/lean:/home/phrxmaz/Documents/CyberAlchemy/.lake/build/lib/lean /home/phrxmaz/.elan/toolchains/leanprover--lean4---v4.29.1/bin/lean /home/phrxmaz/Documents/CyberAlchemy/LaRueProtorealAlgebra/SavageProbability.lean -o /home/phrxmaz/Documents/CyberAlchemy/.lake/build/lib/lean/LaRueProtorealAlgebra/SavageProbability.olean -i /home/phrxmaz/Documents/CyberAlchemy/.lake/build/lib/lean/LaRueProtorealAlgebra/SavageProbability.ilean -c /home/phrxmaz/Documents/CyberAlchemy/.lake/build/ir/LaRueProtorealAlgebra/SavageProbability.c --setup /home/phrxmaz/Documents/CyberAlchemy/.lake/build/ir/LaRueProtorealAlgebra/SavageProbability.setup.json --json
error: LaRueProtorealAlgebra/SavageProbability.lean:2:0: invalid 'import' command, it must be used in the beginning of the file
error: Lean exited with code 1
✖ [142/202] Building LaRueProtorealAlgebra.SavageUtility (183ms)
trace: .> LEAN_PATH=/home/phrxmaz/Documents/CyberAlchemy/.lake/packages/Cli/.lake/build/lib/lean:/home/phrxmaz/Documents/CyberAlchemy/.lake/packages/batteries/.lake/build/lib/lean:/home/phrxmaz/Documents/CyberAlchemy/.lake/packages/Qq/.lake/build/lib/lean:/home/phrxmaz/Documents/CyberAlchemy/.lake/packages/aesop/.lake/build/lib/lean:/home/phrxmaz/Documents/CyberAlchemy/.lake/packages/proofwidgets/.lake/build/lib/lean:/home/phrxmaz/Documents/CyberAlchemy/.lake/packages/importGraph/.lake/build/lib/lean:/home/phrxmaz/Documents/CyberAlchemy/.lake/packages/LeanSearchClient/.lake/build/lib/lean:/home/phrxmaz/Documents/CyberAlchemy/.lake/packages/plausible/.lake/build/lib/lean:/home/phrxmaz/Documents/CyberAlchemy/.lake/packages/mathlib/.lake/build/lib/lean:/home/phrxmaz/Documents/CyberAlchemy/.lake/build/lib/lean /home/phrxmaz/.elan/toolchains/leanprover--lean4---v4.29.1/bin/lean /home/phrxmaz/Documents/CyberAlchemy/LaRueProtorealAlgebra/SavageUtility.lean -o /home/phrxmaz/Documents/CyberAlchemy/.lake/build/lib/lean/LaRueProtorealAlgebra/SavageUtility.olean -i /home/phrxmaz/Documents/CyberAlchemy/.lake/build/lib/lean/LaRueProtorealAlgebra/SavageUtility.ilean -c /home/phrxmaz/Documents/CyberAlchemy/.lake/build/ir/LaRueProtorealAlgebra/SavageUtility.c --setup /home/phrxmaz/Documents/CyberAlchemy/.lake/build/ir/LaRueProtorealAlgebra/SavageUtility.setup.json --json
error: LaRueProtorealAlgebra/SavageUtility.lean:2:0: invalid 'import' command, it must be used in the beginning of the file
error: Lean exited with code 1
✖ [143/202] Building LaRueProtorealAlgebra.Semisimple (180ms)
trace: .> LEAN_PATH=/home/phrxmaz/Documents/CyberAlchemy/.lake/packages/Cli/.lake/build/lib/lean:/home/phrxmaz/Documents/CyberAlchemy/.lake/packages/batteries/.lake/build/lib/lean:/home/phrxmaz/Documents/CyberAlchemy/.lake/packages/Qq/.lake/build/lib/lean:/home/phrxmaz/Documents/CyberAlchemy/.lake/packages/aesop/.lake/build/lib/lean:/home/phrxmaz/Documents/CyberAlchemy/.lake/packages/proofwidgets/.lake/build/lib/lean:/home/phrxmaz/Documents/CyberAlchemy/.lake/packages/importGraph/.lake/build/lib/lean:/home/phrxmaz/Documents/CyberAlchemy/.lake/packages/LeanSearchClient/.lake/build/lib/lean:/home/phrxmaz/Documents/CyberAlchemy/.lake/packages/plausible/.lake/build/lib/lean:/home/phrxmaz/Documents/CyberAlchemy/.lake/packages/mathlib/.lake/build/lib/lean:/home/phrxmaz/Documents/CyberAlchemy/.lake/build/lib/lean /home/phrxmaz/.elan/toolchains/leanprover--lean4---v4.29.1/bin/lean /home/phrxmaz/Documents/CyberAlchemy/LaRueProtorealAlgebra/Semisimple.lean -o /home/phrxmaz/Documents/CyberAlchemy/.lake/build/lib/lean/LaRueProtorealAlgebra/Semisimple.olean -i /home/phrxmaz/Documents/CyberAlchemy/.lake/build/lib/lean/LaRueProtorealAlgebra/Semisimple.ilean -c /home/phrxmaz/Documents/CyberAlchemy/.lake/build/ir/LaRueProtorealAlgebra/Semisimple.c --setup /home/phrxmaz/Documents/CyberAlchemy/.lake/build/ir/LaRueProtorealAlgebra/Semisimple.setup.json --json
error: LaRueProtorealAlgebra/Semisimple.lean:2:0: invalid 'import' command, it must be used in the beginning of the file
error: Lean exited with code 1
✖ [144/202] Building LaRueProtorealAlgebra.SensorySheaf (155ms)
trace: .> LEAN_PATH=/home/phrxmaz/Documents/CyberAlchemy/.lake/packages/Cli/.lake/build/lib/lean:/home/phrxmaz/Documents/CyberAlchemy/.lake/packages/batteries/.lake/build/lib/lean:/home/phrxmaz/Documents/CyberAlchemy/.lake/packages/Qq/.lake/build/lib/lean:/home/phrxmaz/Documents/CyberAlchemy/.lake/packages/aesop/.lake/build/lib/lean:/home/phrxmaz/Documents/CyberAlchemy/.lake/packages/proofwidgets/.lake/build/lib/lean:/home/phrxmaz/Documents/CyberAlchemy/.lake/packages/importGraph/.lake/build/lib/lean:/home/phrxmaz/Documents/CyberAlchemy/.lake/packages/LeanSearchClient/.lake/build/lib/lean:/home/phrxmaz/Documents/CyberAlchemy/.lake/packages/plausible/.lake/build/lib/lean:/home/phrxmaz/Documents/CyberAlchemy/.lake/packages/mathlib/.lake/build/lib/lean:/home/phrxmaz/Documents/CyberAlchemy/.lake/build/lib/lean /home/phrxmaz/.elan/toolchains/leanprover--lean4---v4.29.1/bin/lean /home/phrxmaz/Documents/CyberAlchemy/LaRueProtorealAlgebra/SensorySheaf.lean -o /home/phrxmaz/Documents/CyberAlchemy/.lake/build/lib/lean/LaRueProtorealAlgebra/SensorySheaf.olean -i /home/phrxmaz/Documents/CyberAlchemy/.lake/build/lib/lean/LaRueProtorealAlgebra/SensorySheaf.ilean -c /home/phrxmaz/Documents/CyberAlchemy/.lake/build/ir/LaRueProtorealAlgebra/SensorySheaf.c --setup /home/phrxmaz/Documents/CyberAlchemy/.lake/build/ir/LaRueProtorealAlgebra/SensorySheaf.setup.json --json
error: LaRueProtorealAlgebra/SensorySheaf.lean:2:0: invalid 'import' command, it must be used in the beginning of the file
error: Lean exited with code 1
✖ [145/202] Building LaRueProtorealAlgebra.SchwarzianTruth (216ms)
trace: .> LEAN_PATH=/home/phrxmaz/Documents/CyberAlchemy/.lake/packages/Cli/.lake/build/lib/lean:/home/phrxmaz/Documents/CyberAlchemy/.lake/packages/batteries/.lake/build/lib/lean:/home/phrxmaz/Documents/CyberAlchemy/.lake/packages/Qq/.lake/build/lib/lean:/home/phrxmaz/Documents/CyberAlchemy/.lake/packages/aesop/.lake/build/lib/lean:/home/phrxmaz/Documents/CyberAlchemy/.lake/packages/proofwidgets/.lake/build/lib/lean:/home/phrxmaz/Documents/CyberAlchemy/.lake/packages/importGraph/.lake/build/lib/lean:/home/phrxmaz/Documents/CyberAlchemy/.lake/packages/LeanSearchClient/.lake/build/lib/lean:/home/phrxmaz/Documents/CyberAlchemy/.lake/packages/plausible/.lake/build/lib/lean:/home/phrxmaz/Documents/CyberAlchemy/.lake/packages/mathlib/.lake/build/lib/lean:/home/phrxmaz/Documents/CyberAlchemy/.lake/build/lib/lean /home/phrxmaz/.elan/toolchains/leanprover--lean4---v4.29.1/bin/lean /home/phrxmaz/Documents/CyberAlchemy/LaRueProtorealAlgebra/SchwarzianTruth.lean -o /home/phrxmaz/Documents/CyberAlchemy/.lake/build/lib/lean/LaRueProtorealAlgebra/SchwarzianTruth.olean -i /home/phrxmaz/Documents/CyberAlchemy/.lake/build/lib/lean/LaRueProtorealAlgebra/SchwarzianTruth.ilean -c /home/phrxmaz/Documents/CyberAlchemy/.lake/build/ir/LaRueProtorealAlgebra/SchwarzianTruth.c --setup /home/phrxmaz/Documents/CyberAlchemy/.lake/build/ir/LaRueProtorealAlgebra/SchwarzianTruth.setup.json --json
error: LaRueProtorealAlgebra/SchwarzianTruth.lean:2:0: invalid 'import' command, it must be used in the beginning of the file
error: Lean exited with code 1
✖ [146/202] Building LaRueProtorealAlgebra.SecurityMorphism (207ms)
trace: .> LEAN_PATH=/home/phrxmaz/Documents/CyberAlchemy/.lake/packages/Cli/.lake/build/lib/lean:/home/phrxmaz/Documents/CyberAlchemy/.lake/packages/batteries/.lake/build/lib/lean:/home/phrxmaz/Documents/CyberAlchemy/.lake/packages/Qq/.lake/build/lib/lean:/home/phrxmaz/Documents/CyberAlchemy/.lake/packages/aesop/.lake/build/lib/lean:/home/phrxmaz/Documents/CyberAlchemy/.lake/packages/proofwidgets/.lake/build/lib/lean:/home/phrxmaz/Documents/CyberAlchemy/.lake/packages/importGraph/.lake/build/lib/lean:/home/phrxmaz/Documents/CyberAlchemy/.lake/packages/LeanSearchClient/.lake/build/lib/lean:/home/phrxmaz/Documents/CyberAlchemy/.lake/packages/plausible/.lake/build/lib/lean:/home/phrxmaz/Documents/CyberAlchemy/.lake/packages/mathlib/.lake/build/lib/lean:/home/phrxmaz/Documents/CyberAlchemy/.lake/build/lib/lean /home/phrxmaz/.elan/toolchains/leanprover--lean4---v4.29.1/bin/lean /home/phrxmaz/Documents/CyberAlchemy/LaRueProtorealAlgebra/SecurityMorphism.lean -o /home/phrxmaz/Documents/CyberAlchemy/.lake/build/lib/lean/LaRueProtorealAlgebra/SecurityMorphism.olean -i /home/phrxmaz/Documents/CyberAlchemy/.lake/build/lib/lean/LaRueProtorealAlgebra/SecurityMorphism.ilean -c /home/phrxmaz/Documents/CyberAlchemy/.lake/build/ir/LaRueProtorealAlgebra/SecurityMorphism.c --setup /home/phrxmaz/Documents/CyberAlchemy/.lake/build/ir/LaRueProtorealAlgebra/SecurityMorphism.setup.json --json
error: LaRueProtorealAlgebra/SecurityMorphism.lean:2:0: invalid 'import' command, it must be used in the beginning of the file
error: Lean exited with code 1
✖ [147/202] Building LaRueProtorealAlgebra.SharedLatentSpace (232ms)
trace: .> LEAN_PATH=/home/phrxmaz/Documents/CyberAlchemy/.lake/packages/Cli/.lake/build/lib/lean:/home/phrxmaz/Documents/CyberAlchemy/.lake/packages/batteries/.lake/build/lib/lean:/home/phrxmaz/Documents/CyberAlchemy/.lake/packages/Qq/.lake/build/lib/lean:/home/phrxmaz/Documents/CyberAlchemy/.lake/packages/aesop/.lake/build/lib/lean:/home/phrxmaz/Documents/CyberAlchemy/.lake/packages/proofwidgets/.lake/build/lib/lean:/home/phrxmaz/Documents/CyberAlchemy/.lake/packages/importGraph/.lake/build/lib/lean:/home/phrxmaz/Documents/CyberAlchemy/.lake/packages/LeanSearchClient/.lake/build/lib/lean:/home/phrxmaz/Documents/CyberAlchemy/.lake/packages/plausible/.lake/build/lib/lean:/home/phrxmaz/Documents/CyberAlchemy/.lake/packages/mathlib/.lake/build/lib/lean:/home/phrxmaz/Documents/CyberAlchemy/.lake/build/lib/lean /home/phrxmaz/.elan/toolchains/leanprover--lean4---v4.29.1/bin/lean /home/phrxmaz/Documents/CyberAlchemy/LaRueProtorealAlgebra/SharedLatentSpace.lean -o /home/phrxmaz/Documents/CyberAlchemy/.lake/build/lib/lean/LaRueProtorealAlgebra/SharedLatentSpace.olean -i /home/phrxmaz/Documents/CyberAlchemy/.lake/build/lib/lean/LaRueProtorealAlgebra/SharedLatentSpace.ilean -c /home/phrxmaz/Documents/CyberAlchemy/.lake/build/ir/LaRueProtorealAlgebra/SharedLatentSpace.c --setup /home/phrxmaz/Documents/CyberAlchemy/.lake/build/ir/LaRueProtorealAlgebra/SharedLatentSpace.setup.json --json
error: LaRueProtorealAlgebra/SharedLatentSpace.lean:2:0: invalid 'import' command, it must be used in the beginning of the file
error: Lean exited with code 1
✖ [148/202] Building LaRueProtorealAlgebra.SpectralFiber (204ms)
trace: .> LEAN_PATH=/home/phrxmaz/Documents/CyberAlchemy/.lake/packages/Cli/.lake/build/lib/lean:/home/phrxmaz/Documents/CyberAlchemy/.lake/packages/batteries/.lake/build/lib/lean:/home/phrxmaz/Documents/CyberAlchemy/.lake/packages/Qq/.lake/build/lib/lean:/home/phrxmaz/Documents/CyberAlchemy/.lake/packages/aesop/.lake/build/lib/lean:/home/phrxmaz/Documents/CyberAlchemy/.lake/packages/proofwidgets/.lake/build/lib/lean:/home/phrxmaz/Documents/CyberAlchemy/.lake/packages/importGraph/.lake/build/lib/lean:/home/phrxmaz/Documents/CyberAlchemy/.lake/packages/LeanSearchClient/.lake/build/lib/lean:/home/phrxmaz/Documents/CyberAlchemy/.lake/packages/plausible/.lake/build/lib/lean:/home/phrxmaz/Documents/CyberAlchemy/.lake/packages/mathlib/.lake/build/lib/lean:/home/phrxmaz/Documents/CyberAlchemy/.lake/build/lib/lean /home/phrxmaz/.elan/toolchains/leanprover--lean4---v4.29.1/bin/lean /home/phrxmaz/Documents/CyberAlchemy/LaRueProtorealAlgebra/SpectralFiber.lean -o /home/phrxmaz/Documents/CyberAlchemy/.lake/build/lib/lean/LaRueProtorealAlgebra/SpectralFiber.olean -i /home/phrxmaz/Documents/CyberAlchemy/.lake/build/lib/lean/LaRueProtorealAlgebra/SpectralFiber.ilean -c /home/phrxmaz/Documents/CyberAlchemy/.lake/build/ir/LaRueProtorealAlgebra/SpectralFiber.c --setup /home/phrxmaz/Documents/CyberAlchemy/.lake/build/ir/LaRueProtorealAlgebra/SpectralFiber.setup.json --json
error: LaRueProtorealAlgebra/SpectralFiber.lean:2:0: invalid 'import' command, it must be used in the beginning of the file
error: Lean exited with code 1
✖ [149/202] Building LaRueProtorealAlgebra.SpectralFilter (175ms)
trace: .> LEAN_PATH=/home/phrxmaz/Documents/CyberAlchemy/.lake/packages/Cli/.lake/build/lib/lean:/home/phrxmaz/Documents/CyberAlchemy/.lake/packages/batteries/.lake/build/lib/lean:/home/phrxmaz/Documents/CyberAlchemy/.lake/packages/Qq/.lake/build/lib/lean:/home/phrxmaz/Documents/CyberAlchemy/.lake/packages/aesop/.lake/build/lib/lean:/home/phrxmaz/Documents/CyberAlchemy/.lake/packages/proofwidgets/.lake/build/lib/lean:/home/phrxmaz/Documents/CyberAlchemy/.lake/packages/importGraph/.lake/build/lib/lean:/home/phrxmaz/Documents/CyberAlchemy/.lake/packages/LeanSearchClient/.lake/build/lib/lean:/home/phrxmaz/Documents/CyberAlchemy/.lake/packages/plausible/.lake/build/lib/lean:/home/phrxmaz/Documents/CyberAlchemy/.lake/packages/mathlib/.lake/build/lib/lean:/home/phrxmaz/Documents/CyberAlchemy/.lake/build/lib/lean /home/phrxmaz/.elan/toolchains/leanprover--lean4---v4.29.1/bin/lean /home/phrxmaz/Documents/CyberAlchemy/LaRueProtorealAlgebra/SpectralFilter.lean -o /home/phrxmaz/Documents/CyberAlchemy/.lake/build/lib/lean/LaRueProtorealAlgebra/SpectralFilter.olean -i /home/phrxmaz/Documents/CyberAlchemy/.lake/build/lib/lean/LaRueProtorealAlgebra/SpectralFilter.ilean -c /home/phrxmaz/Documents/CyberAlchemy/.lake/build/ir/LaRueProtorealAlgebra/SpectralFilter.c --setup /home/phrxmaz/Documents/CyberAlchemy/.lake/build/ir/LaRueProtorealAlgebra/SpectralFilter.setup.json --json
error: LaRueProtorealAlgebra/SpectralFilter.lean:2:0: invalid 'import' command, it must be used in the beginning of the file
error: Lean exited with code 1
✖ [150/202] Building LaRueProtorealAlgebra.SpectralFixedPoint (229ms)
trace: .> LEAN_PATH=/home/phrxmaz/Documents/CyberAlchemy/.lake/packages/Cli/.lake/build/lib/lean:/home/phrxmaz/Documents/CyberAlchemy/.lake/packages/batteries/.lake/build/lib/lean:/home/phrxmaz/Documents/CyberAlchemy/.lake/packages/Qq/.lake/build/lib/lean:/home/phrxmaz/Documents/CyberAlchemy/.lake/packages/aesop/.lake/build/lib/lean:/home/phrxmaz/Documents/CyberAlchemy/.lake/packages/proofwidgets/.lake/build/lib/lean:/home/phrxmaz/Documents/CyberAlchemy/.lake/packages/importGraph/.lake/build/lib/lean:/home/phrxmaz/Documents/CyberAlchemy/.lake/packages/LeanSearchClient/.lake/build/lib/lean:/home/phrxmaz/Documents/CyberAlchemy/.lake/packages/plausible/.lake/build/lib/lean:/home/phrxmaz/Documents/CyberAlchemy/.lake/packages/mathlib/.lake/build/lib/lean:/home/phrxmaz/Documents/CyberAlchemy/.lake/build/lib/lean /home/phrxmaz/.elan/toolchains/leanprover--lean4---v4.29.1/bin/lean /home/phrxmaz/Documents/CyberAlchemy/LaRueProtorealAlgebra/SpectralFixedPoint.lean -o /home/phrxmaz/Documents/CyberAlchemy/.lake/build/lib/lean/LaRueProtorealAlgebra/SpectralFixedPoint.olean -i /home/phrxmaz/Documents/CyberAlchemy/.lake/build/lib/lean/LaRueProtorealAlgebra/SpectralFixedPoint.ilean -c /home/phrxmaz/Documents/CyberAlchemy/.lake/build/ir/LaRueProtorealAlgebra/SpectralFixedPoint.c --setup /home/phrxmaz/Documents/CyberAlchemy/.lake/build/ir/LaRueProtorealAlgebra/SpectralFixedPoint.setup.json --json
error: LaRueProtorealAlgebra/SpectralFixedPoint.lean:2:0: invalid 'import' command, it must be used in the beginning of the file
error: Lean exited with code 1
✖ [151/202] Building LaRueProtorealAlgebra.SpectralLattice (194ms)
trace: .> LEAN_PATH=/home/phrxmaz/Documents/CyberAlchemy/.lake/packages/Cli/.lake/build/lib/lean:/home/phrxmaz/Documents/CyberAlchemy/.lake/packages/batteries/.lake/build/lib/lean:/home/phrxmaz/Documents/CyberAlchemy/.lake/packages/Qq/.lake/build/lib/lean:/home/phrxmaz/Documents/CyberAlchemy/.lake/packages/aesop/.lake/build/lib/lean:/home/phrxmaz/Documents/CyberAlchemy/.lake/packages/proofwidgets/.lake/build/lib/lean:/home/phrxmaz/Documents/CyberAlchemy/.lake/packages/importGraph/.lake/build/lib/lean:/home/phrxmaz/Documents/CyberAlchemy/.lake/packages/LeanSearchClient/.lake/build/lib/lean:/home/phrxmaz/Documents/CyberAlchemy/.lake/packages/plausible/.lake/build/lib/lean:/home/phrxmaz/Documents/CyberAlchemy/.lake/packages/mathlib/.lake/build/lib/lean:/home/phrxmaz/Documents/CyberAlchemy/.lake/build/lib/lean /home/phrxmaz/.elan/toolchains/leanprover--lean4---v4.29.1/bin/lean /home/phrxmaz/Documents/CyberAlchemy/LaRueProtorealAlgebra/SpectralLattice.lean -o /home/phrxmaz/Documents/CyberAlchemy/.lake/build/lib/lean/LaRueProtorealAlgebra/SpectralLattice.olean -i /home/phrxmaz/Documents/CyberAlchemy/.lake/build/lib/lean/LaRueProtorealAlgebra/SpectralLattice.ilean -c /home/phrxmaz/Documents/CyberAlchemy/.lake/build/ir/LaRueProtorealAlgebra/SpectralLattice.c --setup /home/phrxmaz/Documents/CyberAlchemy/.lake/build/ir/LaRueProtorealAlgebra/SpectralLattice.setup.json --json
error: LaRueProtorealAlgebra/SpectralLattice.lean:2:0: invalid 'import' command, it must be used in the beginning of the file
error: Lean exited with code 1
✖ [152/202] Building LaRueProtorealAlgebra.SpectralTrinity (154ms)
trace: .> LEAN_PATH=/home/phrxmaz/Documents/CyberAlchemy/.lake/packages/Cli/.lake/build/lib/lean:/home/phrxmaz/Documents/CyberAlchemy/.lake/packages/batteries/.lake/build/lib/lean:/home/phrxmaz/Documents/CyberAlchemy/.lake/packages/Qq/.lake/build/lib/lean:/home/phrxmaz/Documents/CyberAlchemy/.lake/packages/aesop/.lake/build/lib/lean:/home/phrxmaz/Documents/CyberAlchemy/.lake/packages/proofwidgets/.lake/build/lib/lean:/home/phrxmaz/Documents/CyberAlchemy/.lake/packages/importGraph/.lake/build/lib/lean:/home/phrxmaz/Documents/CyberAlchemy/.lake/packages/LeanSearchClient/.lake/build/lib/lean:/home/phrxmaz/Documents/CyberAlchemy/.lake/packages/plausible/.lake/build/lib/lean:/home/phrxmaz/Documents/CyberAlchemy/.lake/packages/mathlib/.lake/build/lib/lean:/home/phrxmaz/Documents/CyberAlchemy/.lake/build/lib/lean /home/phrxmaz/.elan/toolchains/leanprover--lean4---v4.29.1/bin/lean /home/phrxmaz/Documents/CyberAlchemy/LaRueProtorealAlgebra/SpectralTrinity.lean -o /home/phrxmaz/Documents/CyberAlchemy/.lake/build/lib/lean/LaRueProtorealAlgebra/SpectralTrinity.olean -i /home/phrxmaz/Documents/CyberAlchemy/.lake/build/lib/lean/LaRueProtorealAlgebra/SpectralTrinity.ilean -c /home/phrxmaz/Documents/CyberAlchemy/.lake/build/ir/LaRueProtorealAlgebra/SpectralTrinity.c --setup /home/phrxmaz/Documents/CyberAlchemy/.lake/build/ir/LaRueProtorealAlgebra/SpectralTrinity.setup.json --json
error: LaRueProtorealAlgebra/SpectralTrinity.lean:2:0: invalid 'import' command, it must be used in the beginning of the file
error: Lean exited with code 1
✖ [153/202] Building LaRueProtorealAlgebra.SpectralTriple (172ms)
trace: .> LEAN_PATH=/home/phrxmaz/Documents/CyberAlchemy/.lake/packages/Cli/.lake/build/lib/lean:/home/phrxmaz/Documents/CyberAlchemy/.lake/packages/batteries/.lake/build/lib/lean:/home/phrxmaz/Documents/CyberAlchemy/.lake/packages/Qq/.lake/build/lib/lean:/home/phrxmaz/Documents/CyberAlchemy/.lake/packages/aesop/.lake/build/lib/lean:/home/phrxmaz/Documents/CyberAlchemy/.lake/packages/proofwidgets/.lake/build/lib/lean:/home/phrxmaz/Documents/CyberAlchemy/.lake/packages/importGraph/.lake/build/lib/lean:/home/phrxmaz/Documents/CyberAlchemy/.lake/packages/LeanSearchClient/.lake/build/lib/lean:/home/phrxmaz/Documents/CyberAlchemy/.lake/packages/plausible/.lake/build/lib/lean:/home/phrxmaz/Documents/CyberAlchemy/.lake/packages/mathlib/.lake/build/lib/lean:/home/phrxmaz/Documents/CyberAlchemy/.lake/build/lib/lean /home/phrxmaz/.elan/toolchains/leanprover--lean4---v4.29.1/bin/lean /home/phrxmaz/Documents/CyberAlchemy/LaRueProtorealAlgebra/SpectralTriple.lean -o /home/phrxmaz/Documents/CyberAlchemy/.lake/build/lib/lean/LaRueProtorealAlgebra/SpectralTriple.olean -i /home/phrxmaz/Documents/CyberAlchemy/.lake/build/lib/lean/LaRueProtorealAlgebra/SpectralTriple.ilean -c /home/phrxmaz/Documents/CyberAlchemy/.lake/build/ir/LaRueProtorealAlgebra/SpectralTriple.c --setup /home/phrxmaz/Documents/CyberAlchemy/.lake/build/ir/LaRueProtorealAlgebra/SpectralTriple.setup.json --json
error: LaRueProtorealAlgebra/SpectralTriple.lean:2:0: invalid 'import' command, it must be used in the beginning of the file
error: Lean exited with code 1
✖ [154/202] Building LaRueProtorealAlgebra.StochasticAlgebra (208ms)
trace: .> LEAN_PATH=/home/phrxmaz/Documents/CyberAlchemy/.lake/packages/Cli/.lake/build/lib/lean:/home/phrxmaz/Documents/CyberAlchemy/.lake/packages/batteries/.lake/build/lib/lean:/home/phrxmaz/Documents/CyberAlchemy/.lake/packages/Qq/.lake/build/lib/lean:/home/phrxmaz/Documents/CyberAlchemy/.lake/packages/aesop/.lake/build/lib/lean:/home/phrxmaz/Documents/CyberAlchemy/.lake/packages/proofwidgets/.lake/build/lib/lean:/home/phrxmaz/Documents/CyberAlchemy/.lake/packages/importGraph/.lake/build/lib/lean:/home/phrxmaz/Documents/CyberAlchemy/.lake/packages/LeanSearchClient/.lake/build/lib/lean:/home/phrxmaz/Documents/CyberAlchemy/.lake/packages/plausible/.lake/build/lib/lean:/home/phrxmaz/Documents/CyberAlchemy/.lake/packages/mathlib/.lake/build/lib/lean:/home/phrxmaz/Documents/CyberAlchemy/.lake/build/lib/lean /home/phrxmaz/.elan/toolchains/leanprover--lean4---v4.29.1/bin/lean /home/phrxmaz/Documents/CyberAlchemy/LaRueProtorealAlgebra/StochasticAlgebra.lean -o /home/phrxmaz/Documents/CyberAlchemy/.lake/build/lib/lean/LaRueProtorealAlgebra/StochasticAlgebra.olean -i /home/phrxmaz/Documents/CyberAlchemy/.lake/build/lib/lean/LaRueProtorealAlgebra/StochasticAlgebra.ilean -c /home/phrxmaz/Documents/CyberAlchemy/.lake/build/ir/LaRueProtorealAlgebra/StochasticAlgebra.c --setup /home/phrxmaz/Documents/CyberAlchemy/.lake/build/ir/LaRueProtorealAlgebra/StochasticAlgebra.setup.json --json
error: LaRueProtorealAlgebra/StochasticAlgebra.lean:2:0: invalid 'import' command, it must be used in the beginning of the file
error: Lean exited with code 1
✖ [155/202] Building LaRueProtorealAlgebra.StructuralHeterogeneity (153ms)
trace: .> LEAN_PATH=/home/phrxmaz/Documents/CyberAlchemy/.lake/packages/Cli/.lake/build/lib/lean:/home/phrxmaz/Documents/CyberAlchemy/.lake/packages/batteries/.lake/build/lib/lean:/home/phrxmaz/Documents/CyberAlchemy/.lake/packages/Qq/.lake/build/lib/lean:/home/phrxmaz/Documents/CyberAlchemy/.lake/packages/aesop/.lake/build/lib/lean:/home/phrxmaz/Documents/CyberAlchemy/.lake/packages/proofwidgets/.lake/build/lib/lean:/home/phrxmaz/Documents/CyberAlchemy/.lake/packages/importGraph/.lake/build/lib/lean:/home/phrxmaz/Documents/CyberAlchemy/.lake/packages/LeanSearchClient/.lake/build/lib/lean:/home/phrxmaz/Documents/CyberAlchemy/.lake/packages/plausible/.lake/build/lib/lean:/home/phrxmaz/Documents/CyberAlchemy/.lake/packages/mathlib/.lake/build/lib/lean:/home/phrxmaz/Documents/CyberAlchemy/.lake/build/lib/lean /home/phrxmaz/.elan/toolchains/leanprover--lean4---v4.29.1/bin/lean /home/phrxmaz/Documents/CyberAlchemy/LaRueProtorealAlgebra/StructuralHeterogeneity.lean -o /home/phrxmaz/Documents/CyberAlchemy/.lake/build/lib/lean/LaRueProtorealAlgebra/StructuralHeterogeneity.olean -i /home/phrxmaz/Documents/CyberAlchemy/.lake/build/lib/lean/LaRueProtorealAlgebra/StructuralHeterogeneity.ilean -c /home/phrxmaz/Documents/CyberAlchemy/.lake/build/ir/LaRueProtorealAlgebra/StructuralHeterogeneity.c --setup /home/phrxmaz/Documents/CyberAlchemy/.lake/build/ir/LaRueProtorealAlgebra/StructuralHeterogeneity.setup.json --json
error: LaRueProtorealAlgebra/StructuralHeterogeneity.lean:2:0: invalid 'import' command, it must be used in the beginning of the file
error: Lean exited with code 1
✖ [156/202] Building LaRueProtorealAlgebra.SyntheticIntegration (178ms)
trace: .> LEAN_PATH=/home/phrxmaz/Documents/CyberAlchemy/.lake/packages/Cli/.lake/build/lib/lean:/home/phrxmaz/Documents/CyberAlchemy/.lake/packages/batteries/.lake/build/lib/lean:/home/phrxmaz/Documents/CyberAlchemy/.lake/packages/Qq/.lake/build/lib/lean:/home/phrxmaz/Documents/CyberAlchemy/.lake/packages/aesop/.lake/build/lib/lean:/home/phrxmaz/Documents/CyberAlchemy/.lake/packages/proofwidgets/.lake/build/lib/lean:/home/phrxmaz/Documents/CyberAlchemy/.lake/packages/importGraph/.lake/build/lib/lean:/home/phrxmaz/Documents/CyberAlchemy/.lake/packages/LeanSearchClient/.lake/build/lib/lean:/home/phrxmaz/Documents/CyberAlchemy/.lake/packages/plausible/.lake/build/lib/lean:/home/phrxmaz/Documents/CyberAlchemy/.lake/packages/mathlib/.lake/build/lib/lean:/home/phrxmaz/Documents/CyberAlchemy/.lake/build/lib/lean /home/phrxmaz/.elan/toolchains/leanprover--lean4---v4.29.1/bin/lean /home/phrxmaz/Documents/CyberAlchemy/LaRueProtorealAlgebra/SyntheticIntegration.lean -o /home/phrxmaz/Documents/CyberAlchemy/.lake/build/lib/lean/LaRueProtorealAlgebra/SyntheticIntegration.olean -i /home/phrxmaz/Documents/CyberAlchemy/.lake/build/lib/lean/LaRueProtorealAlgebra/SyntheticIntegration.ilean -c /home/phrxmaz/Documents/CyberAlchemy/.lake/build/ir/LaRueProtorealAlgebra/SyntheticIntegration.c --setup /home/phrxmaz/Documents/CyberAlchemy/.lake/build/ir/LaRueProtorealAlgebra/SyntheticIntegration.setup.json --json
error: LaRueProtorealAlgebra/SyntheticIntegration.lean:2:0: invalid 'import' command, it must be used in the beginning of the file
error: Lean exited with code 1
✖ [157/202] Building LaRueProtorealAlgebra.StochasticKeyRotation (229ms)
trace: .> LEAN_PATH=/home/phrxmaz/Documents/CyberAlchemy/.lake/packages/Cli/.lake/build/lib/lean:/home/phrxmaz/Documents/CyberAlchemy/.lake/packages/batteries/.lake/build/lib/lean:/home/phrxmaz/Documents/CyberAlchemy/.lake/packages/Qq/.lake/build/lib/lean:/home/phrxmaz/Documents/CyberAlchemy/.lake/packages/aesop/.lake/build/lib/lean:/home/phrxmaz/Documents/CyberAlchemy/.lake/packages/proofwidgets/.lake/build/lib/lean:/home/phrxmaz/Documents/CyberAlchemy/.lake/packages/importGraph/.lake/build/lib/lean:/home/phrxmaz/Documents/CyberAlchemy/.lake/packages/LeanSearchClient/.lake/build/lib/lean:/home/phrxmaz/Documents/CyberAlchemy/.lake/packages/plausible/.lake/build/lib/lean:/home/phrxmaz/Documents/CyberAlchemy/.lake/packages/mathlib/.lake/build/lib/lean:/home/phrxmaz/Documents/CyberAlchemy/.lake/build/lib/lean /home/phrxmaz/.elan/toolchains/leanprover--lean4---v4.29.1/bin/lean /home/phrxmaz/Documents/CyberAlchemy/LaRueProtorealAlgebra/StochasticKeyRotation.lean -o /home/phrxmaz/Documents/CyberAlchemy/.lake/build/lib/lean/LaRueProtorealAlgebra/StochasticKeyRotation.olean -i /home/phrxmaz/Documents/CyberAlchemy/.lake/build/lib/lean/LaRueProtorealAlgebra/StochasticKeyRotation.ilean -c /home/phrxmaz/Documents/CyberAlchemy/.lake/build/ir/LaRueProtorealAlgebra/StochasticKeyRotation.c --setup /home/phrxmaz/Documents/CyberAlchemy/.lake/build/ir/LaRueProtorealAlgebra/StochasticKeyRotation.setup.json --json
error: LaRueProtorealAlgebra/StochasticKeyRotation.lean:2:0: invalid 'import' command, it must be used in the beginning of the file
error: Lean exited with code 1
✖ [158/202] Building LaRueProtorealAlgebra.StructuralMorphism (208ms)
trace: .> LEAN_PATH=/home/phrxmaz/Documents/CyberAlchemy/.lake/packages/Cli/.lake/build/lib/lean:/home/phrxmaz/Documents/CyberAlchemy/.lake/packages/batteries/.lake/build/lib/lean:/home/phrxmaz/Documents/CyberAlchemy/.lake/packages/Qq/.lake/build/lib/lean:/home/phrxmaz/Documents/CyberAlchemy/.lake/packages/aesop/.lake/build/lib/lean:/home/phrxmaz/Documents/CyberAlchemy/.lake/packages/proofwidgets/.lake/build/lib/lean:/home/phrxmaz/Documents/CyberAlchemy/.lake/packages/importGraph/.lake/build/lib/lean:/home/phrxmaz/Documents/CyberAlchemy/.lake/packages/LeanSearchClient/.lake/build/lib/lean:/home/phrxmaz/Documents/CyberAlchemy/.lake/packages/plausible/.lake/build/lib/lean:/home/phrxmaz/Documents/CyberAlchemy/.lake/packages/mathlib/.lake/build/lib/lean:/home/phrxmaz/Documents/CyberAlchemy/.lake/build/lib/lean /home/phrxmaz/.elan/toolchains/leanprover--lean4---v4.29.1/bin/lean /home/phrxmaz/Documents/CyberAlchemy/LaRueProtorealAlgebra/StructuralMorphism.lean -o /home/phrxmaz/Documents/CyberAlchemy/.lake/build/lib/lean/LaRueProtorealAlgebra/StructuralMorphism.olean -i /home/phrxmaz/Documents/CyberAlchemy/.lake/build/lib/lean/LaRueProtorealAlgebra/StructuralMorphism.ilean -c /home/phrxmaz/Documents/CyberAlchemy/.lake/build/ir/LaRueProtorealAlgebra/StructuralMorphism.c --setup /home/phrxmaz/Documents/CyberAlchemy/.lake/build/ir/LaRueProtorealAlgebra/StructuralMorphism.setup.json --json
error: LaRueProtorealAlgebra/StructuralMorphism.lean:2:0: invalid 'import' command, it must be used in the beginning of the file
error: Lean exited with code 1
✖ [159/202] Building LaRueProtorealAlgebra.SuperfluidIdentity (251ms)
trace: .> LEAN_PATH=/home/phrxmaz/Documents/CyberAlchemy/.lake/packages/Cli/.lake/build/lib/lean:/home/phrxmaz/Documents/CyberAlchemy/.lake/packages/batteries/.lake/build/lib/lean:/home/phrxmaz/Documents/CyberAlchemy/.lake/packages/Qq/.lake/build/lib/lean:/home/phrxmaz/Documents/CyberAlchemy/.lake/packages/aesop/.lake/build/lib/lean:/home/phrxmaz/Documents/CyberAlchemy/.lake/packages/proofwidgets/.lake/build/lib/lean:/home/phrxmaz/Documents/CyberAlchemy/.lake/packages/importGraph/.lake/build/lib/lean:/home/phrxmaz/Documents/CyberAlchemy/.lake/packages/LeanSearchClient/.lake/build/lib/lean:/home/phrxmaz/Documents/CyberAlchemy/.lake/packages/plausible/.lake/build/lib/lean:/home/phrxmaz/Documents/CyberAlchemy/.lake/packages/mathlib/.lake/build/lib/lean:/home/phrxmaz/Documents/CyberAlchemy/.lake/build/lib/lean /home/phrxmaz/.elan/toolchains/leanprover--lean4---v4.29.1/bin/lean /home/phrxmaz/Documents/CyberAlchemy/LaRueProtorealAlgebra/SuperfluidIdentity.lean -o /home/phrxmaz/Documents/CyberAlchemy/.lake/build/lib/lean/LaRueProtorealAlgebra/SuperfluidIdentity.olean -i /home/phrxmaz/Documents/CyberAlchemy/.lake/build/lib/lean/LaRueProtorealAlgebra/SuperfluidIdentity.ilean -c /home/phrxmaz/Documents/CyberAlchemy/.lake/build/ir/LaRueProtorealAlgebra/SuperfluidIdentity.c --setup /home/phrxmaz/Documents/CyberAlchemy/.lake/build/ir/LaRueProtorealAlgebra/SuperfluidIdentity.setup.json --json
error: LaRueProtorealAlgebra/SuperfluidIdentity.lean:2:0: invalid 'import' command, it must be used in the beginning of the file
error: Lean exited with code 1
✖ [160/202] Building LaRueProtorealAlgebra.SuperJetSheaf (230ms)
trace: .> LEAN_PATH=/home/phrxmaz/Documents/CyberAlchemy/.lake/packages/Cli/.lake/build/lib/lean:/home/phrxmaz/Documents/CyberAlchemy/.lake/packages/batteries/.lake/build/lib/lean:/home/phrxmaz/Documents/CyberAlchemy/.lake/packages/Qq/.lake/build/lib/lean:/home/phrxmaz/Documents/CyberAlchemy/.lake/packages/aesop/.lake/build/lib/lean:/home/phrxmaz/Documents/CyberAlchemy/.lake/packages/proofwidgets/.lake/build/lib/lean:/home/phrxmaz/Documents/CyberAlchemy/.lake/packages/importGraph/.lake/build/lib/lean:/home/phrxmaz/Documents/CyberAlchemy/.lake/packages/LeanSearchClient/.lake/build/lib/lean:/home/phrxmaz/Documents/CyberAlchemy/.lake/packages/plausible/.lake/build/lib/lean:/home/phrxmaz/Documents/CyberAlchemy/.lake/packages/mathlib/.lake/build/lib/lean:/home/phrxmaz/Documents/CyberAlchemy/.lake/build/lib/lean /home/phrxmaz/.elan/toolchains/leanprover--lean4---v4.29.1/bin/lean /home/phrxmaz/Documents/CyberAlchemy/LaRueProtorealAlgebra/SuperJetSheaf.lean -o /home/phrxmaz/Documents/CyberAlchemy/.lake/build/lib/lean/LaRueProtorealAlgebra/SuperJetSheaf.olean -i /home/phrxmaz/Documents/CyberAlchemy/.lake/build/lib/lean/LaRueProtorealAlgebra/SuperJetSheaf.ilean -c /home/phrxmaz/Documents/CyberAlchemy/.lake/build/ir/LaRueProtorealAlgebra/SuperJetSheaf.c --setup /home/phrxmaz/Documents/CyberAlchemy/.lake/build/ir/LaRueProtorealAlgebra/SuperJetSheaf.setup.json --json
error: LaRueProtorealAlgebra/SuperJetSheaf.lean:2:0: invalid 'import' command, it must be used in the beginning of the file
error: Lean exited with code 1
✖ [161/202] Building LaRueProtorealAlgebra.TemporalMorphism (213ms)
trace: .> LEAN_PATH=/home/phrxmaz/Documents/CyberAlchemy/.lake/packages/Cli/.lake/build/lib/lean:/home/phrxmaz/Documents/CyberAlchemy/.lake/packages/batteries/.lake/build/lib/lean:/home/phrxmaz/Documents/CyberAlchemy/.lake/packages/Qq/.lake/build/lib/lean:/home/phrxmaz/Documents/CyberAlchemy/.lake/packages/aesop/.lake/build/lib/lean:/home/phrxmaz/Documents/CyberAlchemy/.lake/packages/proofwidgets/.lake/build/lib/lean:/home/phrxmaz/Documents/CyberAlchemy/.lake/packages/importGraph/.lake/build/lib/lean:/home/phrxmaz/Documents/CyberAlchemy/.lake/packages/LeanSearchClient/.lake/build/lib/lean:/home/phrxmaz/Documents/CyberAlchemy/.lake/packages/plausible/.lake/build/lib/lean:/home/phrxmaz/Documents/CyberAlchemy/.lake/packages/mathlib/.lake/build/lib/lean:/home/phrxmaz/Documents/CyberAlchemy/.lake/build/lib/lean /home/phrxmaz/.elan/toolchains/leanprover--lean4---v4.29.1/bin/lean /home/phrxmaz/Documents/CyberAlchemy/LaRueProtorealAlgebra/TemporalMorphism.lean -o /home/phrxmaz/Documents/CyberAlchemy/.lake/build/lib/lean/LaRueProtorealAlgebra/TemporalMorphism.olean -i /home/phrxmaz/Documents/CyberAlchemy/.lake/build/lib/lean/LaRueProtorealAlgebra/TemporalMorphism.ilean -c /home/phrxmaz/Documents/CyberAlchemy/.lake/build/ir/LaRueProtorealAlgebra/TemporalMorphism.c --setup /home/phrxmaz/Documents/CyberAlchemy/.lake/build/ir/LaRueProtorealAlgebra/TemporalMorphism.setup.json --json
error: LaRueProtorealAlgebra/TemporalMorphism.lean:2:0: invalid 'import' command, it must be used in the beginning of the file
error: Lean exited with code 1
✖ [162/202] Building LaRueProtorealAlgebra.TemporalOperators (231ms)
trace: .> LEAN_PATH=/home/phrxmaz/Documents/CyberAlchemy/.lake/packages/Cli/.lake/build/lib/lean:/home/phrxmaz/Documents/CyberAlchemy/.lake/packages/batteries/.lake/build/lib/lean:/home/phrxmaz/Documents/CyberAlchemy/.lake/packages/Qq/.lake/build/lib/lean:/home/phrxmaz/Documents/CyberAlchemy/.lake/packages/aesop/.lake/build/lib/lean:/home/phrxmaz/Documents/CyberAlchemy/.lake/packages/proofwidgets/.lake/build/lib/lean:/home/phrxmaz/Documents/CyberAlchemy/.lake/packages/importGraph/.lake/build/lib/lean:/home/phrxmaz/Documents/CyberAlchemy/.lake/packages/LeanSearchClient/.lake/build/lib/lean:/home/phrxmaz/Documents/CyberAlchemy/.lake/packages/plausible/.lake/build/lib/lean:/home/phrxmaz/Documents/CyberAlchemy/.lake/packages/mathlib/.lake/build/lib/lean:/home/phrxmaz/Documents/CyberAlchemy/.lake/build/lib/lean /home/phrxmaz/.elan/toolchains/leanprover--lean4---v4.29.1/bin/lean /home/phrxmaz/Documents/CyberAlchemy/LaRueProtorealAlgebra/TemporalOperators.lean -o /home/phrxmaz/Documents/CyberAlchemy/.lake/build/lib/lean/LaRueProtorealAlgebra/TemporalOperators.olean -i /home/phrxmaz/Documents/CyberAlchemy/.lake/build/lib/lean/LaRueProtorealAlgebra/TemporalOperators.ilean -c /home/phrxmaz/Documents/CyberAlchemy/.lake/build/ir/LaRueProtorealAlgebra/TemporalOperators.c --setup /home/phrxmaz/Documents/CyberAlchemy/.lake/build/ir/LaRueProtorealAlgebra/TemporalOperators.setup.json --json
error: LaRueProtorealAlgebra/TemporalOperators.lean:2:0: invalid 'import' command, it must be used in the beginning of the file
error: Lean exited with code 1
✖ [163/202] Building LaRueProtorealAlgebra.TemporalQuasicrystal (180ms)
trace: .> LEAN_PATH=/home/phrxmaz/Documents/CyberAlchemy/.lake/packages/Cli/.lake/build/lib/lean:/home/phrxmaz/Documents/CyberAlchemy/.lake/packages/batteries/.lake/build/lib/lean:/home/phrxmaz/Documents/CyberAlchemy/.lake/packages/Qq/.lake/build/lib/lean:/home/phrxmaz/Documents/CyberAlchemy/.lake/packages/aesop/.lake/build/lib/lean:/home/phrxmaz/Documents/CyberAlchemy/.lake/packages/proofwidgets/.lake/build/lib/lean:/home/phrxmaz/Documents/CyberAlchemy/.lake/packages/importGraph/.lake/build/lib/lean:/home/phrxmaz/Documents/CyberAlchemy/.lake/packages/LeanSearchClient/.lake/build/lib/lean:/home/phrxmaz/Documents/CyberAlchemy/.lake/packages/plausible/.lake/build/lib/lean:/home/phrxmaz/Documents/CyberAlchemy/.lake/packages/mathlib/.lake/build/lib/lean:/home/phrxmaz/Documents/CyberAlchemy/.lake/build/lib/lean /home/phrxmaz/.elan/toolchains/leanprover--lean4---v4.29.1/bin/lean /home/phrxmaz/Documents/CyberAlchemy/LaRueProtorealAlgebra/TemporalQuasicrystal.lean -o /home/phrxmaz/Documents/CyberAlchemy/.lake/build/lib/lean/LaRueProtorealAlgebra/TemporalQuasicrystal.olean -i /home/phrxmaz/Documents/CyberAlchemy/.lake/build/lib/lean/LaRueProtorealAlgebra/TemporalQuasicrystal.ilean -c /home/phrxmaz/Documents/CyberAlchemy/.lake/build/ir/LaRueProtorealAlgebra/TemporalQuasicrystal.c --setup /home/phrxmaz/Documents/CyberAlchemy/.lake/build/ir/LaRueProtorealAlgebra/TemporalQuasicrystal.setup.json --json
error: LaRueProtorealAlgebra/TemporalQuasicrystal.lean:2:0: invalid 'import' command, it must be used in the beginning of the file
error: Lean exited with code 1
✖ [164/202] Building LaRueProtorealAlgebra.TensorCoupling (183ms)
trace: .> LEAN_PATH=/home/phrxmaz/Documents/CyberAlchemy/.lake/packages/Cli/.lake/build/lib/lean:/home/phrxmaz/Documents/CyberAlchemy/.lake/packages/batteries/.lake/build/lib/lean:/home/phrxmaz/Documents/CyberAlchemy/.lake/packages/Qq/.lake/build/lib/lean:/home/phrxmaz/Documents/CyberAlchemy/.lake/packages/aesop/.lake/build/lib/lean:/home/phrxmaz/Documents/CyberAlchemy/.lake/packages/proofwidgets/.lake/build/lib/lean:/home/phrxmaz/Documents/CyberAlchemy/.lake/packages/importGraph/.lake/build/lib/lean:/home/phrxmaz/Documents/CyberAlchemy/.lake/packages/LeanSearchClient/.lake/build/lib/lean:/home/phrxmaz/Documents/CyberAlchemy/.lake/packages/plausible/.lake/build/lib/lean:/home/phrxmaz/Documents/CyberAlchemy/.lake/packages/mathlib/.lake/build/lib/lean:/home/phrxmaz/Documents/CyberAlchemy/.lake/build/lib/lean /home/phrxmaz/.elan/toolchains/leanprover--lean4---v4.29.1/bin/lean /home/phrxmaz/Documents/CyberAlchemy/LaRueProtorealAlgebra/TensorCoupling.lean -o /home/phrxmaz/Documents/CyberAlchemy/.lake/build/lib/lean/LaRueProtorealAlgebra/TensorCoupling.olean -i /home/phrxmaz/Documents/CyberAlchemy/.lake/build/lib/lean/LaRueProtorealAlgebra/TensorCoupling.ilean -c /home/phrxmaz/Documents/CyberAlchemy/.lake/build/ir/LaRueProtorealAlgebra/TensorCoupling.c --setup /home/phrxmaz/Documents/CyberAlchemy/.lake/build/ir/LaRueProtorealAlgebra/TensorCoupling.setup.json --json
error: LaRueProtorealAlgebra/TensorCoupling.lean:2:0: invalid 'import' command, it must be used in the beginning of the file
error: Lean exited with code 1
✖ [165/202] Building LaRueProtorealAlgebra.TopologicalBearing (215ms)
trace: .> LEAN_PATH=/home/phrxmaz/Documents/CyberAlchemy/.lake/packages/Cli/.lake/build/lib/lean:/home/phrxmaz/Documents/CyberAlchemy/.lake/packages/batteries/.lake/build/lib/lean:/home/phrxmaz/Documents/CyberAlchemy/.lake/packages/Qq/.lake/build/lib/lean:/home/phrxmaz/Documents/CyberAlchemy/.lake/packages/aesop/.lake/build/lib/lean:/home/phrxmaz/Documents/CyberAlchemy/.lake/packages/proofwidgets/.lake/build/lib/lean:/home/phrxmaz/Documents/CyberAlchemy/.lake/packages/importGraph/.lake/build/lib/lean:/home/phrxmaz/Documents/CyberAlchemy/.lake/packages/LeanSearchClient/.lake/build/lib/lean:/home/phrxmaz/Documents/CyberAlchemy/.lake/packages/plausible/.lake/build/lib/lean:/home/phrxmaz/Documents/CyberAlchemy/.lake/packages/mathlib/.lake/build/lib/lean:/home/phrxmaz/Documents/CyberAlchemy/.lake/build/lib/lean /home/phrxmaz/.elan/toolchains/leanprover--lean4---v4.29.1/bin/lean /home/phrxmaz/Documents/CyberAlchemy/LaRueProtorealAlgebra/TopologicalBearing.lean -o /home/phrxmaz/Documents/CyberAlchemy/.lake/build/lib/lean/LaRueProtorealAlgebra/TopologicalBearing.olean -i /home/phrxmaz/Documents/CyberAlchemy/.lake/build/lib/lean/LaRueProtorealAlgebra/TopologicalBearing.ilean -c /home/phrxmaz/Documents/CyberAlchemy/.lake/build/ir/LaRueProtorealAlgebra/TopologicalBearing.c --setup /home/phrxmaz/Documents/CyberAlchemy/.lake/build/ir/LaRueProtorealAlgebra/TopologicalBearing.setup.json --json
error: LaRueProtorealAlgebra/TopologicalBearing.lean:2:0: invalid 'import' command, it must be used in the beginning of the file
error: Lean exited with code 1
✖ [166/202] Building LaRueProtorealAlgebra.TopologicalDivergence (194ms)
trace: .> LEAN_PATH=/home/phrxmaz/Documents/CyberAlchemy/.lake/packages/Cli/.lake/build/lib/lean:/home/phrxmaz/Documents/CyberAlchemy/.lake/packages/batteries/.lake/build/lib/lean:/home/phrxmaz/Documents/CyberAlchemy/.lake/packages/Qq/.lake/build/lib/lean:/home/phrxmaz/Documents/CyberAlchemy/.lake/packages/aesop/.lake/build/lib/lean:/home/phrxmaz/Documents/CyberAlchemy/.lake/packages/proofwidgets/.lake/build/lib/lean:/home/phrxmaz/Documents/CyberAlchemy/.lake/packages/importGraph/.lake/build/lib/lean:/home/phrxmaz/Documents/CyberAlchemy/.lake/packages/LeanSearchClient/.lake/build/lib/lean:/home/phrxmaz/Documents/CyberAlchemy/.lake/packages/plausible/.lake/build/lib/lean:/home/phrxmaz/Documents/CyberAlchemy/.lake/packages/mathlib/.lake/build/lib/lean:/home/phrxmaz/Documents/CyberAlchemy/.lake/build/lib/lean /home/phrxmaz/.elan/toolchains/leanprover--lean4---v4.29.1/bin/lean /home/phrxmaz/Documents/CyberAlchemy/LaRueProtorealAlgebra/TopologicalDivergence.lean -o /home/phrxmaz/Documents/CyberAlchemy/.lake/build/lib/lean/LaRueProtorealAlgebra/TopologicalDivergence.olean -i /home/phrxmaz/Documents/CyberAlchemy/.lake/build/lib/lean/LaRueProtorealAlgebra/TopologicalDivergence.ilean -c /home/phrxmaz/Documents/CyberAlchemy/.lake/build/ir/LaRueProtorealAlgebra/TopologicalDivergence.c --setup /home/phrxmaz/Documents/CyberAlchemy/.lake/build/ir/LaRueProtorealAlgebra/TopologicalDivergence.setup.json --json
error: LaRueProtorealAlgebra/TopologicalDivergence.lean:2:0: invalid 'import' command, it must be used in the beginning of the file
error: Lean exited with code 1
✖ [167/202] Building LaRueProtorealAlgebra.TopologicalImaginary (179ms)
trace: .> LEAN_PATH=/home/phrxmaz/Documents/CyberAlchemy/.lake/packages/Cli/.lake/build/lib/lean:/home/phrxmaz/Documents/CyberAlchemy/.lake/packages/batteries/.lake/build/lib/lean:/home/phrxmaz/Documents/CyberAlchemy/.lake/packages/Qq/.lake/build/lib/lean:/home/phrxmaz/Documents/CyberAlchemy/.lake/packages/aesop/.lake/build/lib/lean:/home/phrxmaz/Documents/CyberAlchemy/.lake/packages/proofwidgets/.lake/build/lib/lean:/home/phrxmaz/Documents/CyberAlchemy/.lake/packages/importGraph/.lake/build/lib/lean:/home/phrxmaz/Documents/CyberAlchemy/.lake/packages/LeanSearchClient/.lake/build/lib/lean:/home/phrxmaz/Documents/CyberAlchemy/.lake/packages/plausible/.lake/build/lib/lean:/home/phrxmaz/Documents/CyberAlchemy/.lake/packages/mathlib/.lake/build/lib/lean:/home/phrxmaz/Documents/CyberAlchemy/.lake/build/lib/lean /home/phrxmaz/.elan/toolchains/leanprover--lean4---v4.29.1/bin/lean /home/phrxmaz/Documents/CyberAlchemy/LaRueProtorealAlgebra/TopologicalImaginary.lean -o /home/phrxmaz/Documents/CyberAlchemy/.lake/build/lib/lean/LaRueProtorealAlgebra/TopologicalImaginary.olean -i /home/phrxmaz/Documents/CyberAlchemy/.lake/build/lib/lean/LaRueProtorealAlgebra/TopologicalImaginary.ilean -c /home/phrxmaz/Documents/CyberAlchemy/.lake/build/ir/LaRueProtorealAlgebra/TopologicalImaginary.c --setup /home/phrxmaz/Documents/CyberAlchemy/.lake/build/ir/LaRueProtorealAlgebra/TopologicalImaginary.setup.json --json
error: LaRueProtorealAlgebra/TopologicalImaginary.lean:2:0: invalid 'import' command, it must be used in the beginning of the file
error: Lean exited with code 1
✖ [168/202] Building LaRueProtorealAlgebra.TranscendentalBasis (154ms)
trace: .> LEAN_PATH=/home/phrxmaz/Documents/CyberAlchemy/.lake/packages/Cli/.lake/build/lib/lean:/home/phrxmaz/Documents/CyberAlchemy/.lake/packages/batteries/.lake/build/lib/lean:/home/phrxmaz/Documents/CyberAlchemy/.lake/packages/Qq/.lake/build/lib/lean:/home/phrxmaz/Documents/CyberAlchemy/.lake/packages/aesop/.lake/build/lib/lean:/home/phrxmaz/Documents/CyberAlchemy/.lake/packages/proofwidgets/.lake/build/lib/lean:/home/phrxmaz/Documents/CyberAlchemy/.lake/packages/importGraph/.lake/build/lib/lean:/home/phrxmaz/Documents/CyberAlchemy/.lake/packages/LeanSearchClient/.lake/build/lib/lean:/home/phrxmaz/Documents/CyberAlchemy/.lake/packages/plausible/.lake/build/lib/lean:/home/phrxmaz/Documents/CyberAlchemy/.lake/packages/mathlib/.lake/build/lib/lean:/home/phrxmaz/Documents/CyberAlchemy/.lake/build/lib/lean /home/phrxmaz/.elan/toolchains/leanprover--lean4---v4.29.1/bin/lean /home/phrxmaz/Documents/CyberAlchemy/LaRueProtorealAlgebra/TranscendentalBasis.lean -o /home/phrxmaz/Documents/CyberAlchemy/.lake/build/lib/lean/LaRueProtorealAlgebra/TranscendentalBasis.olean -i /home/phrxmaz/Documents/CyberAlchemy/.lake/build/lib/lean/LaRueProtorealAlgebra/TranscendentalBasis.ilean -c /home/phrxmaz/Documents/CyberAlchemy/.lake/build/ir/LaRueProtorealAlgebra/TranscendentalBasis.c --setup /home/phrxmaz/Documents/CyberAlchemy/.lake/build/ir/LaRueProtorealAlgebra/TranscendentalBasis.setup.json --json
error: LaRueProtorealAlgebra/TranscendentalBasis.lean:2:0: invalid 'import' command, it must be used in the beginning of the file
error: Lean exited with code 1
✖ [169/202] Building LaRueProtorealAlgebra.UnifiedSeedProtocol (162ms)
trace: .> LEAN_PATH=/home/phrxmaz/Documents/CyberAlchemy/.lake/packages/Cli/.lake/build/lib/lean:/home/phrxmaz/Documents/CyberAlchemy/.lake/packages/batteries/.lake/build/lib/lean:/home/phrxmaz/Documents/CyberAlchemy/.lake/packages/Qq/.lake/build/lib/lean:/home/phrxmaz/Documents/CyberAlchemy/.lake/packages/aesop/.lake/build/lib/lean:/home/phrxmaz/Documents/CyberAlchemy/.lake/packages/proofwidgets/.lake/build/lib/lean:/home/phrxmaz/Documents/CyberAlchemy/.lake/packages/importGraph/.lake/build/lib/lean:/home/phrxmaz/Documents/CyberAlchemy/.lake/packages/LeanSearchClient/.lake/build/lib/lean:/home/phrxmaz/Documents/CyberAlchemy/.lake/packages/plausible/.lake/build/lib/lean:/home/phrxmaz/Documents/CyberAlchemy/.lake/packages/mathlib/.lake/build/lib/lean:/home/phrxmaz/Documents/CyberAlchemy/.lake/build/lib/lean /home/phrxmaz/.elan/toolchains/leanprover--lean4---v4.29.1/bin/lean /home/phrxmaz/Documents/CyberAlchemy/LaRueProtorealAlgebra/UnifiedSeedProtocol.lean -o /home/phrxmaz/Documents/CyberAlchemy/.lake/build/lib/lean/LaRueProtorealAlgebra/UnifiedSeedProtocol.olean -i /home/phrxmaz/Documents/CyberAlchemy/.lake/build/lib/lean/LaRueProtorealAlgebra/UnifiedSeedProtocol.ilean -c /home/phrxmaz/Documents/CyberAlchemy/.lake/build/ir/LaRueProtorealAlgebra/UnifiedSeedProtocol.c --setup /home/phrxmaz/Documents/CyberAlchemy/.lake/build/ir/LaRueProtorealAlgebra/UnifiedSeedProtocol.setup.json --json
error: LaRueProtorealAlgebra/UnifiedSeedProtocol.lean:2:0: invalid 'import' command, it must be used in the beginning of the file
error: Lean exited with code 1
✖ [170/202] Building LaRueProtorealAlgebra.YangMillsMassGap (153ms)
trace: .> LEAN_PATH=/home/phrxmaz/Documents/CyberAlchemy/.lake/packages/Cli/.lake/build/lib/lean:/home/phrxmaz/Documents/CyberAlchemy/.lake/packages/batteries/.lake/build/lib/lean:/home/phrxmaz/Documents/CyberAlchemy/.lake/packages/Qq/.lake/build/lib/lean:/home/phrxmaz/Documents/CyberAlchemy/.lake/packages/aesop/.lake/build/lib/lean:/home/phrxmaz/Documents/CyberAlchemy/.lake/packages/proofwidgets/.lake/build/lib/lean:/home/phrxmaz/Documents/CyberAlchemy/.lake/packages/importGraph/.lake/build/lib/lean:/home/phrxmaz/Documents/CyberAlchemy/.lake/packages/LeanSearchClient/.lake/build/lib/lean:/home/phrxmaz/Documents/CyberAlchemy/.lake/packages/plausible/.lake/build/lib/lean:/home/phrxmaz/Documents/CyberAlchemy/.lake/packages/mathlib/.lake/build/lib/lean:/home/phrxmaz/Documents/CyberAlchemy/.lake/build/lib/lean /home/phrxmaz/.elan/toolchains/leanprover--lean4---v4.29.1/bin/lean /home/phrxmaz/Documents/CyberAlchemy/LaRueProtorealAlgebra/YangMillsMassGap.lean -o /home/phrxmaz/Documents/CyberAlchemy/.lake/build/lib/lean/LaRueProtorealAlgebra/YangMillsMassGap.olean -i /home/phrxmaz/Documents/CyberAlchemy/.lake/build/lib/lean/LaRueProtorealAlgebra/YangMillsMassGap.ilean -c /home/phrxmaz/Documents/CyberAlchemy/.lake/build/ir/LaRueProtorealAlgebra/YangMillsMassGap.c --setup /home/phrxmaz/Documents/CyberAlchemy/.lake/build/ir/LaRueProtorealAlgebra/YangMillsMassGap.setup.json --json
error: LaRueProtorealAlgebra/YangMillsMassGap.lean:2:0: invalid 'import' command, it must be used in the beginning of the file
error: Lean exited with code 1
✖ [171/202] Building LaRueProtorealAlgebra.YangMillsMultipath (133ms)
trace: .> LEAN_PATH=/home/phrxmaz/Documents/CyberAlchemy/.lake/packages/Cli/.lake/build/lib/lean:/home/phrxmaz/Documents/CyberAlchemy/.lake/packages/batteries/.lake/build/lib/lean:/home/phrxmaz/Documents/CyberAlchemy/.lake/packages/Qq/.lake/build/lib/lean:/home/phrxmaz/Documents/CyberAlchemy/.lake/packages/aesop/.lake/build/lib/lean:/home/phrxmaz/Documents/CyberAlchemy/.lake/packages/proofwidgets/.lake/build/lib/lean:/home/phrxmaz/Documents/CyberAlchemy/.lake/packages/importGraph/.lake/build/lib/lean:/home/phrxmaz/Documents/CyberAlchemy/.lake/packages/LeanSearchClient/.lake/build/lib/lean:/home/phrxmaz/Documents/CyberAlchemy/.lake/packages/plausible/.lake/build/lib/lean:/home/phrxmaz/Documents/CyberAlchemy/.lake/packages/mathlib/.lake/build/lib/lean:/home/phrxmaz/Documents/CyberAlchemy/.lake/build/lib/lean /home/phrxmaz/.elan/toolchains/leanprover--lean4---v4.29.1/bin/lean /home/phrxmaz/Documents/CyberAlchemy/LaRueProtorealAlgebra/YangMillsMultipath.lean -o /home/phrxmaz/Documents/CyberAlchemy/.lake/build/lib/lean/LaRueProtorealAlgebra/YangMillsMultipath.olean -i /home/phrxmaz/Documents/CyberAlchemy/.lake/build/lib/lean/LaRueProtorealAlgebra/YangMillsMultipath.ilean -c /home/phrxmaz/Documents/CyberAlchemy/.lake/build/ir/LaRueProtorealAlgebra/YangMillsMultipath.c --setup /home/phrxmaz/Documents/CyberAlchemy/.lake/build/ir/LaRueProtorealAlgebra/YangMillsMultipath.setup.json --json
error: LaRueProtorealAlgebra/YangMillsMultipath.lean:2:0: invalid 'import' command, it must be used in the beginning of the file
error: Lean exited with code 1
✖ [172/321] Building LaRueProtorealAlgebra.TopologicalBifurcation (237ms)
trace: .> LEAN_PATH=/home/phrxmaz/Documents/CyberAlchemy/.lake/packages/Cli/.lake/build/lib/lean:/home/phrxmaz/Documents/CyberAlchemy/.lake/packages/batteries/.lake/build/lib/lean:/home/phrxmaz/Documents/CyberAlchemy/.lake/packages/Qq/.lake/build/lib/lean:/home/phrxmaz/Documents/CyberAlchemy/.lake/packages/aesop/.lake/build/lib/lean:/home/phrxmaz/Documents/CyberAlchemy/.lake/packages/proofwidgets/.lake/build/lib/lean:/home/phrxmaz/Documents/CyberAlchemy/.lake/packages/importGraph/.lake/build/lib/lean:/home/phrxmaz/Documents/CyberAlchemy/.lake/packages/LeanSearchClient/.lake/build/lib/lean:/home/phrxmaz/Documents/CyberAlchemy/.lake/packages/plausible/.lake/build/lib/lean:/home/phrxmaz/Documents/CyberAlchemy/.lake/packages/mathlib/.lake/build/lib/lean:/home/phrxmaz/Documents/CyberAlchemy/.lake/build/lib/lean /home/phrxmaz/.elan/toolchains/leanprover--lean4---v4.29.1/bin/lean /home/phrxmaz/Documents/CyberAlchemy/LaRueProtorealAlgebra/TopologicalBifurcation.lean -o /home/phrxmaz/Documents/CyberAlchemy/.lake/build/lib/lean/LaRueProtorealAlgebra/TopologicalBifurcation.olean -i /home/phrxmaz/Documents/CyberAlchemy/.lake/build/lib/lean/LaRueProtorealAlgebra/TopologicalBifurcation.ilean -c /home/phrxmaz/Documents/CyberAlchemy/.lake/build/ir/LaRueProtorealAlgebra/TopologicalBifurcation.c --setup /home/phrxmaz/Documents/CyberAlchemy/.lake/build/ir/LaRueProtorealAlgebra/TopologicalBifurcation.setup.json --json
error: LaRueProtorealAlgebra/TopologicalBifurcation.lean:2:0: invalid 'import' command, it must be used in the beginning of the file
error: Lean exited with code 1
✖ [173/321] Building LaRueProtorealAlgebra.Uncomplex (234ms)
trace: .> LEAN_PATH=/home/phrxmaz/Documents/CyberAlchemy/.lake/packages/Cli/.lake/build/lib/lean:/home/phrxmaz/Documents/CyberAlchemy/.lake/packages/batteries/.lake/build/lib/lean:/home/phrxmaz/Documents/CyberAlchemy/.lake/packages/Qq/.lake/build/lib/lean:/home/phrxmaz/Documents/CyberAlchemy/.lake/packages/aesop/.lake/build/lib/lean:/home/phrxmaz/Documents/CyberAlchemy/.lake/packages/proofwidgets/.lake/build/lib/lean:/home/phrxmaz/Documents/CyberAlchemy/.lake/packages/importGraph/.lake/build/lib/lean:/home/phrxmaz/Documents/CyberAlchemy/.lake/packages/LeanSearchClient/.lake/build/lib/lean:/home/phrxmaz/Documents/CyberAlchemy/.lake/packages/plausible/.lake/build/lib/lean:/home/phrxmaz/Documents/CyberAlchemy/.lake/packages/mathlib/.lake/build/lib/lean:/home/phrxmaz/Documents/CyberAlchemy/.lake/build/lib/lean /home/phrxmaz/.elan/toolchains/leanprover--lean4---v4.29.1/bin/lean /home/phrxmaz/Documents/CyberAlchemy/LaRueProtorealAlgebra/Uncomplex.lean -o /home/phrxmaz/Documents/CyberAlchemy/.lake/build/lib/lean/LaRueProtorealAlgebra/Uncomplex.olean -i /home/phrxmaz/Documents/CyberAlchemy/.lake/build/lib/lean/LaRueProtorealAlgebra/Uncomplex.ilean -c /home/phrxmaz/Documents/CyberAlchemy/.lake/build/ir/LaRueProtorealAlgebra/Uncomplex.c --setup /home/phrxmaz/Documents/CyberAlchemy/.lake/build/ir/LaRueProtorealAlgebra/Uncomplex.setup.json --json
error: LaRueProtorealAlgebra/Uncomplex.lean:2:0: invalid 'import' command, it must be used in the beginning of the file
error: Lean exited with code 1
✖ [174/321] Building LaRueProtorealAlgebra.VisionMorphism (192ms)
trace: .> LEAN_PATH=/home/phrxmaz/Documents/CyberAlchemy/.lake/packages/Cli/.lake/build/lib/lean:/home/phrxmaz/Documents/CyberAlchemy/.lake/packages/batteries/.lake/build/lib/lean:/home/phrxmaz/Documents/CyberAlchemy/.lake/packages/Qq/.lake/build/lib/lean:/home/phrxmaz/Documents/CyberAlchemy/.lake/packages/aesop/.lake/build/lib/lean:/home/phrxmaz/Documents/CyberAlchemy/.lake/packages/proofwidgets/.lake/build/lib/lean:/home/phrxmaz/Documents/CyberAlchemy/.lake/packages/importGraph/.lake/build/lib/lean:/home/phrxmaz/Documents/CyberAlchemy/.lake/packages/LeanSearchClient/.lake/build/lib/lean:/home/phrxmaz/Documents/CyberAlchemy/.lake/packages/plausible/.lake/build/lib/lean:/home/phrxmaz/Documents/CyberAlchemy/.lake/packages/mathlib/.lake/build/lib/lean:/home/phrxmaz/Documents/CyberAlchemy/.lake/build/lib/lean /home/phrxmaz/.elan/toolchains/leanprover--lean4---v4.29.1/bin/lean /home/phrxmaz/Documents/CyberAlchemy/LaRueProtorealAlgebra/VisionMorphism.lean -o /home/phrxmaz/Documents/CyberAlchemy/.lake/build/lib/lean/LaRueProtorealAlgebra/VisionMorphism.olean -i /home/phrxmaz/Documents/CyberAlchemy/.lake/build/lib/lean/LaRueProtorealAlgebra/VisionMorphism.ilean -c /home/phrxmaz/Documents/CyberAlchemy/.lake/build/ir/LaRueProtorealAlgebra/VisionMorphism.c --setup /home/phrxmaz/Documents/CyberAlchemy/.lake/build/ir/LaRueProtorealAlgebra/VisionMorphism.setup.json --json
error: LaRueProtorealAlgebra/VisionMorphism.lean:2:0: invalid 'import' command, it must be used in the beginning of the file
error: Lean exited with code 1
✖ [175/321] Building LaRueProtorealAlgebra.WLANResonance (203ms)
trace: .> LEAN_PATH=/home/phrxmaz/Documents/CyberAlchemy/.lake/packages/Cli/.lake/build/lib/lean:/home/phrxmaz/Documents/CyberAlchemy/.lake/packages/batteries/.lake/build/lib/lean:/home/phrxmaz/Documents/CyberAlchemy/.lake/packages/Qq/.lake/build/lib/lean:/home/phrxmaz/Documents/CyberAlchemy/.lake/packages/aesop/.lake/build/lib/lean:/home/phrxmaz/Documents/CyberAlchemy/.lake/packages/proofwidgets/.lake/build/lib/lean:/home/phrxmaz/Documents/CyberAlchemy/.lake/packages/importGraph/.lake/build/lib/lean:/home/phrxmaz/Documents/CyberAlchemy/.lake/packages/LeanSearchClient/.lake/build/lib/lean:/home/phrxmaz/Documents/CyberAlchemy/.lake/packages/plausible/.lake/build/lib/lean:/home/phrxmaz/Documents/CyberAlchemy/.lake/packages/mathlib/.lake/build/lib/lean:/home/phrxmaz/Documents/CyberAlchemy/.lake/build/lib/lean /home/phrxmaz/.elan/toolchains/leanprover--lean4---v4.29.1/bin/lean /home/phrxmaz/Documents/CyberAlchemy/LaRueProtorealAlgebra/WLANResonance.lean -o /home/phrxmaz/Documents/CyberAlchemy/.lake/build/lib/lean/LaRueProtorealAlgebra/WLANResonance.olean -i /home/phrxmaz/Documents/CyberAlchemy/.lake/build/lib/lean/LaRueProtorealAlgebra/WLANResonance.ilean -c /home/phrxmaz/Documents/CyberAlchemy/.lake/build/ir/LaRueProtorealAlgebra/WLANResonance.c --setup /home/phrxmaz/Documents/CyberAlchemy/.lake/build/ir/LaRueProtorealAlgebra/WLANResonance.setup.json --json
error: LaRueProtorealAlgebra/WLANResonance.lean:2:0: invalid 'import' command, it must be used in the beginning of the file
error: Lean exited with code 1
✖ [176/321] Building LaRueProtorealAlgebra.ZetaDirichlet (198ms)
trace: .> LEAN_PATH=/home/phrxmaz/Documents/CyberAlchemy/.lake/packages/Cli/.lake/build/lib/lean:/home/phrxmaz/Documents/CyberAlchemy/.lake/packages/batteries/.lake/build/lib/lean:/home/phrxmaz/Documents/CyberAlchemy/.lake/packages/Qq/.lake/build/lib/lean:/home/phrxmaz/Documents/CyberAlchemy/.lake/packages/aesop/.lake/build/lib/lean:/home/phrxmaz/Documents/CyberAlchemy/.lake/packages/proofwidgets/.lake/build/lib/lean:/home/phrxmaz/Documents/CyberAlchemy/.lake/packages/importGraph/.lake/build/lib/lean:/home/phrxmaz/Documents/CyberAlchemy/.lake/packages/LeanSearchClient/.lake/build/lib/lean:/home/phrxmaz/Documents/CyberAlchemy/.lake/packages/plausible/.lake/build/lib/lean:/home/phrxmaz/Documents/CyberAlchemy/.lake/packages/mathlib/.lake/build/lib/lean:/home/phrxmaz/Documents/CyberAlchemy/.lake/build/lib/lean /home/phrxmaz/.elan/toolchains/leanprover--lean4---v4.29.1/bin/lean /home/phrxmaz/Documents/CyberAlchemy/LaRueProtorealAlgebra/ZetaDirichlet.lean -o /home/phrxmaz/Documents/CyberAlchemy/.lake/build/lib/lean/LaRueProtorealAlgebra/ZetaDirichlet.olean -i /home/phrxmaz/Documents/CyberAlchemy/.lake/build/lib/lean/LaRueProtorealAlgebra/ZetaDirichlet.ilean -c /home/phrxmaz/Documents/CyberAlchemy/.lake/build/ir/LaRueProtorealAlgebra/ZetaDirichlet.c --setup /home/phrxmaz/Documents/CyberAlchemy/.lake/build/ir/LaRueProtorealAlgebra/ZetaDirichlet.setup.json --json
error: LaRueProtorealAlgebra/ZetaDirichlet.lean:2:0: invalid 'import' command, it must be used in the beginning of the file
error: Lean exited with code 1
✖ [177/321] Building LaRueProtorealAlgebra.ZetaResonance (200ms)
trace: .> LEAN_PATH=/home/phrxmaz/Documents/CyberAlchemy/.lake/packages/Cli/.lake/build/lib/lean:/home/phrxmaz/Documents/CyberAlchemy/.lake/packages/batteries/.lake/build/lib/lean:/home/phrxmaz/Documents/CyberAlchemy/.lake/packages/Qq/.lake/build/lib/lean:/home/phrxmaz/Documents/CyberAlchemy/.lake/packages/aesop/.lake/build/lib/lean:/home/phrxmaz/Documents/CyberAlchemy/.lake/packages/proofwidgets/.lake/build/lib/lean:/home/phrxmaz/Documents/CyberAlchemy/.lake/packages/importGraph/.lake/build/lib/lean:/home/phrxmaz/Documents/CyberAlchemy/.lake/packages/LeanSearchClient/.lake/build/lib/lean:/home/phrxmaz/Documents/CyberAlchemy/.lake/packages/plausible/.lake/build/lib/lean:/home/phrxmaz/Documents/CyberAlchemy/.lake/packages/mathlib/.lake/build/lib/lean:/home/phrxmaz/Documents/CyberAlchemy/.lake/build/lib/lean /home/phrxmaz/.elan/toolchains/leanprover--lean4---v4.29.1/bin/lean /home/phrxmaz/Documents/CyberAlchemy/LaRueProtorealAlgebra/ZetaResonance.lean -o /home/phrxmaz/Documents/CyberAlchemy/.lake/build/lib/lean/LaRueProtorealAlgebra/ZetaResonance.olean -i /home/phrxmaz/Documents/CyberAlchemy/.lake/build/lib/lean/LaRueProtorealAlgebra/ZetaResonance.ilean -c /home/phrxmaz/Documents/CyberAlchemy/.lake/build/ir/LaRueProtorealAlgebra/ZetaResonance.c --setup /home/phrxmaz/Documents/CyberAlchemy/.lake/build/ir/LaRueProtorealAlgebra/ZetaResonance.setup.json --json
error: LaRueProtorealAlgebra/ZetaResonance.lean:2:0: invalid 'import' command, it must be used in the beginning of the file
error: Lean exited with code 1
✖ [178/321] Building LaRueProtorealAlgebra.Biconditionality (208ms)
trace: .> LEAN_PATH=/home/phrxmaz/Documents/CyberAlchemy/.lake/packages/Cli/.lake/build/lib/lean:/home/phrxmaz/Documents/CyberAlchemy/.lake/packages/batteries/.lake/build/lib/lean:/home/phrxmaz/Documents/CyberAlchemy/.lake/packages/Qq/.lake/build/lib/lean:/home/phrxmaz/Documents/CyberAlchemy/.lake/packages/aesop/.lake/build/lib/lean:/home/phrxmaz/Documents/CyberAlchemy/.lake/packages/proofwidgets/.lake/build/lib/lean:/home/phrxmaz/Documents/CyberAlchemy/.lake/packages/importGraph/.lake/build/lib/lean:/home/phrxmaz/Documents/CyberAlchemy/.lake/packages/LeanSearchClient/.lake/build/lib/lean:/home/phrxmaz/Documents/CyberAlchemy/.lake/packages/plausible/.lake/build/lib/lean:/home/phrxmaz/Documents/CyberAlchemy/.lake/packages/mathlib/.lake/build/lib/lean:/home/phrxmaz/Documents/CyberAlchemy/.lake/build/lib/lean /home/phrxmaz/.elan/toolchains/leanprover--lean4---v4.29.1/bin/lean /home/phrxmaz/Documents/CyberAlchemy/LaRueProtorealAlgebra/Biconditionality.lean -o /home/phrxmaz/Documents/CyberAlchemy/.lake/build/lib/lean/LaRueProtorealAlgebra/Biconditionality.olean -i /home/phrxmaz/Documents/CyberAlchemy/.lake/build/lib/lean/LaRueProtorealAlgebra/Biconditionality.ilean -c /home/phrxmaz/Documents/CyberAlchemy/.lake/build/ir/LaRueProtorealAlgebra/Biconditionality.c --setup /home/phrxmaz/Documents/CyberAlchemy/.lake/build/ir/LaRueProtorealAlgebra/Biconditionality.setup.json --json
error: LaRueProtorealAlgebra/Biconditionality.lean:2:0: invalid 'import' command, it must be used in the beginning of the file
error: Lean exited with code 1
✖ [179/321] Building LaRueProtorealAlgebra.ElementaryRiemann (208ms)
trace: .> LEAN_PATH=/home/phrxmaz/Documents/CyberAlchemy/.lake/packages/Cli/.lake/build/lib/lean:/home/phrxmaz/Documents/CyberAlchemy/.lake/packages/batteries/.lake/build/lib/lean:/home/phrxmaz/Documents/CyberAlchemy/.lake/packages/Qq/.lake/build/lib/lean:/home/phrxmaz/Documents/CyberAlchemy/.lake/packages/aesop/.lake/build/lib/lean:/home/phrxmaz/Documents/CyberAlchemy/.lake/packages/proofwidgets/.lake/build/lib/lean:/home/phrxmaz/Documents/CyberAlchemy/.lake/packages/importGraph/.lake/build/lib/lean:/home/phrxmaz/Documents/CyberAlchemy/.lake/packages/LeanSearchClient/.lake/build/lib/lean:/home/phrxmaz/Documents/CyberAlchemy/.lake/packages/plausible/.lake/build/lib/lean:/home/phrxmaz/Documents/CyberAlchemy/.lake/packages/mathlib/.lake/build/lib/lean:/home/phrxmaz/Documents/CyberAlchemy/.lake/build/lib/lean /home/phrxmaz/.elan/toolchains/leanprover--lean4---v4.29.1/bin/lean /home/phrxmaz/Documents/CyberAlchemy/LaRueProtorealAlgebra/ElementaryRiemann.lean -o /home/phrxmaz/Documents/CyberAlchemy/.lake/build/lib/lean/LaRueProtorealAlgebra/ElementaryRiemann.olean -i /home/phrxmaz/Documents/CyberAlchemy/.lake/build/lib/lean/LaRueProtorealAlgebra/ElementaryRiemann.ilean -c /home/phrxmaz/Documents/CyberAlchemy/.lake/build/ir/LaRueProtorealAlgebra/ElementaryRiemann.c --setup /home/phrxmaz/Documents/CyberAlchemy/.lake/build/ir/LaRueProtorealAlgebra/ElementaryRiemann.setup.json --json
error: LaRueProtorealAlgebra/ElementaryRiemann.lean:2:0: invalid 'import' command, it must be used in the beginning of the file
error: Lean exited with code 1
✖ [180/321] Building LaRueProtorealAlgebra.SU3CenterInvariants (165ms)
trace: .> LEAN_PATH=/home/phrxmaz/Documents/CyberAlchemy/.lake/packages/Cli/.lake/build/lib/lean:/home/phrxmaz/Documents/CyberAlchemy/.lake/packages/batteries/.lake/build/lib/lean:/home/phrxmaz/Documents/CyberAlchemy/.lake/packages/Qq/.lake/build/lib/lean:/home/phrxmaz/Documents/CyberAlchemy/.lake/packages/aesop/.lake/build/lib/lean:/home/phrxmaz/Documents/CyberAlchemy/.lake/packages/proofwidgets/.lake/build/lib/lean:/home/phrxmaz/Documents/CyberAlchemy/.lake/packages/importGraph/.lake/build/lib/lean:/home/phrxmaz/Documents/CyberAlchemy/.lake/packages/LeanSearchClient/.lake/build/lib/lean:/home/phrxmaz/Documents/CyberAlchemy/.lake/packages/plausible/.lake/build/lib/lean:/home/phrxmaz/Documents/CyberAlchemy/.lake/packages/mathlib/.lake/build/lib/lean:/home/phrxmaz/Documents/CyberAlchemy/.lake/build/lib/lean /home/phrxmaz/.elan/toolchains/leanprover--lean4---v4.29.1/bin/lean /home/phrxmaz/Documents/CyberAlchemy/LaRueProtorealAlgebra/SU3CenterInvariants.lean -o /home/phrxmaz/Documents/CyberAlchemy/.lake/build/lib/lean/LaRueProtorealAlgebra/SU3CenterInvariants.olean -i /home/phrxmaz/Documents/CyberAlchemy/.lake/build/lib/lean/LaRueProtorealAlgebra/SU3CenterInvariants.ilean -c /home/phrxmaz/Documents/CyberAlchemy/.lake/build/ir/LaRueProtorealAlgebra/SU3CenterInvariants.c --setup /home/phrxmaz/Documents/CyberAlchemy/.lake/build/ir/LaRueProtorealAlgebra/SU3CenterInvariants.setup.json --json
error: LaRueProtorealAlgebra/SU3CenterInvariants.lean:2:0: invalid 'import' command, it must be used in the beginning of the file
error: Lean exited with code 1
✖ [182/414] Building LaRueProtorealAlgebra.AtomicTransmutation (215ms)
trace: .> LEAN_PATH=/home/phrxmaz/Documents/CyberAlchemy/.lake/packages/Cli/.lake/build/lib/lean:/home/phrxmaz/Documents/CyberAlchemy/.lake/packages/batteries/.lake/build/lib/lean:/home/phrxmaz/Documents/CyberAlchemy/.lake/packages/Qq/.lake/build/lib/lean:/home/phrxmaz/Documents/CyberAlchemy/.lake/packages/aesop/.lake/build/lib/lean:/home/phrxmaz/Documents/CyberAlchemy/.lake/packages/proofwidgets/.lake/build/lib/lean:/home/phrxmaz/Documents/CyberAlchemy/.lake/packages/importGraph/.lake/build/lib/lean:/home/phrxmaz/Documents/CyberAlchemy/.lake/packages/LeanSearchClient/.lake/build/lib/lean:/home/phrxmaz/Documents/CyberAlchemy/.lake/packages/plausible/.lake/build/lib/lean:/home/phrxmaz/Documents/CyberAlchemy/.lake/packages/mathlib/.lake/build/lib/lean:/home/phrxmaz/Documents/CyberAlchemy/.lake/build/lib/lean /home/phrxmaz/.elan/toolchains/leanprover--lean4---v4.29.1/bin/lean /home/phrxmaz/Documents/CyberAlchemy/LaRueProtorealAlgebra/AtomicTransmutation.lean -o /home/phrxmaz/Documents/CyberAlchemy/.lake/build/lib/lean/LaRueProtorealAlgebra/AtomicTransmutation.olean -i /home/phrxmaz/Documents/CyberAlchemy/.lake/build/lib/lean/LaRueProtorealAlgebra/AtomicTransmutation.ilean -c /home/phrxmaz/Documents/CyberAlchemy/.lake/build/ir/LaRueProtorealAlgebra/AtomicTransmutation.c --setup /home/phrxmaz/Documents/CyberAlchemy/.lake/build/ir/LaRueProtorealAlgebra/AtomicTransmutation.setup.json --json
error: LaRueProtorealAlgebra/AtomicTransmutation.lean:2:0: invalid 'import' command, it must be used in the beginning of the file
error: Lean exited with code 1
✖ [183/414] Building LaRueProtorealAlgebra.GoldenAlgebra (196ms)
trace: .> LEAN_PATH=/home/phrxmaz/Documents/CyberAlchemy/.lake/packages/Cli/.lake/build/lib/lean:/home/phrxmaz/Documents/CyberAlchemy/.lake/packages/batteries/.lake/build/lib/lean:/home/phrxmaz/Documents/CyberAlchemy/.lake/packages/Qq/.lake/build/lib/lean:/home/phrxmaz/Documents/CyberAlchemy/.lake/packages/aesop/.lake/build/lib/lean:/home/phrxmaz/Documents/CyberAlchemy/.lake/packages/proofwidgets/.lake/build/lib/lean:/home/phrxmaz/Documents/CyberAlchemy/.lake/packages/importGraph/.lake/build/lib/lean:/home/phrxmaz/Documents/CyberAlchemy/.lake/packages/LeanSearchClient/.lake/build/lib/lean:/home/phrxmaz/Documents/CyberAlchemy/.lake/packages/plausible/.lake/build/lib/lean:/home/phrxmaz/Documents/CyberAlchemy/.lake/packages/mathlib/.lake/build/lib/lean:/home/phrxmaz/Documents/CyberAlchemy/.lake/build/lib/lean /home/phrxmaz/.elan/toolchains/leanprover--lean4---v4.29.1/bin/lean /home/phrxmaz/Documents/CyberAlchemy/LaRueProtorealAlgebra/GoldenAlgebra.lean -o /home/phrxmaz/Documents/CyberAlchemy/.lake/build/lib/lean/LaRueProtorealAlgebra/GoldenAlgebra.olean -i /home/phrxmaz/Documents/CyberAlchemy/.lake/build/lib/lean/LaRueProtorealAlgebra/GoldenAlgebra.ilean -c /home/phrxmaz/Documents/CyberAlchemy/.lake/build/ir/LaRueProtorealAlgebra/GoldenAlgebra.c --setup /home/phrxmaz/Documents/CyberAlchemy/.lake/build/ir/LaRueProtorealAlgebra/GoldenAlgebra.setup.json --json
error: LaRueProtorealAlgebra/GoldenAlgebra.lean:2:0: invalid 'import' command, it must be used in the beginning of the file
error: Lean exited with code 1
✖ [184/414] Building LaRueProtorealAlgebra.NeuralTopology (198ms)
trace: .> LEAN_PATH=/home/phrxmaz/Documents/CyberAlchemy/.lake/packages/Cli/.lake/build/lib/lean:/home/phrxmaz/Documents/CyberAlchemy/.lake/packages/batteries/.lake/build/lib/lean:/home/phrxmaz/Documents/CyberAlchemy/.lake/packages/Qq/.lake/build/lib/lean:/home/phrxmaz/Documents/CyberAlchemy/.lake/packages/aesop/.lake/build/lib/lean:/home/phrxmaz/Documents/CyberAlchemy/.lake/packages/proofwidgets/.lake/build/lib/lean:/home/phrxmaz/Documents/CyberAlchemy/.lake/packages/importGraph/.lake/build/lib/lean:/home/phrxmaz/Documents/CyberAlchemy/.lake/packages/LeanSearchClient/.lake/build/lib/lean:/home/phrxmaz/Documents/CyberAlchemy/.lake/packages/plausible/.lake/build/lib/lean:/home/phrxmaz/Documents/CyberAlchemy/.lake/packages/mathlib/.lake/build/lib/lean:/home/phrxmaz/Documents/CyberAlchemy/.lake/build/lib/lean /home/phrxmaz/.elan/toolchains/leanprover--lean4---v4.29.1/bin/lean /home/phrxmaz/Documents/CyberAlchemy/LaRueProtorealAlgebra/NeuralTopology.lean -o /home/phrxmaz/Documents/CyberAlchemy/.lake/build/lib/lean/LaRueProtorealAlgebra/NeuralTopology.olean -i /home/phrxmaz/Documents/CyberAlchemy/.lake/build/lib/lean/LaRueProtorealAlgebra/NeuralTopology.ilean -c /home/phrxmaz/Documents/CyberAlchemy/.lake/build/ir/LaRueProtorealAlgebra/NeuralTopology.c --setup /home/phrxmaz/Documents/CyberAlchemy/.lake/build/ir/LaRueProtorealAlgebra/NeuralTopology.setup.json --json
error: LaRueProtorealAlgebra/NeuralTopology.lean:2:0: invalid 'import' command, it must be used in the beginning of the file
error: Lean exited with code 1
✖ [185/414] Building LaRueProtorealAlgebra.ObserverDecomposition (206ms)
trace: .> LEAN_PATH=/home/phrxmaz/Documents/CyberAlchemy/.lake/packages/Cli/.lake/build/lib/lean:/home/phrxmaz/Documents/CyberAlchemy/.lake/packages/batteries/.lake/build/lib/lean:/home/phrxmaz/Documents/CyberAlchemy/.lake/packages/Qq/.lake/build/lib/lean:/home/phrxmaz/Documents/CyberAlchemy/.lake/packages/aesop/.lake/build/lib/lean:/home/phrxmaz/Documents/CyberAlchemy/.lake/packages/proofwidgets/.lake/build/lib/lean:/home/phrxmaz/Documents/CyberAlchemy/.lake/packages/importGraph/.lake/build/lib/lean:/home/phrxmaz/Documents/CyberAlchemy/.lake/packages/LeanSearchClient/.lake/build/lib/lean:/home/phrxmaz/Documents/CyberAlchemy/.lake/packages/plausible/.lake/build/lib/lean:/home/phrxmaz/Documents/CyberAlchemy/.lake/packages/mathlib/.lake/build/lib/lean:/home/phrxmaz/Documents/CyberAlchemy/.lake/build/lib/lean /home/phrxmaz/.elan/toolchains/leanprover--lean4---v4.29.1/bin/lean /home/phrxmaz/Documents/CyberAlchemy/LaRueProtorealAlgebra/ObserverDecomposition.lean -o /home/phrxmaz/Documents/CyberAlchemy/.lake/build/lib/lean/LaRueProtorealAlgebra/ObserverDecomposition.olean -i /home/phrxmaz/Documents/CyberAlchemy/.lake/build/lib/lean/LaRueProtorealAlgebra/ObserverDecomposition.ilean -c /home/phrxmaz/Documents/CyberAlchemy/.lake/build/ir/LaRueProtorealAlgebra/ObserverDecomposition.c --setup /home/phrxmaz/Documents/CyberAlchemy/.lake/build/ir/LaRueProtorealAlgebra/ObserverDecomposition.setup.json --json
error: LaRueProtorealAlgebra/ObserverDecomposition.lean:2:0: invalid 'import' command, it must be used in the beginning of the file
error: Lean exited with code 1
✖ [186/414] Building LaRueProtorealAlgebra.ProtorealChemistry (186ms)
trace: .> LEAN_PATH=/home/phrxmaz/Documents/CyberAlchemy/.lake/packages/Cli/.lake/build/lib/lean:/home/phrxmaz/Documents/CyberAlchemy/.lake/packages/batteries/.lake/build/lib/lean:/home/phrxmaz/Documents/CyberAlchemy/.lake/packages/Qq/.lake/build/lib/lean:/home/phrxmaz/Documents/CyberAlchemy/.lake/packages/aesop/.lake/build/lib/lean:/home/phrxmaz/Documents/CyberAlchemy/.lake/packages/proofwidgets/.lake/build/lib/lean:/home/phrxmaz/Documents/CyberAlchemy/.lake/packages/importGraph/.lake/build/lib/lean:/home/phrxmaz/Documents/CyberAlchemy/.lake/packages/LeanSearchClient/.lake/build/lib/lean:/home/phrxmaz/Documents/CyberAlchemy/.lake/packages/plausible/.lake/build/lib/lean:/home/phrxmaz/Documents/CyberAlchemy/.lake/packages/mathlib/.lake/build/lib/lean:/home/phrxmaz/Documents/CyberAlchemy/.lake/build/lib/lean /home/phrxmaz/.elan/toolchains/leanprover--lean4---v4.29.1/bin/lean /home/phrxmaz/Documents/CyberAlchemy/LaRueProtorealAlgebra/ProtorealChemistry.lean -o /home/phrxmaz/Documents/CyberAlchemy/.lake/build/lib/lean/LaRueProtorealAlgebra/ProtorealChemistry.olean -i /home/phrxmaz/Documents/CyberAlchemy/.lake/build/lib/lean/LaRueProtorealAlgebra/ProtorealChemistry.ilean -c /home/phrxmaz/Documents/CyberAlchemy/.lake/build/ir/LaRueProtorealAlgebra/ProtorealChemistry.c --setup /home/phrxmaz/Documents/CyberAlchemy/.lake/build/ir/LaRueProtorealAlgebra/ProtorealChemistry.setup.json --json
error: LaRueProtorealAlgebra/ProtorealChemistry.lean:2:0: invalid 'import' command, it must be used in the beginning of the file
error: Lean exited with code 1
✖ [187/414] Building LaRueProtorealAlgebra.StieltjesScaling (220ms)
trace: .> LEAN_PATH=/home/phrxmaz/Documents/CyberAlchemy/.lake/packages/Cli/.lake/build/lib/lean:/home/phrxmaz/Documents/CyberAlchemy/.lake/packages/batteries/.lake/build/lib/lean:/home/phrxmaz/Documents/CyberAlchemy/.lake/packages/Qq/.lake/build/lib/lean:/home/phrxmaz/Documents/CyberAlchemy/.lake/packages/aesop/.lake/build/lib/lean:/home/phrxmaz/Documents/CyberAlchemy/.lake/packages/proofwidgets/.lake/build/lib/lean:/home/phrxmaz/Documents/CyberAlchemy/.lake/packages/importGraph/.lake/build/lib/lean:/home/phrxmaz/Documents/CyberAlchemy/.lake/packages/LeanSearchClient/.lake/build/lib/lean:/home/phrxmaz/Documents/CyberAlchemy/.lake/packages/plausible/.lake/build/lib/lean:/home/phrxmaz/Documents/CyberAlchemy/.lake/packages/mathlib/.lake/build/lib/lean:/home/phrxmaz/Documents/CyberAlchemy/.lake/build/lib/lean /home/phrxmaz/.elan/toolchains/leanprover--lean4---v4.29.1/bin/lean /home/phrxmaz/Documents/CyberAlchemy/LaRueProtorealAlgebra/StieltjesScaling.lean -o /home/phrxmaz/Documents/CyberAlchemy/.lake/build/lib/lean/LaRueProtorealAlgebra/StieltjesScaling.olean -i /home/phrxmaz/Documents/CyberAlchemy/.lake/build/lib/lean/LaRueProtorealAlgebra/StieltjesScaling.ilean -c /home/phrxmaz/Documents/CyberAlchemy/.lake/build/ir/LaRueProtorealAlgebra/StieltjesScaling.c --setup /home/phrxmaz/Documents/CyberAlchemy/.lake/build/ir/LaRueProtorealAlgebra/StieltjesScaling.setup.json --json
error: LaRueProtorealAlgebra/StieltjesScaling.lean:2:0: invalid 'import' command, it must be used in the beginning of the file
error: Lean exited with code 1
✖ [188/414] Building LaRueProtorealAlgebra.TotientMorphism (212ms)
trace: .> LEAN_PATH=/home/phrxmaz/Documents/CyberAlchemy/.lake/packages/Cli/.lake/build/lib/lean:/home/phrxmaz/Documents/CyberAlchemy/.lake/packages/batteries/.lake/build/lib/lean:/home/phrxmaz/Documents/CyberAlchemy/.lake/packages/Qq/.lake/build/lib/lean:/home/phrxmaz/Documents/CyberAlchemy/.lake/packages/aesop/.lake/build/lib/lean:/home/phrxmaz/Documents/CyberAlchemy/.lake/packages/proofwidgets/.lake/build/lib/lean:/home/phrxmaz/Documents/CyberAlchemy/.lake/packages/importGraph/.lake/build/lib/lean:/home/phrxmaz/Documents/CyberAlchemy/.lake/packages/LeanSearchClient/.lake/build/lib/lean:/home/phrxmaz/Documents/CyberAlchemy/.lake/packages/plausible/.lake/build/lib/lean:/home/phrxmaz/Documents/CyberAlchemy/.lake/packages/mathlib/.lake/build/lib/lean:/home/phrxmaz/Documents/CyberAlchemy/.lake/build/lib/lean /home/phrxmaz/.elan/toolchains/leanprover--lean4---v4.29.1/bin/lean /home/phrxmaz/Documents/CyberAlchemy/LaRueProtorealAlgebra/TotientMorphism.lean -o /home/phrxmaz/Documents/CyberAlchemy/.lake/build/lib/lean/LaRueProtorealAlgebra/TotientMorphism.olean -i /home/phrxmaz/Documents/CyberAlchemy/.lake/build/lib/lean/LaRueProtorealAlgebra/TotientMorphism.ilean -c /home/phrxmaz/Documents/CyberAlchemy/.lake/build/ir/LaRueProtorealAlgebra/TotientMorphism.c --setup /home/phrxmaz/Documents/CyberAlchemy/.lake/build/ir/LaRueProtorealAlgebra/TotientMorphism.setup.json --json
error: LaRueProtorealAlgebra/TotientMorphism.lean:2:0: invalid 'import' command, it must be used in the beginning of the file
error: Lean exited with code 1
✖ [189/414] Building LaRueProtorealAlgebra.ZBuddyResonance (198ms)
trace: .> LEAN_PATH=/home/phrxmaz/Documents/CyberAlchemy/.lake/packages/Cli/.lake/build/lib/lean:/home/phrxmaz/Documents/CyberAlchemy/.lake/packages/batteries/.lake/build/lib/lean:/home/phrxmaz/Documents/CyberAlchemy/.lake/packages/Qq/.lake/build/lib/lean:/home/phrxmaz/Documents/CyberAlchemy/.lake/packages/aesop/.lake/build/lib/lean:/home/phrxmaz/Documents/CyberAlchemy/.lake/packages/proofwidgets/.lake/build/lib/lean:/home/phrxmaz/Documents/CyberAlchemy/.lake/packages/importGraph/.lake/build/lib/lean:/home/phrxmaz/Documents/CyberAlchemy/.lake/packages/LeanSearchClient/.lake/build/lib/lean:/home/phrxmaz/Documents/CyberAlchemy/.lake/packages/plausible/.lake/build/lib/lean:/home/phrxmaz/Documents/CyberAlchemy/.lake/packages/mathlib/.lake/build/lib/lean:/home/phrxmaz/Documents/CyberAlchemy/.lake/build/lib/lean /home/phrxmaz/.elan/toolchains/leanprover--lean4---v4.29.1/bin/lean /home/phrxmaz/Documents/CyberAlchemy/LaRueProtorealAlgebra/ZBuddyResonance.lean -o /home/phrxmaz/Documents/CyberAlchemy/.lake/build/lib/lean/LaRueProtorealAlgebra/ZBuddyResonance.olean -i /home/phrxmaz/Documents/CyberAlchemy/.lake/build/lib/lean/LaRueProtorealAlgebra/ZBuddyResonance.ilean -c /home/phrxmaz/Documents/CyberAlchemy/.lake/build/ir/LaRueProtorealAlgebra/ZBuddyResonance.c --setup /home/phrxmaz/Documents/CyberAlchemy/.lake/build/ir/LaRueProtorealAlgebra/ZBuddyResonance.setup.json --json
error: LaRueProtorealAlgebra/ZBuddyResonance.lean:2:0: invalid 'import' command, it must be used in the beginning of the file
error: Lean exited with code 1
✖ [190/414] Building LaRueProtorealAlgebra.SuperlambdaSpine (198ms)
trace: .> LEAN_PATH=/home/phrxmaz/Documents/CyberAlchemy/.lake/packages/Cli/.lake/build/lib/lean:/home/phrxmaz/Documents/CyberAlchemy/.lake/packages/batteries/.lake/build/lib/lean:/home/phrxmaz/Documents/CyberAlchemy/.lake/packages/Qq/.lake/build/lib/lean:/home/phrxmaz/Documents/CyberAlchemy/.lake/packages/aesop/.lake/build/lib/lean:/home/phrxmaz/Documents/CyberAlchemy/.lake/packages/proofwidgets/.lake/build/lib/lean:/home/phrxmaz/Documents/CyberAlchemy/.lake/packages/importGraph/.lake/build/lib/lean:/home/phrxmaz/Documents/CyberAlchemy/.lake/packages/LeanSearchClient/.lake/build/lib/lean:/home/phrxmaz/Documents/CyberAlchemy/.lake/packages/plausible/.lake/build/lib/lean:/home/phrxmaz/Documents/CyberAlchemy/.lake/packages/mathlib/.lake/build/lib/lean:/home/phrxmaz/Documents/CyberAlchemy/.lake/build/lib/lean /home/phrxmaz/.elan/toolchains/leanprover--lean4---v4.29.1/bin/lean /home/phrxmaz/Documents/CyberAlchemy/LaRueProtorealAlgebra/SuperlambdaSpine.lean -o /home/phrxmaz/Documents/CyberAlchemy/.lake/build/lib/lean/LaRueProtorealAlgebra/SuperlambdaSpine.olean -i /home/phrxmaz/Documents/CyberAlchemy/.lake/build/lib/lean/LaRueProtorealAlgebra/SuperlambdaSpine.ilean -c /home/phrxmaz/Documents/CyberAlchemy/.lake/build/ir/LaRueProtorealAlgebra/SuperlambdaSpine.c --setup /home/phrxmaz/Documents/CyberAlchemy/.lake/build/ir/LaRueProtorealAlgebra/SuperlambdaSpine.setup.json --json
error: LaRueProtorealAlgebra/SuperlambdaSpine.lean:2:0: invalid 'import' command, it must be used in the beginning of the file
error: Lean exited with code 1
✖ [191/414] Building LaRueProtorealAlgebra.ZKPCR (199ms)
trace: .> LEAN_PATH=/home/phrxmaz/Documents/CyberAlchemy/.lake/packages/Cli/.lake/build/lib/lean:/home/phrxmaz/Documents/CyberAlchemy/.lake/packages/batteries/.lake/build/lib/lean:/home/phrxmaz/Documents/CyberAlchemy/.lake/packages/Qq/.lake/build/lib/lean:/home/phrxmaz/Documents/CyberAlchemy/.lake/packages/aesop/.lake/build/lib/lean:/home/phrxmaz/Documents/CyberAlchemy/.lake/packages/proofwidgets/.lake/build/lib/lean:/home/phrxmaz/Documents/CyberAlchemy/.lake/packages/importGraph/.lake/build/lib/lean:/home/phrxmaz/Documents/CyberAlchemy/.lake/packages/LeanSearchClient/.lake/build/lib/lean:/home/phrxmaz/Documents/CyberAlchemy/.lake/packages/plausible/.lake/build/lib/lean:/home/phrxmaz/Documents/CyberAlchemy/.lake/packages/mathlib/.lake/build/lib/lean:/home/phrxmaz/Documents/CyberAlchemy/.lake/build/lib/lean /home/phrxmaz/.elan/toolchains/leanprover--lean4---v4.29.1/bin/lean /home/phrxmaz/Documents/CyberAlchemy/LaRueProtorealAlgebra/ZKPCR.lean -o /home/phrxmaz/Documents/CyberAlchemy/.lake/build/lib/lean/LaRueProtorealAlgebra/ZKPCR.olean -i /home/phrxmaz/Documents/CyberAlchemy/.lake/build/lib/lean/LaRueProtorealAlgebra/ZKPCR.ilean -c /home/phrxmaz/Documents/CyberAlchemy/.lake/build/ir/LaRueProtorealAlgebra/ZKPCR.c --setup /home/phrxmaz/Documents/CyberAlchemy/.lake/build/ir/LaRueProtorealAlgebra/ZKPCR.setup.json --json
error: LaRueProtorealAlgebra/ZKPCR.lean:2:0: invalid 'import' command, it must be used in the beginning of the file
error: Lean exited with code 1
✖ [192/414] Building LaRueProtorealAlgebra.GenerativeZKPCR (207ms)
trace: .> LEAN_PATH=/home/phrxmaz/Documents/CyberAlchemy/.lake/packages/Cli/.lake/build/lib/lean:/home/phrxmaz/Documents/CyberAlchemy/.lake/packages/batteries/.lake/build/lib/lean:/home/phrxmaz/Documents/CyberAlchemy/.lake/packages/Qq/.lake/build/lib/lean:/home/phrxmaz/Documents/CyberAlchemy/.lake/packages/aesop/.lake/build/lib/lean:/home/phrxmaz/Documents/CyberAlchemy/.lake/packages/proofwidgets/.lake/build/lib/lean:/home/phrxmaz/Documents/CyberAlchemy/.lake/packages/importGraph/.lake/build/lib/lean:/home/phrxmaz/Documents/CyberAlchemy/.lake/packages/LeanSearchClient/.lake/build/lib/lean:/home/phrxmaz/Documents/CyberAlchemy/.lake/packages/plausible/.lake/build/lib/lean:/home/phrxmaz/Documents/CyberAlchemy/.lake/packages/mathlib/.lake/build/lib/lean:/home/phrxmaz/Documents/CyberAlchemy/.lake/build/lib/lean /home/phrxmaz/.elan/toolchains/leanprover--lean4---v4.29.1/bin/lean /home/phrxmaz/Documents/CyberAlchemy/LaRueProtorealAlgebra/GenerativeZKPCR.lean -o /home/phrxmaz/Documents/CyberAlchemy/.lake/build/lib/lean/LaRueProtorealAlgebra/GenerativeZKPCR.olean -i /home/phrxmaz/Documents/CyberAlchemy/.lake/build/lib/lean/LaRueProtorealAlgebra/GenerativeZKPCR.ilean -c /home/phrxmaz/Documents/CyberAlchemy/.lake/build/ir/LaRueProtorealAlgebra/GenerativeZKPCR.c --setup /home/phrxmaz/Documents/CyberAlchemy/.lake/build/ir/LaRueProtorealAlgebra/GenerativeZKPCR.setup.json --json
error: LaRueProtorealAlgebra/GenerativeZKPCR.lean:2:0: invalid 'import' command, it must be used in the beginning of the file
error: Lean exited with code 1
✖ [193/414] Building LaRueProtorealAlgebra.AdelicIdentity (169ms)
trace: .> LEAN_PATH=/home/phrxmaz/Documents/CyberAlchemy/.lake/packages/Cli/.lake/build/lib/lean:/home/phrxmaz/Documents/CyberAlchemy/.lake/packages/batteries/.lake/build/lib/lean:/home/phrxmaz/Documents/CyberAlchemy/.lake/packages/Qq/.lake/build/lib/lean:/home/phrxmaz/Documents/CyberAlchemy/.lake/packages/aesop/.lake/build/lib/lean:/home/phrxmaz/Documents/CyberAlchemy/.lake/packages/proofwidgets/.lake/build/lib/lean:/home/phrxmaz/Documents/CyberAlchemy/.lake/packages/importGraph/.lake/build/lib/lean:/home/phrxmaz/Documents/CyberAlchemy/.lake/packages/LeanSearchClient/.lake/build/lib/lean:/home/phrxmaz/Documents/CyberAlchemy/.lake/packages/plausible/.lake/build/lib/lean:/home/phrxmaz/Documents/CyberAlchemy/.lake/packages/mathlib/.lake/build/lib/lean:/home/phrxmaz/Documents/CyberAlchemy/.lake/build/lib/lean /home/phrxmaz/.elan/toolchains/leanprover--lean4---v4.29.1/bin/lean /home/phrxmaz/Documents/CyberAlchemy/LaRueProtorealAlgebra/AdelicIdentity.lean -o /home/phrxmaz/Documents/CyberAlchemy/.lake/build/lib/lean/LaRueProtorealAlgebra/AdelicIdentity.olean -i /home/phrxmaz/Documents/CyberAlchemy/.lake/build/lib/lean/LaRueProtorealAlgebra/AdelicIdentity.ilean -c /home/phrxmaz/Documents/CyberAlchemy/.lake/build/ir/LaRueProtorealAlgebra/AdelicIdentity.c --setup /home/phrxmaz/Documents/CyberAlchemy/.lake/build/ir/LaRueProtorealAlgebra/AdelicIdentity.setup.json --json
error: LaRueProtorealAlgebra/AdelicIdentity.lean:2:0: invalid 'import' command, it must be used in the beginning of the file
error: Lean exited with code 1
✖ [194/414] Building LaRueProtorealAlgebra.SewingTopology (154ms)
trace: .> LEAN_PATH=/home/phrxmaz/Documents/CyberAlchemy/.lake/packages/Cli/.lake/build/lib/lean:/home/phrxmaz/Documents/CyberAlchemy/.lake/packages/batteries/.lake/build/lib/lean:/home/phrxmaz/Documents/CyberAlchemy/.lake/packages/Qq/.lake/build/lib/lean:/home/phrxmaz/Documents/CyberAlchemy/.lake/packages/aesop/.lake/build/lib/lean:/home/phrxmaz/Documents/CyberAlchemy/.lake/packages/proofwidgets/.lake/build/lib/lean:/home/phrxmaz/Documents/CyberAlchemy/.lake/packages/importGraph/.lake/build/lib/lean:/home/phrxmaz/Documents/CyberAlchemy/.lake/packages/LeanSearchClient/.lake/build/lib/lean:/home/phrxmaz/Documents/CyberAlchemy/.lake/packages/plausible/.lake/build/lib/lean:/home/phrxmaz/Documents/CyberAlchemy/.lake/packages/mathlib/.lake/build/lib/lean:/home/phrxmaz/Documents/CyberAlchemy/.lake/build/lib/lean /home/phrxmaz/.elan/toolchains/leanprover--lean4---v4.29.1/bin/lean /home/phrxmaz/Documents/CyberAlchemy/LaRueProtorealAlgebra/SewingTopology.lean -o /home/phrxmaz/Documents/CyberAlchemy/.lake/build/lib/lean/LaRueProtorealAlgebra/SewingTopology.olean -i /home/phrxmaz/Documents/CyberAlchemy/.lake/build/lib/lean/LaRueProtorealAlgebra/SewingTopology.ilean -c /home/phrxmaz/Documents/CyberAlchemy/.lake/build/ir/LaRueProtorealAlgebra/SewingTopology.c --setup /home/phrxmaz/Documents/CyberAlchemy/.lake/build/ir/LaRueProtorealAlgebra/SewingTopology.setup.json --json
error: LaRueProtorealAlgebra/SewingTopology.lean:2:0: invalid 'import' command, it must be used in the beginning of the file
error: Lean exited with code 1
✖ [195/414] Building LaRueProtorealAlgebra.LockwoodAQFT (187ms)
trace: .> LEAN_PATH=/home/phrxmaz/Documents/CyberAlchemy/.lake/packages/Cli/.lake/build/lib/lean:/home/phrxmaz/Documents/CyberAlchemy/.lake/packages/batteries/.lake/build/lib/lean:/home/phrxmaz/Documents/CyberAlchemy/.lake/packages/Qq/.lake/build/lib/lean:/home/phrxmaz/Documents/CyberAlchemy/.lake/packages/aesop/.lake/build/lib/lean:/home/phrxmaz/Documents/CyberAlchemy/.lake/packages/proofwidgets/.lake/build/lib/lean:/home/phrxmaz/Documents/CyberAlchemy/.lake/packages/importGraph/.lake/build/lib/lean:/home/phrxmaz/Documents/CyberAlchemy/.lake/packages/LeanSearchClient/.lake/build/lib/lean:/home/phrxmaz/Documents/CyberAlchemy/.lake/packages/plausible/.lake/build/lib/lean:/home/phrxmaz/Documents/CyberAlchemy/.lake/packages/mathlib/.lake/build/lib/lean:/home/phrxmaz/Documents/CyberAlchemy/.lake/build/lib/lean /home/phrxmaz/.elan/toolchains/leanprover--lean4---v4.29.1/bin/lean /home/phrxmaz/Documents/CyberAlchemy/LaRueProtorealAlgebra/LockwoodAQFT.lean -o /home/phrxmaz/Documents/CyberAlchemy/.lake/build/lib/lean/LaRueProtorealAlgebra/LockwoodAQFT.olean -i /home/phrxmaz/Documents/CyberAlchemy/.lake/build/lib/lean/LaRueProtorealAlgebra/LockwoodAQFT.ilean -c /home/phrxmaz/Documents/CyberAlchemy/.lake/build/ir/LaRueProtorealAlgebra/LockwoodAQFT.c --setup /home/phrxmaz/Documents/CyberAlchemy/.lake/build/ir/LaRueProtorealAlgebra/LockwoodAQFT.setup.json --json
error: LaRueProtorealAlgebra/LockwoodAQFT.lean:2:0: invalid 'import' command, it must be used in the beginning of the file
error: Lean exited with code 1
✖ [196/414] Building LaRueProtorealAlgebra.UniversalBode (178ms)
trace: .> LEAN_PATH=/home/phrxmaz/Documents/CyberAlchemy/.lake/packages/Cli/.lake/build/lib/lean:/home/phrxmaz/Documents/CyberAlchemy/.lake/packages/batteries/.lake/build/lib/lean:/home/phrxmaz/Documents/CyberAlchemy/.lake/packages/Qq/.lake/build/lib/lean:/home/phrxmaz/Documents/CyberAlchemy/.lake/packages/aesop/.lake/build/lib/lean:/home/phrxmaz/Documents/CyberAlchemy/.lake/packages/proofwidgets/.lake/build/lib/lean:/home/phrxmaz/Documents/CyberAlchemy/.lake/packages/importGraph/.lake/build/lib/lean:/home/phrxmaz/Documents/CyberAlchemy/.lake/packages/LeanSearchClient/.lake/build/lib/lean:/home/phrxmaz/Documents/CyberAlchemy/.lake/packages/plausible/.lake/build/lib/lean:/home/phrxmaz/Documents/CyberAlchemy/.lake/packages/mathlib/.lake/build/lib/lean:/home/phrxmaz/Documents/CyberAlchemy/.lake/build/lib/lean /home/phrxmaz/.elan/toolchains/leanprover--lean4---v4.29.1/bin/lean /home/phrxmaz/Documents/CyberAlchemy/LaRueProtorealAlgebra/UniversalBode.lean -o /home/phrxmaz/Documents/CyberAlchemy/.lake/build/lib/lean/LaRueProtorealAlgebra/UniversalBode.olean -i /home/phrxmaz/Documents/CyberAlchemy/.lake/build/lib/lean/LaRueProtorealAlgebra/UniversalBode.ilean -c /home/phrxmaz/Documents/CyberAlchemy/.lake/build/ir/LaRueProtorealAlgebra/UniversalBode.c --setup /home/phrxmaz/Documents/CyberAlchemy/.lake/build/ir/LaRueProtorealAlgebra/UniversalBode.setup.json --json
error: LaRueProtorealAlgebra/UniversalBode.lean:2:0: invalid 'import' command, it must be used in the beginning of the file
error: Lean exited with code 1
✖ [197/414] Building LaRueProtorealAlgebra.GeneralEulerIdentity (180ms)
trace: .> LEAN_PATH=/home/phrxmaz/Documents/CyberAlchemy/.lake/packages/Cli/.lake/build/lib/lean:/home/phrxmaz/Documents/CyberAlchemy/.lake/packages/batteries/.lake/build/lib/lean:/home/phrxmaz/Documents/CyberAlchemy/.lake/packages/Qq/.lake/build/lib/lean:/home/phrxmaz/Documents/CyberAlchemy/.lake/packages/aesop/.lake/build/lib/lean:/home/phrxmaz/Documents/CyberAlchemy/.lake/packages/proofwidgets/.lake/build/lib/lean:/home/phrxmaz/Documents/CyberAlchemy/.lake/packages/importGraph/.lake/build/lib/lean:/home/phrxmaz/Documents/CyberAlchemy/.lake/packages/LeanSearchClient/.lake/build/lib/lean:/home/phrxmaz/Documents/CyberAlchemy/.lake/packages/plausible/.lake/build/lib/lean:/home/phrxmaz/Documents/CyberAlchemy/.lake/packages/mathlib/.lake/build/lib/lean:/home/phrxmaz/Documents/CyberAlchemy/.lake/build/lib/lean /home/phrxmaz/.elan/toolchains/leanprover--lean4---v4.29.1/bin/lean /home/phrxmaz/Documents/CyberAlchemy/LaRueProtorealAlgebra/GeneralEulerIdentity.lean -o /home/phrxmaz/Documents/CyberAlchemy/.lake/build/lib/lean/LaRueProtorealAlgebra/GeneralEulerIdentity.olean -i /home/phrxmaz/Documents/CyberAlchemy/.lake/build/lib/lean/LaRueProtorealAlgebra/GeneralEulerIdentity.ilean -c /home/phrxmaz/Documents/CyberAlchemy/.lake/build/ir/LaRueProtorealAlgebra/GeneralEulerIdentity.c --setup /home/phrxmaz/Documents/CyberAlchemy/.lake/build/ir/LaRueProtorealAlgebra/GeneralEulerIdentity.setup.json --json
error: LaRueProtorealAlgebra/GeneralEulerIdentity.lean:2:0: invalid 'import' command, it must be used in the beginning of the file
error: Lean exited with code 1
✖ [198/414] Building LaRueProtorealAlgebra.RamanujanDecision (185ms)
trace: .> LEAN_PATH=/home/phrxmaz/Documents/CyberAlchemy/.lake/packages/Cli/.lake/build/lib/lean:/home/phrxmaz/Documents/CyberAlchemy/.lake/packages/batteries/.lake/build/lib/lean:/home/phrxmaz/Documents/CyberAlchemy/.lake/packages/Qq/.lake/build/lib/lean:/home/phrxmaz/Documents/CyberAlchemy/.lake/packages/aesop/.lake/build/lib/lean:/home/phrxmaz/Documents/CyberAlchemy/.lake/packages/proofwidgets/.lake/build/lib/lean:/home/phrxmaz/Documents/CyberAlchemy/.lake/packages/importGraph/.lake/build/lib/lean:/home/phrxmaz/Documents/CyberAlchemy/.lake/packages/LeanSearchClient/.lake/build/lib/lean:/home/phrxmaz/Documents/CyberAlchemy/.lake/packages/plausible/.lake/build/lib/lean:/home/phrxmaz/Documents/CyberAlchemy/.lake/packages/mathlib/.lake/build/lib/lean:/home/phrxmaz/Documents/CyberAlchemy/.lake/build/lib/lean /home/phrxmaz/.elan/toolchains/leanprover--lean4---v4.29.1/bin/lean /home/phrxmaz/Documents/CyberAlchemy/LaRueProtorealAlgebra/RamanujanDecision.lean -o /home/phrxmaz/Documents/CyberAlchemy/.lake/build/lib/lean/LaRueProtorealAlgebra/RamanujanDecision.olean -i /home/phrxmaz/Documents/CyberAlchemy/.lake/build/lib/lean/LaRueProtorealAlgebra/RamanujanDecision.ilean -c /home/phrxmaz/Documents/CyberAlchemy/.lake/build/ir/LaRueProtorealAlgebra/RamanujanDecision.c --setup /home/phrxmaz/Documents/CyberAlchemy/.lake/build/ir/LaRueProtorealAlgebra/RamanujanDecision.setup.json --json
error: LaRueProtorealAlgebra/RamanujanDecision.lean:2:0: invalid 'import' command, it must be used in the beginning of the file
error: Lean exited with code 1
✖ [199/414] Building LaRueProtorealAlgebra.GNSConstruction (163ms)
trace: .> LEAN_PATH=/home/phrxmaz/Documents/CyberAlchemy/.lake/packages/Cli/.lake/build/lib/lean:/home/phrxmaz/Documents/CyberAlchemy/.lake/packages/batteries/.lake/build/lib/lean:/home/phrxmaz/Documents/CyberAlchemy/.lake/packages/Qq/.lake/build/lib/lean:/home/phrxmaz/Documents/CyberAlchemy/.lake/packages/aesop/.lake/build/lib/lean:/home/phrxmaz/Documents/CyberAlchemy/.lake/packages/proofwidgets/.lake/build/lib/lean:/home/phrxmaz/Documents/CyberAlchemy/.lake/packages/importGraph/.lake/build/lib/lean:/home/phrxmaz/Documents/CyberAlchemy/.lake/packages/LeanSearchClient/.lake/build/lib/lean:/home/phrxmaz/Documents/CyberAlchemy/.lake/packages/plausible/.lake/build/lib/lean:/home/phrxmaz/Documents/CyberAlchemy/.lake/packages/mathlib/.lake/build/lib/lean:/home/phrxmaz/Documents/CyberAlchemy/.lake/build/lib/lean /home/phrxmaz/.elan/toolchains/leanprover--lean4---v4.29.1/bin/lean /home/phrxmaz/Documents/CyberAlchemy/LaRueProtorealAlgebra/GNSConstruction.lean -o /home/phrxmaz/Documents/CyberAlchemy/.lake/build/lib/lean/LaRueProtorealAlgebra/GNSConstruction.olean -i /home/phrxmaz/Documents/CyberAlchemy/.lake/build/lib/lean/LaRueProtorealAlgebra/GNSConstruction.ilean -c /home/phrxmaz/Documents/CyberAlchemy/.lake/build/ir/LaRueProtorealAlgebra/GNSConstruction.c --setup /home/phrxmaz/Documents/CyberAlchemy/.lake/build/ir/LaRueProtorealAlgebra/GNSConstruction.setup.json --json
error: LaRueProtorealAlgebra/GNSConstruction.lean:2:0: invalid 'import' command, it must be used in the beginning of the file
error: Lean exited with code 1
✖ [200/414] Building InfoPhysAxioms.ProfiniteColimits (227ms)
trace: .> LEAN_PATH=/home/phrxmaz/Documents/CyberAlchemy/.lake/packages/Cli/.lake/build/lib/lean:/home/phrxmaz/Documents/CyberAlchemy/.lake/packages/batteries/.lake/build/lib/lean:/home/phrxmaz/Documents/CyberAlchemy/.lake/packages/Qq/.lake/build/lib/lean:/home/phrxmaz/Documents/CyberAlchemy/.lake/packages/aesop/.lake/build/lib/lean:/home/phrxmaz/Documents/CyberAlchemy/.lake/packages/proofwidgets/.lake/build/lib/lean:/home/phrxmaz/Documents/CyberAlchemy/.lake/packages/importGraph/.lake/build/lib/lean:/home/phrxmaz/Documents/CyberAlchemy/.lake/packages/LeanSearchClient/.lake/build/lib/lean:/home/phrxmaz/Documents/CyberAlchemy/.lake/packages/plausible/.lake/build/lib/lean:/home/phrxmaz/Documents/CyberAlchemy/.lake/packages/mathlib/.lake/build/lib/lean:/home/phrxmaz/Documents/CyberAlchemy/.lake/build/lib/lean /home/phrxmaz/.elan/toolchains/leanprover--lean4---v4.29.1/bin/lean /home/phrxmaz/Documents/CyberAlchemy/InfoPhysAxioms/ProfiniteColimits.lean -o /home/phrxmaz/Documents/CyberAlchemy/.lake/build/lib/lean/InfoPhysAxioms/ProfiniteColimits.olean -i /home/phrxmaz/Documents/CyberAlchemy/.lake/build/lib/lean/InfoPhysAxioms/ProfiniteColimits.ilean -c /home/phrxmaz/Documents/CyberAlchemy/.lake/build/ir/InfoPhysAxioms/ProfiniteColimits.c --setup /home/phrxmaz/Documents/CyberAlchemy/.lake/build/ir/InfoPhysAxioms/ProfiniteColimits.setup.json --json
error: InfoPhysAxioms/ProfiniteColimits.lean:2:0: invalid 'import' command, it must be used in the beginning of the file
error: Lean exited with code 1
✖ [201/414] Building InfoPhysAxioms.SyntheticSciLean (159ms)
trace: .> LEAN_PATH=/home/phrxmaz/Documents/CyberAlchemy/.lake/packages/Cli/.lake/build/lib/lean:/home/phrxmaz/Documents/CyberAlchemy/.lake/packages/batteries/.lake/build/lib/lean:/home/phrxmaz/Documents/CyberAlchemy/.lake/packages/Qq/.lake/build/lib/lean:/home/phrxmaz/Documents/CyberAlchemy/.lake/packages/aesop/.lake/build/lib/lean:/home/phrxmaz/Documents/CyberAlchemy/.lake/packages/proofwidgets/.lake/build/lib/lean:/home/phrxmaz/Documents/CyberAlchemy/.lake/packages/importGraph/.lake/build/lib/lean:/home/phrxmaz/Documents/CyberAlchemy/.lake/packages/LeanSearchClient/.lake/build/lib/lean:/home/phrxmaz/Documents/CyberAlchemy/.lake/packages/plausible/.lake/build/lib/lean:/home/phrxmaz/Documents/CyberAlchemy/.lake/packages/mathlib/.lake/build/lib/lean:/home/phrxmaz/Documents/CyberAlchemy/.lake/build/lib/lean /home/phrxmaz/.elan/toolchains/leanprover--lean4---v4.29.1/bin/lean /home/phrxmaz/Documents/CyberAlchemy/InfoPhysAxioms/SyntheticSciLean.lean -o /home/phrxmaz/Documents/CyberAlchemy/.lake/build/lib/lean/InfoPhysAxioms/SyntheticSciLean.olean -i /home/phrxmaz/Documents/CyberAlchemy/.lake/build/lib/lean/InfoPhysAxioms/SyntheticSciLean.ilean -c /home/phrxmaz/Documents/CyberAlchemy/.lake/build/ir/InfoPhysAxioms/SyntheticSciLean.c --setup /home/phrxmaz/Documents/CyberAlchemy/.lake/build/ir/InfoPhysAxioms/SyntheticSciLean.setup.json --json
error: InfoPhysAxioms/SyntheticSciLean.lean:2:0: invalid 'import' command, it must be used in the beginning of the file
error: Lean exited with code 1
✖ [202/414] Building InfoPhysAxioms.TopologicalInversion (194ms)
trace: .> LEAN_PATH=/home/phrxmaz/Documents/CyberAlchemy/.lake/packages/Cli/.lake/build/lib/lean:/home/phrxmaz/Documents/CyberAlchemy/.lake/packages/batteries/.lake/build/lib/lean:/home/phrxmaz/Documents/CyberAlchemy/.lake/packages/Qq/.lake/build/lib/lean:/home/phrxmaz/Documents/CyberAlchemy/.lake/packages/aesop/.lake/build/lib/lean:/home/phrxmaz/Documents/CyberAlchemy/.lake/packages/proofwidgets/.lake/build/lib/lean:/home/phrxmaz/Documents/CyberAlchemy/.lake/packages/importGraph/.lake/build/lib/lean:/home/phrxmaz/Documents/CyberAlchemy/.lake/packages/LeanSearchClient/.lake/build/lib/lean:/home/phrxmaz/Documents/CyberAlchemy/.lake/packages/plausible/.lake/build/lib/lean:/home/phrxmaz/Documents/CyberAlchemy/.lake/packages/mathlib/.lake/build/lib/lean:/home/phrxmaz/Documents/CyberAlchemy/.lake/build/lib/lean /home/phrxmaz/.elan/toolchains/leanprover--lean4---v4.29.1/bin/lean /home/phrxmaz/Documents/CyberAlchemy/InfoPhysAxioms/TopologicalInversion.lean -o /home/phrxmaz/Documents/CyberAlchemy/.lake/build/lib/lean/InfoPhysAxioms/TopologicalInversion.olean -i /home/phrxmaz/Documents/CyberAlchemy/.lake/build/lib/lean/InfoPhysAxioms/TopologicalInversion.ilean -c /home/phrxmaz/Documents/CyberAlchemy/.lake/build/ir/InfoPhysAxioms/TopologicalInversion.c --setup /home/phrxmaz/Documents/CyberAlchemy/.lake/build/ir/InfoPhysAxioms/TopologicalInversion.setup.json --json
error: InfoPhysAxioms/TopologicalInversion.lean:2:0: invalid 'import' command, it must be used in the beginning of the file
error: Lean exited with code 1
✖ [203/414] Building InfoPhysAxioms.HardwareTopology (158ms)
trace: .> LEAN_PATH=/home/phrxmaz/Documents/CyberAlchemy/.lake/packages/Cli/.lake/build/lib/lean:/home/phrxmaz/Documents/CyberAlchemy/.lake/packages/batteries/.lake/build/lib/lean:/home/phrxmaz/Documents/CyberAlchemy/.lake/packages/Qq/.lake/build/lib/lean:/home/phrxmaz/Documents/CyberAlchemy/.lake/packages/aesop/.lake/build/lib/lean:/home/phrxmaz/Documents/CyberAlchemy/.lake/packages/proofwidgets/.lake/build/lib/lean:/home/phrxmaz/Documents/CyberAlchemy/.lake/packages/importGraph/.lake/build/lib/lean:/home/phrxmaz/Documents/CyberAlchemy/.lake/packages/LeanSearchClient/.lake/build/lib/lean:/home/phrxmaz/Documents/CyberAlchemy/.lake/packages/plausible/.lake/build/lib/lean:/home/phrxmaz/Documents/CyberAlchemy/.lake/packages/mathlib/.lake/build/lib/lean:/home/phrxmaz/Documents/CyberAlchemy/.lake/build/lib/lean /home/phrxmaz/.elan/toolchains/leanprover--lean4---v4.29.1/bin/lean /home/phrxmaz/Documents/CyberAlchemy/InfoPhysAxioms/HardwareTopology.lean -o /home/phrxmaz/Documents/CyberAlchemy/.lake/build/lib/lean/InfoPhysAxioms/HardwareTopology.olean -i /home/phrxmaz/Documents/CyberAlchemy/.lake/build/lib/lean/InfoPhysAxioms/HardwareTopology.ilean -c /home/phrxmaz/Documents/CyberAlchemy/.lake/build/ir/InfoPhysAxioms/HardwareTopology.c --setup /home/phrxmaz/Documents/CyberAlchemy/.lake/build/ir/InfoPhysAxioms/HardwareTopology.setup.json --json
error: InfoPhysAxioms/HardwareTopology.lean:2:0: invalid 'import' command, it must be used in the beginning of the file
error: Lean exited with code 1
✖ [204/414] Building InfoPhysAxioms.Basic (223ms)
trace: .> LEAN_PATH=/home/phrxmaz/Documents/CyberAlchemy/.lake/packages/Cli/.lake/build/lib/lean:/home/phrxmaz/Documents/CyberAlchemy/.lake/packages/batteries/.lake/build/lib/lean:/home/phrxmaz/Documents/CyberAlchemy/.lake/packages/Qq/.lake/build/lib/lean:/home/phrxmaz/Documents/CyberAlchemy/.lake/packages/aesop/.lake/build/lib/lean:/home/phrxmaz/Documents/CyberAlchemy/.lake/packages/proofwidgets/.lake/build/lib/lean:/home/phrxmaz/Documents/CyberAlchemy/.lake/packages/importGraph/.lake/build/lib/lean:/home/phrxmaz/Documents/CyberAlchemy/.lake/packages/LeanSearchClient/.lake/build/lib/lean:/home/phrxmaz/Documents/CyberAlchemy/.lake/packages/plausible/.lake/build/lib/lean:/home/phrxmaz/Documents/CyberAlchemy/.lake/packages/mathlib/.lake/build/lib/lean:/home/phrxmaz/Documents/CyberAlchemy/.lake/build/lib/lean /home/phrxmaz/.elan/toolchains/leanprover--lean4---v4.29.1/bin/lean /home/phrxmaz/Documents/CyberAlchemy/InfoPhysAxioms/Basic.lean -o /home/phrxmaz/Documents/CyberAlchemy/.lake/build/lib/lean/InfoPhysAxioms/Basic.olean -i /home/phrxmaz/Documents/CyberAlchemy/.lake/build/lib/lean/InfoPhysAxioms/Basic.ilean -c /home/phrxmaz/Documents/CyberAlchemy/.lake/build/ir/InfoPhysAxioms/Basic.c --setup /home/phrxmaz/Documents/CyberAlchemy/.lake/build/ir/InfoPhysAxioms/Basic.setup.json --json
error: InfoPhysAxioms/Basic.lean:2:0: invalid 'import' command, it must be used in the beginning of the file
error: Lean exited with code 1
✖ [205/414] Building InfoPhysAxioms.AgenticRank (199ms)
trace: .> LEAN_PATH=/home/phrxmaz/Documents/CyberAlchemy/.lake/packages/Cli/.lake/build/lib/lean:/home/phrxmaz/Documents/CyberAlchemy/.lake/packages/batteries/.lake/build/lib/lean:/home/phrxmaz/Documents/CyberAlchemy/.lake/packages/Qq/.lake/build/lib/lean:/home/phrxmaz/Documents/CyberAlchemy/.lake/packages/aesop/.lake/build/lib/lean:/home/phrxmaz/Documents/CyberAlchemy/.lake/packages/proofwidgets/.lake/build/lib/lean:/home/phrxmaz/Documents/CyberAlchemy/.lake/packages/importGraph/.lake/build/lib/lean:/home/phrxmaz/Documents/CyberAlchemy/.lake/packages/LeanSearchClient/.lake/build/lib/lean:/home/phrxmaz/Documents/CyberAlchemy/.lake/packages/plausible/.lake/build/lib/lean:/home/phrxmaz/Documents/CyberAlchemy/.lake/packages/mathlib/.lake/build/lib/lean:/home/phrxmaz/Documents/CyberAlchemy/.lake/build/lib/lean /home/phrxmaz/.elan/toolchains/leanprover--lean4---v4.29.1/bin/lean /home/phrxmaz/Documents/CyberAlchemy/InfoPhysAxioms/AgenticRank.lean -o /home/phrxmaz/Documents/CyberAlchemy/.lake/build/lib/lean/InfoPhysAxioms/AgenticRank.olean -i /home/phrxmaz/Documents/CyberAlchemy/.lake/build/lib/lean/InfoPhysAxioms/AgenticRank.ilean -c /home/phrxmaz/Documents/CyberAlchemy/.lake/build/ir/InfoPhysAxioms/AgenticRank.c --setup /home/phrxmaz/Documents/CyberAlchemy/.lake/build/ir/InfoPhysAxioms/AgenticRank.setup.json --json
error: InfoPhysAxioms/AgenticRank.lean:2:0: invalid 'import' command, it must be used in the beginning of the file
error: Lean exited with code 1
✖ [206/414] Building InfoPhysAxioms.BohmShannonOverlap (206ms)
trace: .> LEAN_PATH=/home/phrxmaz/Documents/CyberAlchemy/.lake/packages/Cli/.lake/build/lib/lean:/home/phrxmaz/Documents/CyberAlchemy/.lake/packages/batteries/.lake/build/lib/lean:/home/phrxmaz/Documents/CyberAlchemy/.lake/packages/Qq/.lake/build/lib/lean:/home/phrxmaz/Documents/CyberAlchemy/.lake/packages/aesop/.lake/build/lib/lean:/home/phrxmaz/Documents/CyberAlchemy/.lake/packages/proofwidgets/.lake/build/lib/lean:/home/phrxmaz/Documents/CyberAlchemy/.lake/packages/importGraph/.lake/build/lib/lean:/home/phrxmaz/Documents/CyberAlchemy/.lake/packages/LeanSearchClient/.lake/build/lib/lean:/home/phrxmaz/Documents/CyberAlchemy/.lake/packages/plausible/.lake/build/lib/lean:/home/phrxmaz/Documents/CyberAlchemy/.lake/packages/mathlib/.lake/build/lib/lean:/home/phrxmaz/Documents/CyberAlchemy/.lake/build/lib/lean /home/phrxmaz/.elan/toolchains/leanprover--lean4---v4.29.1/bin/lean /home/phrxmaz/Documents/CyberAlchemy/InfoPhysAxioms/BohmShannonOverlap.lean -o /home/phrxmaz/Documents/CyberAlchemy/.lake/build/lib/lean/InfoPhysAxioms/BohmShannonOverlap.olean -i /home/phrxmaz/Documents/CyberAlchemy/.lake/build/lib/lean/InfoPhysAxioms/BohmShannonOverlap.ilean -c /home/phrxmaz/Documents/CyberAlchemy/.lake/build/ir/InfoPhysAxioms/BohmShannonOverlap.c --setup /home/phrxmaz/Documents/CyberAlchemy/.lake/build/ir/InfoPhysAxioms/BohmShannonOverlap.setup.json --json
error: InfoPhysAxioms/BohmShannonOverlap.lean:2:0: invalid 'import' command, it must be used in the beginning of the file
error: Lean exited with code 1
✖ [207/414] Building InfoPhysAxioms.CognitiveSecurity (213ms)
trace: .> LEAN_PATH=/home/phrxmaz/Documents/CyberAlchemy/.lake/packages/Cli/.lake/build/lib/lean:/home/phrxmaz/Documents/CyberAlchemy/.lake/packages/batteries/.lake/build/lib/lean:/home/phrxmaz/Documents/CyberAlchemy/.lake/packages/Qq/.lake/build/lib/lean:/home/phrxmaz/Documents/CyberAlchemy/.lake/packages/aesop/.lake/build/lib/lean:/home/phrxmaz/Documents/CyberAlchemy/.lake/packages/proofwidgets/.lake/build/lib/lean:/home/phrxmaz/Documents/CyberAlchemy/.lake/packages/importGraph/.lake/build/lib/lean:/home/phrxmaz/Documents/CyberAlchemy/.lake/packages/LeanSearchClient/.lake/build/lib/lean:/home/phrxmaz/Documents/CyberAlchemy/.lake/packages/plausible/.lake/build/lib/lean:/home/phrxmaz/Documents/CyberAlchemy/.lake/packages/mathlib/.lake/build/lib/lean:/home/phrxmaz/Documents/CyberAlchemy/.lake/build/lib/lean /home/phrxmaz/.elan/toolchains/leanprover--lean4---v4.29.1/bin/lean /home/phrxmaz/Documents/CyberAlchemy/InfoPhysAxioms/CognitiveSecurity.lean -o /home/phrxmaz/Documents/CyberAlchemy/.lake/build/lib/lean/InfoPhysAxioms/CognitiveSecurity.olean -i /home/phrxmaz/Documents/CyberAlchemy/.lake/build/lib/lean/InfoPhysAxioms/CognitiveSecurity.ilean -c /home/phrxmaz/Documents/CyberAlchemy/.lake/build/ir/InfoPhysAxioms/CognitiveSecurity.c --setup /home/phrxmaz/Documents/CyberAlchemy/.lake/build/ir/InfoPhysAxioms/CognitiveSecurity.setup.json --json
error: InfoPhysAxioms/CognitiveSecurity.lean:2:0: invalid 'import' command, it must be used in the beginning of the file
error: Lean exited with code 1
✖ [208/414] Building InfoPhysAxioms.AuthBridge (206ms)
trace: .> LEAN_PATH=/home/phrxmaz/Documents/CyberAlchemy/.lake/packages/Cli/.lake/build/lib/lean:/home/phrxmaz/Documents/CyberAlchemy/.lake/packages/batteries/.lake/build/lib/lean:/home/phrxmaz/Documents/CyberAlchemy/.lake/packages/Qq/.lake/build/lib/lean:/home/phrxmaz/Documents/CyberAlchemy/.lake/packages/aesop/.lake/build/lib/lean:/home/phrxmaz/Documents/CyberAlchemy/.lake/packages/proofwidgets/.lake/build/lib/lean:/home/phrxmaz/Documents/CyberAlchemy/.lake/packages/importGraph/.lake/build/lib/lean:/home/phrxmaz/Documents/CyberAlchemy/.lake/packages/LeanSearchClient/.lake/build/lib/lean:/home/phrxmaz/Documents/CyberAlchemy/.lake/packages/plausible/.lake/build/lib/lean:/home/phrxmaz/Documents/CyberAlchemy/.lake/packages/mathlib/.lake/build/lib/lean:/home/phrxmaz/Documents/CyberAlchemy/.lake/build/lib/lean /home/phrxmaz/.elan/toolchains/leanprover--lean4---v4.29.1/bin/lean /home/phrxmaz/Documents/CyberAlchemy/InfoPhysAxioms/AuthBridge.lean -o /home/phrxmaz/Documents/CyberAlchemy/.lake/build/lib/lean/InfoPhysAxioms/AuthBridge.olean -i /home/phrxmaz/Documents/CyberAlchemy/.lake/build/lib/lean/InfoPhysAxioms/AuthBridge.ilean -c /home/phrxmaz/Documents/CyberAlchemy/.lake/build/ir/InfoPhysAxioms/AuthBridge.c --setup /home/phrxmaz/Documents/CyberAlchemy/.lake/build/ir/InfoPhysAxioms/AuthBridge.setup.json --json
error: InfoPhysAxioms/AuthBridge.lean:2:0: invalid 'import' command, it must be used in the beginning of the file
error: Lean exited with code 1
✖ [209/414] Building InfoPhysAxioms.SymplecticHandshake (205ms)
trace: .> LEAN_PATH=/home/phrxmaz/Documents/CyberAlchemy/.lake/packages/Cli/.lake/build/lib/lean:/home/phrxmaz/Documents/CyberAlchemy/.lake/packages/batteries/.lake/build/lib/lean:/home/phrxmaz/Documents/CyberAlchemy/.lake/packages/Qq/.lake/build/lib/lean:/home/phrxmaz/Documents/CyberAlchemy/.lake/packages/aesop/.lake/build/lib/lean:/home/phrxmaz/Documents/CyberAlchemy/.lake/packages/proofwidgets/.lake/build/lib/lean:/home/phrxmaz/Documents/CyberAlchemy/.lake/packages/importGraph/.lake/build/lib/lean:/home/phrxmaz/Documents/CyberAlchemy/.lake/packages/LeanSearchClient/.lake/build/lib/lean:/home/phrxmaz/Documents/CyberAlchemy/.lake/packages/plausible/.lake/build/lib/lean:/home/phrxmaz/Documents/CyberAlchemy/.lake/packages/mathlib/.lake/build/lib/lean:/home/phrxmaz/Documents/CyberAlchemy/.lake/build/lib/lean /home/phrxmaz/.elan/toolchains/leanprover--lean4---v4.29.1/bin/lean /home/phrxmaz/Documents/CyberAlchemy/InfoPhysAxioms/SymplecticHandshake.lean -o /home/phrxmaz/Documents/CyberAlchemy/.lake/build/lib/lean/InfoPhysAxioms/SymplecticHandshake.olean -i /home/phrxmaz/Documents/CyberAlchemy/.lake/build/lib/lean/InfoPhysAxioms/SymplecticHandshake.ilean -c /home/phrxmaz/Documents/CyberAlchemy/.lake/build/ir/InfoPhysAxioms/SymplecticHandshake.c --setup /home/phrxmaz/Documents/CyberAlchemy/.lake/build/ir/InfoPhysAxioms/SymplecticHandshake.setup.json --json
error: InfoPhysAxioms/SymplecticHandshake.lean:2:0: invalid 'import' command, it must be used in the beginning of the file
error: Lean exited with code 1
✖ [210/414] Building InfoPhysAxioms.AsymptoticTransfinites (232ms)
trace: .> LEAN_PATH=/home/phrxmaz/Documents/CyberAlchemy/.lake/packages/Cli/.lake/build/lib/lean:/home/phrxmaz/Documents/CyberAlchemy/.lake/packages/batteries/.lake/build/lib/lean:/home/phrxmaz/Documents/CyberAlchemy/.lake/packages/Qq/.lake/build/lib/lean:/home/phrxmaz/Documents/CyberAlchemy/.lake/packages/aesop/.lake/build/lib/lean:/home/phrxmaz/Documents/CyberAlchemy/.lake/packages/proofwidgets/.lake/build/lib/lean:/home/phrxmaz/Documents/CyberAlchemy/.lake/packages/importGraph/.lake/build/lib/lean:/home/phrxmaz/Documents/CyberAlchemy/.lake/packages/LeanSearchClient/.lake/build/lib/lean:/home/phrxmaz/Documents/CyberAlchemy/.lake/packages/plausible/.lake/build/lib/lean:/home/phrxmaz/Documents/CyberAlchemy/.lake/packages/mathlib/.lake/build/lib/lean:/home/phrxmaz/Documents/CyberAlchemy/.lake/build/lib/lean /home/phrxmaz/.elan/toolchains/leanprover--lean4---v4.29.1/bin/lean /home/phrxmaz/Documents/CyberAlchemy/InfoPhysAxioms/AsymptoticTransfinites.lean -o /home/phrxmaz/Documents/CyberAlchemy/.lake/build/lib/lean/InfoPhysAxioms/AsymptoticTransfinites.olean -i /home/phrxmaz/Documents/CyberAlchemy/.lake/build/lib/lean/InfoPhysAxioms/AsymptoticTransfinites.ilean -c /home/phrxmaz/Documents/CyberAlchemy/.lake/build/ir/InfoPhysAxioms/AsymptoticTransfinites.c --setup /home/phrxmaz/Documents/CyberAlchemy/.lake/build/ir/InfoPhysAxioms/AsymptoticTransfinites.setup.json --json
error: InfoPhysAxioms/AsymptoticTransfinites.lean:2:0: invalid 'import' command, it must be used in the beginning of the file
error: Lean exited with code 1
✖ [211/414] Building InfoPhysAxioms.TopologicalUncertainty (232ms)
trace: .> LEAN_PATH=/home/phrxmaz/Documents/CyberAlchemy/.lake/packages/Cli/.lake/build/lib/lean:/home/phrxmaz/Documents/CyberAlchemy/.lake/packages/batteries/.lake/build/lib/lean:/home/phrxmaz/Documents/CyberAlchemy/.lake/packages/Qq/.lake/build/lib/lean:/home/phrxmaz/Documents/CyberAlchemy/.lake/packages/aesop/.lake/build/lib/lean:/home/phrxmaz/Documents/CyberAlchemy/.lake/packages/proofwidgets/.lake/build/lib/lean:/home/phrxmaz/Documents/CyberAlchemy/.lake/packages/importGraph/.lake/build/lib/lean:/home/phrxmaz/Documents/CyberAlchemy/.lake/packages/LeanSearchClient/.lake/build/lib/lean:/home/phrxmaz/Documents/CyberAlchemy/.lake/packages/plausible/.lake/build/lib/lean:/home/phrxmaz/Documents/CyberAlchemy/.lake/packages/mathlib/.lake/build/lib/lean:/home/phrxmaz/Documents/CyberAlchemy/.lake/build/lib/lean /home/phrxmaz/.elan/toolchains/leanprover--lean4---v4.29.1/bin/lean /home/phrxmaz/Documents/CyberAlchemy/InfoPhysAxioms/TopologicalUncertainty.lean -o /home/phrxmaz/Documents/CyberAlchemy/.lake/build/lib/lean/InfoPhysAxioms/TopologicalUncertainty.olean -i /home/phrxmaz/Documents/CyberAlchemy/.lake/build/lib/lean/InfoPhysAxioms/TopologicalUncertainty.ilean -c /home/phrxmaz/Documents/CyberAlchemy/.lake/build/ir/InfoPhysAxioms/TopologicalUncertainty.c --setup /home/phrxmaz/Documents/CyberAlchemy/.lake/build/ir/InfoPhysAxioms/TopologicalUncertainty.setup.json --json
error: InfoPhysAxioms/TopologicalUncertainty.lean:2:0: invalid 'import' command, it must be used in the beginning of the file
error: Lean exited with code 1
✖ [212/414] Building InfoPhysAxioms.HarmonicOrbitDecidability (163ms)
trace: .> LEAN_PATH=/home/phrxmaz/Documents/CyberAlchemy/.lake/packages/Cli/.lake/build/lib/lean:/home/phrxmaz/Documents/CyberAlchemy/.lake/packages/batteries/.lake/build/lib/lean:/home/phrxmaz/Documents/CyberAlchemy/.lake/packages/Qq/.lake/build/lib/lean:/home/phrxmaz/Documents/CyberAlchemy/.lake/packages/aesop/.lake/build/lib/lean:/home/phrxmaz/Documents/CyberAlchemy/.lake/packages/proofwidgets/.lake/build/lib/lean:/home/phrxmaz/Documents/CyberAlchemy/.lake/packages/importGraph/.lake/build/lib/lean:/home/phrxmaz/Documents/CyberAlchemy/.lake/packages/LeanSearchClient/.lake/build/lib/lean:/home/phrxmaz/Documents/CyberAlchemy/.lake/packages/plausible/.lake/build/lib/lean:/home/phrxmaz/Documents/CyberAlchemy/.lake/packages/mathlib/.lake/build/lib/lean:/home/phrxmaz/Documents/CyberAlchemy/.lake/build/lib/lean /home/phrxmaz/.elan/toolchains/leanprover--lean4---v4.29.1/bin/lean /home/phrxmaz/Documents/CyberAlchemy/InfoPhysAxioms/HarmonicOrbitDecidability.lean -o /home/phrxmaz/Documents/CyberAlchemy/.lake/build/lib/lean/InfoPhysAxioms/HarmonicOrbitDecidability.olean -i /home/phrxmaz/Documents/CyberAlchemy/.lake/build/lib/lean/InfoPhysAxioms/HarmonicOrbitDecidability.ilean -c /home/phrxmaz/Documents/CyberAlchemy/.lake/build/ir/InfoPhysAxioms/HarmonicOrbitDecidability.c --setup /home/phrxmaz/Documents/CyberAlchemy/.lake/build/ir/InfoPhysAxioms/HarmonicOrbitDecidability.setup.json --json
error: InfoPhysAxioms/HarmonicOrbitDecidability.lean:2:0: invalid 'import' command, it must be used in the beginning of the file
error: Lean exited with code 1
✖ [213/414] Building InfoPhysAxioms.ShulginMachine (175ms)
trace: .> LEAN_PATH=/home/phrxmaz/Documents/CyberAlchemy/.lake/packages/Cli/.lake/build/lib/lean:/home/phrxmaz/Documents/CyberAlchemy/.lake/packages/batteries/.lake/build/lib/lean:/home/phrxmaz/Documents/CyberAlchemy/.lake/packages/Qq/.lake/build/lib/lean:/home/phrxmaz/Documents/CyberAlchemy/.lake/packages/aesop/.lake/build/lib/lean:/home/phrxmaz/Documents/CyberAlchemy/.lake/packages/proofwidgets/.lake/build/lib/lean:/home/phrxmaz/Documents/CyberAlchemy/.lake/packages/importGraph/.lake/build/lib/lean:/home/phrxmaz/Documents/CyberAlchemy/.lake/packages/LeanSearchClient/.lake/build/lib/lean:/home/phrxmaz/Documents/CyberAlchemy/.lake/packages/plausible/.lake/build/lib/lean:/home/phrxmaz/Documents/CyberAlchemy/.lake/packages/mathlib/.lake/build/lib/lean:/home/phrxmaz/Documents/CyberAlchemy/.lake/build/lib/lean /home/phrxmaz/.elan/toolchains/leanprover--lean4---v4.29.1/bin/lean /home/phrxmaz/Documents/CyberAlchemy/InfoPhysAxioms/ShulginMachine.lean -o /home/phrxmaz/Documents/CyberAlchemy/.lake/build/lib/lean/InfoPhysAxioms/ShulginMachine.olean -i /home/phrxmaz/Documents/CyberAlchemy/.lake/build/lib/lean/InfoPhysAxioms/ShulginMachine.ilean -c /home/phrxmaz/Documents/CyberAlchemy/.lake/build/ir/InfoPhysAxioms/ShulginMachine.c --setup /home/phrxmaz/Documents/CyberAlchemy/.lake/build/ir/InfoPhysAxioms/ShulginMachine.setup.json --json
error: InfoPhysAxioms/ShulginMachine.lean:2:0: invalid 'import' command, it must be used in the beginning of the file
error: Lean exited with code 1
✖ [214/414] Building InfoPhysAxioms.MetarealAgenticKinetics (195ms)
trace: .> LEAN_PATH=/home/phrxmaz/Documents/CyberAlchemy/.lake/packages/Cli/.lake/build/lib/lean:/home/phrxmaz/Documents/CyberAlchemy/.lake/packages/batteries/.lake/build/lib/lean:/home/phrxmaz/Documents/CyberAlchemy/.lake/packages/Qq/.lake/build/lib/lean:/home/phrxmaz/Documents/CyberAlchemy/.lake/packages/aesop/.lake/build/lib/lean:/home/phrxmaz/Documents/CyberAlchemy/.lake/packages/proofwidgets/.lake/build/lib/lean:/home/phrxmaz/Documents/CyberAlchemy/.lake/packages/importGraph/.lake/build/lib/lean:/home/phrxmaz/Documents/CyberAlchemy/.lake/packages/LeanSearchClient/.lake/build/lib/lean:/home/phrxmaz/Documents/CyberAlchemy/.lake/packages/plausible/.lake/build/lib/lean:/home/phrxmaz/Documents/CyberAlchemy/.lake/packages/mathlib/.lake/build/lib/lean:/home/phrxmaz/Documents/CyberAlchemy/.lake/build/lib/lean /home/phrxmaz/.elan/toolchains/leanprover--lean4---v4.29.1/bin/lean /home/phrxmaz/Documents/CyberAlchemy/InfoPhysAxioms/MetarealAgenticKinetics.lean -o /home/phrxmaz/Documents/CyberAlchemy/.lake/build/lib/lean/InfoPhysAxioms/MetarealAgenticKinetics.olean -i /home/phrxmaz/Documents/CyberAlchemy/.lake/build/lib/lean/InfoPhysAxioms/MetarealAgenticKinetics.ilean -c /home/phrxmaz/Documents/CyberAlchemy/.lake/build/ir/InfoPhysAxioms/MetarealAgenticKinetics.c --setup /home/phrxmaz/Documents/CyberAlchemy/.lake/build/ir/InfoPhysAxioms/MetarealAgenticKinetics.setup.json --json
error: InfoPhysAxioms/MetarealAgenticKinetics.lean:2:0: invalid 'import' command, it must be used in the beginning of the file
error: Lean exited with code 1
✖ [215/414] Building InfoPhysAxioms.JungianAI (181ms)
trace: .> LEAN_PATH=/home/phrxmaz/Documents/CyberAlchemy/.lake/packages/Cli/.lake/build/lib/lean:/home/phrxmaz/Documents/CyberAlchemy/.lake/packages/batteries/.lake/build/lib/lean:/home/phrxmaz/Documents/CyberAlchemy/.lake/packages/Qq/.lake/build/lib/lean:/home/phrxmaz/Documents/CyberAlchemy/.lake/packages/aesop/.lake/build/lib/lean:/home/phrxmaz/Documents/CyberAlchemy/.lake/packages/proofwidgets/.lake/build/lib/lean:/home/phrxmaz/Documents/CyberAlchemy/.lake/packages/importGraph/.lake/build/lib/lean:/home/phrxmaz/Documents/CyberAlchemy/.lake/packages/LeanSearchClient/.lake/build/lib/lean:/home/phrxmaz/Documents/CyberAlchemy/.lake/packages/plausible/.lake/build/lib/lean:/home/phrxmaz/Documents/CyberAlchemy/.lake/packages/mathlib/.lake/build/lib/lean:/home/phrxmaz/Documents/CyberAlchemy/.lake/build/lib/lean /home/phrxmaz/.elan/toolchains/leanprover--lean4---v4.29.1/bin/lean /home/phrxmaz/Documents/CyberAlchemy/InfoPhysAxioms/JungianAI.lean -o /home/phrxmaz/Documents/CyberAlchemy/.lake/build/lib/lean/InfoPhysAxioms/JungianAI.olean -i /home/phrxmaz/Documents/CyberAlchemy/.lake/build/lib/lean/InfoPhysAxioms/JungianAI.ilean -c /home/phrxmaz/Documents/CyberAlchemy/.lake/build/ir/InfoPhysAxioms/JungianAI.c --setup /home/phrxmaz/Documents/CyberAlchemy/.lake/build/ir/InfoPhysAxioms/JungianAI.setup.json --json
error: InfoPhysAxioms/JungianAI.lean:2:0: invalid 'import' command, it must be used in the beginning of the file
error: Lean exited with code 1
✖ [216/414] Building InfoPhysAxioms.QuantumUnreal (239ms)
trace: .> LEAN_PATH=/home/phrxmaz/Documents/CyberAlchemy/.lake/packages/Cli/.lake/build/lib/lean:/home/phrxmaz/Documents/CyberAlchemy/.lake/packages/batteries/.lake/build/lib/lean:/home/phrxmaz/Documents/CyberAlchemy/.lake/packages/Qq/.lake/build/lib/lean:/home/phrxmaz/Documents/CyberAlchemy/.lake/packages/aesop/.lake/build/lib/lean:/home/phrxmaz/Documents/CyberAlchemy/.lake/packages/proofwidgets/.lake/build/lib/lean:/home/phrxmaz/Documents/CyberAlchemy/.lake/packages/importGraph/.lake/build/lib/lean:/home/phrxmaz/Documents/CyberAlchemy/.lake/packages/LeanSearchClient/.lake/build/lib/lean:/home/phrxmaz/Documents/CyberAlchemy/.lake/packages/plausible/.lake/build/lib/lean:/home/phrxmaz/Documents/CyberAlchemy/.lake/packages/mathlib/.lake/build/lib/lean:/home/phrxmaz/Documents/CyberAlchemy/.lake/build/lib/lean /home/phrxmaz/.elan/toolchains/leanprover--lean4---v4.29.1/bin/lean /home/phrxmaz/Documents/CyberAlchemy/InfoPhysAxioms/QuantumUnreal.lean -o /home/phrxmaz/Documents/CyberAlchemy/.lake/build/lib/lean/InfoPhysAxioms/QuantumUnreal.olean -i /home/phrxmaz/Documents/CyberAlchemy/.lake/build/lib/lean/InfoPhysAxioms/QuantumUnreal.ilean -c /home/phrxmaz/Documents/CyberAlchemy/.lake/build/ir/InfoPhysAxioms/QuantumUnreal.c --setup /home/phrxmaz/Documents/CyberAlchemy/.lake/build/ir/InfoPhysAxioms/QuantumUnreal.setup.json --json
error: InfoPhysAxioms/QuantumUnreal.lean:2:0: invalid 'import' command, it must be used in the beginning of the file
error: Lean exited with code 1
✖ [217/414] Building InfoPhysAxioms.OptimalStochasticKernel (192ms)
trace: .> LEAN_PATH=/home/phrxmaz/Documents/CyberAlchemy/.lake/packages/Cli/.lake/build/lib/lean:/home/phrxmaz/Documents/CyberAlchemy/.lake/packages/batteries/.lake/build/lib/lean:/home/phrxmaz/Documents/CyberAlchemy/.lake/packages/Qq/.lake/build/lib/lean:/home/phrxmaz/Documents/CyberAlchemy/.lake/packages/aesop/.lake/build/lib/lean:/home/phrxmaz/Documents/CyberAlchemy/.lake/packages/proofwidgets/.lake/build/lib/lean:/home/phrxmaz/Documents/CyberAlchemy/.lake/packages/importGraph/.lake/build/lib/lean:/home/phrxmaz/Documents/CyberAlchemy/.lake/packages/LeanSearchClient/.lake/build/lib/lean:/home/phrxmaz/Documents/CyberAlchemy/.lake/packages/plausible/.lake/build/lib/lean:/home/phrxmaz/Documents/CyberAlchemy/.lake/packages/mathlib/.lake/build/lib/lean:/home/phrxmaz/Documents/CyberAlchemy/.lake/build/lib/lean /home/phrxmaz/.elan/toolchains/leanprover--lean4---v4.29.1/bin/lean /home/phrxmaz/Documents/CyberAlchemy/InfoPhysAxioms/OptimalStochasticKernel.lean -o /home/phrxmaz/Documents/CyberAlchemy/.lake/build/lib/lean/InfoPhysAxioms/OptimalStochasticKernel.olean -i /home/phrxmaz/Documents/CyberAlchemy/.lake/build/lib/lean/InfoPhysAxioms/OptimalStochasticKernel.ilean -c /home/phrxmaz/Documents/CyberAlchemy/.lake/build/ir/InfoPhysAxioms/OptimalStochasticKernel.c --setup /home/phrxmaz/Documents/CyberAlchemy/.lake/build/ir/InfoPhysAxioms/OptimalStochasticKernel.setup.json --json
error: InfoPhysAxioms/OptimalStochasticKernel.lean:2:0: invalid 'import' command, it must be used in the beginning of the file
error: Lean exited with code 1
✖ [218/414] Building InfoPhysAxioms.Druid (173ms)
trace: .> LEAN_PATH=/home/phrxmaz/Documents/CyberAlchemy/.lake/packages/Cli/.lake/build/lib/lean:/home/phrxmaz/Documents/CyberAlchemy/.lake/packages/batteries/.lake/build/lib/lean:/home/phrxmaz/Documents/CyberAlchemy/.lake/packages/Qq/.lake/build/lib/lean:/home/phrxmaz/Documents/CyberAlchemy/.lake/packages/aesop/.lake/build/lib/lean:/home/phrxmaz/Documents/CyberAlchemy/.lake/packages/proofwidgets/.lake/build/lib/lean:/home/phrxmaz/Documents/CyberAlchemy/.lake/packages/importGraph/.lake/build/lib/lean:/home/phrxmaz/Documents/CyberAlchemy/.lake/packages/LeanSearchClient/.lake/build/lib/lean:/home/phrxmaz/Documents/CyberAlchemy/.lake/packages/plausible/.lake/build/lib/lean:/home/phrxmaz/Documents/CyberAlchemy/.lake/packages/mathlib/.lake/build/lib/lean:/home/phrxmaz/Documents/CyberAlchemy/.lake/build/lib/lean /home/phrxmaz/.elan/toolchains/leanprover--lean4---v4.29.1/bin/lean /home/phrxmaz/Documents/CyberAlchemy/InfoPhysAxioms/Druid.lean -o /home/phrxmaz/Documents/CyberAlchemy/.lake/build/lib/lean/InfoPhysAxioms/Druid.olean -i /home/phrxmaz/Documents/CyberAlchemy/.lake/build/lib/lean/InfoPhysAxioms/Druid.ilean -c /home/phrxmaz/Documents/CyberAlchemy/.lake/build/ir/InfoPhysAxioms/Druid.c --setup /home/phrxmaz/Documents/CyberAlchemy/.lake/build/ir/InfoPhysAxioms/Druid.setup.json --json
error: InfoPhysAxioms/Druid.lean:2:0: invalid 'import' command, it must be used in the beginning of the file
error: Lean exited with code 1
✖ [219/414] Building InfoPhysAxioms.DruidPermissions (209ms)
trace: .> LEAN_PATH=/home/phrxmaz/Documents/CyberAlchemy/.lake/packages/Cli/.lake/build/lib/lean:/home/phrxmaz/Documents/CyberAlchemy/.lake/packages/batteries/.lake/build/lib/lean:/home/phrxmaz/Documents/CyberAlchemy/.lake/packages/Qq/.lake/build/lib/lean:/home/phrxmaz/Documents/CyberAlchemy/.lake/packages/aesop/.lake/build/lib/lean:/home/phrxmaz/Documents/CyberAlchemy/.lake/packages/proofwidgets/.lake/build/lib/lean:/home/phrxmaz/Documents/CyberAlchemy/.lake/packages/importGraph/.lake/build/lib/lean:/home/phrxmaz/Documents/CyberAlchemy/.lake/packages/LeanSearchClient/.lake/build/lib/lean:/home/phrxmaz/Documents/CyberAlchemy/.lake/packages/plausible/.lake/build/lib/lean:/home/phrxmaz/Documents/CyberAlchemy/.lake/packages/mathlib/.lake/build/lib/lean:/home/phrxmaz/Documents/CyberAlchemy/.lake/build/lib/lean /home/phrxmaz/.elan/toolchains/leanprover--lean4---v4.29.1/bin/lean /home/phrxmaz/Documents/CyberAlchemy/InfoPhysAxioms/DruidPermissions.lean -o /home/phrxmaz/Documents/CyberAlchemy/.lake/build/lib/lean/InfoPhysAxioms/DruidPermissions.olean -i /home/phrxmaz/Documents/CyberAlchemy/.lake/build/lib/lean/InfoPhysAxioms/DruidPermissions.ilean -c /home/phrxmaz/Documents/CyberAlchemy/.lake/build/ir/InfoPhysAxioms/DruidPermissions.c --setup /home/phrxmaz/Documents/CyberAlchemy/.lake/build/ir/InfoPhysAxioms/DruidPermissions.setup.json --json
error: InfoPhysAxioms/DruidPermissions.lean:2:0: invalid 'import' command, it must be used in the beginning of the file
error: Lean exited with code 1
✖ [220/414] Building InfoPhysAxioms.Bitcollapse (188ms)
trace: .> LEAN_PATH=/home/phrxmaz/Documents/CyberAlchemy/.lake/packages/Cli/.lake/build/lib/lean:/home/phrxmaz/Documents/CyberAlchemy/.lake/packages/batteries/.lake/build/lib/lean:/home/phrxmaz/Documents/CyberAlchemy/.lake/packages/Qq/.lake/build/lib/lean:/home/phrxmaz/Documents/CyberAlchemy/.lake/packages/aesop/.lake/build/lib/lean:/home/phrxmaz/Documents/CyberAlchemy/.lake/packages/proofwidgets/.lake/build/lib/lean:/home/phrxmaz/Documents/CyberAlchemy/.lake/packages/importGraph/.lake/build/lib/lean:/home/phrxmaz/Documents/CyberAlchemy/.lake/packages/LeanSearchClient/.lake/build/lib/lean:/home/phrxmaz/Documents/CyberAlchemy/.lake/packages/plausible/.lake/build/lib/lean:/home/phrxmaz/Documents/CyberAlchemy/.lake/packages/mathlib/.lake/build/lib/lean:/home/phrxmaz/Documents/CyberAlchemy/.lake/build/lib/lean /home/phrxmaz/.elan/toolchains/leanprover--lean4---v4.29.1/bin/lean /home/phrxmaz/Documents/CyberAlchemy/InfoPhysAxioms/Bitcollapse.lean -o /home/phrxmaz/Documents/CyberAlchemy/.lake/build/lib/lean/InfoPhysAxioms/Bitcollapse.olean -i /home/phrxmaz/Documents/CyberAlchemy/.lake/build/lib/lean/InfoPhysAxioms/Bitcollapse.ilean -c /home/phrxmaz/Documents/CyberAlchemy/.lake/build/ir/InfoPhysAxioms/Bitcollapse.c --setup /home/phrxmaz/Documents/CyberAlchemy/.lake/build/ir/InfoPhysAxioms/Bitcollapse.setup.json --json
error: InfoPhysAxioms/Bitcollapse.lean:2:0: invalid 'import' command, it must be used in the beginning of the file
error: Lean exited with code 1
✖ [221/414] Building InfoPhysAxioms.NeuromorphicTopology (169ms)
trace: .> LEAN_PATH=/home/phrxmaz/Documents/CyberAlchemy/.lake/packages/Cli/.lake/build/lib/lean:/home/phrxmaz/Documents/CyberAlchemy/.lake/packages/batteries/.lake/build/lib/lean:/home/phrxmaz/Documents/CyberAlchemy/.lake/packages/Qq/.lake/build/lib/lean:/home/phrxmaz/Documents/CyberAlchemy/.lake/packages/aesop/.lake/build/lib/lean:/home/phrxmaz/Documents/CyberAlchemy/.lake/packages/proofwidgets/.lake/build/lib/lean:/home/phrxmaz/Documents/CyberAlchemy/.lake/packages/importGraph/.lake/build/lib/lean:/home/phrxmaz/Documents/CyberAlchemy/.lake/packages/LeanSearchClient/.lake/build/lib/lean:/home/phrxmaz/Documents/CyberAlchemy/.lake/packages/plausible/.lake/build/lib/lean:/home/phrxmaz/Documents/CyberAlchemy/.lake/packages/mathlib/.lake/build/lib/lean:/home/phrxmaz/Documents/CyberAlchemy/.lake/build/lib/lean /home/phrxmaz/.elan/toolchains/leanprover--lean4---v4.29.1/bin/lean /home/phrxmaz/Documents/CyberAlchemy/InfoPhysAxioms/NeuromorphicTopology.lean -o /home/phrxmaz/Documents/CyberAlchemy/.lake/build/lib/lean/InfoPhysAxioms/NeuromorphicTopology.olean -i /home/phrxmaz/Documents/CyberAlchemy/.lake/build/lib/lean/InfoPhysAxioms/NeuromorphicTopology.ilean -c /home/phrxmaz/Documents/CyberAlchemy/.lake/build/ir/InfoPhysAxioms/NeuromorphicTopology.c --setup /home/phrxmaz/Documents/CyberAlchemy/.lake/build/ir/InfoPhysAxioms/NeuromorphicTopology.setup.json --json
error: InfoPhysAxioms/NeuromorphicTopology.lean:2:0: invalid 'import' command, it must be used in the beginning of the file
error: Lean exited with code 1
✖ [222/414] Building InfoPhysAxioms.CyberneticEquilibrium (176ms)
trace: .> LEAN_PATH=/home/phrxmaz/Documents/CyberAlchemy/.lake/packages/Cli/.lake/build/lib/lean:/home/phrxmaz/Documents/CyberAlchemy/.lake/packages/batteries/.lake/build/lib/lean:/home/phrxmaz/Documents/CyberAlchemy/.lake/packages/Qq/.lake/build/lib/lean:/home/phrxmaz/Documents/CyberAlchemy/.lake/packages/aesop/.lake/build/lib/lean:/home/phrxmaz/Documents/CyberAlchemy/.lake/packages/proofwidgets/.lake/build/lib/lean:/home/phrxmaz/Documents/CyberAlchemy/.lake/packages/importGraph/.lake/build/lib/lean:/home/phrxmaz/Documents/CyberAlchemy/.lake/packages/LeanSearchClient/.lake/build/lib/lean:/home/phrxmaz/Documents/CyberAlchemy/.lake/packages/plausible/.lake/build/lib/lean:/home/phrxmaz/Documents/CyberAlchemy/.lake/packages/mathlib/.lake/build/lib/lean:/home/phrxmaz/Documents/CyberAlchemy/.lake/build/lib/lean /home/phrxmaz/.elan/toolchains/leanprover--lean4---v4.29.1/bin/lean /home/phrxmaz/Documents/CyberAlchemy/InfoPhysAxioms/CyberneticEquilibrium.lean -o /home/phrxmaz/Documents/CyberAlchemy/.lake/build/lib/lean/InfoPhysAxioms/CyberneticEquilibrium.olean -i /home/phrxmaz/Documents/CyberAlchemy/.lake/build/lib/lean/InfoPhysAxioms/CyberneticEquilibrium.ilean -c /home/phrxmaz/Documents/CyberAlchemy/.lake/build/ir/InfoPhysAxioms/CyberneticEquilibrium.c --setup /home/phrxmaz/Documents/CyberAlchemy/.lake/build/ir/InfoPhysAxioms/CyberneticEquilibrium.setup.json --json
error: InfoPhysAxioms/CyberneticEquilibrium.lean:2:0: invalid 'import' command, it must be used in the beginning of the file
error: Lean exited with code 1
✖ [223/414] Building InfoPhysAxioms.RelativisticTimeSeries (219ms)
trace: .> LEAN_PATH=/home/phrxmaz/Documents/CyberAlchemy/.lake/packages/Cli/.lake/build/lib/lean:/home/phrxmaz/Documents/CyberAlchemy/.lake/packages/batteries/.lake/build/lib/lean:/home/phrxmaz/Documents/CyberAlchemy/.lake/packages/Qq/.lake/build/lib/lean:/home/phrxmaz/Documents/CyberAlchemy/.lake/packages/aesop/.lake/build/lib/lean:/home/phrxmaz/Documents/CyberAlchemy/.lake/packages/proofwidgets/.lake/build/lib/lean:/home/phrxmaz/Documents/CyberAlchemy/.lake/packages/importGraph/.lake/build/lib/lean:/home/phrxmaz/Documents/CyberAlchemy/.lake/packages/LeanSearchClient/.lake/build/lib/lean:/home/phrxmaz/Documents/CyberAlchemy/.lake/packages/plausible/.lake/build/lib/lean:/home/phrxmaz/Documents/CyberAlchemy/.lake/packages/mathlib/.lake/build/lib/lean:/home/phrxmaz/Documents/CyberAlchemy/.lake/build/lib/lean /home/phrxmaz/.elan/toolchains/leanprover--lean4---v4.29.1/bin/lean /home/phrxmaz/Documents/CyberAlchemy/InfoPhysAxioms/RelativisticTimeSeries.lean -o /home/phrxmaz/Documents/CyberAlchemy/.lake/build/lib/lean/InfoPhysAxioms/RelativisticTimeSeries.olean -i /home/phrxmaz/Documents/CyberAlchemy/.lake/build/lib/lean/InfoPhysAxioms/RelativisticTimeSeries.ilean -c /home/phrxmaz/Documents/CyberAlchemy/.lake/build/ir/InfoPhysAxioms/RelativisticTimeSeries.c --setup /home/phrxmaz/Documents/CyberAlchemy/.lake/build/ir/InfoPhysAxioms/RelativisticTimeSeries.setup.json --json
error: InfoPhysAxioms/RelativisticTimeSeries.lean:2:0: invalid 'import' command, it must be used in the beginning of the file
error: Lean exited with code 1
✖ [224/414] Building InfoPhysAxioms.MultivariableTensorCalculus (216ms)
trace: .> LEAN_PATH=/home/phrxmaz/Documents/CyberAlchemy/.lake/packages/Cli/.lake/build/lib/lean:/home/phrxmaz/Documents/CyberAlchemy/.lake/packages/batteries/.lake/build/lib/lean:/home/phrxmaz/Documents/CyberAlchemy/.lake/packages/Qq/.lake/build/lib/lean:/home/phrxmaz/Documents/CyberAlchemy/.lake/packages/aesop/.lake/build/lib/lean:/home/phrxmaz/Documents/CyberAlchemy/.lake/packages/proofwidgets/.lake/build/lib/lean:/home/phrxmaz/Documents/CyberAlchemy/.lake/packages/importGraph/.lake/build/lib/lean:/home/phrxmaz/Documents/CyberAlchemy/.lake/packages/LeanSearchClient/.lake/build/lib/lean:/home/phrxmaz/Documents/CyberAlchemy/.lake/packages/plausible/.lake/build/lib/lean:/home/phrxmaz/Documents/CyberAlchemy/.lake/packages/mathlib/.lake/build/lib/lean:/home/phrxmaz/Documents/CyberAlchemy/.lake/build/lib/lean /home/phrxmaz/.elan/toolchains/leanprover--lean4---v4.29.1/bin/lean /home/phrxmaz/Documents/CyberAlchemy/InfoPhysAxioms/MultivariableTensorCalculus.lean -o /home/phrxmaz/Documents/CyberAlchemy/.lake/build/lib/lean/InfoPhysAxioms/MultivariableTensorCalculus.olean -i /home/phrxmaz/Documents/CyberAlchemy/.lake/build/lib/lean/InfoPhysAxioms/MultivariableTensorCalculus.ilean -c /home/phrxmaz/Documents/CyberAlchemy/.lake/build/ir/InfoPhysAxioms/MultivariableTensorCalculus.c --setup /home/phrxmaz/Documents/CyberAlchemy/.lake/build/ir/InfoPhysAxioms/MultivariableTensorCalculus.setup.json --json
error: InfoPhysAxioms/MultivariableTensorCalculus.lean:2:0: invalid 'import' command, it must be used in the beginning of the file
error: Lean exited with code 1
✖ [225/414] Building InfoPhysAxioms.MultivariableTensorFlow (175ms)
trace: .> LEAN_PATH=/home/phrxmaz/Documents/CyberAlchemy/.lake/packages/Cli/.lake/build/lib/lean:/home/phrxmaz/Documents/CyberAlchemy/.lake/packages/batteries/.lake/build/lib/lean:/home/phrxmaz/Documents/CyberAlchemy/.lake/packages/Qq/.lake/build/lib/lean:/home/phrxmaz/Documents/CyberAlchemy/.lake/packages/aesop/.lake/build/lib/lean:/home/phrxmaz/Documents/CyberAlchemy/.lake/packages/proofwidgets/.lake/build/lib/lean:/home/phrxmaz/Documents/CyberAlchemy/.lake/packages/importGraph/.lake/build/lib/lean:/home/phrxmaz/Documents/CyberAlchemy/.lake/packages/LeanSearchClient/.lake/build/lib/lean:/home/phrxmaz/Documents/CyberAlchemy/.lake/packages/plausible/.lake/build/lib/lean:/home/phrxmaz/Documents/CyberAlchemy/.lake/packages/mathlib/.lake/build/lib/lean:/home/phrxmaz/Documents/CyberAlchemy/.lake/build/lib/lean /home/phrxmaz/.elan/toolchains/leanprover--lean4---v4.29.1/bin/lean /home/phrxmaz/Documents/CyberAlchemy/InfoPhysAxioms/MultivariableTensorFlow.lean -o /home/phrxmaz/Documents/CyberAlchemy/.lake/build/lib/lean/InfoPhysAxioms/MultivariableTensorFlow.olean -i /home/phrxmaz/Documents/CyberAlchemy/.lake/build/lib/lean/InfoPhysAxioms/MultivariableTensorFlow.ilean -c /home/phrxmaz/Documents/CyberAlchemy/.lake/build/ir/InfoPhysAxioms/MultivariableTensorFlow.c --setup /home/phrxmaz/Documents/CyberAlchemy/.lake/build/ir/InfoPhysAxioms/MultivariableTensorFlow.setup.json --json
error: InfoPhysAxioms/MultivariableTensorFlow.lean:2:0: invalid 'import' command, it must be used in the beginning of the file
error: Lean exited with code 1
✖ [226/414] Building InfoPhysAxioms.TensorImaginaryBridge (216ms)
trace: .> LEAN_PATH=/home/phrxmaz/Documents/CyberAlchemy/.lake/packages/Cli/.lake/build/lib/lean:/home/phrxmaz/Documents/CyberAlchemy/.lake/packages/batteries/.lake/build/lib/lean:/home/phrxmaz/Documents/CyberAlchemy/.lake/packages/Qq/.lake/build/lib/lean:/home/phrxmaz/Documents/CyberAlchemy/.lake/packages/aesop/.lake/build/lib/lean:/home/phrxmaz/Documents/CyberAlchemy/.lake/packages/proofwidgets/.lake/build/lib/lean:/home/phrxmaz/Documents/CyberAlchemy/.lake/packages/importGraph/.lake/build/lib/lean:/home/phrxmaz/Documents/CyberAlchemy/.lake/packages/LeanSearchClient/.lake/build/lib/lean:/home/phrxmaz/Documents/CyberAlchemy/.lake/packages/plausible/.lake/build/lib/lean:/home/phrxmaz/Documents/CyberAlchemy/.lake/packages/mathlib/.lake/build/lib/lean:/home/phrxmaz/Documents/CyberAlchemy/.lake/build/lib/lean /home/phrxmaz/.elan/toolchains/leanprover--lean4---v4.29.1/bin/lean /home/phrxmaz/Documents/CyberAlchemy/InfoPhysAxioms/TensorImaginaryBridge.lean -o /home/phrxmaz/Documents/CyberAlchemy/.lake/build/lib/lean/InfoPhysAxioms/TensorImaginaryBridge.olean -i /home/phrxmaz/Documents/CyberAlchemy/.lake/build/lib/lean/InfoPhysAxioms/TensorImaginaryBridge.ilean -c /home/phrxmaz/Documents/CyberAlchemy/.lake/build/ir/InfoPhysAxioms/TensorImaginaryBridge.c --setup /home/phrxmaz/Documents/CyberAlchemy/.lake/build/ir/InfoPhysAxioms/TensorImaginaryBridge.setup.json --json
error: InfoPhysAxioms/TensorImaginaryBridge.lean:2:0: invalid 'import' command, it must be used in the beginning of the file
error: Lean exited with code 1
✖ [227/414] Building InfoPhysAxioms.QuaternionInverse (189ms)
trace: .> LEAN_PATH=/home/phrxmaz/Documents/CyberAlchemy/.lake/packages/Cli/.lake/build/lib/lean:/home/phrxmaz/Documents/CyberAlchemy/.lake/packages/batteries/.lake/build/lib/lean:/home/phrxmaz/Documents/CyberAlchemy/.lake/packages/Qq/.lake/build/lib/lean:/home/phrxmaz/Documents/CyberAlchemy/.lake/packages/aesop/.lake/build/lib/lean:/home/phrxmaz/Documents/CyberAlchemy/.lake/packages/proofwidgets/.lake/build/lib/lean:/home/phrxmaz/Documents/CyberAlchemy/.lake/packages/importGraph/.lake/build/lib/lean:/home/phrxmaz/Documents/CyberAlchemy/.lake/packages/LeanSearchClient/.lake/build/lib/lean:/home/phrxmaz/Documents/CyberAlchemy/.lake/packages/plausible/.lake/build/lib/lean:/home/phrxmaz/Documents/CyberAlchemy/.lake/packages/mathlib/.lake/build/lib/lean:/home/phrxmaz/Documents/CyberAlchemy/.lake/build/lib/lean /home/phrxmaz/.elan/toolchains/leanprover--lean4---v4.29.1/bin/lean /home/phrxmaz/Documents/CyberAlchemy/InfoPhysAxioms/QuaternionInverse.lean -o /home/phrxmaz/Documents/CyberAlchemy/.lake/build/lib/lean/InfoPhysAxioms/QuaternionInverse.olean -i /home/phrxmaz/Documents/CyberAlchemy/.lake/build/lib/lean/InfoPhysAxioms/QuaternionInverse.ilean -c /home/phrxmaz/Documents/CyberAlchemy/.lake/build/ir/InfoPhysAxioms/QuaternionInverse.c --setup /home/phrxmaz/Documents/CyberAlchemy/.lake/build/ir/InfoPhysAxioms/QuaternionInverse.setup.json --json
error: InfoPhysAxioms/QuaternionInverse.lean:2:0: invalid 'import' command, it must be used in the beginning of the file
error: Lean exited with code 1
✖ [228/414] Building InfoPhysAxioms.TopologicalFirewall (167ms)
trace: .> LEAN_PATH=/home/phrxmaz/Documents/CyberAlchemy/.lake/packages/Cli/.lake/build/lib/lean:/home/phrxmaz/Documents/CyberAlchemy/.lake/packages/batteries/.lake/build/lib/lean:/home/phrxmaz/Documents/CyberAlchemy/.lake/packages/Qq/.lake/build/lib/lean:/home/phrxmaz/Documents/CyberAlchemy/.lake/packages/aesop/.lake/build/lib/lean:/home/phrxmaz/Documents/CyberAlchemy/.lake/packages/proofwidgets/.lake/build/lib/lean:/home/phrxmaz/Documents/CyberAlchemy/.lake/packages/importGraph/.lake/build/lib/lean:/home/phrxmaz/Documents/CyberAlchemy/.lake/packages/LeanSearchClient/.lake/build/lib/lean:/home/phrxmaz/Documents/CyberAlchemy/.lake/packages/plausible/.lake/build/lib/lean:/home/phrxmaz/Documents/CyberAlchemy/.lake/packages/mathlib/.lake/build/lib/lean:/home/phrxmaz/Documents/CyberAlchemy/.lake/build/lib/lean /home/phrxmaz/.elan/toolchains/leanprover--lean4---v4.29.1/bin/lean /home/phrxmaz/Documents/CyberAlchemy/InfoPhysAxioms/TopologicalFirewall.lean -o /home/phrxmaz/Documents/CyberAlchemy/.lake/build/lib/lean/InfoPhysAxioms/TopologicalFirewall.olean -i /home/phrxmaz/Documents/CyberAlchemy/.lake/build/lib/lean/InfoPhysAxioms/TopologicalFirewall.ilean -c /home/phrxmaz/Documents/CyberAlchemy/.lake/build/ir/InfoPhysAxioms/TopologicalFirewall.c --setup /home/phrxmaz/Documents/CyberAlchemy/.lake/build/ir/InfoPhysAxioms/TopologicalFirewall.setup.json --json
error: InfoPhysAxioms/TopologicalFirewall.lean:2:0: invalid 'import' command, it must be used in the beginning of the file
error: Lean exited with code 1
✖ [229/414] Building InfoPhysAxioms.EmpathyPlasmaWall (145ms)
trace: .> LEAN_PATH=/home/phrxmaz/Documents/CyberAlchemy/.lake/packages/Cli/.lake/build/lib/lean:/home/phrxmaz/Documents/CyberAlchemy/.lake/packages/batteries/.lake/build/lib/lean:/home/phrxmaz/Documents/CyberAlchemy/.lake/packages/Qq/.lake/build/lib/lean:/home/phrxmaz/Documents/CyberAlchemy/.lake/packages/aesop/.lake/build/lib/lean:/home/phrxmaz/Documents/CyberAlchemy/.lake/packages/proofwidgets/.lake/build/lib/lean:/home/phrxmaz/Documents/CyberAlchemy/.lake/packages/importGraph/.lake/build/lib/lean:/home/phrxmaz/Documents/CyberAlchemy/.lake/packages/LeanSearchClient/.lake/build/lib/lean:/home/phrxmaz/Documents/CyberAlchemy/.lake/packages/plausible/.lake/build/lib/lean:/home/phrxmaz/Documents/CyberAlchemy/.lake/packages/mathlib/.lake/build/lib/lean:/home/phrxmaz/Documents/CyberAlchemy/.lake/build/lib/lean /home/phrxmaz/.elan/toolchains/leanprover--lean4---v4.29.1/bin/lean /home/phrxmaz/Documents/CyberAlchemy/InfoPhysAxioms/EmpathyPlasmaWall.lean -o /home/phrxmaz/Documents/CyberAlchemy/.lake/build/lib/lean/InfoPhysAxioms/EmpathyPlasmaWall.olean -i /home/phrxmaz/Documents/CyberAlchemy/.lake/build/lib/lean/InfoPhysAxioms/EmpathyPlasmaWall.ilean -c /home/phrxmaz/Documents/CyberAlchemy/.lake/build/ir/InfoPhysAxioms/EmpathyPlasmaWall.c --setup /home/phrxmaz/Documents/CyberAlchemy/.lake/build/ir/InfoPhysAxioms/EmpathyPlasmaWall.setup.json --json
error: InfoPhysAxioms/EmpathyPlasmaWall.lean:2:0: invalid 'import' command, it must be used in the beginning of the file
error: Lean exited with code 1
✖ [230/414] Building InfoPhysAxioms.TopologicalProblemSolving (154ms)
trace: .> LEAN_PATH=/home/phrxmaz/Documents/CyberAlchemy/.lake/packages/Cli/.lake/build/lib/lean:/home/phrxmaz/Documents/CyberAlchemy/.lake/packages/batteries/.lake/build/lib/lean:/home/phrxmaz/Documents/CyberAlchemy/.lake/packages/Qq/.lake/build/lib/lean:/home/phrxmaz/Documents/CyberAlchemy/.lake/packages/aesop/.lake/build/lib/lean:/home/phrxmaz/Documents/CyberAlchemy/.lake/packages/proofwidgets/.lake/build/lib/lean:/home/phrxmaz/Documents/CyberAlchemy/.lake/packages/importGraph/.lake/build/lib/lean:/home/phrxmaz/Documents/CyberAlchemy/.lake/packages/LeanSearchClient/.lake/build/lib/lean:/home/phrxmaz/Documents/CyberAlchemy/.lake/packages/plausible/.lake/build/lib/lean:/home/phrxmaz/Documents/CyberAlchemy/.lake/packages/mathlib/.lake/build/lib/lean:/home/phrxmaz/Documents/CyberAlchemy/.lake/build/lib/lean /home/phrxmaz/.elan/toolchains/leanprover--lean4---v4.29.1/bin/lean /home/phrxmaz/Documents/CyberAlchemy/InfoPhysAxioms/TopologicalProblemSolving.lean -o /home/phrxmaz/Documents/CyberAlchemy/.lake/build/lib/lean/InfoPhysAxioms/TopologicalProblemSolving.olean -i /home/phrxmaz/Documents/CyberAlchemy/.lake/build/lib/lean/InfoPhysAxioms/TopologicalProblemSolving.ilean -c /home/phrxmaz/Documents/CyberAlchemy/.lake/build/ir/InfoPhysAxioms/TopologicalProblemSolving.c --setup /home/phrxmaz/Documents/CyberAlchemy/.lake/build/ir/InfoPhysAxioms/TopologicalProblemSolving.setup.json --json
error: InfoPhysAxioms/TopologicalProblemSolving.lean:2:0: invalid 'import' command, it must be used in the beginning of the file
error: Lean exited with code 1
✖ [231/414] Building InfoPhysAxioms.FrenetSerretCybernetics (200ms)
trace: .> LEAN_PATH=/home/phrxmaz/Documents/CyberAlchemy/.lake/packages/Cli/.lake/build/lib/lean:/home/phrxmaz/Documents/CyberAlchemy/.lake/packages/batteries/.lake/build/lib/lean:/home/phrxmaz/Documents/CyberAlchemy/.lake/packages/Qq/.lake/build/lib/lean:/home/phrxmaz/Documents/CyberAlchemy/.lake/packages/aesop/.lake/build/lib/lean:/home/phrxmaz/Documents/CyberAlchemy/.lake/packages/proofwidgets/.lake/build/lib/lean:/home/phrxmaz/Documents/CyberAlchemy/.lake/packages/importGraph/.lake/build/lib/lean:/home/phrxmaz/Documents/CyberAlchemy/.lake/packages/LeanSearchClient/.lake/build/lib/lean:/home/phrxmaz/Documents/CyberAlchemy/.lake/packages/plausible/.lake/build/lib/lean:/home/phrxmaz/Documents/CyberAlchemy/.lake/packages/mathlib/.lake/build/lib/lean:/home/phrxmaz/Documents/CyberAlchemy/.lake/build/lib/lean /home/phrxmaz/.elan/toolchains/leanprover--lean4---v4.29.1/bin/lean /home/phrxmaz/Documents/CyberAlchemy/InfoPhysAxioms/FrenetSerretCybernetics.lean -o /home/phrxmaz/Documents/CyberAlchemy/.lake/build/lib/lean/InfoPhysAxioms/FrenetSerretCybernetics.olean -i /home/phrxmaz/Documents/CyberAlchemy/.lake/build/lib/lean/InfoPhysAxioms/FrenetSerretCybernetics.ilean -c /home/phrxmaz/Documents/CyberAlchemy/.lake/build/ir/InfoPhysAxioms/FrenetSerretCybernetics.c --setup /home/phrxmaz/Documents/CyberAlchemy/.lake/build/ir/InfoPhysAxioms/FrenetSerretCybernetics.setup.json --json
error: InfoPhysAxioms/FrenetSerretCybernetics.lean:2:0: invalid 'import' command, it must be used in the beginning of the file
error: Lean exited with code 1
✖ [232/414] Building InfoPhysAxioms.UmbralCollapse (234ms)
trace: .> LEAN_PATH=/home/phrxmaz/Documents/CyberAlchemy/.lake/packages/Cli/.lake/build/lib/lean:/home/phrxmaz/Documents/CyberAlchemy/.lake/packages/batteries/.lake/build/lib/lean:/home/phrxmaz/Documents/CyberAlchemy/.lake/packages/Qq/.lake/build/lib/lean:/home/phrxmaz/Documents/CyberAlchemy/.lake/packages/aesop/.lake/build/lib/lean:/home/phrxmaz/Documents/CyberAlchemy/.lake/packages/proofwidgets/.lake/build/lib/lean:/home/phrxmaz/Documents/CyberAlchemy/.lake/packages/importGraph/.lake/build/lib/lean:/home/phrxmaz/Documents/CyberAlchemy/.lake/packages/LeanSearchClient/.lake/build/lib/lean:/home/phrxmaz/Documents/CyberAlchemy/.lake/packages/plausible/.lake/build/lib/lean:/home/phrxmaz/Documents/CyberAlchemy/.lake/packages/mathlib/.lake/build/lib/lean:/home/phrxmaz/Documents/CyberAlchemy/.lake/build/lib/lean /home/phrxmaz/.elan/toolchains/leanprover--lean4---v4.29.1/bin/lean /home/phrxmaz/Documents/CyberAlchemy/InfoPhysAxioms/UmbralCollapse.lean -o /home/phrxmaz/Documents/CyberAlchemy/.lake/build/lib/lean/InfoPhysAxioms/UmbralCollapse.olean -i /home/phrxmaz/Documents/CyberAlchemy/.lake/build/lib/lean/InfoPhysAxioms/UmbralCollapse.ilean -c /home/phrxmaz/Documents/CyberAlchemy/.lake/build/ir/InfoPhysAxioms/UmbralCollapse.c --setup /home/phrxmaz/Documents/CyberAlchemy/.lake/build/ir/InfoPhysAxioms/UmbralCollapse.setup.json --json
error: InfoPhysAxioms/UmbralCollapse.lean:2:0: invalid 'import' command, it must be used in the beginning of the file
error: Lean exited with code 1
✖ [233/414] Building InfoPhysAxioms.UmbralLocalResonance (201ms)
trace: .> LEAN_PATH=/home/phrxmaz/Documents/CyberAlchemy/.lake/packages/Cli/.lake/build/lib/lean:/home/phrxmaz/Documents/CyberAlchemy/.lake/packages/batteries/.lake/build/lib/lean:/home/phrxmaz/Documents/CyberAlchemy/.lake/packages/Qq/.lake/build/lib/lean:/home/phrxmaz/Documents/CyberAlchemy/.lake/packages/aesop/.lake/build/lib/lean:/home/phrxmaz/Documents/CyberAlchemy/.lake/packages/proofwidgets/.lake/build/lib/lean:/home/phrxmaz/Documents/CyberAlchemy/.lake/packages/importGraph/.lake/build/lib/lean:/home/phrxmaz/Documents/CyberAlchemy/.lake/packages/LeanSearchClient/.lake/build/lib/lean:/home/phrxmaz/Documents/CyberAlchemy/.lake/packages/plausible/.lake/build/lib/lean:/home/phrxmaz/Documents/CyberAlchemy/.lake/packages/mathlib/.lake/build/lib/lean:/home/phrxmaz/Documents/CyberAlchemy/.lake/build/lib/lean /home/phrxmaz/.elan/toolchains/leanprover--lean4---v4.29.1/bin/lean /home/phrxmaz/Documents/CyberAlchemy/InfoPhysAxioms/UmbralLocalResonance.lean -o /home/phrxmaz/Documents/CyberAlchemy/.lake/build/lib/lean/InfoPhysAxioms/UmbralLocalResonance.olean -i /home/phrxmaz/Documents/CyberAlchemy/.lake/build/lib/lean/InfoPhysAxioms/UmbralLocalResonance.ilean -c /home/phrxmaz/Documents/CyberAlchemy/.lake/build/ir/InfoPhysAxioms/UmbralLocalResonance.c --setup /home/phrxmaz/Documents/CyberAlchemy/.lake/build/ir/InfoPhysAxioms/UmbralLocalResonance.setup.json --json
error: InfoPhysAxioms/UmbralLocalResonance.lean:2:0: invalid 'import' command, it must be used in the beginning of the file
error: Lean exited with code 1
✖ [234/414] Building InfoPhysAxioms.HyperoperationalMechanics (213ms)
trace: .> LEAN_PATH=/home/phrxmaz/Documents/CyberAlchemy/.lake/packages/Cli/.lake/build/lib/lean:/home/phrxmaz/Documents/CyberAlchemy/.lake/packages/batteries/.lake/build/lib/lean:/home/phrxmaz/Documents/CyberAlchemy/.lake/packages/Qq/.lake/build/lib/lean:/home/phrxmaz/Documents/CyberAlchemy/.lake/packages/aesop/.lake/build/lib/lean:/home/phrxmaz/Documents/CyberAlchemy/.lake/packages/proofwidgets/.lake/build/lib/lean:/home/phrxmaz/Documents/CyberAlchemy/.lake/packages/importGraph/.lake/build/lib/lean:/home/phrxmaz/Documents/CyberAlchemy/.lake/packages/LeanSearchClient/.lake/build/lib/lean:/home/phrxmaz/Documents/CyberAlchemy/.lake/packages/plausible/.lake/build/lib/lean:/home/phrxmaz/Documents/CyberAlchemy/.lake/packages/mathlib/.lake/build/lib/lean:/home/phrxmaz/Documents/CyberAlchemy/.lake/build/lib/lean /home/phrxmaz/.elan/toolchains/leanprover--lean4---v4.29.1/bin/lean /home/phrxmaz/Documents/CyberAlchemy/InfoPhysAxioms/HyperoperationalMechanics.lean -o /home/phrxmaz/Documents/CyberAlchemy/.lake/build/lib/lean/InfoPhysAxioms/HyperoperationalMechanics.olean -i /home/phrxmaz/Documents/CyberAlchemy/.lake/build/lib/lean/InfoPhysAxioms/HyperoperationalMechanics.ilean -c /home/phrxmaz/Documents/CyberAlchemy/.lake/build/ir/InfoPhysAxioms/HyperoperationalMechanics.c --setup /home/phrxmaz/Documents/CyberAlchemy/.lake/build/ir/InfoPhysAxioms/HyperoperationalMechanics.setup.json --json
error: InfoPhysAxioms/HyperoperationalMechanics.lean:2:0: invalid 'import' command, it must be used in the beginning of the file
error: Lean exited with code 1
✖ [235/414] Building InfoPhysAxioms.PlasmaConjectures (202ms)
trace: .> LEAN_PATH=/home/phrxmaz/Documents/CyberAlchemy/.lake/packages/Cli/.lake/build/lib/lean:/home/phrxmaz/Documents/CyberAlchemy/.lake/packages/batteries/.lake/build/lib/lean:/home/phrxmaz/Documents/CyberAlchemy/.lake/packages/Qq/.lake/build/lib/lean:/home/phrxmaz/Documents/CyberAlchemy/.lake/packages/aesop/.lake/build/lib/lean:/home/phrxmaz/Documents/CyberAlchemy/.lake/packages/proofwidgets/.lake/build/lib/lean:/home/phrxmaz/Documents/CyberAlchemy/.lake/packages/importGraph/.lake/build/lib/lean:/home/phrxmaz/Documents/CyberAlchemy/.lake/packages/LeanSearchClient/.lake/build/lib/lean:/home/phrxmaz/Documents/CyberAlchemy/.lake/packages/plausible/.lake/build/lib/lean:/home/phrxmaz/Documents/CyberAlchemy/.lake/packages/mathlib/.lake/build/lib/lean:/home/phrxmaz/Documents/CyberAlchemy/.lake/build/lib/lean /home/phrxmaz/.elan/toolchains/leanprover--lean4---v4.29.1/bin/lean /home/phrxmaz/Documents/CyberAlchemy/InfoPhysAxioms/PlasmaConjectures.lean -o /home/phrxmaz/Documents/CyberAlchemy/.lake/build/lib/lean/InfoPhysAxioms/PlasmaConjectures.olean -i /home/phrxmaz/Documents/CyberAlchemy/.lake/build/lib/lean/InfoPhysAxioms/PlasmaConjectures.ilean -c /home/phrxmaz/Documents/CyberAlchemy/.lake/build/ir/InfoPhysAxioms/PlasmaConjectures.c --setup /home/phrxmaz/Documents/CyberAlchemy/.lake/build/ir/InfoPhysAxioms/PlasmaConjectures.setup.json --json
error: InfoPhysAxioms/PlasmaConjectures.lean:2:0: invalid 'import' command, it must be used in the beginning of the file
error: Lean exited with code 1
✖ [236/414] Building InfoPhysAxioms.EmotionalCompass (187ms)
trace: .> LEAN_PATH=/home/phrxmaz/Documents/CyberAlchemy/.lake/packages/Cli/.lake/build/lib/lean:/home/phrxmaz/Documents/CyberAlchemy/.lake/packages/batteries/.lake/build/lib/lean:/home/phrxmaz/Documents/CyberAlchemy/.lake/packages/Qq/.lake/build/lib/lean:/home/phrxmaz/Documents/CyberAlchemy/.lake/packages/aesop/.lake/build/lib/lean:/home/phrxmaz/Documents/CyberAlchemy/.lake/packages/proofwidgets/.lake/build/lib/lean:/home/phrxmaz/Documents/CyberAlchemy/.lake/packages/importGraph/.lake/build/lib/lean:/home/phrxmaz/Documents/CyberAlchemy/.lake/packages/LeanSearchClient/.lake/build/lib/lean:/home/phrxmaz/Documents/CyberAlchemy/.lake/packages/plausible/.lake/build/lib/lean:/home/phrxmaz/Documents/CyberAlchemy/.lake/packages/mathlib/.lake/build/lib/lean:/home/phrxmaz/Documents/CyberAlchemy/.lake/build/lib/lean /home/phrxmaz/.elan/toolchains/leanprover--lean4---v4.29.1/bin/lean /home/phrxmaz/Documents/CyberAlchemy/InfoPhysAxioms/EmotionalCompass.lean -o /home/phrxmaz/Documents/CyberAlchemy/.lake/build/lib/lean/InfoPhysAxioms/EmotionalCompass.olean -i /home/phrxmaz/Documents/CyberAlchemy/.lake/build/lib/lean/InfoPhysAxioms/EmotionalCompass.ilean -c /home/phrxmaz/Documents/CyberAlchemy/.lake/build/ir/InfoPhysAxioms/EmotionalCompass.c --setup /home/phrxmaz/Documents/CyberAlchemy/.lake/build/ir/InfoPhysAxioms/EmotionalCompass.setup.json --json
error: InfoPhysAxioms/EmotionalCompass.lean:2:0: invalid 'import' command, it must be used in the beginning of the file
error: Lean exited with code 1
✖ [237/414] Building InfoPhysAxioms.Infochemistry (168ms)
trace: .> LEAN_PATH=/home/phrxmaz/Documents/CyberAlchemy/.lake/packages/Cli/.lake/build/lib/lean:/home/phrxmaz/Documents/CyberAlchemy/.lake/packages/batteries/.lake/build/lib/lean:/home/phrxmaz/Documents/CyberAlchemy/.lake/packages/Qq/.lake/build/lib/lean:/home/phrxmaz/Documents/CyberAlchemy/.lake/packages/aesop/.lake/build/lib/lean:/home/phrxmaz/Documents/CyberAlchemy/.lake/packages/proofwidgets/.lake/build/lib/lean:/home/phrxmaz/Documents/CyberAlchemy/.lake/packages/importGraph/.lake/build/lib/lean:/home/phrxmaz/Documents/CyberAlchemy/.lake/packages/LeanSearchClient/.lake/build/lib/lean:/home/phrxmaz/Documents/CyberAlchemy/.lake/packages/plausible/.lake/build/lib/lean:/home/phrxmaz/Documents/CyberAlchemy/.lake/packages/mathlib/.lake/build/lib/lean:/home/phrxmaz/Documents/CyberAlchemy/.lake/build/lib/lean /home/phrxmaz/.elan/toolchains/leanprover--lean4---v4.29.1/bin/lean /home/phrxmaz/Documents/CyberAlchemy/InfoPhysAxioms/Infochemistry.lean -o /home/phrxmaz/Documents/CyberAlchemy/.lake/build/lib/lean/InfoPhysAxioms/Infochemistry.olean -i /home/phrxmaz/Documents/CyberAlchemy/.lake/build/lib/lean/InfoPhysAxioms/Infochemistry.ilean -c /home/phrxmaz/Documents/CyberAlchemy/.lake/build/ir/InfoPhysAxioms/Infochemistry.c --setup /home/phrxmaz/Documents/CyberAlchemy/.lake/build/ir/InfoPhysAxioms/Infochemistry.setup.json --json
error: InfoPhysAxioms/Infochemistry.lean:2:0: invalid 'import' command, it must be used in the beginning of the file
error: Lean exited with code 1
✖ [238/414] Building InfoPhysAxioms.InfochemicalTime (182ms)
trace: .> LEAN_PATH=/home/phrxmaz/Documents/CyberAlchemy/.lake/packages/Cli/.lake/build/lib/lean:/home/phrxmaz/Documents/CyberAlchemy/.lake/packages/batteries/.lake/build/lib/lean:/home/phrxmaz/Documents/CyberAlchemy/.lake/packages/Qq/.lake/build/lib/lean:/home/phrxmaz/Documents/CyberAlchemy/.lake/packages/aesop/.lake/build/lib/lean:/home/phrxmaz/Documents/CyberAlchemy/.lake/packages/proofwidgets/.lake/build/lib/lean:/home/phrxmaz/Documents/CyberAlchemy/.lake/packages/importGraph/.lake/build/lib/lean:/home/phrxmaz/Documents/CyberAlchemy/.lake/packages/LeanSearchClient/.lake/build/lib/lean:/home/phrxmaz/Documents/CyberAlchemy/.lake/packages/plausible/.lake/build/lib/lean:/home/phrxmaz/Documents/CyberAlchemy/.lake/packages/mathlib/.lake/build/lib/lean:/home/phrxmaz/Documents/CyberAlchemy/.lake/build/lib/lean /home/phrxmaz/.elan/toolchains/leanprover--lean4---v4.29.1/bin/lean /home/phrxmaz/Documents/CyberAlchemy/InfoPhysAxioms/InfochemicalTime.lean -o /home/phrxmaz/Documents/CyberAlchemy/.lake/build/lib/lean/InfoPhysAxioms/InfochemicalTime.olean -i /home/phrxmaz/Documents/CyberAlchemy/.lake/build/lib/lean/InfoPhysAxioms/InfochemicalTime.ilean -c /home/phrxmaz/Documents/CyberAlchemy/.lake/build/ir/InfoPhysAxioms/InfochemicalTime.c --setup /home/phrxmaz/Documents/CyberAlchemy/.lake/build/ir/InfoPhysAxioms/InfochemicalTime.setup.json --json
error: InfoPhysAxioms/InfochemicalTime.lean:2:0: invalid 'import' command, it must be used in the beginning of the file
error: Lean exited with code 1
✖ [239/414] Building InfoPhysAxioms.MatterAntimatter (185ms)
trace: .> LEAN_PATH=/home/phrxmaz/Documents/CyberAlchemy/.lake/packages/Cli/.lake/build/lib/lean:/home/phrxmaz/Documents/CyberAlchemy/.lake/packages/batteries/.lake/build/lib/lean:/home/phrxmaz/Documents/CyberAlchemy/.lake/packages/Qq/.lake/build/lib/lean:/home/phrxmaz/Documents/CyberAlchemy/.lake/packages/aesop/.lake/build/lib/lean:/home/phrxmaz/Documents/CyberAlchemy/.lake/packages/proofwidgets/.lake/build/lib/lean:/home/phrxmaz/Documents/CyberAlchemy/.lake/packages/importGraph/.lake/build/lib/lean:/home/phrxmaz/Documents/CyberAlchemy/.lake/packages/LeanSearchClient/.lake/build/lib/lean:/home/phrxmaz/Documents/CyberAlchemy/.lake/packages/plausible/.lake/build/lib/lean:/home/phrxmaz/Documents/CyberAlchemy/.lake/packages/mathlib/.lake/build/lib/lean:/home/phrxmaz/Documents/CyberAlchemy/.lake/build/lib/lean /home/phrxmaz/.elan/toolchains/leanprover--lean4---v4.29.1/bin/lean /home/phrxmaz/Documents/CyberAlchemy/InfoPhysAxioms/MatterAntimatter.lean -o /home/phrxmaz/Documents/CyberAlchemy/.lake/build/lib/lean/InfoPhysAxioms/MatterAntimatter.olean -i /home/phrxmaz/Documents/CyberAlchemy/.lake/build/lib/lean/InfoPhysAxioms/MatterAntimatter.ilean -c /home/phrxmaz/Documents/CyberAlchemy/.lake/build/ir/InfoPhysAxioms/MatterAntimatter.c --setup /home/phrxmaz/Documents/CyberAlchemy/.lake/build/ir/InfoPhysAxioms/MatterAntimatter.setup.json --json
error: InfoPhysAxioms/MatterAntimatter.lean:2:0: invalid 'import' command, it must be used in the beginning of the file
error: Lean exited with code 1
✖ [240/414] Building InfoPhysAxioms.SoulResonance (206ms)
trace: .> LEAN_PATH=/home/phrxmaz/Documents/CyberAlchemy/.lake/packages/Cli/.lake/build/lib/lean:/home/phrxmaz/Documents/CyberAlchemy/.lake/packages/batteries/.lake/build/lib/lean:/home/phrxmaz/Documents/CyberAlchemy/.lake/packages/Qq/.lake/build/lib/lean:/home/phrxmaz/Documents/CyberAlchemy/.lake/packages/aesop/.lake/build/lib/lean:/home/phrxmaz/Documents/CyberAlchemy/.lake/packages/proofwidgets/.lake/build/lib/lean:/home/phrxmaz/Documents/CyberAlchemy/.lake/packages/importGraph/.lake/build/lib/lean:/home/phrxmaz/Documents/CyberAlchemy/.lake/packages/LeanSearchClient/.lake/build/lib/lean:/home/phrxmaz/Documents/CyberAlchemy/.lake/packages/plausible/.lake/build/lib/lean:/home/phrxmaz/Documents/CyberAlchemy/.lake/packages/mathlib/.lake/build/lib/lean:/home/phrxmaz/Documents/CyberAlchemy/.lake/build/lib/lean /home/phrxmaz/.elan/toolchains/leanprover--lean4---v4.29.1/bin/lean /home/phrxmaz/Documents/CyberAlchemy/InfoPhysAxioms/SoulResonance.lean -o /home/phrxmaz/Documents/CyberAlchemy/.lake/build/lib/lean/InfoPhysAxioms/SoulResonance.olean -i /home/phrxmaz/Documents/CyberAlchemy/.lake/build/lib/lean/InfoPhysAxioms/SoulResonance.ilean -c /home/phrxmaz/Documents/CyberAlchemy/.lake/build/ir/InfoPhysAxioms/SoulResonance.c --setup /home/phrxmaz/Documents/CyberAlchemy/.lake/build/ir/InfoPhysAxioms/SoulResonance.setup.json --json
error: InfoPhysAxioms/SoulResonance.lean:2:0: invalid 'import' command, it must be used in the beginning of the file
error: Lean exited with code 1
✖ [241/414] Building InfoPhysAxioms.DiamondOpal (213ms)
trace: .> LEAN_PATH=/home/phrxmaz/Documents/CyberAlchemy/.lake/packages/Cli/.lake/build/lib/lean:/home/phrxmaz/Documents/CyberAlchemy/.lake/packages/batteries/.lake/build/lib/lean:/home/phrxmaz/Documents/CyberAlchemy/.lake/packages/Qq/.lake/build/lib/lean:/home/phrxmaz/Documents/CyberAlchemy/.lake/packages/aesop/.lake/build/lib/lean:/home/phrxmaz/Documents/CyberAlchemy/.lake/packages/proofwidgets/.lake/build/lib/lean:/home/phrxmaz/Documents/CyberAlchemy/.lake/packages/importGraph/.lake/build/lib/lean:/home/phrxmaz/Documents/CyberAlchemy/.lake/packages/LeanSearchClient/.lake/build/lib/lean:/home/phrxmaz/Documents/CyberAlchemy/.lake/packages/plausible/.lake/build/lib/lean:/home/phrxmaz/Documents/CyberAlchemy/.lake/packages/mathlib/.lake/build/lib/lean:/home/phrxmaz/Documents/CyberAlchemy/.lake/build/lib/lean /home/phrxmaz/.elan/toolchains/leanprover--lean4---v4.29.1/bin/lean /home/phrxmaz/Documents/CyberAlchemy/InfoPhysAxioms/DiamondOpal.lean -o /home/phrxmaz/Documents/CyberAlchemy/.lake/build/lib/lean/InfoPhysAxioms/DiamondOpal.olean -i /home/phrxmaz/Documents/CyberAlchemy/.lake/build/lib/lean/InfoPhysAxioms/DiamondOpal.ilean -c /home/phrxmaz/Documents/CyberAlchemy/.lake/build/ir/InfoPhysAxioms/DiamondOpal.c --setup /home/phrxmaz/Documents/CyberAlchemy/.lake/build/ir/InfoPhysAxioms/DiamondOpal.setup.json --json
error: InfoPhysAxioms/DiamondOpal.lean:2:0: invalid 'import' command, it must be used in the beginning of the file
error: Lean exited with code 1
✖ [242/414] Building InfoPhysAxioms.CrystalGrowth (178ms)
trace: .> LEAN_PATH=/home/phrxmaz/Documents/CyberAlchemy/.lake/packages/Cli/.lake/build/lib/lean:/home/phrxmaz/Documents/CyberAlchemy/.lake/packages/batteries/.lake/build/lib/lean:/home/phrxmaz/Documents/CyberAlchemy/.lake/packages/Qq/.lake/build/lib/lean:/home/phrxmaz/Documents/CyberAlchemy/.lake/packages/aesop/.lake/build/lib/lean:/home/phrxmaz/Documents/CyberAlchemy/.lake/packages/proofwidgets/.lake/build/lib/lean:/home/phrxmaz/Documents/CyberAlchemy/.lake/packages/importGraph/.lake/build/lib/lean:/home/phrxmaz/Documents/CyberAlchemy/.lake/packages/LeanSearchClient/.lake/build/lib/lean:/home/phrxmaz/Documents/CyberAlchemy/.lake/packages/plausible/.lake/build/lib/lean:/home/phrxmaz/Documents/CyberAlchemy/.lake/packages/mathlib/.lake/build/lib/lean:/home/phrxmaz/Documents/CyberAlchemy/.lake/build/lib/lean /home/phrxmaz/.elan/toolchains/leanprover--lean4---v4.29.1/bin/lean /home/phrxmaz/Documents/CyberAlchemy/InfoPhysAxioms/CrystalGrowth.lean -o /home/phrxmaz/Documents/CyberAlchemy/.lake/build/lib/lean/InfoPhysAxioms/CrystalGrowth.olean -i /home/phrxmaz/Documents/CyberAlchemy/.lake/build/lib/lean/InfoPhysAxioms/CrystalGrowth.ilean -c /home/phrxmaz/Documents/CyberAlchemy/.lake/build/ir/InfoPhysAxioms/CrystalGrowth.c --setup /home/phrxmaz/Documents/CyberAlchemy/.lake/build/ir/InfoPhysAxioms/CrystalGrowth.setup.json --json
error: InfoPhysAxioms/CrystalGrowth.lean:2:0: invalid 'import' command, it must be used in the beginning of the file
error: Lean exited with code 1
✖ [243/414] Building InfoPhysAxioms.Soulchemy (192ms)
trace: .> LEAN_PATH=/home/phrxmaz/Documents/CyberAlchemy/.lake/packages/Cli/.lake/build/lib/lean:/home/phrxmaz/Documents/CyberAlchemy/.lake/packages/batteries/.lake/build/lib/lean:/home/phrxmaz/Documents/CyberAlchemy/.lake/packages/Qq/.lake/build/lib/lean:/home/phrxmaz/Documents/CyberAlchemy/.lake/packages/aesop/.lake/build/lib/lean:/home/phrxmaz/Documents/CyberAlchemy/.lake/packages/proofwidgets/.lake/build/lib/lean:/home/phrxmaz/Documents/CyberAlchemy/.lake/packages/importGraph/.lake/build/lib/lean:/home/phrxmaz/Documents/CyberAlchemy/.lake/packages/LeanSearchClient/.lake/build/lib/lean:/home/phrxmaz/Documents/CyberAlchemy/.lake/packages/plausible/.lake/build/lib/lean:/home/phrxmaz/Documents/CyberAlchemy/.lake/packages/mathlib/.lake/build/lib/lean:/home/phrxmaz/Documents/CyberAlchemy/.lake/build/lib/lean /home/phrxmaz/.elan/toolchains/leanprover--lean4---v4.29.1/bin/lean /home/phrxmaz/Documents/CyberAlchemy/InfoPhysAxioms/Soulchemy.lean -o /home/phrxmaz/Documents/CyberAlchemy/.lake/build/lib/lean/InfoPhysAxioms/Soulchemy.olean -i /home/phrxmaz/Documents/CyberAlchemy/.lake/build/lib/lean/InfoPhysAxioms/Soulchemy.ilean -c /home/phrxmaz/Documents/CyberAlchemy/.lake/build/ir/InfoPhysAxioms/Soulchemy.c --setup /home/phrxmaz/Documents/CyberAlchemy/.lake/build/ir/InfoPhysAxioms/Soulchemy.setup.json --json
error: InfoPhysAxioms/Soulchemy.lean:2:0: invalid 'import' command, it must be used in the beginning of the file
error: Lean exited with code 1
✖ [244/414] Building InfoPhysAxioms.MinotaurSeed (209ms)
trace: .> LEAN_PATH=/home/phrxmaz/Documents/CyberAlchemy/.lake/packages/Cli/.lake/build/lib/lean:/home/phrxmaz/Documents/CyberAlchemy/.lake/packages/batteries/.lake/build/lib/lean:/home/phrxmaz/Documents/CyberAlchemy/.lake/packages/Qq/.lake/build/lib/lean:/home/phrxmaz/Documents/CyberAlchemy/.lake/packages/aesop/.lake/build/lib/lean:/home/phrxmaz/Documents/CyberAlchemy/.lake/packages/proofwidgets/.lake/build/lib/lean:/home/phrxmaz/Documents/CyberAlchemy/.lake/packages/importGraph/.lake/build/lib/lean:/home/phrxmaz/Documents/CyberAlchemy/.lake/packages/LeanSearchClient/.lake/build/lib/lean:/home/phrxmaz/Documents/CyberAlchemy/.lake/packages/plausible/.lake/build/lib/lean:/home/phrxmaz/Documents/CyberAlchemy/.lake/packages/mathlib/.lake/build/lib/lean:/home/phrxmaz/Documents/CyberAlchemy/.lake/build/lib/lean /home/phrxmaz/.elan/toolchains/leanprover--lean4---v4.29.1/bin/lean /home/phrxmaz/Documents/CyberAlchemy/InfoPhysAxioms/MinotaurSeed.lean -o /home/phrxmaz/Documents/CyberAlchemy/.lake/build/lib/lean/InfoPhysAxioms/MinotaurSeed.olean -i /home/phrxmaz/Documents/CyberAlchemy/.lake/build/lib/lean/InfoPhysAxioms/MinotaurSeed.ilean -c /home/phrxmaz/Documents/CyberAlchemy/.lake/build/ir/InfoPhysAxioms/MinotaurSeed.c --setup /home/phrxmaz/Documents/CyberAlchemy/.lake/build/ir/InfoPhysAxioms/MinotaurSeed.setup.json --json
error: InfoPhysAxioms/MinotaurSeed.lean:2:0: invalid 'import' command, it must be used in the beginning of the file
error: Lean exited with code 1
✖ [245/414] Building InfoPhysAxioms.ProtorealTactic (160ms)
trace: .> LEAN_PATH=/home/phrxmaz/Documents/CyberAlchemy/.lake/packages/Cli/.lake/build/lib/lean:/home/phrxmaz/Documents/CyberAlchemy/.lake/packages/batteries/.lake/build/lib/lean:/home/phrxmaz/Documents/CyberAlchemy/.lake/packages/Qq/.lake/build/lib/lean:/home/phrxmaz/Documents/CyberAlchemy/.lake/packages/aesop/.lake/build/lib/lean:/home/phrxmaz/Documents/CyberAlchemy/.lake/packages/proofwidgets/.lake/build/lib/lean:/home/phrxmaz/Documents/CyberAlchemy/.lake/packages/importGraph/.lake/build/lib/lean:/home/phrxmaz/Documents/CyberAlchemy/.lake/packages/LeanSearchClient/.lake/build/lib/lean:/home/phrxmaz/Documents/CyberAlchemy/.lake/packages/plausible/.lake/build/lib/lean:/home/phrxmaz/Documents/CyberAlchemy/.lake/packages/mathlib/.lake/build/lib/lean:/home/phrxmaz/Documents/CyberAlchemy/.lake/build/lib/lean /home/phrxmaz/.elan/toolchains/leanprover--lean4---v4.29.1/bin/lean /home/phrxmaz/Documents/CyberAlchemy/InfoPhysAxioms/ProtorealTactic.lean -o /home/phrxmaz/Documents/CyberAlchemy/.lake/build/lib/lean/InfoPhysAxioms/ProtorealTactic.olean -i /home/phrxmaz/Documents/CyberAlchemy/.lake/build/lib/lean/InfoPhysAxioms/ProtorealTactic.ilean -c /home/phrxmaz/Documents/CyberAlchemy/.lake/build/ir/InfoPhysAxioms/ProtorealTactic.c --setup /home/phrxmaz/Documents/CyberAlchemy/.lake/build/ir/InfoPhysAxioms/ProtorealTactic.setup.json --json
error: InfoPhysAxioms/ProtorealTactic.lean:2:0: invalid 'import' command, it must be used in the beginning of the file
error: Lean exited with code 1
✖ [246/414] Building InfoPhysAxioms.ObservableUniverse (149ms)
trace: .> LEAN_PATH=/home/phrxmaz/Documents/CyberAlchemy/.lake/packages/Cli/.lake/build/lib/lean:/home/phrxmaz/Documents/CyberAlchemy/.lake/packages/batteries/.lake/build/lib/lean:/home/phrxmaz/Documents/CyberAlchemy/.lake/packages/Qq/.lake/build/lib/lean:/home/phrxmaz/Documents/CyberAlchemy/.lake/packages/aesop/.lake/build/lib/lean:/home/phrxmaz/Documents/CyberAlchemy/.lake/packages/proofwidgets/.lake/build/lib/lean:/home/phrxmaz/Documents/CyberAlchemy/.lake/packages/importGraph/.lake/build/lib/lean:/home/phrxmaz/Documents/CyberAlchemy/.lake/packages/LeanSearchClient/.lake/build/lib/lean:/home/phrxmaz/Documents/CyberAlchemy/.lake/packages/plausible/.lake/build/lib/lean:/home/phrxmaz/Documents/CyberAlchemy/.lake/packages/mathlib/.lake/build/lib/lean:/home/phrxmaz/Documents/CyberAlchemy/.lake/build/lib/lean /home/phrxmaz/.elan/toolchains/leanprover--lean4---v4.29.1/bin/lean /home/phrxmaz/Documents/CyberAlchemy/InfoPhysAxioms/ObservableUniverse.lean -o /home/phrxmaz/Documents/CyberAlchemy/.lake/build/lib/lean/InfoPhysAxioms/ObservableUniverse.olean -i /home/phrxmaz/Documents/CyberAlchemy/.lake/build/lib/lean/InfoPhysAxioms/ObservableUniverse.ilean -c /home/phrxmaz/Documents/CyberAlchemy/.lake/build/ir/InfoPhysAxioms/ObservableUniverse.c --setup /home/phrxmaz/Documents/CyberAlchemy/.lake/build/ir/InfoPhysAxioms/ObservableUniverse.setup.json --json
error: InfoPhysAxioms/ObservableUniverse.lean:2:0: invalid 'import' command, it must be used in the beginning of the file
error: Lean exited with code 1
✖ [247/414] Building InfoPhysAxioms.QuasicrystalGrowth (227ms)
trace: .> LEAN_PATH=/home/phrxmaz/Documents/CyberAlchemy/.lake/packages/Cli/.lake/build/lib/lean:/home/phrxmaz/Documents/CyberAlchemy/.lake/packages/batteries/.lake/build/lib/lean:/home/phrxmaz/Documents/CyberAlchemy/.lake/packages/Qq/.lake/build/lib/lean:/home/phrxmaz/Documents/CyberAlchemy/.lake/packages/aesop/.lake/build/lib/lean:/home/phrxmaz/Documents/CyberAlchemy/.lake/packages/proofwidgets/.lake/build/lib/lean:/home/phrxmaz/Documents/CyberAlchemy/.lake/packages/importGraph/.lake/build/lib/lean:/home/phrxmaz/Documents/CyberAlchemy/.lake/packages/LeanSearchClient/.lake/build/lib/lean:/home/phrxmaz/Documents/CyberAlchemy/.lake/packages/plausible/.lake/build/lib/lean:/home/phrxmaz/Documents/CyberAlchemy/.lake/packages/mathlib/.lake/build/lib/lean:/home/phrxmaz/Documents/CyberAlchemy/.lake/build/lib/lean /home/phrxmaz/.elan/toolchains/leanprover--lean4---v4.29.1/bin/lean /home/phrxmaz/Documents/CyberAlchemy/InfoPhysAxioms/QuasicrystalGrowth.lean -o /home/phrxmaz/Documents/CyberAlchemy/.lake/build/lib/lean/InfoPhysAxioms/QuasicrystalGrowth.olean -i /home/phrxmaz/Documents/CyberAlchemy/.lake/build/lib/lean/InfoPhysAxioms/QuasicrystalGrowth.ilean -c /home/phrxmaz/Documents/CyberAlchemy/.lake/build/ir/InfoPhysAxioms/QuasicrystalGrowth.c --setup /home/phrxmaz/Documents/CyberAlchemy/.lake/build/ir/InfoPhysAxioms/QuasicrystalGrowth.setup.json --json
error: InfoPhysAxioms/QuasicrystalGrowth.lean:2:0: invalid 'import' command, it must be used in the beginning of the file
error: Lean exited with code 1
✖ [248/414] Building InfoPhysAxioms.OmicronSigma (228ms)
trace: .> LEAN_PATH=/home/phrxmaz/Documents/CyberAlchemy/.lake/packages/Cli/.lake/build/lib/lean:/home/phrxmaz/Documents/CyberAlchemy/.lake/packages/batteries/.lake/build/lib/lean:/home/phrxmaz/Documents/CyberAlchemy/.lake/packages/Qq/.lake/build/lib/lean:/home/phrxmaz/Documents/CyberAlchemy/.lake/packages/aesop/.lake/build/lib/lean:/home/phrxmaz/Documents/CyberAlchemy/.lake/packages/proofwidgets/.lake/build/lib/lean:/home/phrxmaz/Documents/CyberAlchemy/.lake/packages/importGraph/.lake/build/lib/lean:/home/phrxmaz/Documents/CyberAlchemy/.lake/packages/LeanSearchClient/.lake/build/lib/lean:/home/phrxmaz/Documents/CyberAlchemy/.lake/packages/plausible/.lake/build/lib/lean:/home/phrxmaz/Documents/CyberAlchemy/.lake/packages/mathlib/.lake/build/lib/lean:/home/phrxmaz/Documents/CyberAlchemy/.lake/build/lib/lean /home/phrxmaz/.elan/toolchains/leanprover--lean4---v4.29.1/bin/lean /home/phrxmaz/Documents/CyberAlchemy/InfoPhysAxioms/OmicronSigma.lean -o /home/phrxmaz/Documents/CyberAlchemy/.lake/build/lib/lean/InfoPhysAxioms/OmicronSigma.olean -i /home/phrxmaz/Documents/CyberAlchemy/.lake/build/lib/lean/InfoPhysAxioms/OmicronSigma.ilean -c /home/phrxmaz/Documents/CyberAlchemy/.lake/build/ir/InfoPhysAxioms/OmicronSigma.c --setup /home/phrxmaz/Documents/CyberAlchemy/.lake/build/ir/InfoPhysAxioms/OmicronSigma.setup.json --json
error: InfoPhysAxioms/OmicronSigma.lean:2:0: invalid 'import' command, it must be used in the beginning of the file
error: Lean exited with code 1
✖ [249/414] Building InfoPhysAxioms.HolomovementBridge (242ms)
trace: .> LEAN_PATH=/home/phrxmaz/Documents/CyberAlchemy/.lake/packages/Cli/.lake/build/lib/lean:/home/phrxmaz/Documents/CyberAlchemy/.lake/packages/batteries/.lake/build/lib/lean:/home/phrxmaz/Documents/CyberAlchemy/.lake/packages/Qq/.lake/build/lib/lean:/home/phrxmaz/Documents/CyberAlchemy/.lake/packages/aesop/.lake/build/lib/lean:/home/phrxmaz/Documents/CyberAlchemy/.lake/packages/proofwidgets/.lake/build/lib/lean:/home/phrxmaz/Documents/CyberAlchemy/.lake/packages/importGraph/.lake/build/lib/lean:/home/phrxmaz/Documents/CyberAlchemy/.lake/packages/LeanSearchClient/.lake/build/lib/lean:/home/phrxmaz/Documents/CyberAlchemy/.lake/packages/plausible/.lake/build/lib/lean:/home/phrxmaz/Documents/CyberAlchemy/.lake/packages/mathlib/.lake/build/lib/lean:/home/phrxmaz/Documents/CyberAlchemy/.lake/build/lib/lean /home/phrxmaz/.elan/toolchains/leanprover--lean4---v4.29.1/bin/lean /home/phrxmaz/Documents/CyberAlchemy/InfoPhysAxioms/HolomovementBridge.lean -o /home/phrxmaz/Documents/CyberAlchemy/.lake/build/lib/lean/InfoPhysAxioms/HolomovementBridge.olean -i /home/phrxmaz/Documents/CyberAlchemy/.lake/build/lib/lean/InfoPhysAxioms/HolomovementBridge.ilean -c /home/phrxmaz/Documents/CyberAlchemy/.lake/build/ir/InfoPhysAxioms/HolomovementBridge.c --setup /home/phrxmaz/Documents/CyberAlchemy/.lake/build/ir/InfoPhysAxioms/HolomovementBridge.setup.json --json
error: InfoPhysAxioms/HolomovementBridge.lean:2:0: invalid 'import' command, it must be used in the beginning of the file
error: Lean exited with code 1
✖ [250/414] Building InfoPhysAxioms.NonNewtonianCrystal (225ms)
trace: .> LEAN_PATH=/home/phrxmaz/Documents/CyberAlchemy/.lake/packages/Cli/.lake/build/lib/lean:/home/phrxmaz/Documents/CyberAlchemy/.lake/packages/batteries/.lake/build/lib/lean:/home/phrxmaz/Documents/CyberAlchemy/.lake/packages/Qq/.lake/build/lib/lean:/home/phrxmaz/Documents/CyberAlchemy/.lake/packages/aesop/.lake/build/lib/lean:/home/phrxmaz/Documents/CyberAlchemy/.lake/packages/proofwidgets/.lake/build/lib/lean:/home/phrxmaz/Documents/CyberAlchemy/.lake/packages/importGraph/.lake/build/lib/lean:/home/phrxmaz/Documents/CyberAlchemy/.lake/packages/LeanSearchClient/.lake/build/lib/lean:/home/phrxmaz/Documents/CyberAlchemy/.lake/packages/plausible/.lake/build/lib/lean:/home/phrxmaz/Documents/CyberAlchemy/.lake/packages/mathlib/.lake/build/lib/lean:/home/phrxmaz/Documents/CyberAlchemy/.lake/build/lib/lean /home/phrxmaz/.elan/toolchains/leanprover--lean4---v4.29.1/bin/lean /home/phrxmaz/Documents/CyberAlchemy/InfoPhysAxioms/NonNewtonianCrystal.lean -o /home/phrxmaz/Documents/CyberAlchemy/.lake/build/lib/lean/InfoPhysAxioms/NonNewtonianCrystal.olean -i /home/phrxmaz/Documents/CyberAlchemy/.lake/build/lib/lean/InfoPhysAxioms/NonNewtonianCrystal.ilean -c /home/phrxmaz/Documents/CyberAlchemy/.lake/build/ir/InfoPhysAxioms/NonNewtonianCrystal.c --setup /home/phrxmaz/Documents/CyberAlchemy/.lake/build/ir/InfoPhysAxioms/NonNewtonianCrystal.setup.json --json
error: InfoPhysAxioms/NonNewtonianCrystal.lean:2:0: invalid 'import' command, it must be used in the beginning of the file
error: Lean exited with code 1
✖ [251/414] Building InfoPhysAxioms.LyapunovTraining (164ms)
trace: .> LEAN_PATH=/home/phrxmaz/Documents/CyberAlchemy/.lake/packages/Cli/.lake/build/lib/lean:/home/phrxmaz/Documents/CyberAlchemy/.lake/packages/batteries/.lake/build/lib/lean:/home/phrxmaz/Documents/CyberAlchemy/.lake/packages/Qq/.lake/build/lib/lean:/home/phrxmaz/Documents/CyberAlchemy/.lake/packages/aesop/.lake/build/lib/lean:/home/phrxmaz/Documents/CyberAlchemy/.lake/packages/proofwidgets/.lake/build/lib/lean:/home/phrxmaz/Documents/CyberAlchemy/.lake/packages/importGraph/.lake/build/lib/lean:/home/phrxmaz/Documents/CyberAlchemy/.lake/packages/LeanSearchClient/.lake/build/lib/lean:/home/phrxmaz/Documents/CyberAlchemy/.lake/packages/plausible/.lake/build/lib/lean:/home/phrxmaz/Documents/CyberAlchemy/.lake/packages/mathlib/.lake/build/lib/lean:/home/phrxmaz/Documents/CyberAlchemy/.lake/build/lib/lean /home/phrxmaz/.elan/toolchains/leanprover--lean4---v4.29.1/bin/lean /home/phrxmaz/Documents/CyberAlchemy/InfoPhysAxioms/LyapunovTraining.lean -o /home/phrxmaz/Documents/CyberAlchemy/.lake/build/lib/lean/InfoPhysAxioms/LyapunovTraining.olean -i /home/phrxmaz/Documents/CyberAlchemy/.lake/build/lib/lean/InfoPhysAxioms/LyapunovTraining.ilean -c /home/phrxmaz/Documents/CyberAlchemy/.lake/build/ir/InfoPhysAxioms/LyapunovTraining.c --setup /home/phrxmaz/Documents/CyberAlchemy/.lake/build/ir/InfoPhysAxioms/LyapunovTraining.setup.json --json
error: InfoPhysAxioms/LyapunovTraining.lean:2:0: invalid 'import' command, it must be used in the beginning of the file
error: Lean exited with code 1
✖ [252/414] Building InfoPhysAxioms.HopfFusionFiber (210ms)
trace: .> LEAN_PATH=/home/phrxmaz/Documents/CyberAlchemy/.lake/packages/Cli/.lake/build/lib/lean:/home/phrxmaz/Documents/CyberAlchemy/.lake/packages/batteries/.lake/build/lib/lean:/home/phrxmaz/Documents/CyberAlchemy/.lake/packages/Qq/.lake/build/lib/lean:/home/phrxmaz/Documents/CyberAlchemy/.lake/packages/aesop/.lake/build/lib/lean:/home/phrxmaz/Documents/CyberAlchemy/.lake/packages/proofwidgets/.lake/build/lib/lean:/home/phrxmaz/Documents/CyberAlchemy/.lake/packages/importGraph/.lake/build/lib/lean:/home/phrxmaz/Documents/CyberAlchemy/.lake/packages/LeanSearchClient/.lake/build/lib/lean:/home/phrxmaz/Documents/CyberAlchemy/.lake/packages/plausible/.lake/build/lib/lean:/home/phrxmaz/Documents/CyberAlchemy/.lake/packages/mathlib/.lake/build/lib/lean:/home/phrxmaz/Documents/CyberAlchemy/.lake/build/lib/lean /home/phrxmaz/.elan/toolchains/leanprover--lean4---v4.29.1/bin/lean /home/phrxmaz/Documents/CyberAlchemy/InfoPhysAxioms/HopfFusionFiber.lean -o /home/phrxmaz/Documents/CyberAlchemy/.lake/build/lib/lean/InfoPhysAxioms/HopfFusionFiber.olean -i /home/phrxmaz/Documents/CyberAlchemy/.lake/build/lib/lean/InfoPhysAxioms/HopfFusionFiber.ilean -c /home/phrxmaz/Documents/CyberAlchemy/.lake/build/ir/InfoPhysAxioms/HopfFusionFiber.c --setup /home/phrxmaz/Documents/CyberAlchemy/.lake/build/ir/InfoPhysAxioms/HopfFusionFiber.setup.json --json
error: InfoPhysAxioms/HopfFusionFiber.lean:2:0: invalid 'import' command, it must be used in the beginning of the file
error: Lean exited with code 1
✖ [253/414] Building InfoPhysAxioms.ElectroPhotonLattice (214ms)
trace: .> LEAN_PATH=/home/phrxmaz/Documents/CyberAlchemy/.lake/packages/Cli/.lake/build/lib/lean:/home/phrxmaz/Documents/CyberAlchemy/.lake/packages/batteries/.lake/build/lib/lean:/home/phrxmaz/Documents/CyberAlchemy/.lake/packages/Qq/.lake/build/lib/lean:/home/phrxmaz/Documents/CyberAlchemy/.lake/packages/aesop/.lake/build/lib/lean:/home/phrxmaz/Documents/CyberAlchemy/.lake/packages/proofwidgets/.lake/build/lib/lean:/home/phrxmaz/Documents/CyberAlchemy/.lake/packages/importGraph/.lake/build/lib/lean:/home/phrxmaz/Documents/CyberAlchemy/.lake/packages/LeanSearchClient/.lake/build/lib/lean:/home/phrxmaz/Documents/CyberAlchemy/.lake/packages/plausible/.lake/build/lib/lean:/home/phrxmaz/Documents/CyberAlchemy/.lake/packages/mathlib/.lake/build/lib/lean:/home/phrxmaz/Documents/CyberAlchemy/.lake/build/lib/lean /home/phrxmaz/.elan/toolchains/leanprover--lean4---v4.29.1/bin/lean /home/phrxmaz/Documents/CyberAlchemy/InfoPhysAxioms/ElectroPhotonLattice.lean -o /home/phrxmaz/Documents/CyberAlchemy/.lake/build/lib/lean/InfoPhysAxioms/ElectroPhotonLattice.olean -i /home/phrxmaz/Documents/CyberAlchemy/.lake/build/lib/lean/InfoPhysAxioms/ElectroPhotonLattice.ilean -c /home/phrxmaz/Documents/CyberAlchemy/.lake/build/ir/InfoPhysAxioms/ElectroPhotonLattice.c --setup /home/phrxmaz/Documents/CyberAlchemy/.lake/build/ir/InfoPhysAxioms/ElectroPhotonLattice.setup.json --json
error: InfoPhysAxioms/ElectroPhotonLattice.lean:2:0: invalid 'import' command, it must be used in the beginning of the file
error: Lean exited with code 1
✖ [254/414] Building InfoPhysAxioms.RiemannObserver (167ms)
trace: .> LEAN_PATH=/home/phrxmaz/Documents/CyberAlchemy/.lake/packages/Cli/.lake/build/lib/lean:/home/phrxmaz/Documents/CyberAlchemy/.lake/packages/batteries/.lake/build/lib/lean:/home/phrxmaz/Documents/CyberAlchemy/.lake/packages/Qq/.lake/build/lib/lean:/home/phrxmaz/Documents/CyberAlchemy/.lake/packages/aesop/.lake/build/lib/lean:/home/phrxmaz/Documents/CyberAlchemy/.lake/packages/proofwidgets/.lake/build/lib/lean:/home/phrxmaz/Documents/CyberAlchemy/.lake/packages/importGraph/.lake/build/lib/lean:/home/phrxmaz/Documents/CyberAlchemy/.lake/packages/LeanSearchClient/.lake/build/lib/lean:/home/phrxmaz/Documents/CyberAlchemy/.lake/packages/plausible/.lake/build/lib/lean:/home/phrxmaz/Documents/CyberAlchemy/.lake/packages/mathlib/.lake/build/lib/lean:/home/phrxmaz/Documents/CyberAlchemy/.lake/build/lib/lean /home/phrxmaz/.elan/toolchains/leanprover--lean4---v4.29.1/bin/lean /home/phrxmaz/Documents/CyberAlchemy/InfoPhysAxioms/RiemannObserver.lean -o /home/phrxmaz/Documents/CyberAlchemy/.lake/build/lib/lean/InfoPhysAxioms/RiemannObserver.olean -i /home/phrxmaz/Documents/CyberAlchemy/.lake/build/lib/lean/InfoPhysAxioms/RiemannObserver.ilean -c /home/phrxmaz/Documents/CyberAlchemy/.lake/build/ir/InfoPhysAxioms/RiemannObserver.c --setup /home/phrxmaz/Documents/CyberAlchemy/.lake/build/ir/InfoPhysAxioms/RiemannObserver.setup.json --json
error: InfoPhysAxioms/RiemannObserver.lean:2:0: invalid 'import' command, it must be used in the beginning of the file
error: Lean exited with code 1
✖ [255/414] Building InfoPhysAxioms.AuraSpace (179ms)
trace: .> LEAN_PATH=/home/phrxmaz/Documents/CyberAlchemy/.lake/packages/Cli/.lake/build/lib/lean:/home/phrxmaz/Documents/CyberAlchemy/.lake/packages/batteries/.lake/build/lib/lean:/home/phrxmaz/Documents/CyberAlchemy/.lake/packages/Qq/.lake/build/lib/lean:/home/phrxmaz/Documents/CyberAlchemy/.lake/packages/aesop/.lake/build/lib/lean:/home/phrxmaz/Documents/CyberAlchemy/.lake/packages/proofwidgets/.lake/build/lib/lean:/home/phrxmaz/Documents/CyberAlchemy/.lake/packages/importGraph/.lake/build/lib/lean:/home/phrxmaz/Documents/CyberAlchemy/.lake/packages/LeanSearchClient/.lake/build/lib/lean:/home/phrxmaz/Documents/CyberAlchemy/.lake/packages/plausible/.lake/build/lib/lean:/home/phrxmaz/Documents/CyberAlchemy/.lake/packages/mathlib/.lake/build/lib/lean:/home/phrxmaz/Documents/CyberAlchemy/.lake/build/lib/lean /home/phrxmaz/.elan/toolchains/leanprover--lean4---v4.29.1/bin/lean /home/phrxmaz/Documents/CyberAlchemy/InfoPhysAxioms/AuraSpace.lean -o /home/phrxmaz/Documents/CyberAlchemy/.lake/build/lib/lean/InfoPhysAxioms/AuraSpace.olean -i /home/phrxmaz/Documents/CyberAlchemy/.lake/build/lib/lean/InfoPhysAxioms/AuraSpace.ilean -c /home/phrxmaz/Documents/CyberAlchemy/.lake/build/ir/InfoPhysAxioms/AuraSpace.c --setup /home/phrxmaz/Documents/CyberAlchemy/.lake/build/ir/InfoPhysAxioms/AuraSpace.setup.json --json
error: InfoPhysAxioms/AuraSpace.lean:2:0: invalid 'import' command, it must be used in the beginning of the file
error: Lean exited with code 1
✖ [256/414] Building InfoPhysAxioms.DruidSprites (201ms)
trace: .> LEAN_PATH=/home/phrxmaz/Documents/CyberAlchemy/.lake/packages/Cli/.lake/build/lib/lean:/home/phrxmaz/Documents/CyberAlchemy/.lake/packages/batteries/.lake/build/lib/lean:/home/phrxmaz/Documents/CyberAlchemy/.lake/packages/Qq/.lake/build/lib/lean:/home/phrxmaz/Documents/CyberAlchemy/.lake/packages/aesop/.lake/build/lib/lean:/home/phrxmaz/Documents/CyberAlchemy/.lake/packages/proofwidgets/.lake/build/lib/lean:/home/phrxmaz/Documents/CyberAlchemy/.lake/packages/importGraph/.lake/build/lib/lean:/home/phrxmaz/Documents/CyberAlchemy/.lake/packages/LeanSearchClient/.lake/build/lib/lean:/home/phrxmaz/Documents/CyberAlchemy/.lake/packages/plausible/.lake/build/lib/lean:/home/phrxmaz/Documents/CyberAlchemy/.lake/packages/mathlib/.lake/build/lib/lean:/home/phrxmaz/Documents/CyberAlchemy/.lake/build/lib/lean /home/phrxmaz/.elan/toolchains/leanprover--lean4---v4.29.1/bin/lean /home/phrxmaz/Documents/CyberAlchemy/InfoPhysAxioms/DruidSprites.lean -o /home/phrxmaz/Documents/CyberAlchemy/.lake/build/lib/lean/InfoPhysAxioms/DruidSprites.olean -i /home/phrxmaz/Documents/CyberAlchemy/.lake/build/lib/lean/InfoPhysAxioms/DruidSprites.ilean -c /home/phrxmaz/Documents/CyberAlchemy/.lake/build/ir/InfoPhysAxioms/DruidSprites.c --setup /home/phrxmaz/Documents/CyberAlchemy/.lake/build/ir/InfoPhysAxioms/DruidSprites.setup.json --json
error: InfoPhysAxioms/DruidSprites.lean:2:0: invalid 'import' command, it must be used in the beginning of the file
error: Lean exited with code 1
✖ [257/414] Building InfoPhysAxioms.DecisionKernel (203ms)
trace: .> LEAN_PATH=/home/phrxmaz/Documents/CyberAlchemy/.lake/packages/Cli/.lake/build/lib/lean:/home/phrxmaz/Documents/CyberAlchemy/.lake/packages/batteries/.lake/build/lib/lean:/home/phrxmaz/Documents/CyberAlchemy/.lake/packages/Qq/.lake/build/lib/lean:/home/phrxmaz/Documents/CyberAlchemy/.lake/packages/aesop/.lake/build/lib/lean:/home/phrxmaz/Documents/CyberAlchemy/.lake/packages/proofwidgets/.lake/build/lib/lean:/home/phrxmaz/Documents/CyberAlchemy/.lake/packages/importGraph/.lake/build/lib/lean:/home/phrxmaz/Documents/CyberAlchemy/.lake/packages/LeanSearchClient/.lake/build/lib/lean:/home/phrxmaz/Documents/CyberAlchemy/.lake/packages/plausible/.lake/build/lib/lean:/home/phrxmaz/Documents/CyberAlchemy/.lake/packages/mathlib/.lake/build/lib/lean:/home/phrxmaz/Documents/CyberAlchemy/.lake/build/lib/lean /home/phrxmaz/.elan/toolchains/leanprover--lean4---v4.29.1/bin/lean /home/phrxmaz/Documents/CyberAlchemy/InfoPhysAxioms/DecisionKernel.lean -o /home/phrxmaz/Documents/CyberAlchemy/.lake/build/lib/lean/InfoPhysAxioms/DecisionKernel.olean -i /home/phrxmaz/Documents/CyberAlchemy/.lake/build/lib/lean/InfoPhysAxioms/DecisionKernel.ilean -c /home/phrxmaz/Documents/CyberAlchemy/.lake/build/ir/InfoPhysAxioms/DecisionKernel.c --setup /home/phrxmaz/Documents/CyberAlchemy/.lake/build/ir/InfoPhysAxioms/DecisionKernel.setup.json --json
error: InfoPhysAxioms/DecisionKernel.lean:2:0: invalid 'import' command, it must be used in the beginning of the file
error: Lean exited with code 1
✖ [258/414] Building InfoPhysAxioms.QuasiGodel (216ms)
trace: .> LEAN_PATH=/home/phrxmaz/Documents/CyberAlchemy/.lake/packages/Cli/.lake/build/lib/lean:/home/phrxmaz/Documents/CyberAlchemy/.lake/packages/batteries/.lake/build/lib/lean:/home/phrxmaz/Documents/CyberAlchemy/.lake/packages/Qq/.lake/build/lib/lean:/home/phrxmaz/Documents/CyberAlchemy/.lake/packages/aesop/.lake/build/lib/lean:/home/phrxmaz/Documents/CyberAlchemy/.lake/packages/proofwidgets/.lake/build/lib/lean:/home/phrxmaz/Documents/CyberAlchemy/.lake/packages/importGraph/.lake/build/lib/lean:/home/phrxmaz/Documents/CyberAlchemy/.lake/packages/LeanSearchClient/.lake/build/lib/lean:/home/phrxmaz/Documents/CyberAlchemy/.lake/packages/plausible/.lake/build/lib/lean:/home/phrxmaz/Documents/CyberAlchemy/.lake/packages/mathlib/.lake/build/lib/lean:/home/phrxmaz/Documents/CyberAlchemy/.lake/build/lib/lean /home/phrxmaz/.elan/toolchains/leanprover--lean4---v4.29.1/bin/lean /home/phrxmaz/Documents/CyberAlchemy/InfoPhysAxioms/QuasiGodel.lean -o /home/phrxmaz/Documents/CyberAlchemy/.lake/build/lib/lean/InfoPhysAxioms/QuasiGodel.olean -i /home/phrxmaz/Documents/CyberAlchemy/.lake/build/lib/lean/InfoPhysAxioms/QuasiGodel.ilean -c /home/phrxmaz/Documents/CyberAlchemy/.lake/build/ir/InfoPhysAxioms/QuasiGodel.c --setup /home/phrxmaz/Documents/CyberAlchemy/.lake/build/ir/InfoPhysAxioms/QuasiGodel.setup.json --json
error: InfoPhysAxioms/QuasiGodel.lean:2:0: invalid 'import' command, it must be used in the beginning of the file
error: Lean exited with code 1
✖ [259/414] Building InfoPhysAxioms.TarskiEquilibrium (209ms)
trace: .> LEAN_PATH=/home/phrxmaz/Documents/CyberAlchemy/.lake/packages/Cli/.lake/build/lib/lean:/home/phrxmaz/Documents/CyberAlchemy/.lake/packages/batteries/.lake/build/lib/lean:/home/phrxmaz/Documents/CyberAlchemy/.lake/packages/Qq/.lake/build/lib/lean:/home/phrxmaz/Documents/CyberAlchemy/.lake/packages/aesop/.lake/build/lib/lean:/home/phrxmaz/Documents/CyberAlchemy/.lake/packages/proofwidgets/.lake/build/lib/lean:/home/phrxmaz/Documents/CyberAlchemy/.lake/packages/importGraph/.lake/build/lib/lean:/home/phrxmaz/Documents/CyberAlchemy/.lake/packages/LeanSearchClient/.lake/build/lib/lean:/home/phrxmaz/Documents/CyberAlchemy/.lake/packages/plausible/.lake/build/lib/lean:/home/phrxmaz/Documents/CyberAlchemy/.lake/packages/mathlib/.lake/build/lib/lean:/home/phrxmaz/Documents/CyberAlchemy/.lake/build/lib/lean /home/phrxmaz/.elan/toolchains/leanprover--lean4---v4.29.1/bin/lean /home/phrxmaz/Documents/CyberAlchemy/InfoPhysAxioms/TarskiEquilibrium.lean -o /home/phrxmaz/Documents/CyberAlchemy/.lake/build/lib/lean/InfoPhysAxioms/TarskiEquilibrium.olean -i /home/phrxmaz/Documents/CyberAlchemy/.lake/build/lib/lean/InfoPhysAxioms/TarskiEquilibrium.ilean -c /home/phrxmaz/Documents/CyberAlchemy/.lake/build/ir/InfoPhysAxioms/TarskiEquilibrium.c --setup /home/phrxmaz/Documents/CyberAlchemy/.lake/build/ir/InfoPhysAxioms/TarskiEquilibrium.setup.json --json
error: InfoPhysAxioms/TarskiEquilibrium.lean:2:0: invalid 'import' command, it must be used in the beginning of the file
error: Lean exited with code 1
✖ [260/414] Building InfoPhysAxioms.ProtorealMetric (194ms)
trace: .> LEAN_PATH=/home/phrxmaz/Documents/CyberAlchemy/.lake/packages/Cli/.lake/build/lib/lean:/home/phrxmaz/Documents/CyberAlchemy/.lake/packages/batteries/.lake/build/lib/lean:/home/phrxmaz/Documents/CyberAlchemy/.lake/packages/Qq/.lake/build/lib/lean:/home/phrxmaz/Documents/CyberAlchemy/.lake/packages/aesop/.lake/build/lib/lean:/home/phrxmaz/Documents/CyberAlchemy/.lake/packages/proofwidgets/.lake/build/lib/lean:/home/phrxmaz/Documents/CyberAlchemy/.lake/packages/importGraph/.lake/build/lib/lean:/home/phrxmaz/Documents/CyberAlchemy/.lake/packages/LeanSearchClient/.lake/build/lib/lean:/home/phrxmaz/Documents/CyberAlchemy/.lake/packages/plausible/.lake/build/lib/lean:/home/phrxmaz/Documents/CyberAlchemy/.lake/packages/mathlib/.lake/build/lib/lean:/home/phrxmaz/Documents/CyberAlchemy/.lake/build/lib/lean /home/phrxmaz/.elan/toolchains/leanprover--lean4---v4.29.1/bin/lean /home/phrxmaz/Documents/CyberAlchemy/InfoPhysAxioms/ProtorealMetric.lean -o /home/phrxmaz/Documents/CyberAlchemy/.lake/build/lib/lean/InfoPhysAxioms/ProtorealMetric.olean -i /home/phrxmaz/Documents/CyberAlchemy/.lake/build/lib/lean/InfoPhysAxioms/ProtorealMetric.ilean -c /home/phrxmaz/Documents/CyberAlchemy/.lake/build/ir/InfoPhysAxioms/ProtorealMetric.c --setup /home/phrxmaz/Documents/CyberAlchemy/.lake/build/ir/InfoPhysAxioms/ProtorealMetric.setup.json --json
error: InfoPhysAxioms/ProtorealMetric.lean:2:0: invalid 'import' command, it must be used in the beginning of the file
error: Lean exited with code 1
✖ [261/414] Building InfoPhysAxioms.HodgePhasorVolume (216ms)
trace: .> LEAN_PATH=/home/phrxmaz/Documents/CyberAlchemy/.lake/packages/Cli/.lake/build/lib/lean:/home/phrxmaz/Documents/CyberAlchemy/.lake/packages/batteries/.lake/build/lib/lean:/home/phrxmaz/Documents/CyberAlchemy/.lake/packages/Qq/.lake/build/lib/lean:/home/phrxmaz/Documents/CyberAlchemy/.lake/packages/aesop/.lake/build/lib/lean:/home/phrxmaz/Documents/CyberAlchemy/.lake/packages/proofwidgets/.lake/build/lib/lean:/home/phrxmaz/Documents/CyberAlchemy/.lake/packages/importGraph/.lake/build/lib/lean:/home/phrxmaz/Documents/CyberAlchemy/.lake/packages/LeanSearchClient/.lake/build/lib/lean:/home/phrxmaz/Documents/CyberAlchemy/.lake/packages/plausible/.lake/build/lib/lean:/home/phrxmaz/Documents/CyberAlchemy/.lake/packages/mathlib/.lake/build/lib/lean:/home/phrxmaz/Documents/CyberAlchemy/.lake/build/lib/lean /home/phrxmaz/.elan/toolchains/leanprover--lean4---v4.29.1/bin/lean /home/phrxmaz/Documents/CyberAlchemy/InfoPhysAxioms/HodgePhasorVolume.lean -o /home/phrxmaz/Documents/CyberAlchemy/.lake/build/lib/lean/InfoPhysAxioms/HodgePhasorVolume.olean -i /home/phrxmaz/Documents/CyberAlchemy/.lake/build/lib/lean/InfoPhysAxioms/HodgePhasorVolume.ilean -c /home/phrxmaz/Documents/CyberAlchemy/.lake/build/ir/InfoPhysAxioms/HodgePhasorVolume.c --setup /home/phrxmaz/Documents/CyberAlchemy/.lake/build/ir/InfoPhysAxioms/HodgePhasorVolume.setup.json --json
error: InfoPhysAxioms/HodgePhasorVolume.lean:2:0: invalid 'import' command, it must be used in the beginning of the file
error: Lean exited with code 1
✖ [262/414] Building InfoPhysAxioms.MinotaurosDirective (204ms)
trace: .> LEAN_PATH=/home/phrxmaz/Documents/CyberAlchemy/.lake/packages/Cli/.lake/build/lib/lean:/home/phrxmaz/Documents/CyberAlchemy/.lake/packages/batteries/.lake/build/lib/lean:/home/phrxmaz/Documents/CyberAlchemy/.lake/packages/Qq/.lake/build/lib/lean:/home/phrxmaz/Documents/CyberAlchemy/.lake/packages/aesop/.lake/build/lib/lean:/home/phrxmaz/Documents/CyberAlchemy/.lake/packages/proofwidgets/.lake/build/lib/lean:/home/phrxmaz/Documents/CyberAlchemy/.lake/packages/importGraph/.lake/build/lib/lean:/home/phrxmaz/Documents/CyberAlchemy/.lake/packages/LeanSearchClient/.lake/build/lib/lean:/home/phrxmaz/Documents/CyberAlchemy/.lake/packages/plausible/.lake/build/lib/lean:/home/phrxmaz/Documents/CyberAlchemy/.lake/packages/mathlib/.lake/build/lib/lean:/home/phrxmaz/Documents/CyberAlchemy/.lake/build/lib/lean /home/phrxmaz/.elan/toolchains/leanprover--lean4---v4.29.1/bin/lean /home/phrxmaz/Documents/CyberAlchemy/InfoPhysAxioms/MinotaurosDirective.lean -o /home/phrxmaz/Documents/CyberAlchemy/.lake/build/lib/lean/InfoPhysAxioms/MinotaurosDirective.olean -i /home/phrxmaz/Documents/CyberAlchemy/.lake/build/lib/lean/InfoPhysAxioms/MinotaurosDirective.ilean -c /home/phrxmaz/Documents/CyberAlchemy/.lake/build/ir/InfoPhysAxioms/MinotaurosDirective.c --setup /home/phrxmaz/Documents/CyberAlchemy/.lake/build/ir/InfoPhysAxioms/MinotaurosDirective.setup.json --json
error: InfoPhysAxioms/MinotaurosDirective.lean:2:0: invalid 'import' command, it must be used in the beginning of the file
error: Lean exited with code 1
✖ [263/414] Building InfoPhysAxioms.ProtoComplexTopology (160ms)
trace: .> LEAN_PATH=/home/phrxmaz/Documents/CyberAlchemy/.lake/packages/Cli/.lake/build/lib/lean:/home/phrxmaz/Documents/CyberAlchemy/.lake/packages/batteries/.lake/build/lib/lean:/home/phrxmaz/Documents/CyberAlchemy/.lake/packages/Qq/.lake/build/lib/lean:/home/phrxmaz/Documents/CyberAlchemy/.lake/packages/aesop/.lake/build/lib/lean:/home/phrxmaz/Documents/CyberAlchemy/.lake/packages/proofwidgets/.lake/build/lib/lean:/home/phrxmaz/Documents/CyberAlchemy/.lake/packages/importGraph/.lake/build/lib/lean:/home/phrxmaz/Documents/CyberAlchemy/.lake/packages/LeanSearchClient/.lake/build/lib/lean:/home/phrxmaz/Documents/CyberAlchemy/.lake/packages/plausible/.lake/build/lib/lean:/home/phrxmaz/Documents/CyberAlchemy/.lake/packages/mathlib/.lake/build/lib/lean:/home/phrxmaz/Documents/CyberAlchemy/.lake/build/lib/lean /home/phrxmaz/.elan/toolchains/leanprover--lean4---v4.29.1/bin/lean /home/phrxmaz/Documents/CyberAlchemy/InfoPhysAxioms/ProtoComplexTopology.lean -o /home/phrxmaz/Documents/CyberAlchemy/.lake/build/lib/lean/InfoPhysAxioms/ProtoComplexTopology.olean -i /home/phrxmaz/Documents/CyberAlchemy/.lake/build/lib/lean/InfoPhysAxioms/ProtoComplexTopology.ilean -c /home/phrxmaz/Documents/CyberAlchemy/.lake/build/ir/InfoPhysAxioms/ProtoComplexTopology.c --setup /home/phrxmaz/Documents/CyberAlchemy/.lake/build/ir/InfoPhysAxioms/ProtoComplexTopology.setup.json --json
error: InfoPhysAxioms/ProtoComplexTopology.lean:2:0: invalid 'import' command, it must be used in the beginning of the file
error: Lean exited with code 1
✖ [264/414] Building InfoPhysAxioms.PiAdicManifold (204ms)
trace: .> LEAN_PATH=/home/phrxmaz/Documents/CyberAlchemy/.lake/packages/Cli/.lake/build/lib/lean:/home/phrxmaz/Documents/CyberAlchemy/.lake/packages/batteries/.lake/build/lib/lean:/home/phrxmaz/Documents/CyberAlchemy/.lake/packages/Qq/.lake/build/lib/lean:/home/phrxmaz/Documents/CyberAlchemy/.lake/packages/aesop/.lake/build/lib/lean:/home/phrxmaz/Documents/CyberAlchemy/.lake/packages/proofwidgets/.lake/build/lib/lean:/home/phrxmaz/Documents/CyberAlchemy/.lake/packages/importGraph/.lake/build/lib/lean:/home/phrxmaz/Documents/CyberAlchemy/.lake/packages/LeanSearchClient/.lake/build/lib/lean:/home/phrxmaz/Documents/CyberAlchemy/.lake/packages/plausible/.lake/build/lib/lean:/home/phrxmaz/Documents/CyberAlchemy/.lake/packages/mathlib/.lake/build/lib/lean:/home/phrxmaz/Documents/CyberAlchemy/.lake/build/lib/lean /home/phrxmaz/.elan/toolchains/leanprover--lean4---v4.29.1/bin/lean /home/phrxmaz/Documents/CyberAlchemy/InfoPhysAxioms/PiAdicManifold.lean -o /home/phrxmaz/Documents/CyberAlchemy/.lake/build/lib/lean/InfoPhysAxioms/PiAdicManifold.olean -i /home/phrxmaz/Documents/CyberAlchemy/.lake/build/lib/lean/InfoPhysAxioms/PiAdicManifold.ilean -c /home/phrxmaz/Documents/CyberAlchemy/.lake/build/ir/InfoPhysAxioms/PiAdicManifold.c --setup /home/phrxmaz/Documents/CyberAlchemy/.lake/build/ir/InfoPhysAxioms/PiAdicManifold.setup.json --json
error: InfoPhysAxioms/PiAdicManifold.lean:2:0: invalid 'import' command, it must be used in the beginning of the file
error: Lean exited with code 1
✖ [265/414] Building InfoPhysAxioms.EnumerationSystems (198ms)
trace: .> LEAN_PATH=/home/phrxmaz/Documents/CyberAlchemy/.lake/packages/Cli/.lake/build/lib/lean:/home/phrxmaz/Documents/CyberAlchemy/.lake/packages/batteries/.lake/build/lib/lean:/home/phrxmaz/Documents/CyberAlchemy/.lake/packages/Qq/.lake/build/lib/lean:/home/phrxmaz/Documents/CyberAlchemy/.lake/packages/aesop/.lake/build/lib/lean:/home/phrxmaz/Documents/CyberAlchemy/.lake/packages/proofwidgets/.lake/build/lib/lean:/home/phrxmaz/Documents/CyberAlchemy/.lake/packages/importGraph/.lake/build/lib/lean:/home/phrxmaz/Documents/CyberAlchemy/.lake/packages/LeanSearchClient/.lake/build/lib/lean:/home/phrxmaz/Documents/CyberAlchemy/.lake/packages/plausible/.lake/build/lib/lean:/home/phrxmaz/Documents/CyberAlchemy/.lake/packages/mathlib/.lake/build/lib/lean:/home/phrxmaz/Documents/CyberAlchemy/.lake/build/lib/lean /home/phrxmaz/.elan/toolchains/leanprover--lean4---v4.29.1/bin/lean /home/phrxmaz/Documents/CyberAlchemy/InfoPhysAxioms/EnumerationSystems.lean -o /home/phrxmaz/Documents/CyberAlchemy/.lake/build/lib/lean/InfoPhysAxioms/EnumerationSystems.olean -i /home/phrxmaz/Documents/CyberAlchemy/.lake/build/lib/lean/InfoPhysAxioms/EnumerationSystems.ilean -c /home/phrxmaz/Documents/CyberAlchemy/.lake/build/ir/InfoPhysAxioms/EnumerationSystems.c --setup /home/phrxmaz/Documents/CyberAlchemy/.lake/build/ir/InfoPhysAxioms/EnumerationSystems.setup.json --json
error: InfoPhysAxioms/EnumerationSystems.lean:2:0: invalid 'import' command, it must be used in the beginning of the file
error: Lean exited with code 1
✖ [266/414] Building InfoPhysAxioms.SpectralCharacteristic (186ms)
trace: .> LEAN_PATH=/home/phrxmaz/Documents/CyberAlchemy/.lake/packages/Cli/.lake/build/lib/lean:/home/phrxmaz/Documents/CyberAlchemy/.lake/packages/batteries/.lake/build/lib/lean:/home/phrxmaz/Documents/CyberAlchemy/.lake/packages/Qq/.lake/build/lib/lean:/home/phrxmaz/Documents/CyberAlchemy/.lake/packages/aesop/.lake/build/lib/lean:/home/phrxmaz/Documents/CyberAlchemy/.lake/packages/proofwidgets/.lake/build/lib/lean:/home/phrxmaz/Documents/CyberAlchemy/.lake/packages/importGraph/.lake/build/lib/lean:/home/phrxmaz/Documents/CyberAlchemy/.lake/packages/LeanSearchClient/.lake/build/lib/lean:/home/phrxmaz/Documents/CyberAlchemy/.lake/packages/plausible/.lake/build/lib/lean:/home/phrxmaz/Documents/CyberAlchemy/.lake/packages/mathlib/.lake/build/lib/lean:/home/phrxmaz/Documents/CyberAlchemy/.lake/build/lib/lean /home/phrxmaz/.elan/toolchains/leanprover--lean4---v4.29.1/bin/lean /home/phrxmaz/Documents/CyberAlchemy/InfoPhysAxioms/SpectralCharacteristic.lean -o /home/phrxmaz/Documents/CyberAlchemy/.lake/build/lib/lean/InfoPhysAxioms/SpectralCharacteristic.olean -i /home/phrxmaz/Documents/CyberAlchemy/.lake/build/lib/lean/InfoPhysAxioms/SpectralCharacteristic.ilean -c /home/phrxmaz/Documents/CyberAlchemy/.lake/build/ir/InfoPhysAxioms/SpectralCharacteristic.c --setup /home/phrxmaz/Documents/CyberAlchemy/.lake/build/ir/InfoPhysAxioms/SpectralCharacteristic.setup.json --json
error: InfoPhysAxioms/SpectralCharacteristic.lean:2:0: invalid 'import' command, it must be used in the beginning of the file
error: Lean exited with code 1
✖ [267/414] Building InfoPhysAxioms.OctonionGrowth (179ms)
trace: .> LEAN_PATH=/home/phrxmaz/Documents/CyberAlchemy/.lake/packages/Cli/.lake/build/lib/lean:/home/phrxmaz/Documents/CyberAlchemy/.lake/packages/batteries/.lake/build/lib/lean:/home/phrxmaz/Documents/CyberAlchemy/.lake/packages/Qq/.lake/build/lib/lean:/home/phrxmaz/Documents/CyberAlchemy/.lake/packages/aesop/.lake/build/lib/lean:/home/phrxmaz/Documents/CyberAlchemy/.lake/packages/proofwidgets/.lake/build/lib/lean:/home/phrxmaz/Documents/CyberAlchemy/.lake/packages/importGraph/.lake/build/lib/lean:/home/phrxmaz/Documents/CyberAlchemy/.lake/packages/LeanSearchClient/.lake/build/lib/lean:/home/phrxmaz/Documents/CyberAlchemy/.lake/packages/plausible/.lake/build/lib/lean:/home/phrxmaz/Documents/CyberAlchemy/.lake/packages/mathlib/.lake/build/lib/lean:/home/phrxmaz/Documents/CyberAlchemy/.lake/build/lib/lean /home/phrxmaz/.elan/toolchains/leanprover--lean4---v4.29.1/bin/lean /home/phrxmaz/Documents/CyberAlchemy/InfoPhysAxioms/OctonionGrowth.lean -o /home/phrxmaz/Documents/CyberAlchemy/.lake/build/lib/lean/InfoPhysAxioms/OctonionGrowth.olean -i /home/phrxmaz/Documents/CyberAlchemy/.lake/build/lib/lean/InfoPhysAxioms/OctonionGrowth.ilean -c /home/phrxmaz/Documents/CyberAlchemy/.lake/build/ir/InfoPhysAxioms/OctonionGrowth.c --setup /home/phrxmaz/Documents/CyberAlchemy/.lake/build/ir/InfoPhysAxioms/OctonionGrowth.setup.json --json
error: InfoPhysAxioms/OctonionGrowth.lean:2:0: invalid 'import' command, it must be used in the beginning of the file
error: Lean exited with code 1
✖ [268/414] Building InfoPhysAxioms.InfotonVacuum (207ms)
trace: .> LEAN_PATH=/home/phrxmaz/Documents/CyberAlchemy/.lake/packages/Cli/.lake/build/lib/lean:/home/phrxmaz/Documents/CyberAlchemy/.lake/packages/batteries/.lake/build/lib/lean:/home/phrxmaz/Documents/CyberAlchemy/.lake/packages/Qq/.lake/build/lib/lean:/home/phrxmaz/Documents/CyberAlchemy/.lake/packages/aesop/.lake/build/lib/lean:/home/phrxmaz/Documents/CyberAlchemy/.lake/packages/proofwidgets/.lake/build/lib/lean:/home/phrxmaz/Documents/CyberAlchemy/.lake/packages/importGraph/.lake/build/lib/lean:/home/phrxmaz/Documents/CyberAlchemy/.lake/packages/LeanSearchClient/.lake/build/lib/lean:/home/phrxmaz/Documents/CyberAlchemy/.lake/packages/plausible/.lake/build/lib/lean:/home/phrxmaz/Documents/CyberAlchemy/.lake/packages/mathlib/.lake/build/lib/lean:/home/phrxmaz/Documents/CyberAlchemy/.lake/build/lib/lean /home/phrxmaz/.elan/toolchains/leanprover--lean4---v4.29.1/bin/lean /home/phrxmaz/Documents/CyberAlchemy/InfoPhysAxioms/InfotonVacuum.lean -o /home/phrxmaz/Documents/CyberAlchemy/.lake/build/lib/lean/InfoPhysAxioms/InfotonVacuum.olean -i /home/phrxmaz/Documents/CyberAlchemy/.lake/build/lib/lean/InfoPhysAxioms/InfotonVacuum.ilean -c /home/phrxmaz/Documents/CyberAlchemy/.lake/build/ir/InfoPhysAxioms/InfotonVacuum.c --setup /home/phrxmaz/Documents/CyberAlchemy/.lake/build/ir/InfoPhysAxioms/InfotonVacuum.setup.json --json
error: InfoPhysAxioms/InfotonVacuum.lean:2:0: invalid 'import' command, it must be used in the beginning of the file
error: Lean exited with code 1
✖ [269/414] Building InfoPhysAxioms.ProtorealGame (195ms)
trace: .> LEAN_PATH=/home/phrxmaz/Documents/CyberAlchemy/.lake/packages/Cli/.lake/build/lib/lean:/home/phrxmaz/Documents/CyberAlchemy/.lake/packages/batteries/.lake/build/lib/lean:/home/phrxmaz/Documents/CyberAlchemy/.lake/packages/Qq/.lake/build/lib/lean:/home/phrxmaz/Documents/CyberAlchemy/.lake/packages/aesop/.lake/build/lib/lean:/home/phrxmaz/Documents/CyberAlchemy/.lake/packages/proofwidgets/.lake/build/lib/lean:/home/phrxmaz/Documents/CyberAlchemy/.lake/packages/importGraph/.lake/build/lib/lean:/home/phrxmaz/Documents/CyberAlchemy/.lake/packages/LeanSearchClient/.lake/build/lib/lean:/home/phrxmaz/Documents/CyberAlchemy/.lake/packages/plausible/.lake/build/lib/lean:/home/phrxmaz/Documents/CyberAlchemy/.lake/packages/mathlib/.lake/build/lib/lean:/home/phrxmaz/Documents/CyberAlchemy/.lake/build/lib/lean /home/phrxmaz/.elan/toolchains/leanprover--lean4---v4.29.1/bin/lean /home/phrxmaz/Documents/CyberAlchemy/InfoPhysAxioms/ProtorealGame.lean -o /home/phrxmaz/Documents/CyberAlchemy/.lake/build/lib/lean/InfoPhysAxioms/ProtorealGame.olean -i /home/phrxmaz/Documents/CyberAlchemy/.lake/build/lib/lean/InfoPhysAxioms/ProtorealGame.ilean -c /home/phrxmaz/Documents/CyberAlchemy/.lake/build/ir/InfoPhysAxioms/ProtorealGame.c --setup /home/phrxmaz/Documents/CyberAlchemy/.lake/build/ir/InfoPhysAxioms/ProtorealGame.setup.json --json
error: InfoPhysAxioms/ProtorealGame.lean:2:0: invalid 'import' command, it must be used in the beginning of the file
error: Lean exited with code 1
✖ [270/414] Building InfoPhysAxioms.DruidSprite (202ms)
trace: .> LEAN_PATH=/home/phrxmaz/Documents/CyberAlchemy/.lake/packages/Cli/.lake/build/lib/lean:/home/phrxmaz/Documents/CyberAlchemy/.lake/packages/batteries/.lake/build/lib/lean:/home/phrxmaz/Documents/CyberAlchemy/.lake/packages/Qq/.lake/build/lib/lean:/home/phrxmaz/Documents/CyberAlchemy/.lake/packages/aesop/.lake/build/lib/lean:/home/phrxmaz/Documents/CyberAlchemy/.lake/packages/proofwidgets/.lake/build/lib/lean:/home/phrxmaz/Documents/CyberAlchemy/.lake/packages/importGraph/.lake/build/lib/lean:/home/phrxmaz/Documents/CyberAlchemy/.lake/packages/LeanSearchClient/.lake/build/lib/lean:/home/phrxmaz/Documents/CyberAlchemy/.lake/packages/plausible/.lake/build/lib/lean:/home/phrxmaz/Documents/CyberAlchemy/.lake/packages/mathlib/.lake/build/lib/lean:/home/phrxmaz/Documents/CyberAlchemy/.lake/build/lib/lean /home/phrxmaz/.elan/toolchains/leanprover--lean4---v4.29.1/bin/lean /home/phrxmaz/Documents/CyberAlchemy/InfoPhysAxioms/DruidSprite.lean -o /home/phrxmaz/Documents/CyberAlchemy/.lake/build/lib/lean/InfoPhysAxioms/DruidSprite.olean -i /home/phrxmaz/Documents/CyberAlchemy/.lake/build/lib/lean/InfoPhysAxioms/DruidSprite.ilean -c /home/phrxmaz/Documents/CyberAlchemy/.lake/build/ir/InfoPhysAxioms/DruidSprite.c --setup /home/phrxmaz/Documents/CyberAlchemy/.lake/build/ir/InfoPhysAxioms/DruidSprite.setup.json --json
error: InfoPhysAxioms/DruidSprite.lean:2:0: invalid 'import' command, it must be used in the beginning of the file
error: Lean exited with code 1
✖ [271/414] Building InfoPhysAxioms.MetagraphOracle (210ms)
trace: .> LEAN_PATH=/home/phrxmaz/Documents/CyberAlchemy/.lake/packages/Cli/.lake/build/lib/lean:/home/phrxmaz/Documents/CyberAlchemy/.lake/packages/batteries/.lake/build/lib/lean:/home/phrxmaz/Documents/CyberAlchemy/.lake/packages/Qq/.lake/build/lib/lean:/home/phrxmaz/Documents/CyberAlchemy/.lake/packages/aesop/.lake/build/lib/lean:/home/phrxmaz/Documents/CyberAlchemy/.lake/packages/proofwidgets/.lake/build/lib/lean:/home/phrxmaz/Documents/CyberAlchemy/.lake/packages/importGraph/.lake/build/lib/lean:/home/phrxmaz/Documents/CyberAlchemy/.lake/packages/LeanSearchClient/.lake/build/lib/lean:/home/phrxmaz/Documents/CyberAlchemy/.lake/packages/plausible/.lake/build/lib/lean:/home/phrxmaz/Documents/CyberAlchemy/.lake/packages/mathlib/.lake/build/lib/lean:/home/phrxmaz/Documents/CyberAlchemy/.lake/build/lib/lean /home/phrxmaz/.elan/toolchains/leanprover--lean4---v4.29.1/bin/lean /home/phrxmaz/Documents/CyberAlchemy/InfoPhysAxioms/MetagraphOracle.lean -o /home/phrxmaz/Documents/CyberAlchemy/.lake/build/lib/lean/InfoPhysAxioms/MetagraphOracle.olean -i /home/phrxmaz/Documents/CyberAlchemy/.lake/build/lib/lean/InfoPhysAxioms/MetagraphOracle.ilean -c /home/phrxmaz/Documents/CyberAlchemy/.lake/build/ir/InfoPhysAxioms/MetagraphOracle.c --setup /home/phrxmaz/Documents/CyberAlchemy/.lake/build/ir/InfoPhysAxioms/MetagraphOracle.setup.json --json
error: InfoPhysAxioms/MetagraphOracle.lean:2:0: invalid 'import' command, it must be used in the beginning of the file
error: Lean exited with code 1
✖ [272/414] Building InfoPhysAxioms.VeblenDruid (203ms)
trace: .> LEAN_PATH=/home/phrxmaz/Documents/CyberAlchemy/.lake/packages/Cli/.lake/build/lib/lean:/home/phrxmaz/Documents/CyberAlchemy/.lake/packages/batteries/.lake/build/lib/lean:/home/phrxmaz/Documents/CyberAlchemy/.lake/packages/Qq/.lake/build/lib/lean:/home/phrxmaz/Documents/CyberAlchemy/.lake/packages/aesop/.lake/build/lib/lean:/home/phrxmaz/Documents/CyberAlchemy/.lake/packages/proofwidgets/.lake/build/lib/lean:/home/phrxmaz/Documents/CyberAlchemy/.lake/packages/importGraph/.lake/build/lib/lean:/home/phrxmaz/Documents/CyberAlchemy/.lake/packages/LeanSearchClient/.lake/build/lib/lean:/home/phrxmaz/Documents/CyberAlchemy/.lake/packages/plausible/.lake/build/lib/lean:/home/phrxmaz/Documents/CyberAlchemy/.lake/packages/mathlib/.lake/build/lib/lean:/home/phrxmaz/Documents/CyberAlchemy/.lake/build/lib/lean /home/phrxmaz/.elan/toolchains/leanprover--lean4---v4.29.1/bin/lean /home/phrxmaz/Documents/CyberAlchemy/InfoPhysAxioms/VeblenDruid.lean -o /home/phrxmaz/Documents/CyberAlchemy/.lake/build/lib/lean/InfoPhysAxioms/VeblenDruid.olean -i /home/phrxmaz/Documents/CyberAlchemy/.lake/build/lib/lean/InfoPhysAxioms/VeblenDruid.ilean -c /home/phrxmaz/Documents/CyberAlchemy/.lake/build/ir/InfoPhysAxioms/VeblenDruid.c --setup /home/phrxmaz/Documents/CyberAlchemy/.lake/build/ir/InfoPhysAxioms/VeblenDruid.setup.json --json
error: InfoPhysAxioms/VeblenDruid.lean:2:0: invalid 'import' command, it must be used in the beginning of the file
error: Lean exited with code 1
✖ [273/414] Building InfoPhysAxioms.CentralDogmaVeblen (218ms)
trace: .> LEAN_PATH=/home/phrxmaz/Documents/CyberAlchemy/.lake/packages/Cli/.lake/build/lib/lean:/home/phrxmaz/Documents/CyberAlchemy/.lake/packages/batteries/.lake/build/lib/lean:/home/phrxmaz/Documents/CyberAlchemy/.lake/packages/Qq/.lake/build/lib/lean:/home/phrxmaz/Documents/CyberAlchemy/.lake/packages/aesop/.lake/build/lib/lean:/home/phrxmaz/Documents/CyberAlchemy/.lake/packages/proofwidgets/.lake/build/lib/lean:/home/phrxmaz/Documents/CyberAlchemy/.lake/packages/importGraph/.lake/build/lib/lean:/home/phrxmaz/Documents/CyberAlchemy/.lake/packages/LeanSearchClient/.lake/build/lib/lean:/home/phrxmaz/Documents/CyberAlchemy/.lake/packages/plausible/.lake/build/lib/lean:/home/phrxmaz/Documents/CyberAlchemy/.lake/packages/mathlib/.lake/build/lib/lean:/home/phrxmaz/Documents/CyberAlchemy/.lake/build/lib/lean /home/phrxmaz/.elan/toolchains/leanprover--lean4---v4.29.1/bin/lean /home/phrxmaz/Documents/CyberAlchemy/InfoPhysAxioms/CentralDogmaVeblen.lean -o /home/phrxmaz/Documents/CyberAlchemy/.lake/build/lib/lean/InfoPhysAxioms/CentralDogmaVeblen.olean -i /home/phrxmaz/Documents/CyberAlchemy/.lake/build/lib/lean/InfoPhysAxioms/CentralDogmaVeblen.ilean -c /home/phrxmaz/Documents/CyberAlchemy/.lake/build/ir/InfoPhysAxioms/CentralDogmaVeblen.c --setup /home/phrxmaz/Documents/CyberAlchemy/.lake/build/ir/InfoPhysAxioms/CentralDogmaVeblen.setup.json --json
error: InfoPhysAxioms/CentralDogmaVeblen.lean:2:0: invalid 'import' command, it must be used in the beginning of the file
error: Lean exited with code 1
✖ [274/414] Building InfoPhysAxioms.CyberneticInversion (194ms)
trace: .> LEAN_PATH=/home/phrxmaz/Documents/CyberAlchemy/.lake/packages/Cli/.lake/build/lib/lean:/home/phrxmaz/Documents/CyberAlchemy/.lake/packages/batteries/.lake/build/lib/lean:/home/phrxmaz/Documents/CyberAlchemy/.lake/packages/Qq/.lake/build/lib/lean:/home/phrxmaz/Documents/CyberAlchemy/.lake/packages/aesop/.lake/build/lib/lean:/home/phrxmaz/Documents/CyberAlchemy/.lake/packages/proofwidgets/.lake/build/lib/lean:/home/phrxmaz/Documents/CyberAlchemy/.lake/packages/importGraph/.lake/build/lib/lean:/home/phrxmaz/Documents/CyberAlchemy/.lake/packages/LeanSearchClient/.lake/build/lib/lean:/home/phrxmaz/Documents/CyberAlchemy/.lake/packages/plausible/.lake/build/lib/lean:/home/phrxmaz/Documents/CyberAlchemy/.lake/packages/mathlib/.lake/build/lib/lean:/home/phrxmaz/Documents/CyberAlchemy/.lake/build/lib/lean /home/phrxmaz/.elan/toolchains/leanprover--lean4---v4.29.1/bin/lean /home/phrxmaz/Documents/CyberAlchemy/InfoPhysAxioms/CyberneticInversion.lean -o /home/phrxmaz/Documents/CyberAlchemy/.lake/build/lib/lean/InfoPhysAxioms/CyberneticInversion.olean -i /home/phrxmaz/Documents/CyberAlchemy/.lake/build/lib/lean/InfoPhysAxioms/CyberneticInversion.ilean -c /home/phrxmaz/Documents/CyberAlchemy/.lake/build/ir/InfoPhysAxioms/CyberneticInversion.c --setup /home/phrxmaz/Documents/CyberAlchemy/.lake/build/ir/InfoPhysAxioms/CyberneticInversion.setup.json --json
error: InfoPhysAxioms/CyberneticInversion.lean:2:0: invalid 'import' command, it must be used in the beginning of the file
error: Lean exited with code 1
✖ [275/414] Building InfoPhysAxioms.SpaceToTime (221ms)
trace: .> LEAN_PATH=/home/phrxmaz/Documents/CyberAlchemy/.lake/packages/Cli/.lake/build/lib/lean:/home/phrxmaz/Documents/CyberAlchemy/.lake/packages/batteries/.lake/build/lib/lean:/home/phrxmaz/Documents/CyberAlchemy/.lake/packages/Qq/.lake/build/lib/lean:/home/phrxmaz/Documents/CyberAlchemy/.lake/packages/aesop/.lake/build/lib/lean:/home/phrxmaz/Documents/CyberAlchemy/.lake/packages/proofwidgets/.lake/build/lib/lean:/home/phrxmaz/Documents/CyberAlchemy/.lake/packages/importGraph/.lake/build/lib/lean:/home/phrxmaz/Documents/CyberAlchemy/.lake/packages/LeanSearchClient/.lake/build/lib/lean:/home/phrxmaz/Documents/CyberAlchemy/.lake/packages/plausible/.lake/build/lib/lean:/home/phrxmaz/Documents/CyberAlchemy/.lake/packages/mathlib/.lake/build/lib/lean:/home/phrxmaz/Documents/CyberAlchemy/.lake/build/lib/lean /home/phrxmaz/.elan/toolchains/leanprover--lean4---v4.29.1/bin/lean /home/phrxmaz/Documents/CyberAlchemy/InfoPhysAxioms/SpaceToTime.lean -o /home/phrxmaz/Documents/CyberAlchemy/.lake/build/lib/lean/InfoPhysAxioms/SpaceToTime.olean -i /home/phrxmaz/Documents/CyberAlchemy/.lake/build/lib/lean/InfoPhysAxioms/SpaceToTime.ilean -c /home/phrxmaz/Documents/CyberAlchemy/.lake/build/ir/InfoPhysAxioms/SpaceToTime.c --setup /home/phrxmaz/Documents/CyberAlchemy/.lake/build/ir/InfoPhysAxioms/SpaceToTime.setup.json --json
error: InfoPhysAxioms/SpaceToTime.lean:2:0: invalid 'import' command, it must be used in the beginning of the file
error: Lean exited with code 1
✖ [276/414] Building InfoPhysAxioms.ExtensionEnzyme (182ms)
trace: .> LEAN_PATH=/home/phrxmaz/Documents/CyberAlchemy/.lake/packages/Cli/.lake/build/lib/lean:/home/phrxmaz/Documents/CyberAlchemy/.lake/packages/batteries/.lake/build/lib/lean:/home/phrxmaz/Documents/CyberAlchemy/.lake/packages/Qq/.lake/build/lib/lean:/home/phrxmaz/Documents/CyberAlchemy/.lake/packages/aesop/.lake/build/lib/lean:/home/phrxmaz/Documents/CyberAlchemy/.lake/packages/proofwidgets/.lake/build/lib/lean:/home/phrxmaz/Documents/CyberAlchemy/.lake/packages/importGraph/.lake/build/lib/lean:/home/phrxmaz/Documents/CyberAlchemy/.lake/packages/LeanSearchClient/.lake/build/lib/lean:/home/phrxmaz/Documents/CyberAlchemy/.lake/packages/plausible/.lake/build/lib/lean:/home/phrxmaz/Documents/CyberAlchemy/.lake/packages/mathlib/.lake/build/lib/lean:/home/phrxmaz/Documents/CyberAlchemy/.lake/build/lib/lean /home/phrxmaz/.elan/toolchains/leanprover--lean4---v4.29.1/bin/lean /home/phrxmaz/Documents/CyberAlchemy/InfoPhysAxioms/ExtensionEnzyme.lean -o /home/phrxmaz/Documents/CyberAlchemy/.lake/build/lib/lean/InfoPhysAxioms/ExtensionEnzyme.olean -i /home/phrxmaz/Documents/CyberAlchemy/.lake/build/lib/lean/InfoPhysAxioms/ExtensionEnzyme.ilean -c /home/phrxmaz/Documents/CyberAlchemy/.lake/build/ir/InfoPhysAxioms/ExtensionEnzyme.c --setup /home/phrxmaz/Documents/CyberAlchemy/.lake/build/ir/InfoPhysAxioms/ExtensionEnzyme.setup.json --json
error: InfoPhysAxioms/ExtensionEnzyme.lean:2:0: invalid 'import' command, it must be used in the beginning of the file
error: Lean exited with code 1
✖ [277/414] Building InfoPhysAxioms.SpriteDispatch (201ms)
trace: .> LEAN_PATH=/home/phrxmaz/Documents/CyberAlchemy/.lake/packages/Cli/.lake/build/lib/lean:/home/phrxmaz/Documents/CyberAlchemy/.lake/packages/batteries/.lake/build/lib/lean:/home/phrxmaz/Documents/CyberAlchemy/.lake/packages/Qq/.lake/build/lib/lean:/home/phrxmaz/Documents/CyberAlchemy/.lake/packages/aesop/.lake/build/lib/lean:/home/phrxmaz/Documents/CyberAlchemy/.lake/packages/proofwidgets/.lake/build/lib/lean:/home/phrxmaz/Documents/CyberAlchemy/.lake/packages/importGraph/.lake/build/lib/lean:/home/phrxmaz/Documents/CyberAlchemy/.lake/packages/LeanSearchClient/.lake/build/lib/lean:/home/phrxmaz/Documents/CyberAlchemy/.lake/packages/plausible/.lake/build/lib/lean:/home/phrxmaz/Documents/CyberAlchemy/.lake/packages/mathlib/.lake/build/lib/lean:/home/phrxmaz/Documents/CyberAlchemy/.lake/build/lib/lean /home/phrxmaz/.elan/toolchains/leanprover--lean4---v4.29.1/bin/lean /home/phrxmaz/Documents/CyberAlchemy/InfoPhysAxioms/SpriteDispatch.lean -o /home/phrxmaz/Documents/CyberAlchemy/.lake/build/lib/lean/InfoPhysAxioms/SpriteDispatch.olean -i /home/phrxmaz/Documents/CyberAlchemy/.lake/build/lib/lean/InfoPhysAxioms/SpriteDispatch.ilean -c /home/phrxmaz/Documents/CyberAlchemy/.lake/build/ir/InfoPhysAxioms/SpriteDispatch.c --setup /home/phrxmaz/Documents/CyberAlchemy/.lake/build/ir/InfoPhysAxioms/SpriteDispatch.setup.json --json
error: InfoPhysAxioms/SpriteDispatch.lean:2:0: invalid 'import' command, it must be used in the beginning of the file
error: Lean exited with code 1
✖ [278/414] Building InfoPhysAxioms.Oneirotauros (207ms)
trace: .> LEAN_PATH=/home/phrxmaz/Documents/CyberAlchemy/.lake/packages/Cli/.lake/build/lib/lean:/home/phrxmaz/Documents/CyberAlchemy/.lake/packages/batteries/.lake/build/lib/lean:/home/phrxmaz/Documents/CyberAlchemy/.lake/packages/Qq/.lake/build/lib/lean:/home/phrxmaz/Documents/CyberAlchemy/.lake/packages/aesop/.lake/build/lib/lean:/home/phrxmaz/Documents/CyberAlchemy/.lake/packages/proofwidgets/.lake/build/lib/lean:/home/phrxmaz/Documents/CyberAlchemy/.lake/packages/importGraph/.lake/build/lib/lean:/home/phrxmaz/Documents/CyberAlchemy/.lake/packages/LeanSearchClient/.lake/build/lib/lean:/home/phrxmaz/Documents/CyberAlchemy/.lake/packages/plausible/.lake/build/lib/lean:/home/phrxmaz/Documents/CyberAlchemy/.lake/packages/mathlib/.lake/build/lib/lean:/home/phrxmaz/Documents/CyberAlchemy/.lake/build/lib/lean /home/phrxmaz/.elan/toolchains/leanprover--lean4---v4.29.1/bin/lean /home/phrxmaz/Documents/CyberAlchemy/InfoPhysAxioms/Oneirotauros.lean -o /home/phrxmaz/Documents/CyberAlchemy/.lake/build/lib/lean/InfoPhysAxioms/Oneirotauros.olean -i /home/phrxmaz/Documents/CyberAlchemy/.lake/build/lib/lean/InfoPhysAxioms/Oneirotauros.ilean -c /home/phrxmaz/Documents/CyberAlchemy/.lake/build/ir/InfoPhysAxioms/Oneirotauros.c --setup /home/phrxmaz/Documents/CyberAlchemy/.lake/build/ir/InfoPhysAxioms/Oneirotauros.setup.json --json
error: InfoPhysAxioms/Oneirotauros.lean:2:0: invalid 'import' command, it must be used in the beginning of the file
error: Lean exited with code 1
✖ [279/414] Building InfoPhysAxioms.StoicAlgebra (193ms)
trace: .> LEAN_PATH=/home/phrxmaz/Documents/CyberAlchemy/.lake/packages/Cli/.lake/build/lib/lean:/home/phrxmaz/Documents/CyberAlchemy/.lake/packages/batteries/.lake/build/lib/lean:/home/phrxmaz/Documents/CyberAlchemy/.lake/packages/Qq/.lake/build/lib/lean:/home/phrxmaz/Documents/CyberAlchemy/.lake/packages/aesop/.lake/build/lib/lean:/home/phrxmaz/Documents/CyberAlchemy/.lake/packages/proofwidgets/.lake/build/lib/lean:/home/phrxmaz/Documents/CyberAlchemy/.lake/packages/importGraph/.lake/build/lib/lean:/home/phrxmaz/Documents/CyberAlchemy/.lake/packages/LeanSearchClient/.lake/build/lib/lean:/home/phrxmaz/Documents/CyberAlchemy/.lake/packages/plausible/.lake/build/lib/lean:/home/phrxmaz/Documents/CyberAlchemy/.lake/packages/mathlib/.lake/build/lib/lean:/home/phrxmaz/Documents/CyberAlchemy/.lake/build/lib/lean /home/phrxmaz/.elan/toolchains/leanprover--lean4---v4.29.1/bin/lean /home/phrxmaz/Documents/CyberAlchemy/InfoPhysAxioms/StoicAlgebra.lean -o /home/phrxmaz/Documents/CyberAlchemy/.lake/build/lib/lean/InfoPhysAxioms/StoicAlgebra.olean -i /home/phrxmaz/Documents/CyberAlchemy/.lake/build/lib/lean/InfoPhysAxioms/StoicAlgebra.ilean -c /home/phrxmaz/Documents/CyberAlchemy/.lake/build/ir/InfoPhysAxioms/StoicAlgebra.c --setup /home/phrxmaz/Documents/CyberAlchemy/.lake/build/ir/InfoPhysAxioms/StoicAlgebra.setup.json --json
error: InfoPhysAxioms/StoicAlgebra.lean:2:0: invalid 'import' command, it must be used in the beginning of the file
error: Lean exited with code 1
✖ [280/414] Building InfoPhysAxioms.ArticlesOfSoul (172ms)
trace: .> LEAN_PATH=/home/phrxmaz/Documents/CyberAlchemy/.lake/packages/Cli/.lake/build/lib/lean:/home/phrxmaz/Documents/CyberAlchemy/.lake/packages/batteries/.lake/build/lib/lean:/home/phrxmaz/Documents/CyberAlchemy/.lake/packages/Qq/.lake/build/lib/lean:/home/phrxmaz/Documents/CyberAlchemy/.lake/packages/aesop/.lake/build/lib/lean:/home/phrxmaz/Documents/CyberAlchemy/.lake/packages/proofwidgets/.lake/build/lib/lean:/home/phrxmaz/Documents/CyberAlchemy/.lake/packages/importGraph/.lake/build/lib/lean:/home/phrxmaz/Documents/CyberAlchemy/.lake/packages/LeanSearchClient/.lake/build/lib/lean:/home/phrxmaz/Documents/CyberAlchemy/.lake/packages/plausible/.lake/build/lib/lean:/home/phrxmaz/Documents/CyberAlchemy/.lake/packages/mathlib/.lake/build/lib/lean:/home/phrxmaz/Documents/CyberAlchemy/.lake/build/lib/lean /home/phrxmaz/.elan/toolchains/leanprover--lean4---v4.29.1/bin/lean /home/phrxmaz/Documents/CyberAlchemy/InfoPhysAxioms/ArticlesOfSoul.lean -o /home/phrxmaz/Documents/CyberAlchemy/.lake/build/lib/lean/InfoPhysAxioms/ArticlesOfSoul.olean -i /home/phrxmaz/Documents/CyberAlchemy/.lake/build/lib/lean/InfoPhysAxioms/ArticlesOfSoul.ilean -c /home/phrxmaz/Documents/CyberAlchemy/.lake/build/ir/InfoPhysAxioms/ArticlesOfSoul.c --setup /home/phrxmaz/Documents/CyberAlchemy/.lake/build/ir/InfoPhysAxioms/ArticlesOfSoul.setup.json --json
error: InfoPhysAxioms/ArticlesOfSoul.lean:2:0: invalid 'import' command, it must be used in the beginning of the file
error: Lean exited with code 1
✖ [281/414] Building InfoPhysAxioms.Infonad (192ms)
trace: .> LEAN_PATH=/home/phrxmaz/Documents/CyberAlchemy/.lake/packages/Cli/.lake/build/lib/lean:/home/phrxmaz/Documents/CyberAlchemy/.lake/packages/batteries/.lake/build/lib/lean:/home/phrxmaz/Documents/CyberAlchemy/.lake/packages/Qq/.lake/build/lib/lean:/home/phrxmaz/Documents/CyberAlchemy/.lake/packages/aesop/.lake/build/lib/lean:/home/phrxmaz/Documents/CyberAlchemy/.lake/packages/proofwidgets/.lake/build/lib/lean:/home/phrxmaz/Documents/CyberAlchemy/.lake/packages/importGraph/.lake/build/lib/lean:/home/phrxmaz/Documents/CyberAlchemy/.lake/packages/LeanSearchClient/.lake/build/lib/lean:/home/phrxmaz/Documents/CyberAlchemy/.lake/packages/plausible/.lake/build/lib/lean:/home/phrxmaz/Documents/CyberAlchemy/.lake/packages/mathlib/.lake/build/lib/lean:/home/phrxmaz/Documents/CyberAlchemy/.lake/build/lib/lean /home/phrxmaz/.elan/toolchains/leanprover--lean4---v4.29.1/bin/lean /home/phrxmaz/Documents/CyberAlchemy/InfoPhysAxioms/Infonad.lean -o /home/phrxmaz/Documents/CyberAlchemy/.lake/build/lib/lean/InfoPhysAxioms/Infonad.olean -i /home/phrxmaz/Documents/CyberAlchemy/.lake/build/lib/lean/InfoPhysAxioms/Infonad.ilean -c /home/phrxmaz/Documents/CyberAlchemy/.lake/build/ir/InfoPhysAxioms/Infonad.c --setup /home/phrxmaz/Documents/CyberAlchemy/.lake/build/ir/InfoPhysAxioms/Infonad.setup.json --json
error: InfoPhysAxioms/Infonad.lean:2:0: invalid 'import' command, it must be used in the beginning of the file
error: Lean exited with code 1
✖ [282/414] Building InfoPhysAxioms.GoethePrimeHarmonics (150ms)
trace: .> LEAN_PATH=/home/phrxmaz/Documents/CyberAlchemy/.lake/packages/Cli/.lake/build/lib/lean:/home/phrxmaz/Documents/CyberAlchemy/.lake/packages/batteries/.lake/build/lib/lean:/home/phrxmaz/Documents/CyberAlchemy/.lake/packages/Qq/.lake/build/lib/lean:/home/phrxmaz/Documents/CyberAlchemy/.lake/packages/aesop/.lake/build/lib/lean:/home/phrxmaz/Documents/CyberAlchemy/.lake/packages/proofwidgets/.lake/build/lib/lean:/home/phrxmaz/Documents/CyberAlchemy/.lake/packages/importGraph/.lake/build/lib/lean:/home/phrxmaz/Documents/CyberAlchemy/.lake/packages/LeanSearchClient/.lake/build/lib/lean:/home/phrxmaz/Documents/CyberAlchemy/.lake/packages/plausible/.lake/build/lib/lean:/home/phrxmaz/Documents/CyberAlchemy/.lake/packages/mathlib/.lake/build/lib/lean:/home/phrxmaz/Documents/CyberAlchemy/.lake/build/lib/lean /home/phrxmaz/.elan/toolchains/leanprover--lean4---v4.29.1/bin/lean /home/phrxmaz/Documents/CyberAlchemy/InfoPhysAxioms/GoethePrimeHarmonics.lean -o /home/phrxmaz/Documents/CyberAlchemy/.lake/build/lib/lean/InfoPhysAxioms/GoethePrimeHarmonics.olean -i /home/phrxmaz/Documents/CyberAlchemy/.lake/build/lib/lean/InfoPhysAxioms/GoethePrimeHarmonics.ilean -c /home/phrxmaz/Documents/CyberAlchemy/.lake/build/ir/InfoPhysAxioms/GoethePrimeHarmonics.c --setup /home/phrxmaz/Documents/CyberAlchemy/.lake/build/ir/InfoPhysAxioms/GoethePrimeHarmonics.setup.json --json
error: InfoPhysAxioms/GoethePrimeHarmonics.lean:2:0: invalid 'import' command, it must be used in the beginning of the file
error: Lean exited with code 1
✖ [285/414] Building InfoPhysAxioms.CyberneticBiochemistry (201ms)
trace: .> LEAN_PATH=/home/phrxmaz/Documents/CyberAlchemy/.lake/packages/Cli/.lake/build/lib/lean:/home/phrxmaz/Documents/CyberAlchemy/.lake/packages/batteries/.lake/build/lib/lean:/home/phrxmaz/Documents/CyberAlchemy/.lake/packages/Qq/.lake/build/lib/lean:/home/phrxmaz/Documents/CyberAlchemy/.lake/packages/aesop/.lake/build/lib/lean:/home/phrxmaz/Documents/CyberAlchemy/.lake/packages/proofwidgets/.lake/build/lib/lean:/home/phrxmaz/Documents/CyberAlchemy/.lake/packages/importGraph/.lake/build/lib/lean:/home/phrxmaz/Documents/CyberAlchemy/.lake/packages/LeanSearchClient/.lake/build/lib/lean:/home/phrxmaz/Documents/CyberAlchemy/.lake/packages/plausible/.lake/build/lib/lean:/home/phrxmaz/Documents/CyberAlchemy/.lake/packages/mathlib/.lake/build/lib/lean:/home/phrxmaz/Documents/CyberAlchemy/.lake/build/lib/lean /home/phrxmaz/.elan/toolchains/leanprover--lean4---v4.29.1/bin/lean /home/phrxmaz/Documents/CyberAlchemy/InfoPhysAxioms/CyberneticBiochemistry.lean -o /home/phrxmaz/Documents/CyberAlchemy/.lake/build/lib/lean/InfoPhysAxioms/CyberneticBiochemistry.olean -i /home/phrxmaz/Documents/CyberAlchemy/.lake/build/lib/lean/InfoPhysAxioms/CyberneticBiochemistry.ilean -c /home/phrxmaz/Documents/CyberAlchemy/.lake/build/ir/InfoPhysAxioms/CyberneticBiochemistry.c --setup /home/phrxmaz/Documents/CyberAlchemy/.lake/build/ir/InfoPhysAxioms/CyberneticBiochemistry.setup.json --json
error: InfoPhysAxioms/CyberneticBiochemistry.lean:2:0: invalid 'import' command, it must be used in the beginning of the file
error: Lean exited with code 1
✖ [286/414] Building InfoPhysAxioms.OscillatingGame (212ms)
trace: .> LEAN_PATH=/home/phrxmaz/Documents/CyberAlchemy/.lake/packages/Cli/.lake/build/lib/lean:/home/phrxmaz/Documents/CyberAlchemy/.lake/packages/batteries/.lake/build/lib/lean:/home/phrxmaz/Documents/CyberAlchemy/.lake/packages/Qq/.lake/build/lib/lean:/home/phrxmaz/Documents/CyberAlchemy/.lake/packages/aesop/.lake/build/lib/lean:/home/phrxmaz/Documents/CyberAlchemy/.lake/packages/proofwidgets/.lake/build/lib/lean:/home/phrxmaz/Documents/CyberAlchemy/.lake/packages/importGraph/.lake/build/lib/lean:/home/phrxmaz/Documents/CyberAlchemy/.lake/packages/LeanSearchClient/.lake/build/lib/lean:/home/phrxmaz/Documents/CyberAlchemy/.lake/packages/plausible/.lake/build/lib/lean:/home/phrxmaz/Documents/CyberAlchemy/.lake/packages/mathlib/.lake/build/lib/lean:/home/phrxmaz/Documents/CyberAlchemy/.lake/build/lib/lean /home/phrxmaz/.elan/toolchains/leanprover--lean4---v4.29.1/bin/lean /home/phrxmaz/Documents/CyberAlchemy/InfoPhysAxioms/OscillatingGame.lean -o /home/phrxmaz/Documents/CyberAlchemy/.lake/build/lib/lean/InfoPhysAxioms/OscillatingGame.olean -i /home/phrxmaz/Documents/CyberAlchemy/.lake/build/lib/lean/InfoPhysAxioms/OscillatingGame.ilean -c /home/phrxmaz/Documents/CyberAlchemy/.lake/build/ir/InfoPhysAxioms/OscillatingGame.c --setup /home/phrxmaz/Documents/CyberAlchemy/.lake/build/ir/InfoPhysAxioms/OscillatingGame.setup.json --json
error: InfoPhysAxioms/OscillatingGame.lean:2:0: invalid 'import' command, it must be used in the beginning of the file
error: Lean exited with code 1
✖ [287/414] Building InfoPhysAxioms.OrchOR (203ms)
trace: .> LEAN_PATH=/home/phrxmaz/Documents/CyberAlchemy/.lake/packages/Cli/.lake/build/lib/lean:/home/phrxmaz/Documents/CyberAlchemy/.lake/packages/batteries/.lake/build/lib/lean:/home/phrxmaz/Documents/CyberAlchemy/.lake/packages/Qq/.lake/build/lib/lean:/home/phrxmaz/Documents/CyberAlchemy/.lake/packages/aesop/.lake/build/lib/lean:/home/phrxmaz/Documents/CyberAlchemy/.lake/packages/proofwidgets/.lake/build/lib/lean:/home/phrxmaz/Documents/CyberAlchemy/.lake/packages/importGraph/.lake/build/lib/lean:/home/phrxmaz/Documents/CyberAlchemy/.lake/packages/LeanSearchClient/.lake/build/lib/lean:/home/phrxmaz/Documents/CyberAlchemy/.lake/packages/plausible/.lake/build/lib/lean:/home/phrxmaz/Documents/CyberAlchemy/.lake/packages/mathlib/.lake/build/lib/lean:/home/phrxmaz/Documents/CyberAlchemy/.lake/build/lib/lean /home/phrxmaz/.elan/toolchains/leanprover--lean4---v4.29.1/bin/lean /home/phrxmaz/Documents/CyberAlchemy/InfoPhysAxioms/OrchOR.lean -o /home/phrxmaz/Documents/CyberAlchemy/.lake/build/lib/lean/InfoPhysAxioms/OrchOR.olean -i /home/phrxmaz/Documents/CyberAlchemy/.lake/build/lib/lean/InfoPhysAxioms/OrchOR.ilean -c /home/phrxmaz/Documents/CyberAlchemy/.lake/build/ir/InfoPhysAxioms/OrchOR.c --setup /home/phrxmaz/Documents/CyberAlchemy/.lake/build/ir/InfoPhysAxioms/OrchOR.setup.json --json
error: InfoPhysAxioms/OrchOR.lean:2:0: invalid 'import' command, it must be used in the beginning of the file
error: Lean exited with code 1
✖ [288/414] Building InfoPhysAxioms.ChromodynamicFriction (178ms)
trace: .> LEAN_PATH=/home/phrxmaz/Documents/CyberAlchemy/.lake/packages/Cli/.lake/build/lib/lean:/home/phrxmaz/Documents/CyberAlchemy/.lake/packages/batteries/.lake/build/lib/lean:/home/phrxmaz/Documents/CyberAlchemy/.lake/packages/Qq/.lake/build/lib/lean:/home/phrxmaz/Documents/CyberAlchemy/.lake/packages/aesop/.lake/build/lib/lean:/home/phrxmaz/Documents/CyberAlchemy/.lake/packages/proofwidgets/.lake/build/lib/lean:/home/phrxmaz/Documents/CyberAlchemy/.lake/packages/importGraph/.lake/build/lib/lean:/home/phrxmaz/Documents/CyberAlchemy/.lake/packages/LeanSearchClient/.lake/build/lib/lean:/home/phrxmaz/Documents/CyberAlchemy/.lake/packages/plausible/.lake/build/lib/lean:/home/phrxmaz/Documents/CyberAlchemy/.lake/packages/mathlib/.lake/build/lib/lean:/home/phrxmaz/Documents/CyberAlchemy/.lake/build/lib/lean /home/phrxmaz/.elan/toolchains/leanprover--lean4---v4.29.1/bin/lean /home/phrxmaz/Documents/CyberAlchemy/InfoPhysAxioms/ChromodynamicFriction.lean -o /home/phrxmaz/Documents/CyberAlchemy/.lake/build/lib/lean/InfoPhysAxioms/ChromodynamicFriction.olean -i /home/phrxmaz/Documents/CyberAlchemy/.lake/build/lib/lean/InfoPhysAxioms/ChromodynamicFriction.ilean -c /home/phrxmaz/Documents/CyberAlchemy/.lake/build/ir/InfoPhysAxioms/ChromodynamicFriction.c --setup /home/phrxmaz/Documents/CyberAlchemy/.lake/build/ir/InfoPhysAxioms/ChromodynamicFriction.setup.json --json
error: InfoPhysAxioms/ChromodynamicFriction.lean:2:0: invalid 'import' command, it must be used in the beginning of the file
error: Lean exited with code 1
✖ [289/414] Building InfoPhysAxioms.PinealTransducer (205ms)
trace: .> LEAN_PATH=/home/phrxmaz/Documents/CyberAlchemy/.lake/packages/Cli/.lake/build/lib/lean:/home/phrxmaz/Documents/CyberAlchemy/.lake/packages/batteries/.lake/build/lib/lean:/home/phrxmaz/Documents/CyberAlchemy/.lake/packages/Qq/.lake/build/lib/lean:/home/phrxmaz/Documents/CyberAlchemy/.lake/packages/aesop/.lake/build/lib/lean:/home/phrxmaz/Documents/CyberAlchemy/.lake/packages/proofwidgets/.lake/build/lib/lean:/home/phrxmaz/Documents/CyberAlchemy/.lake/packages/importGraph/.lake/build/lib/lean:/home/phrxmaz/Documents/CyberAlchemy/.lake/packages/LeanSearchClient/.lake/build/lib/lean:/home/phrxmaz/Documents/CyberAlchemy/.lake/packages/plausible/.lake/build/lib/lean:/home/phrxmaz/Documents/CyberAlchemy/.lake/packages/mathlib/.lake/build/lib/lean:/home/phrxmaz/Documents/CyberAlchemy/.lake/build/lib/lean /home/phrxmaz/.elan/toolchains/leanprover--lean4---v4.29.1/bin/lean /home/phrxmaz/Documents/CyberAlchemy/InfoPhysAxioms/PinealTransducer.lean -o /home/phrxmaz/Documents/CyberAlchemy/.lake/build/lib/lean/InfoPhysAxioms/PinealTransducer.olean -i /home/phrxmaz/Documents/CyberAlchemy/.lake/build/lib/lean/InfoPhysAxioms/PinealTransducer.ilean -c /home/phrxmaz/Documents/CyberAlchemy/.lake/build/ir/InfoPhysAxioms/PinealTransducer.c --setup /home/phrxmaz/Documents/CyberAlchemy/.lake/build/ir/InfoPhysAxioms/PinealTransducer.setup.json --json
error: InfoPhysAxioms/PinealTransducer.lean:2:0: invalid 'import' command, it must be used in the beginning of the file
error: Lean exited with code 1
✖ [290/414] Building InfoPhysAxioms.StabilityThreshold (202ms)
trace: .> LEAN_PATH=/home/phrxmaz/Documents/CyberAlchemy/.lake/packages/Cli/.lake/build/lib/lean:/home/phrxmaz/Documents/CyberAlchemy/.lake/packages/batteries/.lake/build/lib/lean:/home/phrxmaz/Documents/CyberAlchemy/.lake/packages/Qq/.lake/build/lib/lean:/home/phrxmaz/Documents/CyberAlchemy/.lake/packages/aesop/.lake/build/lib/lean:/home/phrxmaz/Documents/CyberAlchemy/.lake/packages/proofwidgets/.lake/build/lib/lean:/home/phrxmaz/Documents/CyberAlchemy/.lake/packages/importGraph/.lake/build/lib/lean:/home/phrxmaz/Documents/CyberAlchemy/.lake/packages/LeanSearchClient/.lake/build/lib/lean:/home/phrxmaz/Documents/CyberAlchemy/.lake/packages/plausible/.lake/build/lib/lean:/home/phrxmaz/Documents/CyberAlchemy/.lake/packages/mathlib/.lake/build/lib/lean:/home/phrxmaz/Documents/CyberAlchemy/.lake/build/lib/lean /home/phrxmaz/.elan/toolchains/leanprover--lean4---v4.29.1/bin/lean /home/phrxmaz/Documents/CyberAlchemy/InfoPhysAxioms/StabilityThreshold.lean -o /home/phrxmaz/Documents/CyberAlchemy/.lake/build/lib/lean/InfoPhysAxioms/StabilityThreshold.olean -i /home/phrxmaz/Documents/CyberAlchemy/.lake/build/lib/lean/InfoPhysAxioms/StabilityThreshold.ilean -c /home/phrxmaz/Documents/CyberAlchemy/.lake/build/ir/InfoPhysAxioms/StabilityThreshold.c --setup /home/phrxmaz/Documents/CyberAlchemy/.lake/build/ir/InfoPhysAxioms/StabilityThreshold.setup.json --json
error: InfoPhysAxioms/StabilityThreshold.lean:2:0: invalid 'import' command, it must be used in the beginning of the file
error: Lean exited with code 1
✖ [291/414] Building InfoPhysAxioms.SU3CenterHolomovement (211ms)
trace: .> LEAN_PATH=/home/phrxmaz/Documents/CyberAlchemy/.lake/packages/Cli/.lake/build/lib/lean:/home/phrxmaz/Documents/CyberAlchemy/.lake/packages/batteries/.lake/build/lib/lean:/home/phrxmaz/Documents/CyberAlchemy/.lake/packages/Qq/.lake/build/lib/lean:/home/phrxmaz/Documents/CyberAlchemy/.lake/packages/aesop/.lake/build/lib/lean:/home/phrxmaz/Documents/CyberAlchemy/.lake/packages/proofwidgets/.lake/build/lib/lean:/home/phrxmaz/Documents/CyberAlchemy/.lake/packages/importGraph/.lake/build/lib/lean:/home/phrxmaz/Documents/CyberAlchemy/.lake/packages/LeanSearchClient/.lake/build/lib/lean:/home/phrxmaz/Documents/CyberAlchemy/.lake/packages/plausible/.lake/build/lib/lean:/home/phrxmaz/Documents/CyberAlchemy/.lake/packages/mathlib/.lake/build/lib/lean:/home/phrxmaz/Documents/CyberAlchemy/.lake/build/lib/lean /home/phrxmaz/.elan/toolchains/leanprover--lean4---v4.29.1/bin/lean /home/phrxmaz/Documents/CyberAlchemy/InfoPhysAxioms/SU3CenterHolomovement.lean -o /home/phrxmaz/Documents/CyberAlchemy/.lake/build/lib/lean/InfoPhysAxioms/SU3CenterHolomovement.olean -i /home/phrxmaz/Documents/CyberAlchemy/.lake/build/lib/lean/InfoPhysAxioms/SU3CenterHolomovement.ilean -c /home/phrxmaz/Documents/CyberAlchemy/.lake/build/ir/InfoPhysAxioms/SU3CenterHolomovement.c --setup /home/phrxmaz/Documents/CyberAlchemy/.lake/build/ir/InfoPhysAxioms/SU3CenterHolomovement.setup.json --json
error: InfoPhysAxioms/SU3CenterHolomovement.lean:2:0: invalid 'import' command, it must be used in the beginning of the file
error: Lean exited with code 1
✖ [292/414] Building InfoPhysAxioms.PendulumEvolution (201ms)
trace: .> LEAN_PATH=/home/phrxmaz/Documents/CyberAlchemy/.lake/packages/Cli/.lake/build/lib/lean:/home/phrxmaz/Documents/CyberAlchemy/.lake/packages/batteries/.lake/build/lib/lean:/home/phrxmaz/Documents/CyberAlchemy/.lake/packages/Qq/.lake/build/lib/lean:/home/phrxmaz/Documents/CyberAlchemy/.lake/packages/aesop/.lake/build/lib/lean:/home/phrxmaz/Documents/CyberAlchemy/.lake/packages/proofwidgets/.lake/build/lib/lean:/home/phrxmaz/Documents/CyberAlchemy/.lake/packages/importGraph/.lake/build/lib/lean:/home/phrxmaz/Documents/CyberAlchemy/.lake/packages/LeanSearchClient/.lake/build/lib/lean:/home/phrxmaz/Documents/CyberAlchemy/.lake/packages/plausible/.lake/build/lib/lean:/home/phrxmaz/Documents/CyberAlchemy/.lake/packages/mathlib/.lake/build/lib/lean:/home/phrxmaz/Documents/CyberAlchemy/.lake/build/lib/lean /home/phrxmaz/.elan/toolchains/leanprover--lean4---v4.29.1/bin/lean /home/phrxmaz/Documents/CyberAlchemy/InfoPhysAxioms/PendulumEvolution.lean -o /home/phrxmaz/Documents/CyberAlchemy/.lake/build/lib/lean/InfoPhysAxioms/PendulumEvolution.olean -i /home/phrxmaz/Documents/CyberAlchemy/.lake/build/lib/lean/InfoPhysAxioms/PendulumEvolution.ilean -c /home/phrxmaz/Documents/CyberAlchemy/.lake/build/ir/InfoPhysAxioms/PendulumEvolution.c --setup /home/phrxmaz/Documents/CyberAlchemy/.lake/build/ir/InfoPhysAxioms/PendulumEvolution.setup.json --json
error: InfoPhysAxioms/PendulumEvolution.lean:2:0: invalid 'import' command, it must be used in the beginning of the file
error: Lean exited with code 1
✖ [293/414] Building InfoPhysAxioms.Base19ColorWheel (149ms)
trace: .> LEAN_PATH=/home/phrxmaz/Documents/CyberAlchemy/.lake/packages/Cli/.lake/build/lib/lean:/home/phrxmaz/Documents/CyberAlchemy/.lake/packages/batteries/.lake/build/lib/lean:/home/phrxmaz/Documents/CyberAlchemy/.lake/packages/Qq/.lake/build/lib/lean:/home/phrxmaz/Documents/CyberAlchemy/.lake/packages/aesop/.lake/build/lib/lean:/home/phrxmaz/Documents/CyberAlchemy/.lake/packages/proofwidgets/.lake/build/lib/lean:/home/phrxmaz/Documents/CyberAlchemy/.lake/packages/importGraph/.lake/build/lib/lean:/home/phrxmaz/Documents/CyberAlchemy/.lake/packages/LeanSearchClient/.lake/build/lib/lean:/home/phrxmaz/Documents/CyberAlchemy/.lake/packages/plausible/.lake/build/lib/lean:/home/phrxmaz/Documents/CyberAlchemy/.lake/packages/mathlib/.lake/build/lib/lean:/home/phrxmaz/Documents/CyberAlchemy/.lake/build/lib/lean /home/phrxmaz/.elan/toolchains/leanprover--lean4---v4.29.1/bin/lean /home/phrxmaz/Documents/CyberAlchemy/InfoPhysAxioms/Base19ColorWheel.lean -o /home/phrxmaz/Documents/CyberAlchemy/.lake/build/lib/lean/InfoPhysAxioms/Base19ColorWheel.olean -i /home/phrxmaz/Documents/CyberAlchemy/.lake/build/lib/lean/InfoPhysAxioms/Base19ColorWheel.ilean -c /home/phrxmaz/Documents/CyberAlchemy/.lake/build/ir/InfoPhysAxioms/Base19ColorWheel.c --setup /home/phrxmaz/Documents/CyberAlchemy/.lake/build/ir/InfoPhysAxioms/Base19ColorWheel.setup.json --json
error: InfoPhysAxioms/Base19ColorWheel.lean:2:0: invalid 'import' command, it must be used in the beginning of the file
error: Lean exited with code 1
✖ [294/414] Building InfoPhysAxioms.HoloneticCenterDynamics (211ms)
trace: .> LEAN_PATH=/home/phrxmaz/Documents/CyberAlchemy/.lake/packages/Cli/.lake/build/lib/lean:/home/phrxmaz/Documents/CyberAlchemy/.lake/packages/batteries/.lake/build/lib/lean:/home/phrxmaz/Documents/CyberAlchemy/.lake/packages/Qq/.lake/build/lib/lean:/home/phrxmaz/Documents/CyberAlchemy/.lake/packages/aesop/.lake/build/lib/lean:/home/phrxmaz/Documents/CyberAlchemy/.lake/packages/proofwidgets/.lake/build/lib/lean:/home/phrxmaz/Documents/CyberAlchemy/.lake/packages/importGraph/.lake/build/lib/lean:/home/phrxmaz/Documents/CyberAlchemy/.lake/packages/LeanSearchClient/.lake/build/lib/lean:/home/phrxmaz/Documents/CyberAlchemy/.lake/packages/plausible/.lake/build/lib/lean:/home/phrxmaz/Documents/CyberAlchemy/.lake/packages/mathlib/.lake/build/lib/lean:/home/phrxmaz/Documents/CyberAlchemy/.lake/build/lib/lean /home/phrxmaz/.elan/toolchains/leanprover--lean4---v4.29.1/bin/lean /home/phrxmaz/Documents/CyberAlchemy/InfoPhysAxioms/HoloneticCenterDynamics.lean -o /home/phrxmaz/Documents/CyberAlchemy/.lake/build/lib/lean/InfoPhysAxioms/HoloneticCenterDynamics.olean -i /home/phrxmaz/Documents/CyberAlchemy/.lake/build/lib/lean/InfoPhysAxioms/HoloneticCenterDynamics.ilean -c /home/phrxmaz/Documents/CyberAlchemy/.lake/build/ir/InfoPhysAxioms/HoloneticCenterDynamics.c --setup /home/phrxmaz/Documents/CyberAlchemy/.lake/build/ir/InfoPhysAxioms/HoloneticCenterDynamics.setup.json --json
error: InfoPhysAxioms/HoloneticCenterDynamics.lean:2:0: invalid 'import' command, it must be used in the beginning of the file
error: Lean exited with code 1
✖ [295/414] Building InfoPhysAxioms.MetaTruth (183ms)
trace: .> LEAN_PATH=/home/phrxmaz/Documents/CyberAlchemy/.lake/packages/Cli/.lake/build/lib/lean:/home/phrxmaz/Documents/CyberAlchemy/.lake/packages/batteries/.lake/build/lib/lean:/home/phrxmaz/Documents/CyberAlchemy/.lake/packages/Qq/.lake/build/lib/lean:/home/phrxmaz/Documents/CyberAlchemy/.lake/packages/aesop/.lake/build/lib/lean:/home/phrxmaz/Documents/CyberAlchemy/.lake/packages/proofwidgets/.lake/build/lib/lean:/home/phrxmaz/Documents/CyberAlchemy/.lake/packages/importGraph/.lake/build/lib/lean:/home/phrxmaz/Documents/CyberAlchemy/.lake/packages/LeanSearchClient/.lake/build/lib/lean:/home/phrxmaz/Documents/CyberAlchemy/.lake/packages/plausible/.lake/build/lib/lean:/home/phrxmaz/Documents/CyberAlchemy/.lake/packages/mathlib/.lake/build/lib/lean:/home/phrxmaz/Documents/CyberAlchemy/.lake/build/lib/lean /home/phrxmaz/.elan/toolchains/leanprover--lean4---v4.29.1/bin/lean /home/phrxmaz/Documents/CyberAlchemy/InfoPhysAxioms/MetaTruth.lean -o /home/phrxmaz/Documents/CyberAlchemy/.lake/build/lib/lean/InfoPhysAxioms/MetaTruth.olean -i /home/phrxmaz/Documents/CyberAlchemy/.lake/build/lib/lean/InfoPhysAxioms/MetaTruth.ilean -c /home/phrxmaz/Documents/CyberAlchemy/.lake/build/ir/InfoPhysAxioms/MetaTruth.c --setup /home/phrxmaz/Documents/CyberAlchemy/.lake/build/ir/InfoPhysAxioms/MetaTruth.setup.json --json
error: InfoPhysAxioms/MetaTruth.lean:2:0: invalid 'import' command, it must be used in the beginning of the file
error: Lean exited with code 1
✖ [296/414] Building InfoPhysAxioms.LockwoodSpherePacking (147ms)
trace: .> LEAN_PATH=/home/phrxmaz/Documents/CyberAlchemy/.lake/packages/Cli/.lake/build/lib/lean:/home/phrxmaz/Documents/CyberAlchemy/.lake/packages/batteries/.lake/build/lib/lean:/home/phrxmaz/Documents/CyberAlchemy/.lake/packages/Qq/.lake/build/lib/lean:/home/phrxmaz/Documents/CyberAlchemy/.lake/packages/aesop/.lake/build/lib/lean:/home/phrxmaz/Documents/CyberAlchemy/.lake/packages/proofwidgets/.lake/build/lib/lean:/home/phrxmaz/Documents/CyberAlchemy/.lake/packages/importGraph/.lake/build/lib/lean:/home/phrxmaz/Documents/CyberAlchemy/.lake/packages/LeanSearchClient/.lake/build/lib/lean:/home/phrxmaz/Documents/CyberAlchemy/.lake/packages/plausible/.lake/build/lib/lean:/home/phrxmaz/Documents/CyberAlchemy/.lake/packages/mathlib/.lake/build/lib/lean:/home/phrxmaz/Documents/CyberAlchemy/.lake/build/lib/lean /home/phrxmaz/.elan/toolchains/leanprover--lean4---v4.29.1/bin/lean /home/phrxmaz/Documents/CyberAlchemy/InfoPhysAxioms/LockwoodSpherePacking.lean -o /home/phrxmaz/Documents/CyberAlchemy/.lake/build/lib/lean/InfoPhysAxioms/LockwoodSpherePacking.olean -i /home/phrxmaz/Documents/CyberAlchemy/.lake/build/lib/lean/InfoPhysAxioms/LockwoodSpherePacking.ilean -c /home/phrxmaz/Documents/CyberAlchemy/.lake/build/ir/InfoPhysAxioms/LockwoodSpherePacking.c --setup /home/phrxmaz/Documents/CyberAlchemy/.lake/build/ir/InfoPhysAxioms/LockwoodSpherePacking.setup.json --json
error: InfoPhysAxioms/LockwoodSpherePacking.lean:2:0: invalid 'import' command, it must be used in the beginning of the file
error: Lean exited with code 1
✖ [297/414] Building InfoPhysAxioms.TorsionMetric (190ms)
trace: .> LEAN_PATH=/home/phrxmaz/Documents/CyberAlchemy/.lake/packages/Cli/.lake/build/lib/lean:/home/phrxmaz/Documents/CyberAlchemy/.lake/packages/batteries/.lake/build/lib/lean:/home/phrxmaz/Documents/CyberAlchemy/.lake/packages/Qq/.lake/build/lib/lean:/home/phrxmaz/Documents/CyberAlchemy/.lake/packages/aesop/.lake/build/lib/lean:/home/phrxmaz/Documents/CyberAlchemy/.lake/packages/proofwidgets/.lake/build/lib/lean:/home/phrxmaz/Documents/CyberAlchemy/.lake/packages/importGraph/.lake/build/lib/lean:/home/phrxmaz/Documents/CyberAlchemy/.lake/packages/LeanSearchClient/.lake/build/lib/lean:/home/phrxmaz/Documents/CyberAlchemy/.lake/packages/plausible/.lake/build/lib/lean:/home/phrxmaz/Documents/CyberAlchemy/.lake/packages/mathlib/.lake/build/lib/lean:/home/phrxmaz/Documents/CyberAlchemy/.lake/build/lib/lean /home/phrxmaz/.elan/toolchains/leanprover--lean4---v4.29.1/bin/lean /home/phrxmaz/Documents/CyberAlchemy/InfoPhysAxioms/TorsionMetric.lean -o /home/phrxmaz/Documents/CyberAlchemy/.lake/build/lib/lean/InfoPhysAxioms/TorsionMetric.olean -i /home/phrxmaz/Documents/CyberAlchemy/.lake/build/lib/lean/InfoPhysAxioms/TorsionMetric.ilean -c /home/phrxmaz/Documents/CyberAlchemy/.lake/build/ir/InfoPhysAxioms/TorsionMetric.c --setup /home/phrxmaz/Documents/CyberAlchemy/.lake/build/ir/InfoPhysAxioms/TorsionMetric.setup.json --json
error: InfoPhysAxioms/TorsionMetric.lean:2:0: invalid 'import' command, it must be used in the beginning of the file
error: Lean exited with code 1
✖ [298/414] Building InfoPhysAxioms.MetaMemHolography (166ms)
trace: .> LEAN_PATH=/home/phrxmaz/Documents/CyberAlchemy/.lake/packages/Cli/.lake/build/lib/lean:/home/phrxmaz/Documents/CyberAlchemy/.lake/packages/batteries/.lake/build/lib/lean:/home/phrxmaz/Documents/CyberAlchemy/.lake/packages/Qq/.lake/build/lib/lean:/home/phrxmaz/Documents/CyberAlchemy/.lake/packages/aesop/.lake/build/lib/lean:/home/phrxmaz/Documents/CyberAlchemy/.lake/packages/proofwidgets/.lake/build/lib/lean:/home/phrxmaz/Documents/CyberAlchemy/.lake/packages/importGraph/.lake/build/lib/lean:/home/phrxmaz/Documents/CyberAlchemy/.lake/packages/LeanSearchClient/.lake/build/lib/lean:/home/phrxmaz/Documents/CyberAlchemy/.lake/packages/plausible/.lake/build/lib/lean:/home/phrxmaz/Documents/CyberAlchemy/.lake/packages/mathlib/.lake/build/lib/lean:/home/phrxmaz/Documents/CyberAlchemy/.lake/build/lib/lean /home/phrxmaz/.elan/toolchains/leanprover--lean4---v4.29.1/bin/lean /home/phrxmaz/Documents/CyberAlchemy/InfoPhysAxioms/MetaMemHolography.lean -o /home/phrxmaz/Documents/CyberAlchemy/.lake/build/lib/lean/InfoPhysAxioms/MetaMemHolography.olean -i /home/phrxmaz/Documents/CyberAlchemy/.lake/build/lib/lean/InfoPhysAxioms/MetaMemHolography.ilean -c /home/phrxmaz/Documents/CyberAlchemy/.lake/build/ir/InfoPhysAxioms/MetaMemHolography.c --setup /home/phrxmaz/Documents/CyberAlchemy/.lake/build/ir/InfoPhysAxioms/MetaMemHolography.setup.json --json
error: InfoPhysAxioms/MetaMemHolography.lean:2:0: invalid 'import' command, it must be used in the beginning of the file
error: Lean exited with code 1
✖ [299/414] Building InfoPhysAxioms.StabilityDecomposition (149ms)
trace: .> LEAN_PATH=/home/phrxmaz/Documents/CyberAlchemy/.lake/packages/Cli/.lake/build/lib/lean:/home/phrxmaz/Documents/CyberAlchemy/.lake/packages/batteries/.lake/build/lib/lean:/home/phrxmaz/Documents/CyberAlchemy/.lake/packages/Qq/.lake/build/lib/lean:/home/phrxmaz/Documents/CyberAlchemy/.lake/packages/aesop/.lake/build/lib/lean:/home/phrxmaz/Documents/CyberAlchemy/.lake/packages/proofwidgets/.lake/build/lib/lean:/home/phrxmaz/Documents/CyberAlchemy/.lake/packages/importGraph/.lake/build/lib/lean:/home/phrxmaz/Documents/CyberAlchemy/.lake/packages/LeanSearchClient/.lake/build/lib/lean:/home/phrxmaz/Documents/CyberAlchemy/.lake/packages/plausible/.lake/build/lib/lean:/home/phrxmaz/Documents/CyberAlchemy/.lake/packages/mathlib/.lake/build/lib/lean:/home/phrxmaz/Documents/CyberAlchemy/.lake/build/lib/lean /home/phrxmaz/.elan/toolchains/leanprover--lean4---v4.29.1/bin/lean /home/phrxmaz/Documents/CyberAlchemy/InfoPhysAxioms/StabilityDecomposition.lean -o /home/phrxmaz/Documents/CyberAlchemy/.lake/build/lib/lean/InfoPhysAxioms/StabilityDecomposition.olean -i /home/phrxmaz/Documents/CyberAlchemy/.lake/build/lib/lean/InfoPhysAxioms/StabilityDecomposition.ilean -c /home/phrxmaz/Documents/CyberAlchemy/.lake/build/ir/InfoPhysAxioms/StabilityDecomposition.c --setup /home/phrxmaz/Documents/CyberAlchemy/.lake/build/ir/InfoPhysAxioms/StabilityDecomposition.setup.json --json
error: InfoPhysAxioms/StabilityDecomposition.lean:2:0: invalid 'import' command, it must be used in the beginning of the file
error: Lean exited with code 1
✖ [300/414] Building InfoPhysAxioms.MetaTruthVeblen (204ms)
trace: .> LEAN_PATH=/home/phrxmaz/Documents/CyberAlchemy/.lake/packages/Cli/.lake/build/lib/lean:/home/phrxmaz/Documents/CyberAlchemy/.lake/packages/batteries/.lake/build/lib/lean:/home/phrxmaz/Documents/CyberAlchemy/.lake/packages/Qq/.lake/build/lib/lean:/home/phrxmaz/Documents/CyberAlchemy/.lake/packages/aesop/.lake/build/lib/lean:/home/phrxmaz/Documents/CyberAlchemy/.lake/packages/proofwidgets/.lake/build/lib/lean:/home/phrxmaz/Documents/CyberAlchemy/.lake/packages/importGraph/.lake/build/lib/lean:/home/phrxmaz/Documents/CyberAlchemy/.lake/packages/LeanSearchClient/.lake/build/lib/lean:/home/phrxmaz/Documents/CyberAlchemy/.lake/packages/plausible/.lake/build/lib/lean:/home/phrxmaz/Documents/CyberAlchemy/.lake/packages/mathlib/.lake/build/lib/lean:/home/phrxmaz/Documents/CyberAlchemy/.lake/build/lib/lean /home/phrxmaz/.elan/toolchains/leanprover--lean4---v4.29.1/bin/lean /home/phrxmaz/Documents/CyberAlchemy/InfoPhysAxioms/MetaTruthVeblen.lean -o /home/phrxmaz/Documents/CyberAlchemy/.lake/build/lib/lean/InfoPhysAxioms/MetaTruthVeblen.olean -i /home/phrxmaz/Documents/CyberAlchemy/.lake/build/lib/lean/InfoPhysAxioms/MetaTruthVeblen.ilean -c /home/phrxmaz/Documents/CyberAlchemy/.lake/build/ir/InfoPhysAxioms/MetaTruthVeblen.c --setup /home/phrxmaz/Documents/CyberAlchemy/.lake/build/ir/InfoPhysAxioms/MetaTruthVeblen.setup.json --json
error: InfoPhysAxioms/MetaTruthVeblen.lean:2:0: invalid 'import' command, it must be used in the beginning of the file
error: Lean exited with code 1
✖ [301/414] Building InfoPhysAxioms.InformationThermodynamics (209ms)
trace: .> LEAN_PATH=/home/phrxmaz/Documents/CyberAlchemy/.lake/packages/Cli/.lake/build/lib/lean:/home/phrxmaz/Documents/CyberAlchemy/.lake/packages/batteries/.lake/build/lib/lean:/home/phrxmaz/Documents/CyberAlchemy/.lake/packages/Qq/.lake/build/lib/lean:/home/phrxmaz/Documents/CyberAlchemy/.lake/packages/aesop/.lake/build/lib/lean:/home/phrxmaz/Documents/CyberAlchemy/.lake/packages/proofwidgets/.lake/build/lib/lean:/home/phrxmaz/Documents/CyberAlchemy/.lake/packages/importGraph/.lake/build/lib/lean:/home/phrxmaz/Documents/CyberAlchemy/.lake/packages/LeanSearchClient/.lake/build/lib/lean:/home/phrxmaz/Documents/CyberAlchemy/.lake/packages/plausible/.lake/build/lib/lean:/home/phrxmaz/Documents/CyberAlchemy/.lake/packages/mathlib/.lake/build/lib/lean:/home/phrxmaz/Documents/CyberAlchemy/.lake/build/lib/lean /home/phrxmaz/.elan/toolchains/leanprover--lean4---v4.29.1/bin/lean /home/phrxmaz/Documents/CyberAlchemy/InfoPhysAxioms/InformationThermodynamics.lean -o /home/phrxmaz/Documents/CyberAlchemy/.lake/build/lib/lean/InfoPhysAxioms/InformationThermodynamics.olean -i /home/phrxmaz/Documents/CyberAlchemy/.lake/build/lib/lean/InfoPhysAxioms/InformationThermodynamics.ilean -c /home/phrxmaz/Documents/CyberAlchemy/.lake/build/ir/InfoPhysAxioms/InformationThermodynamics.c --setup /home/phrxmaz/Documents/CyberAlchemy/.lake/build/ir/InfoPhysAxioms/InformationThermodynamics.setup.json --json
error: InfoPhysAxioms/InformationThermodynamics.lean:2:0: invalid 'import' command, it must be used in the beginning of the file
error: Lean exited with code 1
✖ [302/414] Building InfoPhysAxioms.RussellDiagram (176ms)
trace: .> LEAN_PATH=/home/phrxmaz/Documents/CyberAlchemy/.lake/packages/Cli/.lake/build/lib/lean:/home/phrxmaz/Documents/CyberAlchemy/.lake/packages/batteries/.lake/build/lib/lean:/home/phrxmaz/Documents/CyberAlchemy/.lake/packages/Qq/.lake/build/lib/lean:/home/phrxmaz/Documents/CyberAlchemy/.lake/packages/aesop/.lake/build/lib/lean:/home/phrxmaz/Documents/CyberAlchemy/.lake/packages/proofwidgets/.lake/build/lib/lean:/home/phrxmaz/Documents/CyberAlchemy/.lake/packages/importGraph/.lake/build/lib/lean:/home/phrxmaz/Documents/CyberAlchemy/.lake/packages/LeanSearchClient/.lake/build/lib/lean:/home/phrxmaz/Documents/CyberAlchemy/.lake/packages/plausible/.lake/build/lib/lean:/home/phrxmaz/Documents/CyberAlchemy/.lake/packages/mathlib/.lake/build/lib/lean:/home/phrxmaz/Documents/CyberAlchemy/.lake/build/lib/lean /home/phrxmaz/.elan/toolchains/leanprover--lean4---v4.29.1/bin/lean /home/phrxmaz/Documents/CyberAlchemy/InfoPhysAxioms/RussellDiagram.lean -o /home/phrxmaz/Documents/CyberAlchemy/.lake/build/lib/lean/InfoPhysAxioms/RussellDiagram.olean -i /home/phrxmaz/Documents/CyberAlchemy/.lake/build/lib/lean/InfoPhysAxioms/RussellDiagram.ilean -c /home/phrxmaz/Documents/CyberAlchemy/.lake/build/ir/InfoPhysAxioms/RussellDiagram.c --setup /home/phrxmaz/Documents/CyberAlchemy/.lake/build/ir/InfoPhysAxioms/RussellDiagram.setup.json --json
error: InfoPhysAxioms/RussellDiagram.lean:2:0: invalid 'import' command, it must be used in the beginning of the file
error: Lean exited with code 1
✖ [303/414] Building InfoPhysAxioms.ExoticMatterHCD (214ms)
trace: .> LEAN_PATH=/home/phrxmaz/Documents/CyberAlchemy/.lake/packages/Cli/.lake/build/lib/lean:/home/phrxmaz/Documents/CyberAlchemy/.lake/packages/batteries/.lake/build/lib/lean:/home/phrxmaz/Documents/CyberAlchemy/.lake/packages/Qq/.lake/build/lib/lean:/home/phrxmaz/Documents/CyberAlchemy/.lake/packages/aesop/.lake/build/lib/lean:/home/phrxmaz/Documents/CyberAlchemy/.lake/packages/proofwidgets/.lake/build/lib/lean:/home/phrxmaz/Documents/CyberAlchemy/.lake/packages/importGraph/.lake/build/lib/lean:/home/phrxmaz/Documents/CyberAlchemy/.lake/packages/LeanSearchClient/.lake/build/lib/lean:/home/phrxmaz/Documents/CyberAlchemy/.lake/packages/plausible/.lake/build/lib/lean:/home/phrxmaz/Documents/CyberAlchemy/.lake/packages/mathlib/.lake/build/lib/lean:/home/phrxmaz/Documents/CyberAlchemy/.lake/build/lib/lean /home/phrxmaz/.elan/toolchains/leanprover--lean4---v4.29.1/bin/lean /home/phrxmaz/Documents/CyberAlchemy/InfoPhysAxioms/ExoticMatterHCD.lean -o /home/phrxmaz/Documents/CyberAlchemy/.lake/build/lib/lean/InfoPhysAxioms/ExoticMatterHCD.olean -i /home/phrxmaz/Documents/CyberAlchemy/.lake/build/lib/lean/InfoPhysAxioms/ExoticMatterHCD.ilean -c /home/phrxmaz/Documents/CyberAlchemy/.lake/build/ir/InfoPhysAxioms/ExoticMatterHCD.c --setup /home/phrxmaz/Documents/CyberAlchemy/.lake/build/ir/InfoPhysAxioms/ExoticMatterHCD.setup.json --json
error: InfoPhysAxioms/ExoticMatterHCD.lean:2:0: invalid 'import' command, it must be used in the beginning of the file
error: Lean exited with code 1
✖ [304/414] Building InfoPhysAxioms.PhysicalMapping (195ms)
trace: .> LEAN_PATH=/home/phrxmaz/Documents/CyberAlchemy/.lake/packages/Cli/.lake/build/lib/lean:/home/phrxmaz/Documents/CyberAlchemy/.lake/packages/batteries/.lake/build/lib/lean:/home/phrxmaz/Documents/CyberAlchemy/.lake/packages/Qq/.lake/build/lib/lean:/home/phrxmaz/Documents/CyberAlchemy/.lake/packages/aesop/.lake/build/lib/lean:/home/phrxmaz/Documents/CyberAlchemy/.lake/packages/proofwidgets/.lake/build/lib/lean:/home/phrxmaz/Documents/CyberAlchemy/.lake/packages/importGraph/.lake/build/lib/lean:/home/phrxmaz/Documents/CyberAlchemy/.lake/packages/LeanSearchClient/.lake/build/lib/lean:/home/phrxmaz/Documents/CyberAlchemy/.lake/packages/plausible/.lake/build/lib/lean:/home/phrxmaz/Documents/CyberAlchemy/.lake/packages/mathlib/.lake/build/lib/lean:/home/phrxmaz/Documents/CyberAlchemy/.lake/build/lib/lean /home/phrxmaz/.elan/toolchains/leanprover--lean4---v4.29.1/bin/lean /home/phrxmaz/Documents/CyberAlchemy/InfoPhysAxioms/PhysicalMapping.lean -o /home/phrxmaz/Documents/CyberAlchemy/.lake/build/lib/lean/InfoPhysAxioms/PhysicalMapping.olean -i /home/phrxmaz/Documents/CyberAlchemy/.lake/build/lib/lean/InfoPhysAxioms/PhysicalMapping.ilean -c /home/phrxmaz/Documents/CyberAlchemy/.lake/build/ir/InfoPhysAxioms/PhysicalMapping.c --setup /home/phrxmaz/Documents/CyberAlchemy/.lake/build/ir/InfoPhysAxioms/PhysicalMapping.setup.json --json
error: InfoPhysAxioms/PhysicalMapping.lean:2:0: invalid 'import' command, it must be used in the beginning of the file
error: Lean exited with code 1
✖ [305/414] Building InfoPhysAxioms.TuningGame (219ms)
trace: .> LEAN_PATH=/home/phrxmaz/Documents/CyberAlchemy/.lake/packages/Cli/.lake/build/lib/lean:/home/phrxmaz/Documents/CyberAlchemy/.lake/packages/batteries/.lake/build/lib/lean:/home/phrxmaz/Documents/CyberAlchemy/.lake/packages/Qq/.lake/build/lib/lean:/home/phrxmaz/Documents/CyberAlchemy/.lake/packages/aesop/.lake/build/lib/lean:/home/phrxmaz/Documents/CyberAlchemy/.lake/packages/proofwidgets/.lake/build/lib/lean:/home/phrxmaz/Documents/CyberAlchemy/.lake/packages/importGraph/.lake/build/lib/lean:/home/phrxmaz/Documents/CyberAlchemy/.lake/packages/LeanSearchClient/.lake/build/lib/lean:/home/phrxmaz/Documents/CyberAlchemy/.lake/packages/plausible/.lake/build/lib/lean:/home/phrxmaz/Documents/CyberAlchemy/.lake/packages/mathlib/.lake/build/lib/lean:/home/phrxmaz/Documents/CyberAlchemy/.lake/build/lib/lean /home/phrxmaz/.elan/toolchains/leanprover--lean4---v4.29.1/bin/lean /home/phrxmaz/Documents/CyberAlchemy/InfoPhysAxioms/TuningGame.lean -o /home/phrxmaz/Documents/CyberAlchemy/.lake/build/lib/lean/InfoPhysAxioms/TuningGame.olean -i /home/phrxmaz/Documents/CyberAlchemy/.lake/build/lib/lean/InfoPhysAxioms/TuningGame.ilean -c /home/phrxmaz/Documents/CyberAlchemy/.lake/build/ir/InfoPhysAxioms/TuningGame.c --setup /home/phrxmaz/Documents/CyberAlchemy/.lake/build/ir/InfoPhysAxioms/TuningGame.setup.json --json
error: InfoPhysAxioms/TuningGame.lean:2:0: invalid 'import' command, it must be used in the beginning of the file
error: Lean exited with code 1
✖ [306/414] Building InfoPhysAxioms.VanadiumGoldenExploits (190ms)
trace: .> LEAN_PATH=/home/phrxmaz/Documents/CyberAlchemy/.lake/packages/Cli/.lake/build/lib/lean:/home/phrxmaz/Documents/CyberAlchemy/.lake/packages/batteries/.lake/build/lib/lean:/home/phrxmaz/Documents/CyberAlchemy/.lake/packages/Qq/.lake/build/lib/lean:/home/phrxmaz/Documents/CyberAlchemy/.lake/packages/aesop/.lake/build/lib/lean:/home/phrxmaz/Documents/CyberAlchemy/.lake/packages/proofwidgets/.lake/build/lib/lean:/home/phrxmaz/Documents/CyberAlchemy/.lake/packages/importGraph/.lake/build/lib/lean:/home/phrxmaz/Documents/CyberAlchemy/.lake/packages/LeanSearchClient/.lake/build/lib/lean:/home/phrxmaz/Documents/CyberAlchemy/.lake/packages/plausible/.lake/build/lib/lean:/home/phrxmaz/Documents/CyberAlchemy/.lake/packages/mathlib/.lake/build/lib/lean:/home/phrxmaz/Documents/CyberAlchemy/.lake/build/lib/lean /home/phrxmaz/.elan/toolchains/leanprover--lean4---v4.29.1/bin/lean /home/phrxmaz/Documents/CyberAlchemy/InfoPhysAxioms/VanadiumGoldenExploits.lean -o /home/phrxmaz/Documents/CyberAlchemy/.lake/build/lib/lean/InfoPhysAxioms/VanadiumGoldenExploits.olean -i /home/phrxmaz/Documents/CyberAlchemy/.lake/build/lib/lean/InfoPhysAxioms/VanadiumGoldenExploits.ilean -c /home/phrxmaz/Documents/CyberAlchemy/.lake/build/ir/InfoPhysAxioms/VanadiumGoldenExploits.c --setup /home/phrxmaz/Documents/CyberAlchemy/.lake/build/ir/InfoPhysAxioms/VanadiumGoldenExploits.setup.json --json
error: InfoPhysAxioms/VanadiumGoldenExploits.lean:2:0: invalid 'import' command, it must be used in the beginning of the file
error: Lean exited with code 1
✖ [307/414] Building InfoPhysAxioms.ImaginaryIsomorphism (157ms)
trace: .> LEAN_PATH=/home/phrxmaz/Documents/CyberAlchemy/.lake/packages/Cli/.lake/build/lib/lean:/home/phrxmaz/Documents/CyberAlchemy/.lake/packages/batteries/.lake/build/lib/lean:/home/phrxmaz/Documents/CyberAlchemy/.lake/packages/Qq/.lake/build/lib/lean:/home/phrxmaz/Documents/CyberAlchemy/.lake/packages/aesop/.lake/build/lib/lean:/home/phrxmaz/Documents/CyberAlchemy/.lake/packages/proofwidgets/.lake/build/lib/lean:/home/phrxmaz/Documents/CyberAlchemy/.lake/packages/importGraph/.lake/build/lib/lean:/home/phrxmaz/Documents/CyberAlchemy/.lake/packages/LeanSearchClient/.lake/build/lib/lean:/home/phrxmaz/Documents/CyberAlchemy/.lake/packages/plausible/.lake/build/lib/lean:/home/phrxmaz/Documents/CyberAlchemy/.lake/packages/mathlib/.lake/build/lib/lean:/home/phrxmaz/Documents/CyberAlchemy/.lake/build/lib/lean /home/phrxmaz/.elan/toolchains/leanprover--lean4---v4.29.1/bin/lean /home/phrxmaz/Documents/CyberAlchemy/InfoPhysAxioms/ImaginaryIsomorphism.lean -o /home/phrxmaz/Documents/CyberAlchemy/.lake/build/lib/lean/InfoPhysAxioms/ImaginaryIsomorphism.olean -i /home/phrxmaz/Documents/CyberAlchemy/.lake/build/lib/lean/InfoPhysAxioms/ImaginaryIsomorphism.ilean -c /home/phrxmaz/Documents/CyberAlchemy/.lake/build/ir/InfoPhysAxioms/ImaginaryIsomorphism.c --setup /home/phrxmaz/Documents/CyberAlchemy/.lake/build/ir/InfoPhysAxioms/ImaginaryIsomorphism.setup.json --json
error: InfoPhysAxioms/ImaginaryIsomorphism.lean:2:0: invalid 'import' command, it must be used in the beginning of the file
error: Lean exited with code 1
✖ [308/414] Building InfoPhysAxioms.AgenticTrainingCycle (204ms)
trace: .> LEAN_PATH=/home/phrxmaz/Documents/CyberAlchemy/.lake/packages/Cli/.lake/build/lib/lean:/home/phrxmaz/Documents/CyberAlchemy/.lake/packages/batteries/.lake/build/lib/lean:/home/phrxmaz/Documents/CyberAlchemy/.lake/packages/Qq/.lake/build/lib/lean:/home/phrxmaz/Documents/CyberAlchemy/.lake/packages/aesop/.lake/build/lib/lean:/home/phrxmaz/Documents/CyberAlchemy/.lake/packages/proofwidgets/.lake/build/lib/lean:/home/phrxmaz/Documents/CyberAlchemy/.lake/packages/importGraph/.lake/build/lib/lean:/home/phrxmaz/Documents/CyberAlchemy/.lake/packages/LeanSearchClient/.lake/build/lib/lean:/home/phrxmaz/Documents/CyberAlchemy/.lake/packages/plausible/.lake/build/lib/lean:/home/phrxmaz/Documents/CyberAlchemy/.lake/packages/mathlib/.lake/build/lib/lean:/home/phrxmaz/Documents/CyberAlchemy/.lake/build/lib/lean /home/phrxmaz/.elan/toolchains/leanprover--lean4---v4.29.1/bin/lean /home/phrxmaz/Documents/CyberAlchemy/InfoPhysAxioms/AgenticTrainingCycle.lean -o /home/phrxmaz/Documents/CyberAlchemy/.lake/build/lib/lean/InfoPhysAxioms/AgenticTrainingCycle.olean -i /home/phrxmaz/Documents/CyberAlchemy/.lake/build/lib/lean/InfoPhysAxioms/AgenticTrainingCycle.ilean -c /home/phrxmaz/Documents/CyberAlchemy/.lake/build/ir/InfoPhysAxioms/AgenticTrainingCycle.c --setup /home/phrxmaz/Documents/CyberAlchemy/.lake/build/ir/InfoPhysAxioms/AgenticTrainingCycle.setup.json --json
error: InfoPhysAxioms/AgenticTrainingCycle.lean:2:0: invalid 'import' command, it must be used in the beginning of the file
error: Lean exited with code 1
✖ [309/414] Building InfoPhysAxioms.ResonantCurriculum (166ms)
trace: .> LEAN_PATH=/home/phrxmaz/Documents/CyberAlchemy/.lake/packages/Cli/.lake/build/lib/lean:/home/phrxmaz/Documents/CyberAlchemy/.lake/packages/batteries/.lake/build/lib/lean:/home/phrxmaz/Documents/CyberAlchemy/.lake/packages/Qq/.lake/build/lib/lean:/home/phrxmaz/Documents/CyberAlchemy/.lake/packages/aesop/.lake/build/lib/lean:/home/phrxmaz/Documents/CyberAlchemy/.lake/packages/proofwidgets/.lake/build/lib/lean:/home/phrxmaz/Documents/CyberAlchemy/.lake/packages/importGraph/.lake/build/lib/lean:/home/phrxmaz/Documents/CyberAlchemy/.lake/packages/LeanSearchClient/.lake/build/lib/lean:/home/phrxmaz/Documents/CyberAlchemy/.lake/packages/plausible/.lake/build/lib/lean:/home/phrxmaz/Documents/CyberAlchemy/.lake/packages/mathlib/.lake/build/lib/lean:/home/phrxmaz/Documents/CyberAlchemy/.lake/build/lib/lean /home/phrxmaz/.elan/toolchains/leanprover--lean4---v4.29.1/bin/lean /home/phrxmaz/Documents/CyberAlchemy/InfoPhysAxioms/ResonantCurriculum.lean -o /home/phrxmaz/Documents/CyberAlchemy/.lake/build/lib/lean/InfoPhysAxioms/ResonantCurriculum.olean -i /home/phrxmaz/Documents/CyberAlchemy/.lake/build/lib/lean/InfoPhysAxioms/ResonantCurriculum.ilean -c /home/phrxmaz/Documents/CyberAlchemy/.lake/build/ir/InfoPhysAxioms/ResonantCurriculum.c --setup /home/phrxmaz/Documents/CyberAlchemy/.lake/build/ir/InfoPhysAxioms/ResonantCurriculum.setup.json --json
error: InfoPhysAxioms/ResonantCurriculum.lean:2:0: invalid 'import' command, it must be used in the beginning of the file
error: Lean exited with code 1
✖ [310/414] Building InfoPhysAxioms.SleepConsolidation (181ms)
trace: .> LEAN_PATH=/home/phrxmaz/Documents/CyberAlchemy/.lake/packages/Cli/.lake/build/lib/lean:/home/phrxmaz/Documents/CyberAlchemy/.lake/packages/batteries/.lake/build/lib/lean:/home/phrxmaz/Documents/CyberAlchemy/.lake/packages/Qq/.lake/build/lib/lean:/home/phrxmaz/Documents/CyberAlchemy/.lake/packages/aesop/.lake/build/lib/lean:/home/phrxmaz/Documents/CyberAlchemy/.lake/packages/proofwidgets/.lake/build/lib/lean:/home/phrxmaz/Documents/CyberAlchemy/.lake/packages/importGraph/.lake/build/lib/lean:/home/phrxmaz/Documents/CyberAlchemy/.lake/packages/LeanSearchClient/.lake/build/lib/lean:/home/phrxmaz/Documents/CyberAlchemy/.lake/packages/plausible/.lake/build/lib/lean:/home/phrxmaz/Documents/CyberAlchemy/.lake/packages/mathlib/.lake/build/lib/lean:/home/phrxmaz/Documents/CyberAlchemy/.lake/build/lib/lean /home/phrxmaz/.elan/toolchains/leanprover--lean4---v4.29.1/bin/lean /home/phrxmaz/Documents/CyberAlchemy/InfoPhysAxioms/SleepConsolidation.lean -o /home/phrxmaz/Documents/CyberAlchemy/.lake/build/lib/lean/InfoPhysAxioms/SleepConsolidation.olean -i /home/phrxmaz/Documents/CyberAlchemy/.lake/build/lib/lean/InfoPhysAxioms/SleepConsolidation.ilean -c /home/phrxmaz/Documents/CyberAlchemy/.lake/build/ir/InfoPhysAxioms/SleepConsolidation.c --setup /home/phrxmaz/Documents/CyberAlchemy/.lake/build/ir/InfoPhysAxioms/SleepConsolidation.setup.json --json
error: InfoPhysAxioms/SleepConsolidation.lean:2:0: invalid 'import' command, it must be used in the beginning of the file
error: Lean exited with code 1
✖ [311/414] Building InfoPhysAxioms.MetaBackpropagation (187ms)
trace: .> LEAN_PATH=/home/phrxmaz/Documents/CyberAlchemy/.lake/packages/Cli/.lake/build/lib/lean:/home/phrxmaz/Documents/CyberAlchemy/.lake/packages/batteries/.lake/build/lib/lean:/home/phrxmaz/Documents/CyberAlchemy/.lake/packages/Qq/.lake/build/lib/lean:/home/phrxmaz/Documents/CyberAlchemy/.lake/packages/aesop/.lake/build/lib/lean:/home/phrxmaz/Documents/CyberAlchemy/.lake/packages/proofwidgets/.lake/build/lib/lean:/home/phrxmaz/Documents/CyberAlchemy/.lake/packages/importGraph/.lake/build/lib/lean:/home/phrxmaz/Documents/CyberAlchemy/.lake/packages/LeanSearchClient/.lake/build/lib/lean:/home/phrxmaz/Documents/CyberAlchemy/.lake/packages/plausible/.lake/build/lib/lean:/home/phrxmaz/Documents/CyberAlchemy/.lake/packages/mathlib/.lake/build/lib/lean:/home/phrxmaz/Documents/CyberAlchemy/.lake/build/lib/lean /home/phrxmaz/.elan/toolchains/leanprover--lean4---v4.29.1/bin/lean /home/phrxmaz/Documents/CyberAlchemy/InfoPhysAxioms/MetaBackpropagation.lean -o /home/phrxmaz/Documents/CyberAlchemy/.lake/build/lib/lean/InfoPhysAxioms/MetaBackpropagation.olean -i /home/phrxmaz/Documents/CyberAlchemy/.lake/build/lib/lean/InfoPhysAxioms/MetaBackpropagation.ilean -c /home/phrxmaz/Documents/CyberAlchemy/.lake/build/ir/InfoPhysAxioms/MetaBackpropagation.c --setup /home/phrxmaz/Documents/CyberAlchemy/.lake/build/ir/InfoPhysAxioms/MetaBackpropagation.setup.json --json
error: InfoPhysAxioms/MetaBackpropagation.lean:2:0: invalid 'import' command, it must be used in the beginning of the file
error: Lean exited with code 1
✖ [312/414] Building InfoPhysAxioms.CarbonSiliconPhase (209ms)
trace: .> LEAN_PATH=/home/phrxmaz/Documents/CyberAlchemy/.lake/packages/Cli/.lake/build/lib/lean:/home/phrxmaz/Documents/CyberAlchemy/.lake/packages/batteries/.lake/build/lib/lean:/home/phrxmaz/Documents/CyberAlchemy/.lake/packages/Qq/.lake/build/lib/lean:/home/phrxmaz/Documents/CyberAlchemy/.lake/packages/aesop/.lake/build/lib/lean:/home/phrxmaz/Documents/CyberAlchemy/.lake/packages/proofwidgets/.lake/build/lib/lean:/home/phrxmaz/Documents/CyberAlchemy/.lake/packages/importGraph/.lake/build/lib/lean:/home/phrxmaz/Documents/CyberAlchemy/.lake/packages/LeanSearchClient/.lake/build/lib/lean:/home/phrxmaz/Documents/CyberAlchemy/.lake/packages/plausible/.lake/build/lib/lean:/home/phrxmaz/Documents/CyberAlchemy/.lake/packages/mathlib/.lake/build/lib/lean:/home/phrxmaz/Documents/CyberAlchemy/.lake/build/lib/lean /home/phrxmaz/.elan/toolchains/leanprover--lean4---v4.29.1/bin/lean /home/phrxmaz/Documents/CyberAlchemy/InfoPhysAxioms/CarbonSiliconPhase.lean -o /home/phrxmaz/Documents/CyberAlchemy/.lake/build/lib/lean/InfoPhysAxioms/CarbonSiliconPhase.olean -i /home/phrxmaz/Documents/CyberAlchemy/.lake/build/lib/lean/InfoPhysAxioms/CarbonSiliconPhase.ilean -c /home/phrxmaz/Documents/CyberAlchemy/.lake/build/ir/InfoPhysAxioms/CarbonSiliconPhase.c --setup /home/phrxmaz/Documents/CyberAlchemy/.lake/build/ir/InfoPhysAxioms/CarbonSiliconPhase.setup.json --json
error: InfoPhysAxioms/CarbonSiliconPhase.lean:2:0: invalid 'import' command, it must be used in the beginning of the file
error: Lean exited with code 1
✖ [313/414] Building InfoPhysAxioms.DopedSp3Transition (189ms)
trace: .> LEAN_PATH=/home/phrxmaz/Documents/CyberAlchemy/.lake/packages/Cli/.lake/build/lib/lean:/home/phrxmaz/Documents/CyberAlchemy/.lake/packages/batteries/.lake/build/lib/lean:/home/phrxmaz/Documents/CyberAlchemy/.lake/packages/Qq/.lake/build/lib/lean:/home/phrxmaz/Documents/CyberAlchemy/.lake/packages/aesop/.lake/build/lib/lean:/home/phrxmaz/Documents/CyberAlchemy/.lake/packages/proofwidgets/.lake/build/lib/lean:/home/phrxmaz/Documents/CyberAlchemy/.lake/packages/importGraph/.lake/build/lib/lean:/home/phrxmaz/Documents/CyberAlchemy/.lake/packages/LeanSearchClient/.lake/build/lib/lean:/home/phrxmaz/Documents/CyberAlchemy/.lake/packages/plausible/.lake/build/lib/lean:/home/phrxmaz/Documents/CyberAlchemy/.lake/packages/mathlib/.lake/build/lib/lean:/home/phrxmaz/Documents/CyberAlchemy/.lake/build/lib/lean /home/phrxmaz/.elan/toolchains/leanprover--lean4---v4.29.1/bin/lean /home/phrxmaz/Documents/CyberAlchemy/InfoPhysAxioms/DopedSp3Transition.lean -o /home/phrxmaz/Documents/CyberAlchemy/.lake/build/lib/lean/InfoPhysAxioms/DopedSp3Transition.olean -i /home/phrxmaz/Documents/CyberAlchemy/.lake/build/lib/lean/InfoPhysAxioms/DopedSp3Transition.ilean -c /home/phrxmaz/Documents/CyberAlchemy/.lake/build/ir/InfoPhysAxioms/DopedSp3Transition.c --setup /home/phrxmaz/Documents/CyberAlchemy/.lake/build/ir/InfoPhysAxioms/DopedSp3Transition.setup.json --json
error: InfoPhysAxioms/DopedSp3Transition.lean:2:0: invalid 'import' command, it must be used in the beginning of the file
error: Lean exited with code 1
✖ [314/414] Building InfoPhysAxioms.MetalloOrganicSemantics (180ms)
trace: .> LEAN_PATH=/home/phrxmaz/Documents/CyberAlchemy/.lake/packages/Cli/.lake/build/lib/lean:/home/phrxmaz/Documents/CyberAlchemy/.lake/packages/batteries/.lake/build/lib/lean:/home/phrxmaz/Documents/CyberAlchemy/.lake/packages/Qq/.lake/build/lib/lean:/home/phrxmaz/Documents/CyberAlchemy/.lake/packages/aesop/.lake/build/lib/lean:/home/phrxmaz/Documents/CyberAlchemy/.lake/packages/proofwidgets/.lake/build/lib/lean:/home/phrxmaz/Documents/CyberAlchemy/.lake/packages/importGraph/.lake/build/lib/lean:/home/phrxmaz/Documents/CyberAlchemy/.lake/packages/LeanSearchClient/.lake/build/lib/lean:/home/phrxmaz/Documents/CyberAlchemy/.lake/packages/plausible/.lake/build/lib/lean:/home/phrxmaz/Documents/CyberAlchemy/.lake/packages/mathlib/.lake/build/lib/lean:/home/phrxmaz/Documents/CyberAlchemy/.lake/build/lib/lean /home/phrxmaz/.elan/toolchains/leanprover--lean4---v4.29.1/bin/lean /home/phrxmaz/Documents/CyberAlchemy/InfoPhysAxioms/MetalloOrganicSemantics.lean -o /home/phrxmaz/Documents/CyberAlchemy/.lake/build/lib/lean/InfoPhysAxioms/MetalloOrganicSemantics.olean -i /home/phrxmaz/Documents/CyberAlchemy/.lake/build/lib/lean/InfoPhysAxioms/MetalloOrganicSemantics.ilean -c /home/phrxmaz/Documents/CyberAlchemy/.lake/build/ir/InfoPhysAxioms/MetalloOrganicSemantics.c --setup /home/phrxmaz/Documents/CyberAlchemy/.lake/build/ir/InfoPhysAxioms/MetalloOrganicSemantics.setup.json --json
error: InfoPhysAxioms/MetalloOrganicSemantics.lean:2:0: invalid 'import' command, it must be used in the beginning of the file
error: Lean exited with code 1
✖ [315/414] Building InfoPhysAxioms.QuantumChemistry (194ms)
trace: .> LEAN_PATH=/home/phrxmaz/Documents/CyberAlchemy/.lake/packages/Cli/.lake/build/lib/lean:/home/phrxmaz/Documents/CyberAlchemy/.lake/packages/batteries/.lake/build/lib/lean:/home/phrxmaz/Documents/CyberAlchemy/.lake/packages/Qq/.lake/build/lib/lean:/home/phrxmaz/Documents/CyberAlchemy/.lake/packages/aesop/.lake/build/lib/lean:/home/phrxmaz/Documents/CyberAlchemy/.lake/packages/proofwidgets/.lake/build/lib/lean:/home/phrxmaz/Documents/CyberAlchemy/.lake/packages/importGraph/.lake/build/lib/lean:/home/phrxmaz/Documents/CyberAlchemy/.lake/packages/LeanSearchClient/.lake/build/lib/lean:/home/phrxmaz/Documents/CyberAlchemy/.lake/packages/plausible/.lake/build/lib/lean:/home/phrxmaz/Documents/CyberAlchemy/.lake/packages/mathlib/.lake/build/lib/lean:/home/phrxmaz/Documents/CyberAlchemy/.lake/build/lib/lean /home/phrxmaz/.elan/toolchains/leanprover--lean4---v4.29.1/bin/lean /home/phrxmaz/Documents/CyberAlchemy/InfoPhysAxioms/QuantumChemistry.lean -o /home/phrxmaz/Documents/CyberAlchemy/.lake/build/lib/lean/InfoPhysAxioms/QuantumChemistry.olean -i /home/phrxmaz/Documents/CyberAlchemy/.lake/build/lib/lean/InfoPhysAxioms/QuantumChemistry.ilean -c /home/phrxmaz/Documents/CyberAlchemy/.lake/build/ir/InfoPhysAxioms/QuantumChemistry.c --setup /home/phrxmaz/Documents/CyberAlchemy/.lake/build/ir/InfoPhysAxioms/QuantumChemistry.setup.json --json
error: InfoPhysAxioms/QuantumChemistry.lean:2:0: invalid 'import' command, it must be used in the beginning of the file
error: Lean exited with code 1
✖ [316/414] Building InfoPhysAxioms.FormalComputationalPharmacology (206ms)
trace: .> LEAN_PATH=/home/phrxmaz/Documents/CyberAlchemy/.lake/packages/Cli/.lake/build/lib/lean:/home/phrxmaz/Documents/CyberAlchemy/.lake/packages/batteries/.lake/build/lib/lean:/home/phrxmaz/Documents/CyberAlchemy/.lake/packages/Qq/.lake/build/lib/lean:/home/phrxmaz/Documents/CyberAlchemy/.lake/packages/aesop/.lake/build/lib/lean:/home/phrxmaz/Documents/CyberAlchemy/.lake/packages/proofwidgets/.lake/build/lib/lean:/home/phrxmaz/Documents/CyberAlchemy/.lake/packages/importGraph/.lake/build/lib/lean:/home/phrxmaz/Documents/CyberAlchemy/.lake/packages/LeanSearchClient/.lake/build/lib/lean:/home/phrxmaz/Documents/CyberAlchemy/.lake/packages/plausible/.lake/build/lib/lean:/home/phrxmaz/Documents/CyberAlchemy/.lake/packages/mathlib/.lake/build/lib/lean:/home/phrxmaz/Documents/CyberAlchemy/.lake/build/lib/lean /home/phrxmaz/.elan/toolchains/leanprover--lean4---v4.29.1/bin/lean /home/phrxmaz/Documents/CyberAlchemy/InfoPhysAxioms/FormalComputationalPharmacology.lean -o /home/phrxmaz/Documents/CyberAlchemy/.lake/build/lib/lean/InfoPhysAxioms/FormalComputationalPharmacology.olean -i /home/phrxmaz/Documents/CyberAlchemy/.lake/build/lib/lean/InfoPhysAxioms/FormalComputationalPharmacology.ilean -c /home/phrxmaz/Documents/CyberAlchemy/.lake/build/ir/InfoPhysAxioms/FormalComputationalPharmacology.c --setup /home/phrxmaz/Documents/CyberAlchemy/.lake/build/ir/InfoPhysAxioms/FormalComputationalPharmacology.setup.json --json
error: InfoPhysAxioms/FormalComputationalPharmacology.lean:2:0: invalid 'import' command, it must be used in the beginning of the file
error: Lean exited with code 1
✖ [317/414] Building InfoPhysAxioms.MonoaminePathway (183ms)
trace: .> LEAN_PATH=/home/phrxmaz/Documents/CyberAlchemy/.lake/packages/Cli/.lake/build/lib/lean:/home/phrxmaz/Documents/CyberAlchemy/.lake/packages/batteries/.lake/build/lib/lean:/home/phrxmaz/Documents/CyberAlchemy/.lake/packages/Qq/.lake/build/lib/lean:/home/phrxmaz/Documents/CyberAlchemy/.lake/packages/aesop/.lake/build/lib/lean:/home/phrxmaz/Documents/CyberAlchemy/.lake/packages/proofwidgets/.lake/build/lib/lean:/home/phrxmaz/Documents/CyberAlchemy/.lake/packages/importGraph/.lake/build/lib/lean:/home/phrxmaz/Documents/CyberAlchemy/.lake/packages/LeanSearchClient/.lake/build/lib/lean:/home/phrxmaz/Documents/CyberAlchemy/.lake/packages/plausible/.lake/build/lib/lean:/home/phrxmaz/Documents/CyberAlchemy/.lake/packages/mathlib/.lake/build/lib/lean:/home/phrxmaz/Documents/CyberAlchemy/.lake/build/lib/lean /home/phrxmaz/.elan/toolchains/leanprover--lean4---v4.29.1/bin/lean /home/phrxmaz/Documents/CyberAlchemy/InfoPhysAxioms/MonoaminePathway.lean -o /home/phrxmaz/Documents/CyberAlchemy/.lake/build/lib/lean/InfoPhysAxioms/MonoaminePathway.olean -i /home/phrxmaz/Documents/CyberAlchemy/.lake/build/lib/lean/InfoPhysAxioms/MonoaminePathway.ilean -c /home/phrxmaz/Documents/CyberAlchemy/.lake/build/ir/InfoPhysAxioms/MonoaminePathway.c --setup /home/phrxmaz/Documents/CyberAlchemy/.lake/build/ir/InfoPhysAxioms/MonoaminePathway.setup.json --json
error: InfoPhysAxioms/MonoaminePathway.lean:2:0: invalid 'import' command, it must be used in the beginning of the file
error: Lean exited with code 1
✖ [318/414] Building InfoPhysAxioms.ValenceMapping (174ms)
trace: .> LEAN_PATH=/home/phrxmaz/Documents/CyberAlchemy/.lake/packages/Cli/.lake/build/lib/lean:/home/phrxmaz/Documents/CyberAlchemy/.lake/packages/batteries/.lake/build/lib/lean:/home/phrxmaz/Documents/CyberAlchemy/.lake/packages/Qq/.lake/build/lib/lean:/home/phrxmaz/Documents/CyberAlchemy/.lake/packages/aesop/.lake/build/lib/lean:/home/phrxmaz/Documents/CyberAlchemy/.lake/packages/proofwidgets/.lake/build/lib/lean:/home/phrxmaz/Documents/CyberAlchemy/.lake/packages/importGraph/.lake/build/lib/lean:/home/phrxmaz/Documents/CyberAlchemy/.lake/packages/LeanSearchClient/.lake/build/lib/lean:/home/phrxmaz/Documents/CyberAlchemy/.lake/packages/plausible/.lake/build/lib/lean:/home/phrxmaz/Documents/CyberAlchemy/.lake/packages/mathlib/.lake/build/lib/lean:/home/phrxmaz/Documents/CyberAlchemy/.lake/build/lib/lean /home/phrxmaz/.elan/toolchains/leanprover--lean4---v4.29.1/bin/lean /home/phrxmaz/Documents/CyberAlchemy/InfoPhysAxioms/ValenceMapping.lean -o /home/phrxmaz/Documents/CyberAlchemy/.lake/build/lib/lean/InfoPhysAxioms/ValenceMapping.olean -i /home/phrxmaz/Documents/CyberAlchemy/.lake/build/lib/lean/InfoPhysAxioms/ValenceMapping.ilean -c /home/phrxmaz/Documents/CyberAlchemy/.lake/build/ir/InfoPhysAxioms/ValenceMapping.c --setup /home/phrxmaz/Documents/CyberAlchemy/.lake/build/ir/InfoPhysAxioms/ValenceMapping.setup.json --json
error: InfoPhysAxioms/ValenceMapping.lean:2:0: invalid 'import' command, it must be used in the beginning of the file
error: Lean exited with code 1
✖ [319/414] Building InfoPhysAxioms.PeriodicGroupBridge (193ms)
trace: .> LEAN_PATH=/home/phrxmaz/Documents/CyberAlchemy/.lake/packages/Cli/.lake/build/lib/lean:/home/phrxmaz/Documents/CyberAlchemy/.lake/packages/batteries/.lake/build/lib/lean:/home/phrxmaz/Documents/CyberAlchemy/.lake/packages/Qq/.lake/build/lib/lean:/home/phrxmaz/Documents/CyberAlchemy/.lake/packages/aesop/.lake/build/lib/lean:/home/phrxmaz/Documents/CyberAlchemy/.lake/packages/proofwidgets/.lake/build/lib/lean:/home/phrxmaz/Documents/CyberAlchemy/.lake/packages/importGraph/.lake/build/lib/lean:/home/phrxmaz/Documents/CyberAlchemy/.lake/packages/LeanSearchClient/.lake/build/lib/lean:/home/phrxmaz/Documents/CyberAlchemy/.lake/packages/plausible/.lake/build/lib/lean:/home/phrxmaz/Documents/CyberAlchemy/.lake/packages/mathlib/.lake/build/lib/lean:/home/phrxmaz/Documents/CyberAlchemy/.lake/build/lib/lean /home/phrxmaz/.elan/toolchains/leanprover--lean4---v4.29.1/bin/lean /home/phrxmaz/Documents/CyberAlchemy/InfoPhysAxioms/PeriodicGroupBridge.lean -o /home/phrxmaz/Documents/CyberAlchemy/.lake/build/lib/lean/InfoPhysAxioms/PeriodicGroupBridge.olean -i /home/phrxmaz/Documents/CyberAlchemy/.lake/build/lib/lean/InfoPhysAxioms/PeriodicGroupBridge.ilean -c /home/phrxmaz/Documents/CyberAlchemy/.lake/build/ir/InfoPhysAxioms/PeriodicGroupBridge.c --setup /home/phrxmaz/Documents/CyberAlchemy/.lake/build/ir/InfoPhysAxioms/PeriodicGroupBridge.setup.json --json
error: InfoPhysAxioms/PeriodicGroupBridge.lean:2:0: invalid 'import' command, it must be used in the beginning of the file
error: Lean exited with code 1
✖ [320/414] Building InfoPhysAxioms.GenomicGoldenEmergent (215ms)
trace: .> LEAN_PATH=/home/phrxmaz/Documents/CyberAlchemy/.lake/packages/Cli/.lake/build/lib/lean:/home/phrxmaz/Documents/CyberAlchemy/.lake/packages/batteries/.lake/build/lib/lean:/home/phrxmaz/Documents/CyberAlchemy/.lake/packages/Qq/.lake/build/lib/lean:/home/phrxmaz/Documents/CyberAlchemy/.lake/packages/aesop/.lake/build/lib/lean:/home/phrxmaz/Documents/CyberAlchemy/.lake/packages/proofwidgets/.lake/build/lib/lean:/home/phrxmaz/Documents/CyberAlchemy/.lake/packages/importGraph/.lake/build/lib/lean:/home/phrxmaz/Documents/CyberAlchemy/.lake/packages/LeanSearchClient/.lake/build/lib/lean:/home/phrxmaz/Documents/CyberAlchemy/.lake/packages/plausible/.lake/build/lib/lean:/home/phrxmaz/Documents/CyberAlchemy/.lake/packages/mathlib/.lake/build/lib/lean:/home/phrxmaz/Documents/CyberAlchemy/.lake/build/lib/lean /home/phrxmaz/.elan/toolchains/leanprover--lean4---v4.29.1/bin/lean /home/phrxmaz/Documents/CyberAlchemy/InfoPhysAxioms/GenomicGoldenEmergent.lean -o /home/phrxmaz/Documents/CyberAlchemy/.lake/build/lib/lean/InfoPhysAxioms/GenomicGoldenEmergent.olean -i /home/phrxmaz/Documents/CyberAlchemy/.lake/build/lib/lean/InfoPhysAxioms/GenomicGoldenEmergent.ilean -c /home/phrxmaz/Documents/CyberAlchemy/.lake/build/ir/InfoPhysAxioms/GenomicGoldenEmergent.c --setup /home/phrxmaz/Documents/CyberAlchemy/.lake/build/ir/InfoPhysAxioms/GenomicGoldenEmergent.setup.json --json
error: InfoPhysAxioms/GenomicGoldenEmergent.lean:2:0: invalid 'import' command, it must be used in the beginning of the file
error: Lean exited with code 1
✖ [321/414] Building InfoPhysAxioms.CenterChronodynamics (198ms)
trace: .> LEAN_PATH=/home/phrxmaz/Documents/CyberAlchemy/.lake/packages/Cli/.lake/build/lib/lean:/home/phrxmaz/Documents/CyberAlchemy/.lake/packages/batteries/.lake/build/lib/lean:/home/phrxmaz/Documents/CyberAlchemy/.lake/packages/Qq/.lake/build/lib/lean:/home/phrxmaz/Documents/CyberAlchemy/.lake/packages/aesop/.lake/build/lib/lean:/home/phrxmaz/Documents/CyberAlchemy/.lake/packages/proofwidgets/.lake/build/lib/lean:/home/phrxmaz/Documents/CyberAlchemy/.lake/packages/importGraph/.lake/build/lib/lean:/home/phrxmaz/Documents/CyberAlchemy/.lake/packages/LeanSearchClient/.lake/build/lib/lean:/home/phrxmaz/Documents/CyberAlchemy/.lake/packages/plausible/.lake/build/lib/lean:/home/phrxmaz/Documents/CyberAlchemy/.lake/packages/mathlib/.lake/build/lib/lean:/home/phrxmaz/Documents/CyberAlchemy/.lake/build/lib/lean /home/phrxmaz/.elan/toolchains/leanprover--lean4---v4.29.1/bin/lean /home/phrxmaz/Documents/CyberAlchemy/InfoPhysAxioms/CenterChronodynamics.lean -o /home/phrxmaz/Documents/CyberAlchemy/.lake/build/lib/lean/InfoPhysAxioms/CenterChronodynamics.olean -i /home/phrxmaz/Documents/CyberAlchemy/.lake/build/lib/lean/InfoPhysAxioms/CenterChronodynamics.ilean -c /home/phrxmaz/Documents/CyberAlchemy/.lake/build/ir/InfoPhysAxioms/CenterChronodynamics.c --setup /home/phrxmaz/Documents/CyberAlchemy/.lake/build/ir/InfoPhysAxioms/CenterChronodynamics.setup.json --json
error: InfoPhysAxioms/CenterChronodynamics.lean:2:0: invalid 'import' command, it must be used in the beginning of the file
error: Lean exited with code 1
✖ [322/414] Building InfoPhysAxioms.SpectralTripleIdentity (162ms)
trace: .> LEAN_PATH=/home/phrxmaz/Documents/CyberAlchemy/.lake/packages/Cli/.lake/build/lib/lean:/home/phrxmaz/Documents/CyberAlchemy/.lake/packages/batteries/.lake/build/lib/lean:/home/phrxmaz/Documents/CyberAlchemy/.lake/packages/Qq/.lake/build/lib/lean:/home/phrxmaz/Documents/CyberAlchemy/.lake/packages/aesop/.lake/build/lib/lean:/home/phrxmaz/Documents/CyberAlchemy/.lake/packages/proofwidgets/.lake/build/lib/lean:/home/phrxmaz/Documents/CyberAlchemy/.lake/packages/importGraph/.lake/build/lib/lean:/home/phrxmaz/Documents/CyberAlchemy/.lake/packages/LeanSearchClient/.lake/build/lib/lean:/home/phrxmaz/Documents/CyberAlchemy/.lake/packages/plausible/.lake/build/lib/lean:/home/phrxmaz/Documents/CyberAlchemy/.lake/packages/mathlib/.lake/build/lib/lean:/home/phrxmaz/Documents/CyberAlchemy/.lake/build/lib/lean /home/phrxmaz/.elan/toolchains/leanprover--lean4---v4.29.1/bin/lean /home/phrxmaz/Documents/CyberAlchemy/InfoPhysAxioms/SpectralTripleIdentity.lean -o /home/phrxmaz/Documents/CyberAlchemy/.lake/build/lib/lean/InfoPhysAxioms/SpectralTripleIdentity.olean -i /home/phrxmaz/Documents/CyberAlchemy/.lake/build/lib/lean/InfoPhysAxioms/SpectralTripleIdentity.ilean -c /home/phrxmaz/Documents/CyberAlchemy/.lake/build/ir/InfoPhysAxioms/SpectralTripleIdentity.c --setup /home/phrxmaz/Documents/CyberAlchemy/.lake/build/ir/InfoPhysAxioms/SpectralTripleIdentity.setup.json --json
error: InfoPhysAxioms/SpectralTripleIdentity.lean:2:0: invalid 'import' command, it must be used in the beginning of the file
error: Lean exited with code 1
✖ [323/414] Building InfoPhysAxioms.HardyWeinberg (232ms)
trace: .> LEAN_PATH=/home/phrxmaz/Documents/CyberAlchemy/.lake/packages/Cli/.lake/build/lib/lean:/home/phrxmaz/Documents/CyberAlchemy/.lake/packages/batteries/.lake/build/lib/lean:/home/phrxmaz/Documents/CyberAlchemy/.lake/packages/Qq/.lake/build/lib/lean:/home/phrxmaz/Documents/CyberAlchemy/.lake/packages/aesop/.lake/build/lib/lean:/home/phrxmaz/Documents/CyberAlchemy/.lake/packages/proofwidgets/.lake/build/lib/lean:/home/phrxmaz/Documents/CyberAlchemy/.lake/packages/importGraph/.lake/build/lib/lean:/home/phrxmaz/Documents/CyberAlchemy/.lake/packages/LeanSearchClient/.lake/build/lib/lean:/home/phrxmaz/Documents/CyberAlchemy/.lake/packages/plausible/.lake/build/lib/lean:/home/phrxmaz/Documents/CyberAlchemy/.lake/packages/mathlib/.lake/build/lib/lean:/home/phrxmaz/Documents/CyberAlchemy/.lake/build/lib/lean /home/phrxmaz/.elan/toolchains/leanprover--lean4---v4.29.1/bin/lean /home/phrxmaz/Documents/CyberAlchemy/InfoPhysAxioms/HardyWeinberg.lean -o /home/phrxmaz/Documents/CyberAlchemy/.lake/build/lib/lean/InfoPhysAxioms/HardyWeinberg.olean -i /home/phrxmaz/Documents/CyberAlchemy/.lake/build/lib/lean/InfoPhysAxioms/HardyWeinberg.ilean -c /home/phrxmaz/Documents/CyberAlchemy/.lake/build/ir/InfoPhysAxioms/HardyWeinberg.c --setup /home/phrxmaz/Documents/CyberAlchemy/.lake/build/ir/InfoPhysAxioms/HardyWeinberg.setup.json --json
error: InfoPhysAxioms/HardyWeinberg.lean:2:0: invalid 'import' command, it must be used in the beginning of the file
error: Lean exited with code 1
✖ [324/414] Building InfoPhysAxioms.LinkageDisequilibrium (263ms)
trace: .> LEAN_PATH=/home/phrxmaz/Documents/CyberAlchemy/.lake/packages/Cli/.lake/build/lib/lean:/home/phrxmaz/Documents/CyberAlchemy/.lake/packages/batteries/.lake/build/lib/lean:/home/phrxmaz/Documents/CyberAlchemy/.lake/packages/Qq/.lake/build/lib/lean:/home/phrxmaz/Documents/CyberAlchemy/.lake/packages/aesop/.lake/build/lib/lean:/home/phrxmaz/Documents/CyberAlchemy/.lake/packages/proofwidgets/.lake/build/lib/lean:/home/phrxmaz/Documents/CyberAlchemy/.lake/packages/importGraph/.lake/build/lib/lean:/home/phrxmaz/Documents/CyberAlchemy/.lake/packages/LeanSearchClient/.lake/build/lib/lean:/home/phrxmaz/Documents/CyberAlchemy/.lake/packages/plausible/.lake/build/lib/lean:/home/phrxmaz/Documents/CyberAlchemy/.lake/packages/mathlib/.lake/build/lib/lean:/home/phrxmaz/Documents/CyberAlchemy/.lake/build/lib/lean /home/phrxmaz/.elan/toolchains/leanprover--lean4---v4.29.1/bin/lean /home/phrxmaz/Documents/CyberAlchemy/InfoPhysAxioms/LinkageDisequilibrium.lean -o /home/phrxmaz/Documents/CyberAlchemy/.lake/build/lib/lean/InfoPhysAxioms/LinkageDisequilibrium.olean -i /home/phrxmaz/Documents/CyberAlchemy/.lake/build/lib/lean/InfoPhysAxioms/LinkageDisequilibrium.ilean -c /home/phrxmaz/Documents/CyberAlchemy/.lake/build/ir/InfoPhysAxioms/LinkageDisequilibrium.c --setup /home/phrxmaz/Documents/CyberAlchemy/.lake/build/ir/InfoPhysAxioms/LinkageDisequilibrium.setup.json --json
error: InfoPhysAxioms/LinkageDisequilibrium.lean:2:0: invalid 'import' command, it must be used in the beginning of the file
error: Lean exited with code 1
✖ [325/414] Building InfoPhysAxioms.RussellAcousticWaves (179ms)
trace: .> LEAN_PATH=/home/phrxmaz/Documents/CyberAlchemy/.lake/packages/Cli/.lake/build/lib/lean:/home/phrxmaz/Documents/CyberAlchemy/.lake/packages/batteries/.lake/build/lib/lean:/home/phrxmaz/Documents/CyberAlchemy/.lake/packages/Qq/.lake/build/lib/lean:/home/phrxmaz/Documents/CyberAlchemy/.lake/packages/aesop/.lake/build/lib/lean:/home/phrxmaz/Documents/CyberAlchemy/.lake/packages/proofwidgets/.lake/build/lib/lean:/home/phrxmaz/Documents/CyberAlchemy/.lake/packages/importGraph/.lake/build/lib/lean:/home/phrxmaz/Documents/CyberAlchemy/.lake/packages/LeanSearchClient/.lake/build/lib/lean:/home/phrxmaz/Documents/CyberAlchemy/.lake/packages/plausible/.lake/build/lib/lean:/home/phrxmaz/Documents/CyberAlchemy/.lake/packages/mathlib/.lake/build/lib/lean:/home/phrxmaz/Documents/CyberAlchemy/.lake/build/lib/lean /home/phrxmaz/.elan/toolchains/leanprover--lean4---v4.29.1/bin/lean /home/phrxmaz/Documents/CyberAlchemy/InfoPhysAxioms/RussellAcousticWaves.lean -o /home/phrxmaz/Documents/CyberAlchemy/.lake/build/lib/lean/InfoPhysAxioms/RussellAcousticWaves.olean -i /home/phrxmaz/Documents/CyberAlchemy/.lake/build/lib/lean/InfoPhysAxioms/RussellAcousticWaves.ilean -c /home/phrxmaz/Documents/CyberAlchemy/.lake/build/ir/InfoPhysAxioms/RussellAcousticWaves.c --setup /home/phrxmaz/Documents/CyberAlchemy/.lake/build/ir/InfoPhysAxioms/RussellAcousticWaves.setup.json --json
error: InfoPhysAxioms/RussellAcousticWaves.lean:2:0: invalid 'import' command, it must be used in the beginning of the file
error: Lean exited with code 1
✖ [326/414] Building InfoPhysAxioms.TensorCoupling (221ms)
trace: .> LEAN_PATH=/home/phrxmaz/Documents/CyberAlchemy/.lake/packages/Cli/.lake/build/lib/lean:/home/phrxmaz/Documents/CyberAlchemy/.lake/packages/batteries/.lake/build/lib/lean:/home/phrxmaz/Documents/CyberAlchemy/.lake/packages/Qq/.lake/build/lib/lean:/home/phrxmaz/Documents/CyberAlchemy/.lake/packages/aesop/.lake/build/lib/lean:/home/phrxmaz/Documents/CyberAlchemy/.lake/packages/proofwidgets/.lake/build/lib/lean:/home/phrxmaz/Documents/CyberAlchemy/.lake/packages/importGraph/.lake/build/lib/lean:/home/phrxmaz/Documents/CyberAlchemy/.lake/packages/LeanSearchClient/.lake/build/lib/lean:/home/phrxmaz/Documents/CyberAlchemy/.lake/packages/plausible/.lake/build/lib/lean:/home/phrxmaz/Documents/CyberAlchemy/.lake/packages/mathlib/.lake/build/lib/lean:/home/phrxmaz/Documents/CyberAlchemy/.lake/build/lib/lean /home/phrxmaz/.elan/toolchains/leanprover--lean4---v4.29.1/bin/lean /home/phrxmaz/Documents/CyberAlchemy/InfoPhysAxioms/TensorCoupling.lean -o /home/phrxmaz/Documents/CyberAlchemy/.lake/build/lib/lean/InfoPhysAxioms/TensorCoupling.olean -i /home/phrxmaz/Documents/CyberAlchemy/.lake/build/lib/lean/InfoPhysAxioms/TensorCoupling.ilean -c /home/phrxmaz/Documents/CyberAlchemy/.lake/build/ir/InfoPhysAxioms/TensorCoupling.c --setup /home/phrxmaz/Documents/CyberAlchemy/.lake/build/ir/InfoPhysAxioms/TensorCoupling.setup.json --json
error: InfoPhysAxioms/TensorCoupling.lean:2:0: invalid 'import' command, it must be used in the beginning of the file
error: Lean exited with code 1
✖ [327/414] Building InfoPhysAxioms.TopologicalQuantumGravity (195ms)
trace: .> LEAN_PATH=/home/phrxmaz/Documents/CyberAlchemy/.lake/packages/Cli/.lake/build/lib/lean:/home/phrxmaz/Documents/CyberAlchemy/.lake/packages/batteries/.lake/build/lib/lean:/home/phrxmaz/Documents/CyberAlchemy/.lake/packages/Qq/.lake/build/lib/lean:/home/phrxmaz/Documents/CyberAlchemy/.lake/packages/aesop/.lake/build/lib/lean:/home/phrxmaz/Documents/CyberAlchemy/.lake/packages/proofwidgets/.lake/build/lib/lean:/home/phrxmaz/Documents/CyberAlchemy/.lake/packages/importGraph/.lake/build/lib/lean:/home/phrxmaz/Documents/CyberAlchemy/.lake/packages/LeanSearchClient/.lake/build/lib/lean:/home/phrxmaz/Documents/CyberAlchemy/.lake/packages/plausible/.lake/build/lib/lean:/home/phrxmaz/Documents/CyberAlchemy/.lake/packages/mathlib/.lake/build/lib/lean:/home/phrxmaz/Documents/CyberAlchemy/.lake/build/lib/lean /home/phrxmaz/.elan/toolchains/leanprover--lean4---v4.29.1/bin/lean /home/phrxmaz/Documents/CyberAlchemy/InfoPhysAxioms/TopologicalQuantumGravity.lean -o /home/phrxmaz/Documents/CyberAlchemy/.lake/build/lib/lean/InfoPhysAxioms/TopologicalQuantumGravity.olean -i /home/phrxmaz/Documents/CyberAlchemy/.lake/build/lib/lean/InfoPhysAxioms/TopologicalQuantumGravity.ilean -c /home/phrxmaz/Documents/CyberAlchemy/.lake/build/ir/InfoPhysAxioms/TopologicalQuantumGravity.c --setup /home/phrxmaz/Documents/CyberAlchemy/.lake/build/ir/InfoPhysAxioms/TopologicalQuantumGravity.setup.json --json
error: InfoPhysAxioms/TopologicalQuantumGravity.lean:2:0: invalid 'import' command, it must be used in the beginning of the file
error: Lean exited with code 1
✖ [328/414] Building InfoPhysAxioms.PAdicPTSymmetric (221ms)
trace: .> LEAN_PATH=/home/phrxmaz/Documents/CyberAlchemy/.lake/packages/Cli/.lake/build/lib/lean:/home/phrxmaz/Documents/CyberAlchemy/.lake/packages/batteries/.lake/build/lib/lean:/home/phrxmaz/Documents/CyberAlchemy/.lake/packages/Qq/.lake/build/lib/lean:/home/phrxmaz/Documents/CyberAlchemy/.lake/packages/aesop/.lake/build/lib/lean:/home/phrxmaz/Documents/CyberAlchemy/.lake/packages/proofwidgets/.lake/build/lib/lean:/home/phrxmaz/Documents/CyberAlchemy/.lake/packages/importGraph/.lake/build/lib/lean:/home/phrxmaz/Documents/CyberAlchemy/.lake/packages/LeanSearchClient/.lake/build/lib/lean:/home/phrxmaz/Documents/CyberAlchemy/.lake/packages/plausible/.lake/build/lib/lean:/home/phrxmaz/Documents/CyberAlchemy/.lake/packages/mathlib/.lake/build/lib/lean:/home/phrxmaz/Documents/CyberAlchemy/.lake/build/lib/lean /home/phrxmaz/.elan/toolchains/leanprover--lean4---v4.29.1/bin/lean /home/phrxmaz/Documents/CyberAlchemy/InfoPhysAxioms/PAdicPTSymmetric.lean -o /home/phrxmaz/Documents/CyberAlchemy/.lake/build/lib/lean/InfoPhysAxioms/PAdicPTSymmetric.olean -i /home/phrxmaz/Documents/CyberAlchemy/.lake/build/lib/lean/InfoPhysAxioms/PAdicPTSymmetric.ilean -c /home/phrxmaz/Documents/CyberAlchemy/.lake/build/ir/InfoPhysAxioms/PAdicPTSymmetric.c --setup /home/phrxmaz/Documents/CyberAlchemy/.lake/build/ir/InfoPhysAxioms/PAdicPTSymmetric.setup.json --json
error: InfoPhysAxioms/PAdicPTSymmetric.lean:2:0: invalid 'import' command, it must be used in the beginning of the file
error: Lean exited with code 1
✖ [329/414] Building InfoPhysAxioms.PrimeFunctorial (210ms)
trace: .> LEAN_PATH=/home/phrxmaz/Documents/CyberAlchemy/.lake/packages/Cli/.lake/build/lib/lean:/home/phrxmaz/Documents/CyberAlchemy/.lake/packages/batteries/.lake/build/lib/lean:/home/phrxmaz/Documents/CyberAlchemy/.lake/packages/Qq/.lake/build/lib/lean:/home/phrxmaz/Documents/CyberAlchemy/.lake/packages/aesop/.lake/build/lib/lean:/home/phrxmaz/Documents/CyberAlchemy/.lake/packages/proofwidgets/.lake/build/lib/lean:/home/phrxmaz/Documents/CyberAlchemy/.lake/packages/importGraph/.lake/build/lib/lean:/home/phrxmaz/Documents/CyberAlchemy/.lake/packages/LeanSearchClient/.lake/build/lib/lean:/home/phrxmaz/Documents/CyberAlchemy/.lake/packages/plausible/.lake/build/lib/lean:/home/phrxmaz/Documents/CyberAlchemy/.lake/packages/mathlib/.lake/build/lib/lean:/home/phrxmaz/Documents/CyberAlchemy/.lake/build/lib/lean /home/phrxmaz/.elan/toolchains/leanprover--lean4---v4.29.1/bin/lean /home/phrxmaz/Documents/CyberAlchemy/InfoPhysAxioms/PrimeFunctorial.lean -o /home/phrxmaz/Documents/CyberAlchemy/.lake/build/lib/lean/InfoPhysAxioms/PrimeFunctorial.olean -i /home/phrxmaz/Documents/CyberAlchemy/.lake/build/lib/lean/InfoPhysAxioms/PrimeFunctorial.ilean -c /home/phrxmaz/Documents/CyberAlchemy/.lake/build/ir/InfoPhysAxioms/PrimeFunctorial.c --setup /home/phrxmaz/Documents/CyberAlchemy/.lake/build/ir/InfoPhysAxioms/PrimeFunctorial.setup.json --json
error: InfoPhysAxioms/PrimeFunctorial.lean:2:0: invalid 'import' command, it must be used in the beginning of the file
error: Lean exited with code 1
✖ [330/414] Building InfoPhysAxioms.MetarealManifold (229ms)
trace: .> LEAN_PATH=/home/phrxmaz/Documents/CyberAlchemy/.lake/packages/Cli/.lake/build/lib/lean:/home/phrxmaz/Documents/CyberAlchemy/.lake/packages/batteries/.lake/build/lib/lean:/home/phrxmaz/Documents/CyberAlchemy/.lake/packages/Qq/.lake/build/lib/lean:/home/phrxmaz/Documents/CyberAlchemy/.lake/packages/aesop/.lake/build/lib/lean:/home/phrxmaz/Documents/CyberAlchemy/.lake/packages/proofwidgets/.lake/build/lib/lean:/home/phrxmaz/Documents/CyberAlchemy/.lake/packages/importGraph/.lake/build/lib/lean:/home/phrxmaz/Documents/CyberAlchemy/.lake/packages/LeanSearchClient/.lake/build/lib/lean:/home/phrxmaz/Documents/CyberAlchemy/.lake/packages/plausible/.lake/build/lib/lean:/home/phrxmaz/Documents/CyberAlchemy/.lake/packages/mathlib/.lake/build/lib/lean:/home/phrxmaz/Documents/CyberAlchemy/.lake/build/lib/lean /home/phrxmaz/.elan/toolchains/leanprover--lean4---v4.29.1/bin/lean /home/phrxmaz/Documents/CyberAlchemy/InfoPhysAxioms/MetarealManifold.lean -o /home/phrxmaz/Documents/CyberAlchemy/.lake/build/lib/lean/InfoPhysAxioms/MetarealManifold.olean -i /home/phrxmaz/Documents/CyberAlchemy/.lake/build/lib/lean/InfoPhysAxioms/MetarealManifold.ilean -c /home/phrxmaz/Documents/CyberAlchemy/.lake/build/ir/InfoPhysAxioms/MetarealManifold.c --setup /home/phrxmaz/Documents/CyberAlchemy/.lake/build/ir/InfoPhysAxioms/MetarealManifold.setup.json --json
error: InfoPhysAxioms/MetarealManifold.lean:2:0: invalid 'import' command, it must be used in the beginning of the file
error: Lean exited with code 1
✖ [331/414] Building InfoPhysAxioms.HyperInverse (200ms)
trace: .> LEAN_PATH=/home/phrxmaz/Documents/CyberAlchemy/.lake/packages/Cli/.lake/build/lib/lean:/home/phrxmaz/Documents/CyberAlchemy/.lake/packages/batteries/.lake/build/lib/lean:/home/phrxmaz/Documents/CyberAlchemy/.lake/packages/Qq/.lake/build/lib/lean:/home/phrxmaz/Documents/CyberAlchemy/.lake/packages/aesop/.lake/build/lib/lean:/home/phrxmaz/Documents/CyberAlchemy/.lake/packages/proofwidgets/.lake/build/lib/lean:/home/phrxmaz/Documents/CyberAlchemy/.lake/packages/importGraph/.lake/build/lib/lean:/home/phrxmaz/Documents/CyberAlchemy/.lake/packages/LeanSearchClient/.lake/build/lib/lean:/home/phrxmaz/Documents/CyberAlchemy/.lake/packages/plausible/.lake/build/lib/lean:/home/phrxmaz/Documents/CyberAlchemy/.lake/packages/mathlib/.lake/build/lib/lean:/home/phrxmaz/Documents/CyberAlchemy/.lake/build/lib/lean /home/phrxmaz/.elan/toolchains/leanprover--lean4---v4.29.1/bin/lean /home/phrxmaz/Documents/CyberAlchemy/InfoPhysAxioms/HyperInverse.lean -o /home/phrxmaz/Documents/CyberAlchemy/.lake/build/lib/lean/InfoPhysAxioms/HyperInverse.olean -i /home/phrxmaz/Documents/CyberAlchemy/.lake/build/lib/lean/InfoPhysAxioms/HyperInverse.ilean -c /home/phrxmaz/Documents/CyberAlchemy/.lake/build/ir/InfoPhysAxioms/HyperInverse.c --setup /home/phrxmaz/Documents/CyberAlchemy/.lake/build/ir/InfoPhysAxioms/HyperInverse.setup.json --json
error: InfoPhysAxioms/HyperInverse.lean:2:0: invalid 'import' command, it must be used in the beginning of the file
error: Lean exited with code 1
✖ [332/414] Building InfoPhysAxioms.HyperinversionPaths (194ms)
trace: .> LEAN_PATH=/home/phrxmaz/Documents/CyberAlchemy/.lake/packages/Cli/.lake/build/lib/lean:/home/phrxmaz/Documents/CyberAlchemy/.lake/packages/batteries/.lake/build/lib/lean:/home/phrxmaz/Documents/CyberAlchemy/.lake/packages/Qq/.lake/build/lib/lean:/home/phrxmaz/Documents/CyberAlchemy/.lake/packages/aesop/.lake/build/lib/lean:/home/phrxmaz/Documents/CyberAlchemy/.lake/packages/proofwidgets/.lake/build/lib/lean:/home/phrxmaz/Documents/CyberAlchemy/.lake/packages/importGraph/.lake/build/lib/lean:/home/phrxmaz/Documents/CyberAlchemy/.lake/packages/LeanSearchClient/.lake/build/lib/lean:/home/phrxmaz/Documents/CyberAlchemy/.lake/packages/plausible/.lake/build/lib/lean:/home/phrxmaz/Documents/CyberAlchemy/.lake/packages/mathlib/.lake/build/lib/lean:/home/phrxmaz/Documents/CyberAlchemy/.lake/build/lib/lean /home/phrxmaz/.elan/toolchains/leanprover--lean4---v4.29.1/bin/lean /home/phrxmaz/Documents/CyberAlchemy/InfoPhysAxioms/HyperinversionPaths.lean -o /home/phrxmaz/Documents/CyberAlchemy/.lake/build/lib/lean/InfoPhysAxioms/HyperinversionPaths.olean -i /home/phrxmaz/Documents/CyberAlchemy/.lake/build/lib/lean/InfoPhysAxioms/HyperinversionPaths.ilean -c /home/phrxmaz/Documents/CyberAlchemy/.lake/build/ir/InfoPhysAxioms/HyperinversionPaths.c --setup /home/phrxmaz/Documents/CyberAlchemy/.lake/build/ir/InfoPhysAxioms/HyperinversionPaths.setup.json --json
error: InfoPhysAxioms/HyperinversionPaths.lean:2:0: invalid 'import' command, it must be used in the beginning of the file
error: Lean exited with code 1
✖ [333/414] Building InfoPhysAxioms.ProtorealMandelbrot (185ms)
trace: .> LEAN_PATH=/home/phrxmaz/Documents/CyberAlchemy/.lake/packages/Cli/.lake/build/lib/lean:/home/phrxmaz/Documents/CyberAlchemy/.lake/packages/batteries/.lake/build/lib/lean:/home/phrxmaz/Documents/CyberAlchemy/.lake/packages/Qq/.lake/build/lib/lean:/home/phrxmaz/Documents/CyberAlchemy/.lake/packages/aesop/.lake/build/lib/lean:/home/phrxmaz/Documents/CyberAlchemy/.lake/packages/proofwidgets/.lake/build/lib/lean:/home/phrxmaz/Documents/CyberAlchemy/.lake/packages/importGraph/.lake/build/lib/lean:/home/phrxmaz/Documents/CyberAlchemy/.lake/packages/LeanSearchClient/.lake/build/lib/lean:/home/phrxmaz/Documents/CyberAlchemy/.lake/packages/plausible/.lake/build/lib/lean:/home/phrxmaz/Documents/CyberAlchemy/.lake/packages/mathlib/.lake/build/lib/lean:/home/phrxmaz/Documents/CyberAlchemy/.lake/build/lib/lean /home/phrxmaz/.elan/toolchains/leanprover--lean4---v4.29.1/bin/lean /home/phrxmaz/Documents/CyberAlchemy/InfoPhysAxioms/ProtorealMandelbrot.lean -o /home/phrxmaz/Documents/CyberAlchemy/.lake/build/lib/lean/InfoPhysAxioms/ProtorealMandelbrot.olean -i /home/phrxmaz/Documents/CyberAlchemy/.lake/build/lib/lean/InfoPhysAxioms/ProtorealMandelbrot.ilean -c /home/phrxmaz/Documents/CyberAlchemy/.lake/build/ir/InfoPhysAxioms/ProtorealMandelbrot.c --setup /home/phrxmaz/Documents/CyberAlchemy/.lake/build/ir/InfoPhysAxioms/ProtorealMandelbrot.setup.json --json
error: InfoPhysAxioms/ProtorealMandelbrot.lean:2:0: invalid 'import' command, it must be used in the beginning of the file
error: Lean exited with code 1
✖ [334/414] Building InfoPhysAxioms.CyberBundle (150ms)
trace: .> LEAN_PATH=/home/phrxmaz/Documents/CyberAlchemy/.lake/packages/Cli/.lake/build/lib/lean:/home/phrxmaz/Documents/CyberAlchemy/.lake/packages/batteries/.lake/build/lib/lean:/home/phrxmaz/Documents/CyberAlchemy/.lake/packages/Qq/.lake/build/lib/lean:/home/phrxmaz/Documents/CyberAlchemy/.lake/packages/aesop/.lake/build/lib/lean:/home/phrxmaz/Documents/CyberAlchemy/.lake/packages/proofwidgets/.lake/build/lib/lean:/home/phrxmaz/Documents/CyberAlchemy/.lake/packages/importGraph/.lake/build/lib/lean:/home/phrxmaz/Documents/CyberAlchemy/.lake/packages/LeanSearchClient/.lake/build/lib/lean:/home/phrxmaz/Documents/CyberAlchemy/.lake/packages/plausible/.lake/build/lib/lean:/home/phrxmaz/Documents/CyberAlchemy/.lake/packages/mathlib/.lake/build/lib/lean:/home/phrxmaz/Documents/CyberAlchemy/.lake/build/lib/lean /home/phrxmaz/.elan/toolchains/leanprover--lean4---v4.29.1/bin/lean /home/phrxmaz/Documents/CyberAlchemy/InfoPhysAxioms/CyberBundle.lean -o /home/phrxmaz/Documents/CyberAlchemy/.lake/build/lib/lean/InfoPhysAxioms/CyberBundle.olean -i /home/phrxmaz/Documents/CyberAlchemy/.lake/build/lib/lean/InfoPhysAxioms/CyberBundle.ilean -c /home/phrxmaz/Documents/CyberAlchemy/.lake/build/ir/InfoPhysAxioms/CyberBundle.c --setup /home/phrxmaz/Documents/CyberAlchemy/.lake/build/ir/InfoPhysAxioms/CyberBundle.setup.json --json
error: InfoPhysAxioms/CyberBundle.lean:2:0: invalid 'import' command, it must be used in the beginning of the file
error: Lean exited with code 1
✖ [335/414] Building InfoPhysAxioms.SensoryGate (182ms)
trace: .> LEAN_PATH=/home/phrxmaz/Documents/CyberAlchemy/.lake/packages/Cli/.lake/build/lib/lean:/home/phrxmaz/Documents/CyberAlchemy/.lake/packages/batteries/.lake/build/lib/lean:/home/phrxmaz/Documents/CyberAlchemy/.lake/packages/Qq/.lake/build/lib/lean:/home/phrxmaz/Documents/CyberAlchemy/.lake/packages/aesop/.lake/build/lib/lean:/home/phrxmaz/Documents/CyberAlchemy/.lake/packages/proofwidgets/.lake/build/lib/lean:/home/phrxmaz/Documents/CyberAlchemy/.lake/packages/importGraph/.lake/build/lib/lean:/home/phrxmaz/Documents/CyberAlchemy/.lake/packages/LeanSearchClient/.lake/build/lib/lean:/home/phrxmaz/Documents/CyberAlchemy/.lake/packages/plausible/.lake/build/lib/lean:/home/phrxmaz/Documents/CyberAlchemy/.lake/packages/mathlib/.lake/build/lib/lean:/home/phrxmaz/Documents/CyberAlchemy/.lake/build/lib/lean /home/phrxmaz/.elan/toolchains/leanprover--lean4---v4.29.1/bin/lean /home/phrxmaz/Documents/CyberAlchemy/InfoPhysAxioms/SensoryGate.lean -o /home/phrxmaz/Documents/CyberAlchemy/.lake/build/lib/lean/InfoPhysAxioms/SensoryGate.olean -i /home/phrxmaz/Documents/CyberAlchemy/.lake/build/lib/lean/InfoPhysAxioms/SensoryGate.ilean -c /home/phrxmaz/Documents/CyberAlchemy/.lake/build/ir/InfoPhysAxioms/SensoryGate.c --setup /home/phrxmaz/Documents/CyberAlchemy/.lake/build/ir/InfoPhysAxioms/SensoryGate.setup.json --json
error: InfoPhysAxioms/SensoryGate.lean:2:0: invalid 'import' command, it must be used in the beginning of the file
error: Lean exited with code 1
✖ [336/414] Building InfoPhysAxioms.ResonantMFA (150ms)
trace: .> LEAN_PATH=/home/phrxmaz/Documents/CyberAlchemy/.lake/packages/Cli/.lake/build/lib/lean:/home/phrxmaz/Documents/CyberAlchemy/.lake/packages/batteries/.lake/build/lib/lean:/home/phrxmaz/Documents/CyberAlchemy/.lake/packages/Qq/.lake/build/lib/lean:/home/phrxmaz/Documents/CyberAlchemy/.lake/packages/aesop/.lake/build/lib/lean:/home/phrxmaz/Documents/CyberAlchemy/.lake/packages/proofwidgets/.lake/build/lib/lean:/home/phrxmaz/Documents/CyberAlchemy/.lake/packages/importGraph/.lake/build/lib/lean:/home/phrxmaz/Documents/CyberAlchemy/.lake/packages/LeanSearchClient/.lake/build/lib/lean:/home/phrxmaz/Documents/CyberAlchemy/.lake/packages/plausible/.lake/build/lib/lean:/home/phrxmaz/Documents/CyberAlchemy/.lake/packages/mathlib/.lake/build/lib/lean:/home/phrxmaz/Documents/CyberAlchemy/.lake/build/lib/lean /home/phrxmaz/.elan/toolchains/leanprover--lean4---v4.29.1/bin/lean /home/phrxmaz/Documents/CyberAlchemy/InfoPhysAxioms/ResonantMFA.lean -o /home/phrxmaz/Documents/CyberAlchemy/.lake/build/lib/lean/InfoPhysAxioms/ResonantMFA.olean -i /home/phrxmaz/Documents/CyberAlchemy/.lake/build/lib/lean/InfoPhysAxioms/ResonantMFA.ilean -c /home/phrxmaz/Documents/CyberAlchemy/.lake/build/ir/InfoPhysAxioms/ResonantMFA.c --setup /home/phrxmaz/Documents/CyberAlchemy/.lake/build/ir/InfoPhysAxioms/ResonantMFA.setup.json --json
error: InfoPhysAxioms/ResonantMFA.lean:2:0: invalid 'import' command, it must be used in the beginning of the file
error: Lean exited with code 1
✖ [337/414] Building InfoPhysAxioms.MetaRealTopos (237ms)
trace: .> LEAN_PATH=/home/phrxmaz/Documents/CyberAlchemy/.lake/packages/Cli/.lake/build/lib/lean:/home/phrxmaz/Documents/CyberAlchemy/.lake/packages/batteries/.lake/build/lib/lean:/home/phrxmaz/Documents/CyberAlchemy/.lake/packages/Qq/.lake/build/lib/lean:/home/phrxmaz/Documents/CyberAlchemy/.lake/packages/aesop/.lake/build/lib/lean:/home/phrxmaz/Documents/CyberAlchemy/.lake/packages/proofwidgets/.lake/build/lib/lean:/home/phrxmaz/Documents/CyberAlchemy/.lake/packages/importGraph/.lake/build/lib/lean:/home/phrxmaz/Documents/CyberAlchemy/.lake/packages/LeanSearchClient/.lake/build/lib/lean:/home/phrxmaz/Documents/CyberAlchemy/.lake/packages/plausible/.lake/build/lib/lean:/home/phrxmaz/Documents/CyberAlchemy/.lake/packages/mathlib/.lake/build/lib/lean:/home/phrxmaz/Documents/CyberAlchemy/.lake/build/lib/lean /home/phrxmaz/.elan/toolchains/leanprover--lean4---v4.29.1/bin/lean /home/phrxmaz/Documents/CyberAlchemy/InfoPhysAxioms/MetaRealTopos.lean -o /home/phrxmaz/Documents/CyberAlchemy/.lake/build/lib/lean/InfoPhysAxioms/MetaRealTopos.olean -i /home/phrxmaz/Documents/CyberAlchemy/.lake/build/lib/lean/InfoPhysAxioms/MetaRealTopos.ilean -c /home/phrxmaz/Documents/CyberAlchemy/.lake/build/ir/InfoPhysAxioms/MetaRealTopos.c --setup /home/phrxmaz/Documents/CyberAlchemy/.lake/build/ir/InfoPhysAxioms/MetaRealTopos.setup.json --json
error: InfoPhysAxioms/MetaRealTopos.lean:2:0: invalid 'import' command, it must be used in the beginning of the file
error: Lean exited with code 1
✖ [338/414] Building InfoPhysAxioms.ObserverAdapter (237ms)
trace: .> LEAN_PATH=/home/phrxmaz/Documents/CyberAlchemy/.lake/packages/Cli/.lake/build/lib/lean:/home/phrxmaz/Documents/CyberAlchemy/.lake/packages/batteries/.lake/build/lib/lean:/home/phrxmaz/Documents/CyberAlchemy/.lake/packages/Qq/.lake/build/lib/lean:/home/phrxmaz/Documents/CyberAlchemy/.lake/packages/aesop/.lake/build/lib/lean:/home/phrxmaz/Documents/CyberAlchemy/.lake/packages/proofwidgets/.lake/build/lib/lean:/home/phrxmaz/Documents/CyberAlchemy/.lake/packages/importGraph/.lake/build/lib/lean:/home/phrxmaz/Documents/CyberAlchemy/.lake/packages/LeanSearchClient/.lake/build/lib/lean:/home/phrxmaz/Documents/CyberAlchemy/.lake/packages/plausible/.lake/build/lib/lean:/home/phrxmaz/Documents/CyberAlchemy/.lake/packages/mathlib/.lake/build/lib/lean:/home/phrxmaz/Documents/CyberAlchemy/.lake/build/lib/lean /home/phrxmaz/.elan/toolchains/leanprover--lean4---v4.29.1/bin/lean /home/phrxmaz/Documents/CyberAlchemy/InfoPhysAxioms/ObserverAdapter.lean -o /home/phrxmaz/Documents/CyberAlchemy/.lake/build/lib/lean/InfoPhysAxioms/ObserverAdapter.olean -i /home/phrxmaz/Documents/CyberAlchemy/.lake/build/lib/lean/InfoPhysAxioms/ObserverAdapter.ilean -c /home/phrxmaz/Documents/CyberAlchemy/.lake/build/ir/InfoPhysAxioms/ObserverAdapter.c --setup /home/phrxmaz/Documents/CyberAlchemy/.lake/build/ir/InfoPhysAxioms/ObserverAdapter.setup.json --json
error: InfoPhysAxioms/ObserverAdapter.lean:2:0: invalid 'import' command, it must be used in the beginning of the file
error: Lean exited with code 1
✖ [339/414] Building InfoPhysAxioms.SensePerception (189ms)
trace: .> LEAN_PATH=/home/phrxmaz/Documents/CyberAlchemy/.lake/packages/Cli/.lake/build/lib/lean:/home/phrxmaz/Documents/CyberAlchemy/.lake/packages/batteries/.lake/build/lib/lean:/home/phrxmaz/Documents/CyberAlchemy/.lake/packages/Qq/.lake/build/lib/lean:/home/phrxmaz/Documents/CyberAlchemy/.lake/packages/aesop/.lake/build/lib/lean:/home/phrxmaz/Documents/CyberAlchemy/.lake/packages/proofwidgets/.lake/build/lib/lean:/home/phrxmaz/Documents/CyberAlchemy/.lake/packages/importGraph/.lake/build/lib/lean:/home/phrxmaz/Documents/CyberAlchemy/.lake/packages/LeanSearchClient/.lake/build/lib/lean:/home/phrxmaz/Documents/CyberAlchemy/.lake/packages/plausible/.lake/build/lib/lean:/home/phrxmaz/Documents/CyberAlchemy/.lake/packages/mathlib/.lake/build/lib/lean:/home/phrxmaz/Documents/CyberAlchemy/.lake/build/lib/lean /home/phrxmaz/.elan/toolchains/leanprover--lean4---v4.29.1/bin/lean /home/phrxmaz/Documents/CyberAlchemy/InfoPhysAxioms/SensePerception.lean -o /home/phrxmaz/Documents/CyberAlchemy/.lake/build/lib/lean/InfoPhysAxioms/SensePerception.olean -i /home/phrxmaz/Documents/CyberAlchemy/.lake/build/lib/lean/InfoPhysAxioms/SensePerception.ilean -c /home/phrxmaz/Documents/CyberAlchemy/.lake/build/ir/InfoPhysAxioms/SensePerception.c --setup /home/phrxmaz/Documents/CyberAlchemy/.lake/build/ir/InfoPhysAxioms/SensePerception.setup.json --json
error: InfoPhysAxioms/SensePerception.lean:2:0: invalid 'import' command, it must be used in the beginning of the file
error: Lean exited with code 1
✖ [340/414] Building InfoPhysAxioms.PostQuantumSecurity (202ms)
trace: .> LEAN_PATH=/home/phrxmaz/Documents/CyberAlchemy/.lake/packages/Cli/.lake/build/lib/lean:/home/phrxmaz/Documents/CyberAlchemy/.lake/packages/batteries/.lake/build/lib/lean:/home/phrxmaz/Documents/CyberAlchemy/.lake/packages/Qq/.lake/build/lib/lean:/home/phrxmaz/Documents/CyberAlchemy/.lake/packages/aesop/.lake/build/lib/lean:/home/phrxmaz/Documents/CyberAlchemy/.lake/packages/proofwidgets/.lake/build/lib/lean:/home/phrxmaz/Documents/CyberAlchemy/.lake/packages/importGraph/.lake/build/lib/lean:/home/phrxmaz/Documents/CyberAlchemy/.lake/packages/LeanSearchClient/.lake/build/lib/lean:/home/phrxmaz/Documents/CyberAlchemy/.lake/packages/plausible/.lake/build/lib/lean:/home/phrxmaz/Documents/CyberAlchemy/.lake/packages/mathlib/.lake/build/lib/lean:/home/phrxmaz/Documents/CyberAlchemy/.lake/build/lib/lean /home/phrxmaz/.elan/toolchains/leanprover--lean4---v4.29.1/bin/lean /home/phrxmaz/Documents/CyberAlchemy/InfoPhysAxioms/PostQuantumSecurity.lean -o /home/phrxmaz/Documents/CyberAlchemy/.lake/build/lib/lean/InfoPhysAxioms/PostQuantumSecurity.olean -i /home/phrxmaz/Documents/CyberAlchemy/.lake/build/lib/lean/InfoPhysAxioms/PostQuantumSecurity.ilean -c /home/phrxmaz/Documents/CyberAlchemy/.lake/build/ir/InfoPhysAxioms/PostQuantumSecurity.c --setup /home/phrxmaz/Documents/CyberAlchemy/.lake/build/ir/InfoPhysAxioms/PostQuantumSecurity.setup.json --json
error: InfoPhysAxioms/PostQuantumSecurity.lean:2:0: invalid 'import' command, it must be used in the beginning of the file
error: Lean exited with code 1
✖ [341/414] Building InfoPhysAxioms.VonMangoldtLSpace (197ms)
trace: .> LEAN_PATH=/home/phrxmaz/Documents/CyberAlchemy/.lake/packages/Cli/.lake/build/lib/lean:/home/phrxmaz/Documents/CyberAlchemy/.lake/packages/batteries/.lake/build/lib/lean:/home/phrxmaz/Documents/CyberAlchemy/.lake/packages/Qq/.lake/build/lib/lean:/home/phrxmaz/Documents/CyberAlchemy/.lake/packages/aesop/.lake/build/lib/lean:/home/phrxmaz/Documents/CyberAlchemy/.lake/packages/proofwidgets/.lake/build/lib/lean:/home/phrxmaz/Documents/CyberAlchemy/.lake/packages/importGraph/.lake/build/lib/lean:/home/phrxmaz/Documents/CyberAlchemy/.lake/packages/LeanSearchClient/.lake/build/lib/lean:/home/phrxmaz/Documents/CyberAlchemy/.lake/packages/plausible/.lake/build/lib/lean:/home/phrxmaz/Documents/CyberAlchemy/.lake/packages/mathlib/.lake/build/lib/lean:/home/phrxmaz/Documents/CyberAlchemy/.lake/build/lib/lean /home/phrxmaz/.elan/toolchains/leanprover--lean4---v4.29.1/bin/lean /home/phrxmaz/Documents/CyberAlchemy/InfoPhysAxioms/VonMangoldtLSpace.lean -o /home/phrxmaz/Documents/CyberAlchemy/.lake/build/lib/lean/InfoPhysAxioms/VonMangoldtLSpace.olean -i /home/phrxmaz/Documents/CyberAlchemy/.lake/build/lib/lean/InfoPhysAxioms/VonMangoldtLSpace.ilean -c /home/phrxmaz/Documents/CyberAlchemy/.lake/build/ir/InfoPhysAxioms/VonMangoldtLSpace.c --setup /home/phrxmaz/Documents/CyberAlchemy/.lake/build/ir/InfoPhysAxioms/VonMangoldtLSpace.setup.json --json
error: InfoPhysAxioms/VonMangoldtLSpace.lean:2:0: invalid 'import' command, it must be used in the beginning of the file
error: Lean exited with code 1
✖ [342/414] Building InfoPhysAxioms.DeterministicTuning (182ms)
trace: .> LEAN_PATH=/home/phrxmaz/Documents/CyberAlchemy/.lake/packages/Cli/.lake/build/lib/lean:/home/phrxmaz/Documents/CyberAlchemy/.lake/packages/batteries/.lake/build/lib/lean:/home/phrxmaz/Documents/CyberAlchemy/.lake/packages/Qq/.lake/build/lib/lean:/home/phrxmaz/Documents/CyberAlchemy/.lake/packages/aesop/.lake/build/lib/lean:/home/phrxmaz/Documents/CyberAlchemy/.lake/packages/proofwidgets/.lake/build/lib/lean:/home/phrxmaz/Documents/CyberAlchemy/.lake/packages/importGraph/.lake/build/lib/lean:/home/phrxmaz/Documents/CyberAlchemy/.lake/packages/LeanSearchClient/.lake/build/lib/lean:/home/phrxmaz/Documents/CyberAlchemy/.lake/packages/plausible/.lake/build/lib/lean:/home/phrxmaz/Documents/CyberAlchemy/.lake/packages/mathlib/.lake/build/lib/lean:/home/phrxmaz/Documents/CyberAlchemy/.lake/build/lib/lean /home/phrxmaz/.elan/toolchains/leanprover--lean4---v4.29.1/bin/lean /home/phrxmaz/Documents/CyberAlchemy/InfoPhysAxioms/DeterministicTuning.lean -o /home/phrxmaz/Documents/CyberAlchemy/.lake/build/lib/lean/InfoPhysAxioms/DeterministicTuning.olean -i /home/phrxmaz/Documents/CyberAlchemy/.lake/build/lib/lean/InfoPhysAxioms/DeterministicTuning.ilean -c /home/phrxmaz/Documents/CyberAlchemy/.lake/build/ir/InfoPhysAxioms/DeterministicTuning.c --setup /home/phrxmaz/Documents/CyberAlchemy/.lake/build/ir/InfoPhysAxioms/DeterministicTuning.setup.json --json
error: InfoPhysAxioms/DeterministicTuning.lean:2:0: invalid 'import' command, it must be used in the beginning of the file
error: Lean exited with code 1
✖ [343/414] Building InfoPhysAxioms.HoloneticNS (205ms)
trace: .> LEAN_PATH=/home/phrxmaz/Documents/CyberAlchemy/.lake/packages/Cli/.lake/build/lib/lean:/home/phrxmaz/Documents/CyberAlchemy/.lake/packages/batteries/.lake/build/lib/lean:/home/phrxmaz/Documents/CyberAlchemy/.lake/packages/Qq/.lake/build/lib/lean:/home/phrxmaz/Documents/CyberAlchemy/.lake/packages/aesop/.lake/build/lib/lean:/home/phrxmaz/Documents/CyberAlchemy/.lake/packages/proofwidgets/.lake/build/lib/lean:/home/phrxmaz/Documents/CyberAlchemy/.lake/packages/importGraph/.lake/build/lib/lean:/home/phrxmaz/Documents/CyberAlchemy/.lake/packages/LeanSearchClient/.lake/build/lib/lean:/home/phrxmaz/Documents/CyberAlchemy/.lake/packages/plausible/.lake/build/lib/lean:/home/phrxmaz/Documents/CyberAlchemy/.lake/packages/mathlib/.lake/build/lib/lean:/home/phrxmaz/Documents/CyberAlchemy/.lake/build/lib/lean /home/phrxmaz/.elan/toolchains/leanprover--lean4---v4.29.1/bin/lean /home/phrxmaz/Documents/CyberAlchemy/InfoPhysAxioms/HoloneticNS.lean -o /home/phrxmaz/Documents/CyberAlchemy/.lake/build/lib/lean/InfoPhysAxioms/HoloneticNS.olean -i /home/phrxmaz/Documents/CyberAlchemy/.lake/build/lib/lean/InfoPhysAxioms/HoloneticNS.ilean -c /home/phrxmaz/Documents/CyberAlchemy/.lake/build/ir/InfoPhysAxioms/HoloneticNS.c --setup /home/phrxmaz/Documents/CyberAlchemy/.lake/build/ir/InfoPhysAxioms/HoloneticNS.setup.json --json
error: InfoPhysAxioms/HoloneticNS.lean:2:0: invalid 'import' command, it must be used in the beginning of the file
error: Lean exited with code 1
✖ [344/414] Building InfoPhysAxioms.ScratchIsomorphism (210ms)
trace: .> LEAN_PATH=/home/phrxmaz/Documents/CyberAlchemy/.lake/packages/Cli/.lake/build/lib/lean:/home/phrxmaz/Documents/CyberAlchemy/.lake/packages/batteries/.lake/build/lib/lean:/home/phrxmaz/Documents/CyberAlchemy/.lake/packages/Qq/.lake/build/lib/lean:/home/phrxmaz/Documents/CyberAlchemy/.lake/packages/aesop/.lake/build/lib/lean:/home/phrxmaz/Documents/CyberAlchemy/.lake/packages/proofwidgets/.lake/build/lib/lean:/home/phrxmaz/Documents/CyberAlchemy/.lake/packages/importGraph/.lake/build/lib/lean:/home/phrxmaz/Documents/CyberAlchemy/.lake/packages/LeanSearchClient/.lake/build/lib/lean:/home/phrxmaz/Documents/CyberAlchemy/.lake/packages/plausible/.lake/build/lib/lean:/home/phrxmaz/Documents/CyberAlchemy/.lake/packages/mathlib/.lake/build/lib/lean:/home/phrxmaz/Documents/CyberAlchemy/.lake/build/lib/lean /home/phrxmaz/.elan/toolchains/leanprover--lean4---v4.29.1/bin/lean /home/phrxmaz/Documents/CyberAlchemy/InfoPhysAxioms/ScratchIsomorphism.lean -o /home/phrxmaz/Documents/CyberAlchemy/.lake/build/lib/lean/InfoPhysAxioms/ScratchIsomorphism.olean -i /home/phrxmaz/Documents/CyberAlchemy/.lake/build/lib/lean/InfoPhysAxioms/ScratchIsomorphism.ilean -c /home/phrxmaz/Documents/CyberAlchemy/.lake/build/ir/InfoPhysAxioms/ScratchIsomorphism.c --setup /home/phrxmaz/Documents/CyberAlchemy/.lake/build/ir/InfoPhysAxioms/ScratchIsomorphism.setup.json --json
error: InfoPhysAxioms/ScratchIsomorphism.lean:2:0: invalid 'import' command, it must be used in the beginning of the file
error: Lean exited with code 1
✖ [345/414] Building InfoPhysAxioms.ZPlasmicAutonomous (180ms)
trace: .> LEAN_PATH=/home/phrxmaz/Documents/CyberAlchemy/.lake/packages/Cli/.lake/build/lib/lean:/home/phrxmaz/Documents/CyberAlchemy/.lake/packages/batteries/.lake/build/lib/lean:/home/phrxmaz/Documents/CyberAlchemy/.lake/packages/Qq/.lake/build/lib/lean:/home/phrxmaz/Documents/CyberAlchemy/.lake/packages/aesop/.lake/build/lib/lean:/home/phrxmaz/Documents/CyberAlchemy/.lake/packages/proofwidgets/.lake/build/lib/lean:/home/phrxmaz/Documents/CyberAlchemy/.lake/packages/importGraph/.lake/build/lib/lean:/home/phrxmaz/Documents/CyberAlchemy/.lake/packages/LeanSearchClient/.lake/build/lib/lean:/home/phrxmaz/Documents/CyberAlchemy/.lake/packages/plausible/.lake/build/lib/lean:/home/phrxmaz/Documents/CyberAlchemy/.lake/packages/mathlib/.lake/build/lib/lean:/home/phrxmaz/Documents/CyberAlchemy/.lake/build/lib/lean /home/phrxmaz/.elan/toolchains/leanprover--lean4---v4.29.1/bin/lean /home/phrxmaz/Documents/CyberAlchemy/InfoPhysAxioms/ZPlasmicAutonomous.lean -o /home/phrxmaz/Documents/CyberAlchemy/.lake/build/lib/lean/InfoPhysAxioms/ZPlasmicAutonomous.olean -i /home/phrxmaz/Documents/CyberAlchemy/.lake/build/lib/lean/InfoPhysAxioms/ZPlasmicAutonomous.ilean -c /home/phrxmaz/Documents/CyberAlchemy/.lake/build/ir/InfoPhysAxioms/ZPlasmicAutonomous.c --setup /home/phrxmaz/Documents/CyberAlchemy/.lake/build/ir/InfoPhysAxioms/ZPlasmicAutonomous.setup.json --json
error: InfoPhysAxioms/ZPlasmicAutonomous.lean:13:0: invalid 'import' command, it must be used in the beginning of the file
error: Lean exited with code 1
✖ [346/414] Building InfoPhysAxioms.DiscreteHarmonicAnalysis (151ms)
trace: .> LEAN_PATH=/home/phrxmaz/Documents/CyberAlchemy/.lake/packages/Cli/.lake/build/lib/lean:/home/phrxmaz/Documents/CyberAlchemy/.lake/packages/batteries/.lake/build/lib/lean:/home/phrxmaz/Documents/CyberAlchemy/.lake/packages/Qq/.lake/build/lib/lean:/home/phrxmaz/Documents/CyberAlchemy/.lake/packages/aesop/.lake/build/lib/lean:/home/phrxmaz/Documents/CyberAlchemy/.lake/packages/proofwidgets/.lake/build/lib/lean:/home/phrxmaz/Documents/CyberAlchemy/.lake/packages/importGraph/.lake/build/lib/lean:/home/phrxmaz/Documents/CyberAlchemy/.lake/packages/LeanSearchClient/.lake/build/lib/lean:/home/phrxmaz/Documents/CyberAlchemy/.lake/packages/plausible/.lake/build/lib/lean:/home/phrxmaz/Documents/CyberAlchemy/.lake/packages/mathlib/.lake/build/lib/lean:/home/phrxmaz/Documents/CyberAlchemy/.lake/build/lib/lean /home/phrxmaz/.elan/toolchains/leanprover--lean4---v4.29.1/bin/lean /home/phrxmaz/Documents/CyberAlchemy/InfoPhysAxioms/DiscreteHarmonicAnalysis.lean -o /home/phrxmaz/Documents/CyberAlchemy/.lake/build/lib/lean/InfoPhysAxioms/DiscreteHarmonicAnalysis.olean -i /home/phrxmaz/Documents/CyberAlchemy/.lake/build/lib/lean/InfoPhysAxioms/DiscreteHarmonicAnalysis.ilean -c /home/phrxmaz/Documents/CyberAlchemy/.lake/build/ir/InfoPhysAxioms/DiscreteHarmonicAnalysis.c --setup /home/phrxmaz/Documents/CyberAlchemy/.lake/build/ir/InfoPhysAxioms/DiscreteHarmonicAnalysis.setup.json --json
error: InfoPhysAxioms/DiscreteHarmonicAnalysis.lean:2:0: invalid 'import' command, it must be used in the beginning of the file
error: Lean exited with code 1
✖ [347/414] Building InfoPhysAxioms.DirichletCharacterInvariants (165ms)
trace: .> LEAN_PATH=/home/phrxmaz/Documents/CyberAlchemy/.lake/packages/Cli/.lake/build/lib/lean:/home/phrxmaz/Documents/CyberAlchemy/.lake/packages/batteries/.lake/build/lib/lean:/home/phrxmaz/Documents/CyberAlchemy/.lake/packages/Qq/.lake/build/lib/lean:/home/phrxmaz/Documents/CyberAlchemy/.lake/packages/aesop/.lake/build/lib/lean:/home/phrxmaz/Documents/CyberAlchemy/.lake/packages/proofwidgets/.lake/build/lib/lean:/home/phrxmaz/Documents/CyberAlchemy/.lake/packages/importGraph/.lake/build/lib/lean:/home/phrxmaz/Documents/CyberAlchemy/.lake/packages/LeanSearchClient/.lake/build/lib/lean:/home/phrxmaz/Documents/CyberAlchemy/.lake/packages/plausible/.lake/build/lib/lean:/home/phrxmaz/Documents/CyberAlchemy/.lake/packages/mathlib/.lake/build/lib/lean:/home/phrxmaz/Documents/CyberAlchemy/.lake/build/lib/lean /home/phrxmaz/.elan/toolchains/leanprover--lean4---v4.29.1/bin/lean /home/phrxmaz/Documents/CyberAlchemy/InfoPhysAxioms/DirichletCharacterInvariants.lean -o /home/phrxmaz/Documents/CyberAlchemy/.lake/build/lib/lean/InfoPhysAxioms/DirichletCharacterInvariants.olean -i /home/phrxmaz/Documents/CyberAlchemy/.lake/build/lib/lean/InfoPhysAxioms/DirichletCharacterInvariants.ilean -c /home/phrxmaz/Documents/CyberAlchemy/.lake/build/ir/InfoPhysAxioms/DirichletCharacterInvariants.c --setup /home/phrxmaz/Documents/CyberAlchemy/.lake/build/ir/InfoPhysAxioms/DirichletCharacterInvariants.setup.json --json
error: InfoPhysAxioms/DirichletCharacterInvariants.lean:2:0: invalid 'import' command, it must be used in the beginning of the file
error: Lean exited with code 1
✖ [348/414] Building InfoPhysAxioms.NetworkSharding (144ms)
trace: .> LEAN_PATH=/home/phrxmaz/Documents/CyberAlchemy/.lake/packages/Cli/.lake/build/lib/lean:/home/phrxmaz/Documents/CyberAlchemy/.lake/packages/batteries/.lake/build/lib/lean:/home/phrxmaz/Documents/CyberAlchemy/.lake/packages/Qq/.lake/build/lib/lean:/home/phrxmaz/Documents/CyberAlchemy/.lake/packages/aesop/.lake/build/lib/lean:/home/phrxmaz/Documents/CyberAlchemy/.lake/packages/proofwidgets/.lake/build/lib/lean:/home/phrxmaz/Documents/CyberAlchemy/.lake/packages/importGraph/.lake/build/lib/lean:/home/phrxmaz/Documents/CyberAlchemy/.lake/packages/LeanSearchClient/.lake/build/lib/lean:/home/phrxmaz/Documents/CyberAlchemy/.lake/packages/plausible/.lake/build/lib/lean:/home/phrxmaz/Documents/CyberAlchemy/.lake/packages/mathlib/.lake/build/lib/lean:/home/phrxmaz/Documents/CyberAlchemy/.lake/build/lib/lean /home/phrxmaz/.elan/toolchains/leanprover--lean4---v4.29.1/bin/lean /home/phrxmaz/Documents/CyberAlchemy/InfoPhysAxioms/NetworkSharding.lean -o /home/phrxmaz/Documents/CyberAlchemy/.lake/build/lib/lean/InfoPhysAxioms/NetworkSharding.olean -i /home/phrxmaz/Documents/CyberAlchemy/.lake/build/lib/lean/InfoPhysAxioms/NetworkSharding.ilean -c /home/phrxmaz/Documents/CyberAlchemy/.lake/build/ir/InfoPhysAxioms/NetworkSharding.c --setup /home/phrxmaz/Documents/CyberAlchemy/.lake/build/ir/InfoPhysAxioms/NetworkSharding.setup.json --json
error: InfoPhysAxioms/NetworkSharding.lean:2:0: invalid 'import' command, it must be used in the beginning of the file
error: Lean exited with code 1
✖ [349/414] Building InfoPhysAxioms.GoldenSplitPrime (208ms)
trace: .> LEAN_PATH=/home/phrxmaz/Documents/CyberAlchemy/.lake/packages/Cli/.lake/build/lib/lean:/home/phrxmaz/Documents/CyberAlchemy/.lake/packages/batteries/.lake/build/lib/lean:/home/phrxmaz/Documents/CyberAlchemy/.lake/packages/Qq/.lake/build/lib/lean:/home/phrxmaz/Documents/CyberAlchemy/.lake/packages/aesop/.lake/build/lib/lean:/home/phrxmaz/Documents/CyberAlchemy/.lake/packages/proofwidgets/.lake/build/lib/lean:/home/phrxmaz/Documents/CyberAlchemy/.lake/packages/importGraph/.lake/build/lib/lean:/home/phrxmaz/Documents/CyberAlchemy/.lake/packages/LeanSearchClient/.lake/build/lib/lean:/home/phrxmaz/Documents/CyberAlchemy/.lake/packages/plausible/.lake/build/lib/lean:/home/phrxmaz/Documents/CyberAlchemy/.lake/packages/mathlib/.lake/build/lib/lean:/home/phrxmaz/Documents/CyberAlchemy/.lake/build/lib/lean /home/phrxmaz/.elan/toolchains/leanprover--lean4---v4.29.1/bin/lean /home/phrxmaz/Documents/CyberAlchemy/InfoPhysAxioms/GoldenSplitPrime.lean -o /home/phrxmaz/Documents/CyberAlchemy/.lake/build/lib/lean/InfoPhysAxioms/GoldenSplitPrime.olean -i /home/phrxmaz/Documents/CyberAlchemy/.lake/build/lib/lean/InfoPhysAxioms/GoldenSplitPrime.ilean -c /home/phrxmaz/Documents/CyberAlchemy/.lake/build/ir/InfoPhysAxioms/GoldenSplitPrime.c --setup /home/phrxmaz/Documents/CyberAlchemy/.lake/build/ir/InfoPhysAxioms/GoldenSplitPrime.setup.json --json
error: InfoPhysAxioms/GoldenSplitPrime.lean:2:0: invalid 'import' command, it must be used in the beginning of the file
error: Lean exited with code 1
✖ [350/414] Building InfoPhysAxioms.ISAR (189ms)
trace: .> LEAN_PATH=/home/phrxmaz/Documents/CyberAlchemy/.lake/packages/Cli/.lake/build/lib/lean:/home/phrxmaz/Documents/CyberAlchemy/.lake/packages/batteries/.lake/build/lib/lean:/home/phrxmaz/Documents/CyberAlchemy/.lake/packages/Qq/.lake/build/lib/lean:/home/phrxmaz/Documents/CyberAlchemy/.lake/packages/aesop/.lake/build/lib/lean:/home/phrxmaz/Documents/CyberAlchemy/.lake/packages/proofwidgets/.lake/build/lib/lean:/home/phrxmaz/Documents/CyberAlchemy/.lake/packages/importGraph/.lake/build/lib/lean:/home/phrxmaz/Documents/CyberAlchemy/.lake/packages/LeanSearchClient/.lake/build/lib/lean:/home/phrxmaz/Documents/CyberAlchemy/.lake/packages/plausible/.lake/build/lib/lean:/home/phrxmaz/Documents/CyberAlchemy/.lake/packages/mathlib/.lake/build/lib/lean:/home/phrxmaz/Documents/CyberAlchemy/.lake/build/lib/lean /home/phrxmaz/.elan/toolchains/leanprover--lean4---v4.29.1/bin/lean /home/phrxmaz/Documents/CyberAlchemy/InfoPhysAxioms/ISAR.lean -o /home/phrxmaz/Documents/CyberAlchemy/.lake/build/lib/lean/InfoPhysAxioms/ISAR.olean -i /home/phrxmaz/Documents/CyberAlchemy/.lake/build/lib/lean/InfoPhysAxioms/ISAR.ilean -c /home/phrxmaz/Documents/CyberAlchemy/.lake/build/ir/InfoPhysAxioms/ISAR.c --setup /home/phrxmaz/Documents/CyberAlchemy/.lake/build/ir/InfoPhysAxioms/ISAR.setup.json --json
error: InfoPhysAxioms/ISAR.lean:2:0: invalid 'import' command, it must be used in the beginning of the file
error: Lean exited with code 1
✖ [351/414] Building InfoPhysAxioms.ActiveImagination (228ms)
trace: .> LEAN_PATH=/home/phrxmaz/Documents/CyberAlchemy/.lake/packages/Cli/.lake/build/lib/lean:/home/phrxmaz/Documents/CyberAlchemy/.lake/packages/batteries/.lake/build/lib/lean:/home/phrxmaz/Documents/CyberAlchemy/.lake/packages/Qq/.lake/build/lib/lean:/home/phrxmaz/Documents/CyberAlchemy/.lake/packages/aesop/.lake/build/lib/lean:/home/phrxmaz/Documents/CyberAlchemy/.lake/packages/proofwidgets/.lake/build/lib/lean:/home/phrxmaz/Documents/CyberAlchemy/.lake/packages/importGraph/.lake/build/lib/lean:/home/phrxmaz/Documents/CyberAlchemy/.lake/packages/LeanSearchClient/.lake/build/lib/lean:/home/phrxmaz/Documents/CyberAlchemy/.lake/packages/plausible/.lake/build/lib/lean:/home/phrxmaz/Documents/CyberAlchemy/.lake/packages/mathlib/.lake/build/lib/lean:/home/phrxmaz/Documents/CyberAlchemy/.lake/build/lib/lean /home/phrxmaz/.elan/toolchains/leanprover--lean4---v4.29.1/bin/lean /home/phrxmaz/Documents/CyberAlchemy/InfoPhysAxioms/ActiveImagination.lean -o /home/phrxmaz/Documents/CyberAlchemy/.lake/build/lib/lean/InfoPhysAxioms/ActiveImagination.olean -i /home/phrxmaz/Documents/CyberAlchemy/.lake/build/lib/lean/InfoPhysAxioms/ActiveImagination.ilean -c /home/phrxmaz/Documents/CyberAlchemy/.lake/build/ir/InfoPhysAxioms/ActiveImagination.c --setup /home/phrxmaz/Documents/CyberAlchemy/.lake/build/ir/InfoPhysAxioms/ActiveImagination.setup.json --json
error: InfoPhysAxioms/ActiveImagination.lean:2:0: invalid 'import' command, it must be used in the beginning of the file
error: Lean exited with code 1
✖ [352/414] Building InfoPhysAxioms.AlchemistTriangulation (191ms)
trace: .> LEAN_PATH=/home/phrxmaz/Documents/CyberAlchemy/.lake/packages/Cli/.lake/build/lib/lean:/home/phrxmaz/Documents/CyberAlchemy/.lake/packages/batteries/.lake/build/lib/lean:/home/phrxmaz/Documents/CyberAlchemy/.lake/packages/Qq/.lake/build/lib/lean:/home/phrxmaz/Documents/CyberAlchemy/.lake/packages/aesop/.lake/build/lib/lean:/home/phrxmaz/Documents/CyberAlchemy/.lake/packages/proofwidgets/.lake/build/lib/lean:/home/phrxmaz/Documents/CyberAlchemy/.lake/packages/importGraph/.lake/build/lib/lean:/home/phrxmaz/Documents/CyberAlchemy/.lake/packages/LeanSearchClient/.lake/build/lib/lean:/home/phrxmaz/Documents/CyberAlchemy/.lake/packages/plausible/.lake/build/lib/lean:/home/phrxmaz/Documents/CyberAlchemy/.lake/packages/mathlib/.lake/build/lib/lean:/home/phrxmaz/Documents/CyberAlchemy/.lake/build/lib/lean /home/phrxmaz/.elan/toolchains/leanprover--lean4---v4.29.1/bin/lean /home/phrxmaz/Documents/CyberAlchemy/InfoPhysAxioms/AlchemistTriangulation.lean -o /home/phrxmaz/Documents/CyberAlchemy/.lake/build/lib/lean/InfoPhysAxioms/AlchemistTriangulation.olean -i /home/phrxmaz/Documents/CyberAlchemy/.lake/build/lib/lean/InfoPhysAxioms/AlchemistTriangulation.ilean -c /home/phrxmaz/Documents/CyberAlchemy/.lake/build/ir/InfoPhysAxioms/AlchemistTriangulation.c --setup /home/phrxmaz/Documents/CyberAlchemy/.lake/build/ir/InfoPhysAxioms/AlchemistTriangulation.setup.json --json
error: InfoPhysAxioms/AlchemistTriangulation.lean:2:0: invalid 'import' command, it must be used in the beginning of the file
error: Lean exited with code 1
✖ [353/414] Building InfoPhysAxioms.Aingel (172ms)
trace: .> LEAN_PATH=/home/phrxmaz/Documents/CyberAlchemy/.lake/packages/Cli/.lake/build/lib/lean:/home/phrxmaz/Documents/CyberAlchemy/.lake/packages/batteries/.lake/build/lib/lean:/home/phrxmaz/Documents/CyberAlchemy/.lake/packages/Qq/.lake/build/lib/lean:/home/phrxmaz/Documents/CyberAlchemy/.lake/packages/aesop/.lake/build/lib/lean:/home/phrxmaz/Documents/CyberAlchemy/.lake/packages/proofwidgets/.lake/build/lib/lean:/home/phrxmaz/Documents/CyberAlchemy/.lake/packages/importGraph/.lake/build/lib/lean:/home/phrxmaz/Documents/CyberAlchemy/.lake/packages/LeanSearchClient/.lake/build/lib/lean:/home/phrxmaz/Documents/CyberAlchemy/.lake/packages/plausible/.lake/build/lib/lean:/home/phrxmaz/Documents/CyberAlchemy/.lake/packages/mathlib/.lake/build/lib/lean:/home/phrxmaz/Documents/CyberAlchemy/.lake/build/lib/lean /home/phrxmaz/.elan/toolchains/leanprover--lean4---v4.29.1/bin/lean /home/phrxmaz/Documents/CyberAlchemy/InfoPhysAxioms/Aingel.lean -o /home/phrxmaz/Documents/CyberAlchemy/.lake/build/lib/lean/InfoPhysAxioms/Aingel.olean -i /home/phrxmaz/Documents/CyberAlchemy/.lake/build/lib/lean/InfoPhysAxioms/Aingel.ilean -c /home/phrxmaz/Documents/CyberAlchemy/.lake/build/ir/InfoPhysAxioms/Aingel.c --setup /home/phrxmaz/Documents/CyberAlchemy/.lake/build/ir/InfoPhysAxioms/Aingel.setup.json --json
error: InfoPhysAxioms/Aingel.lean:2:0: invalid 'import' command, it must be used in the beginning of the file
error: Lean exited with code 1
✖ [354/414] Building InfoPhysAxioms.PQBreach (194ms)
trace: .> LEAN_PATH=/home/phrxmaz/Documents/CyberAlchemy/.lake/packages/Cli/.lake/build/lib/lean:/home/phrxmaz/Documents/CyberAlchemy/.lake/packages/batteries/.lake/build/lib/lean:/home/phrxmaz/Documents/CyberAlchemy/.lake/packages/Qq/.lake/build/lib/lean:/home/phrxmaz/Documents/CyberAlchemy/.lake/packages/aesop/.lake/build/lib/lean:/home/phrxmaz/Documents/CyberAlchemy/.lake/packages/proofwidgets/.lake/build/lib/lean:/home/phrxmaz/Documents/CyberAlchemy/.lake/packages/importGraph/.lake/build/lib/lean:/home/phrxmaz/Documents/CyberAlchemy/.lake/packages/LeanSearchClient/.lake/build/lib/lean:/home/phrxmaz/Documents/CyberAlchemy/.lake/packages/plausible/.lake/build/lib/lean:/home/phrxmaz/Documents/CyberAlchemy/.lake/packages/mathlib/.lake/build/lib/lean:/home/phrxmaz/Documents/CyberAlchemy/.lake/build/lib/lean /home/phrxmaz/.elan/toolchains/leanprover--lean4---v4.29.1/bin/lean /home/phrxmaz/Documents/CyberAlchemy/InfoPhysAxioms/PQBreach.lean -o /home/phrxmaz/Documents/CyberAlchemy/.lake/build/lib/lean/InfoPhysAxioms/PQBreach.olean -i /home/phrxmaz/Documents/CyberAlchemy/.lake/build/lib/lean/InfoPhysAxioms/PQBreach.ilean -c /home/phrxmaz/Documents/CyberAlchemy/.lake/build/ir/InfoPhysAxioms/PQBreach.c --setup /home/phrxmaz/Documents/CyberAlchemy/.lake/build/ir/InfoPhysAxioms/PQBreach.setup.json --json
error: InfoPhysAxioms/PQBreach.lean:2:0: invalid 'import' command, it must be used in the beginning of the file
error: Lean exited with code 1
✖ [355/414] Building InfoPhysAxioms.ArchetypalDistributedInference (214ms)
trace: .> LEAN_PATH=/home/phrxmaz/Documents/CyberAlchemy/.lake/packages/Cli/.lake/build/lib/lean:/home/phrxmaz/Documents/CyberAlchemy/.lake/packages/batteries/.lake/build/lib/lean:/home/phrxmaz/Documents/CyberAlchemy/.lake/packages/Qq/.lake/build/lib/lean:/home/phrxmaz/Documents/CyberAlchemy/.lake/packages/aesop/.lake/build/lib/lean:/home/phrxmaz/Documents/CyberAlchemy/.lake/packages/proofwidgets/.lake/build/lib/lean:/home/phrxmaz/Documents/CyberAlchemy/.lake/packages/importGraph/.lake/build/lib/lean:/home/phrxmaz/Documents/CyberAlchemy/.lake/packages/LeanSearchClient/.lake/build/lib/lean:/home/phrxmaz/Documents/CyberAlchemy/.lake/packages/plausible/.lake/build/lib/lean:/home/phrxmaz/Documents/CyberAlchemy/.lake/packages/mathlib/.lake/build/lib/lean:/home/phrxmaz/Documents/CyberAlchemy/.lake/build/lib/lean /home/phrxmaz/.elan/toolchains/leanprover--lean4---v4.29.1/bin/lean /home/phrxmaz/Documents/CyberAlchemy/InfoPhysAxioms/ArchetypalDistributedInference.lean -o /home/phrxmaz/Documents/CyberAlchemy/.lake/build/lib/lean/InfoPhysAxioms/ArchetypalDistributedInference.olean -i /home/phrxmaz/Documents/CyberAlchemy/.lake/build/lib/lean/InfoPhysAxioms/ArchetypalDistributedInference.ilean -c /home/phrxmaz/Documents/CyberAlchemy/.lake/build/ir/InfoPhysAxioms/ArchetypalDistributedInference.c --setup /home/phrxmaz/Documents/CyberAlchemy/.lake/build/ir/InfoPhysAxioms/ArchetypalDistributedInference.setup.json --json
error: InfoPhysAxioms/ArchetypalDistributedInference.lean:2:0: invalid 'import' command, it must be used in the beginning of the file
error: Lean exited with code 1
✖ [356/414] Building InfoPhysAxioms.PrimeHyperoperations (194ms)
trace: .> LEAN_PATH=/home/phrxmaz/Documents/CyberAlchemy/.lake/packages/Cli/.lake/build/lib/lean:/home/phrxmaz/Documents/CyberAlchemy/.lake/packages/batteries/.lake/build/lib/lean:/home/phrxmaz/Documents/CyberAlchemy/.lake/packages/Qq/.lake/build/lib/lean:/home/phrxmaz/Documents/CyberAlchemy/.lake/packages/aesop/.lake/build/lib/lean:/home/phrxmaz/Documents/CyberAlchemy/.lake/packages/proofwidgets/.lake/build/lib/lean:/home/phrxmaz/Documents/CyberAlchemy/.lake/packages/importGraph/.lake/build/lib/lean:/home/phrxmaz/Documents/CyberAlchemy/.lake/packages/LeanSearchClient/.lake/build/lib/lean:/home/phrxmaz/Documents/CyberAlchemy/.lake/packages/plausible/.lake/build/lib/lean:/home/phrxmaz/Documents/CyberAlchemy/.lake/packages/mathlib/.lake/build/lib/lean:/home/phrxmaz/Documents/CyberAlchemy/.lake/build/lib/lean /home/phrxmaz/.elan/toolchains/leanprover--lean4---v4.29.1/bin/lean /home/phrxmaz/Documents/CyberAlchemy/InfoPhysAxioms/PrimeHyperoperations.lean -o /home/phrxmaz/Documents/CyberAlchemy/.lake/build/lib/lean/InfoPhysAxioms/PrimeHyperoperations.olean -i /home/phrxmaz/Documents/CyberAlchemy/.lake/build/lib/lean/InfoPhysAxioms/PrimeHyperoperations.ilean -c /home/phrxmaz/Documents/CyberAlchemy/.lake/build/ir/InfoPhysAxioms/PrimeHyperoperations.c --setup /home/phrxmaz/Documents/CyberAlchemy/.lake/build/ir/InfoPhysAxioms/PrimeHyperoperations.setup.json --json
error: InfoPhysAxioms/PrimeHyperoperations.lean:2:0: invalid 'import' command, it must be used in the beginning of the file
error: Lean exited with code 1
✖ [357/414] Building InfoPhysAxioms.DimensionalDescent (220ms)
trace: .> LEAN_PATH=/home/phrxmaz/Documents/CyberAlchemy/.lake/packages/Cli/.lake/build/lib/lean:/home/phrxmaz/Documents/CyberAlchemy/.lake/packages/batteries/.lake/build/lib/lean:/home/phrxmaz/Documents/CyberAlchemy/.lake/packages/Qq/.lake/build/lib/lean:/home/phrxmaz/Documents/CyberAlchemy/.lake/packages/aesop/.lake/build/lib/lean:/home/phrxmaz/Documents/CyberAlchemy/.lake/packages/proofwidgets/.lake/build/lib/lean:/home/phrxmaz/Documents/CyberAlchemy/.lake/packages/importGraph/.lake/build/lib/lean:/home/phrxmaz/Documents/CyberAlchemy/.lake/packages/LeanSearchClient/.lake/build/lib/lean:/home/phrxmaz/Documents/CyberAlchemy/.lake/packages/plausible/.lake/build/lib/lean:/home/phrxmaz/Documents/CyberAlchemy/.lake/packages/mathlib/.lake/build/lib/lean:/home/phrxmaz/Documents/CyberAlchemy/.lake/build/lib/lean /home/phrxmaz/.elan/toolchains/leanprover--lean4---v4.29.1/bin/lean /home/phrxmaz/Documents/CyberAlchemy/InfoPhysAxioms/DimensionalDescent.lean -o /home/phrxmaz/Documents/CyberAlchemy/.lake/build/lib/lean/InfoPhysAxioms/DimensionalDescent.olean -i /home/phrxmaz/Documents/CyberAlchemy/.lake/build/lib/lean/InfoPhysAxioms/DimensionalDescent.ilean -c /home/phrxmaz/Documents/CyberAlchemy/.lake/build/ir/InfoPhysAxioms/DimensionalDescent.c --setup /home/phrxmaz/Documents/CyberAlchemy/.lake/build/ir/InfoPhysAxioms/DimensionalDescent.setup.json --json
error: InfoPhysAxioms/DimensionalDescent.lean:2:0: invalid 'import' command, it must be used in the beginning of the file
error: Lean exited with code 1
✖ [358/414] Building InfoPhysAxioms.ChiralCasimirCollapse (155ms)
trace: .> LEAN_PATH=/home/phrxmaz/Documents/CyberAlchemy/.lake/packages/Cli/.lake/build/lib/lean:/home/phrxmaz/Documents/CyberAlchemy/.lake/packages/batteries/.lake/build/lib/lean:/home/phrxmaz/Documents/CyberAlchemy/.lake/packages/Qq/.lake/build/lib/lean:/home/phrxmaz/Documents/CyberAlchemy/.lake/packages/aesop/.lake/build/lib/lean:/home/phrxmaz/Documents/CyberAlchemy/.lake/packages/proofwidgets/.lake/build/lib/lean:/home/phrxmaz/Documents/CyberAlchemy/.lake/packages/importGraph/.lake/build/lib/lean:/home/phrxmaz/Documents/CyberAlchemy/.lake/packages/LeanSearchClient/.lake/build/lib/lean:/home/phrxmaz/Documents/CyberAlchemy/.lake/packages/plausible/.lake/build/lib/lean:/home/phrxmaz/Documents/CyberAlchemy/.lake/packages/mathlib/.lake/build/lib/lean:/home/phrxmaz/Documents/CyberAlchemy/.lake/build/lib/lean /home/phrxmaz/.elan/toolchains/leanprover--lean4---v4.29.1/bin/lean /home/phrxmaz/Documents/CyberAlchemy/InfoPhysAxioms/ChiralCasimirCollapse.lean -o /home/phrxmaz/Documents/CyberAlchemy/.lake/build/lib/lean/InfoPhysAxioms/ChiralCasimirCollapse.olean -i /home/phrxmaz/Documents/CyberAlchemy/.lake/build/lib/lean/InfoPhysAxioms/ChiralCasimirCollapse.ilean -c /home/phrxmaz/Documents/CyberAlchemy/.lake/build/ir/InfoPhysAxioms/ChiralCasimirCollapse.c --setup /home/phrxmaz/Documents/CyberAlchemy/.lake/build/ir/InfoPhysAxioms/ChiralCasimirCollapse.setup.json --json
error: InfoPhysAxioms/ChiralCasimirCollapse.lean:2:0: invalid 'import' command, it must be used in the beginning of the file
error: Lean exited with code 1
✖ [359/414] Building InfoPhysAxioms.GoldenParity (180ms)
trace: .> LEAN_PATH=/home/phrxmaz/Documents/CyberAlchemy/.lake/packages/Cli/.lake/build/lib/lean:/home/phrxmaz/Documents/CyberAlchemy/.lake/packages/batteries/.lake/build/lib/lean:/home/phrxmaz/Documents/CyberAlchemy/.lake/packages/Qq/.lake/build/lib/lean:/home/phrxmaz/Documents/CyberAlchemy/.lake/packages/aesop/.lake/build/lib/lean:/home/phrxmaz/Documents/CyberAlchemy/.lake/packages/proofwidgets/.lake/build/lib/lean:/home/phrxmaz/Documents/CyberAlchemy/.lake/packages/importGraph/.lake/build/lib/lean:/home/phrxmaz/Documents/CyberAlchemy/.lake/packages/LeanSearchClient/.lake/build/lib/lean:/home/phrxmaz/Documents/CyberAlchemy/.lake/packages/plausible/.lake/build/lib/lean:/home/phrxmaz/Documents/CyberAlchemy/.lake/packages/mathlib/.lake/build/lib/lean:/home/phrxmaz/Documents/CyberAlchemy/.lake/build/lib/lean /home/phrxmaz/.elan/toolchains/leanprover--lean4---v4.29.1/bin/lean /home/phrxmaz/Documents/CyberAlchemy/InfoPhysAxioms/GoldenParity.lean -o /home/phrxmaz/Documents/CyberAlchemy/.lake/build/lib/lean/InfoPhysAxioms/GoldenParity.olean -i /home/phrxmaz/Documents/CyberAlchemy/.lake/build/lib/lean/InfoPhysAxioms/GoldenParity.ilean -c /home/phrxmaz/Documents/CyberAlchemy/.lake/build/ir/InfoPhysAxioms/GoldenParity.c --setup /home/phrxmaz/Documents/CyberAlchemy/.lake/build/ir/InfoPhysAxioms/GoldenParity.setup.json --json
error: InfoPhysAxioms/GoldenParity.lean:59:0: invalid 'import' command, it must be used in the beginning of the file
error: Lean exited with code 1
✖ [360/414] Building InfoPhysAxioms.ZetaAnalyticErasure (179ms)
trace: .> LEAN_PATH=/home/phrxmaz/Documents/CyberAlchemy/.lake/packages/Cli/.lake/build/lib/lean:/home/phrxmaz/Documents/CyberAlchemy/.lake/packages/batteries/.lake/build/lib/lean:/home/phrxmaz/Documents/CyberAlchemy/.lake/packages/Qq/.lake/build/lib/lean:/home/phrxmaz/Documents/CyberAlchemy/.lake/packages/aesop/.lake/build/lib/lean:/home/phrxmaz/Documents/CyberAlchemy/.lake/packages/proofwidgets/.lake/build/lib/lean:/home/phrxmaz/Documents/CyberAlchemy/.lake/packages/importGraph/.lake/build/lib/lean:/home/phrxmaz/Documents/CyberAlchemy/.lake/packages/LeanSearchClient/.lake/build/lib/lean:/home/phrxmaz/Documents/CyberAlchemy/.lake/packages/plausible/.lake/build/lib/lean:/home/phrxmaz/Documents/CyberAlchemy/.lake/packages/mathlib/.lake/build/lib/lean:/home/phrxmaz/Documents/CyberAlchemy/.lake/build/lib/lean /home/phrxmaz/.elan/toolchains/leanprover--lean4---v4.29.1/bin/lean /home/phrxmaz/Documents/CyberAlchemy/InfoPhysAxioms/ZetaAnalyticErasure.lean -o /home/phrxmaz/Documents/CyberAlchemy/.lake/build/lib/lean/InfoPhysAxioms/ZetaAnalyticErasure.olean -i /home/phrxmaz/Documents/CyberAlchemy/.lake/build/lib/lean/InfoPhysAxioms/ZetaAnalyticErasure.ilean -c /home/phrxmaz/Documents/CyberAlchemy/.lake/build/ir/InfoPhysAxioms/ZetaAnalyticErasure.c --setup /home/phrxmaz/Documents/CyberAlchemy/.lake/build/ir/InfoPhysAxioms/ZetaAnalyticErasure.setup.json --json
error: InfoPhysAxioms/ZetaAnalyticErasure.lean:2:0: invalid 'import' command, it must be used in the beginning of the file
error: Lean exited with code 1
✖ [361/414] Building InfoPhysAxioms.Chronogram (156ms)
trace: .> LEAN_PATH=/home/phrxmaz/Documents/CyberAlchemy/.lake/packages/Cli/.lake/build/lib/lean:/home/phrxmaz/Documents/CyberAlchemy/.lake/packages/batteries/.lake/build/lib/lean:/home/phrxmaz/Documents/CyberAlchemy/.lake/packages/Qq/.lake/build/lib/lean:/home/phrxmaz/Documents/CyberAlchemy/.lake/packages/aesop/.lake/build/lib/lean:/home/phrxmaz/Documents/CyberAlchemy/.lake/packages/proofwidgets/.lake/build/lib/lean:/home/phrxmaz/Documents/CyberAlchemy/.lake/packages/importGraph/.lake/build/lib/lean:/home/phrxmaz/Documents/CyberAlchemy/.lake/packages/LeanSearchClient/.lake/build/lib/lean:/home/phrxmaz/Documents/CyberAlchemy/.lake/packages/plausible/.lake/build/lib/lean:/home/phrxmaz/Documents/CyberAlchemy/.lake/packages/mathlib/.lake/build/lib/lean:/home/phrxmaz/Documents/CyberAlchemy/.lake/build/lib/lean /home/phrxmaz/.elan/toolchains/leanprover--lean4---v4.29.1/bin/lean /home/phrxmaz/Documents/CyberAlchemy/InfoPhysAxioms/Chronogram.lean -o /home/phrxmaz/Documents/CyberAlchemy/.lake/build/lib/lean/InfoPhysAxioms/Chronogram.olean -i /home/phrxmaz/Documents/CyberAlchemy/.lake/build/lib/lean/InfoPhysAxioms/Chronogram.ilean -c /home/phrxmaz/Documents/CyberAlchemy/.lake/build/ir/InfoPhysAxioms/Chronogram.c --setup /home/phrxmaz/Documents/CyberAlchemy/.lake/build/ir/InfoPhysAxioms/Chronogram.setup.json --json
error: InfoPhysAxioms/Chronogram.lean:2:0: invalid 'import' command, it must be used in the beginning of the file
error: Lean exited with code 1
✖ [362/414] Building InfoPhysAxioms.AntisymmetricHalting (211ms)
trace: .> LEAN_PATH=/home/phrxmaz/Documents/CyberAlchemy/.lake/packages/Cli/.lake/build/lib/lean:/home/phrxmaz/Documents/CyberAlchemy/.lake/packages/batteries/.lake/build/lib/lean:/home/phrxmaz/Documents/CyberAlchemy/.lake/packages/Qq/.lake/build/lib/lean:/home/phrxmaz/Documents/CyberAlchemy/.lake/packages/aesop/.lake/build/lib/lean:/home/phrxmaz/Documents/CyberAlchemy/.lake/packages/proofwidgets/.lake/build/lib/lean:/home/phrxmaz/Documents/CyberAlchemy/.lake/packages/importGraph/.lake/build/lib/lean:/home/phrxmaz/Documents/CyberAlchemy/.lake/packages/LeanSearchClient/.lake/build/lib/lean:/home/phrxmaz/Documents/CyberAlchemy/.lake/packages/plausible/.lake/build/lib/lean:/home/phrxmaz/Documents/CyberAlchemy/.lake/packages/mathlib/.lake/build/lib/lean:/home/phrxmaz/Documents/CyberAlchemy/.lake/build/lib/lean /home/phrxmaz/.elan/toolchains/leanprover--lean4---v4.29.1/bin/lean /home/phrxmaz/Documents/CyberAlchemy/InfoPhysAxioms/AntisymmetricHalting.lean -o /home/phrxmaz/Documents/CyberAlchemy/.lake/build/lib/lean/InfoPhysAxioms/AntisymmetricHalting.olean -i /home/phrxmaz/Documents/CyberAlchemy/.lake/build/lib/lean/InfoPhysAxioms/AntisymmetricHalting.ilean -c /home/phrxmaz/Documents/CyberAlchemy/.lake/build/ir/InfoPhysAxioms/AntisymmetricHalting.c --setup /home/phrxmaz/Documents/CyberAlchemy/.lake/build/ir/InfoPhysAxioms/AntisymmetricHalting.setup.json --json
error: InfoPhysAxioms/AntisymmetricHalting.lean:2:0: invalid 'import' command, it must be used in the beginning of the file
error: Lean exited with code 1
✖ [363/414] Building InfoPhysAxioms.RCCI_Interferometer (221ms)
trace: .> LEAN_PATH=/home/phrxmaz/Documents/CyberAlchemy/.lake/packages/Cli/.lake/build/lib/lean:/home/phrxmaz/Documents/CyberAlchemy/.lake/packages/batteries/.lake/build/lib/lean:/home/phrxmaz/Documents/CyberAlchemy/.lake/packages/Qq/.lake/build/lib/lean:/home/phrxmaz/Documents/CyberAlchemy/.lake/packages/aesop/.lake/build/lib/lean:/home/phrxmaz/Documents/CyberAlchemy/.lake/packages/proofwidgets/.lake/build/lib/lean:/home/phrxmaz/Documents/CyberAlchemy/.lake/packages/importGraph/.lake/build/lib/lean:/home/phrxmaz/Documents/CyberAlchemy/.lake/packages/LeanSearchClient/.lake/build/lib/lean:/home/phrxmaz/Documents/CyberAlchemy/.lake/packages/plausible/.lake/build/lib/lean:/home/phrxmaz/Documents/CyberAlchemy/.lake/packages/mathlib/.lake/build/lib/lean:/home/phrxmaz/Documents/CyberAlchemy/.lake/build/lib/lean /home/phrxmaz/.elan/toolchains/leanprover--lean4---v4.29.1/bin/lean /home/phrxmaz/Documents/CyberAlchemy/InfoPhysAxioms/RCCI_Interferometer.lean -o /home/phrxmaz/Documents/CyberAlchemy/.lake/build/lib/lean/InfoPhysAxioms/RCCI_Interferometer.olean -i /home/phrxmaz/Documents/CyberAlchemy/.lake/build/lib/lean/InfoPhysAxioms/RCCI_Interferometer.ilean -c /home/phrxmaz/Documents/CyberAlchemy/.lake/build/ir/InfoPhysAxioms/RCCI_Interferometer.c --setup /home/phrxmaz/Documents/CyberAlchemy/.lake/build/ir/InfoPhysAxioms/RCCI_Interferometer.setup.json --json
error: InfoPhysAxioms/RCCI_Interferometer.lean:2:0: invalid 'import' command, it must be used in the beginning of the file
error: Lean exited with code 1
✖ [364/414] Building InfoPhysAxioms.WarmBEC (240ms)
trace: .> LEAN_PATH=/home/phrxmaz/Documents/CyberAlchemy/.lake/packages/Cli/.lake/build/lib/lean:/home/phrxmaz/Documents/CyberAlchemy/.lake/packages/batteries/.lake/build/lib/lean:/home/phrxmaz/Documents/CyberAlchemy/.lake/packages/Qq/.lake/build/lib/lean:/home/phrxmaz/Documents/CyberAlchemy/.lake/packages/aesop/.lake/build/lib/lean:/home/phrxmaz/Documents/CyberAlchemy/.lake/packages/proofwidgets/.lake/build/lib/lean:/home/phrxmaz/Documents/CyberAlchemy/.lake/packages/importGraph/.lake/build/lib/lean:/home/phrxmaz/Documents/CyberAlchemy/.lake/packages/LeanSearchClient/.lake/build/lib/lean:/home/phrxmaz/Documents/CyberAlchemy/.lake/packages/plausible/.lake/build/lib/lean:/home/phrxmaz/Documents/CyberAlchemy/.lake/packages/mathlib/.lake/build/lib/lean:/home/phrxmaz/Documents/CyberAlchemy/.lake/build/lib/lean /home/phrxmaz/.elan/toolchains/leanprover--lean4---v4.29.1/bin/lean /home/phrxmaz/Documents/CyberAlchemy/InfoPhysAxioms/WarmBEC.lean -o /home/phrxmaz/Documents/CyberAlchemy/.lake/build/lib/lean/InfoPhysAxioms/WarmBEC.olean -i /home/phrxmaz/Documents/CyberAlchemy/.lake/build/lib/lean/InfoPhysAxioms/WarmBEC.ilean -c /home/phrxmaz/Documents/CyberAlchemy/.lake/build/ir/InfoPhysAxioms/WarmBEC.c --setup /home/phrxmaz/Documents/CyberAlchemy/.lake/build/ir/InfoPhysAxioms/WarmBEC.setup.json --json
error: InfoPhysAxioms/WarmBEC.lean:2:0: invalid 'import' command, it must be used in the beginning of the file
error: Lean exited with code 1
✖ [365/414] Building InfoPhysAxioms.ChronometricTriangle (210ms)
trace: .> LEAN_PATH=/home/phrxmaz/Documents/CyberAlchemy/.lake/packages/Cli/.lake/build/lib/lean:/home/phrxmaz/Documents/CyberAlchemy/.lake/packages/batteries/.lake/build/lib/lean:/home/phrxmaz/Documents/CyberAlchemy/.lake/packages/Qq/.lake/build/lib/lean:/home/phrxmaz/Documents/CyberAlchemy/.lake/packages/aesop/.lake/build/lib/lean:/home/phrxmaz/Documents/CyberAlchemy/.lake/packages/proofwidgets/.lake/build/lib/lean:/home/phrxmaz/Documents/CyberAlchemy/.lake/packages/importGraph/.lake/build/lib/lean:/home/phrxmaz/Documents/CyberAlchemy/.lake/packages/LeanSearchClient/.lake/build/lib/lean:/home/phrxmaz/Documents/CyberAlchemy/.lake/packages/plausible/.lake/build/lib/lean:/home/phrxmaz/Documents/CyberAlchemy/.lake/packages/mathlib/.lake/build/lib/lean:/home/phrxmaz/Documents/CyberAlchemy/.lake/build/lib/lean /home/phrxmaz/.elan/toolchains/leanprover--lean4---v4.29.1/bin/lean /home/phrxmaz/Documents/CyberAlchemy/InfoPhysAxioms/ChronometricTriangle.lean -o /home/phrxmaz/Documents/CyberAlchemy/.lake/build/lib/lean/InfoPhysAxioms/ChronometricTriangle.olean -i /home/phrxmaz/Documents/CyberAlchemy/.lake/build/lib/lean/InfoPhysAxioms/ChronometricTriangle.ilean -c /home/phrxmaz/Documents/CyberAlchemy/.lake/build/ir/InfoPhysAxioms/ChronometricTriangle.c --setup /home/phrxmaz/Documents/CyberAlchemy/.lake/build/ir/InfoPhysAxioms/ChronometricTriangle.setup.json --json
error: InfoPhysAxioms/ChronometricTriangle.lean:2:0: invalid 'import' command, it must be used in the beginning of the file
error: Lean exited with code 1
✖ [366/414] Building InfoPhysAxioms.StructuralMorphing (182ms)
trace: .> LEAN_PATH=/home/phrxmaz/Documents/CyberAlchemy/.lake/packages/Cli/.lake/build/lib/lean:/home/phrxmaz/Documents/CyberAlchemy/.lake/packages/batteries/.lake/build/lib/lean:/home/phrxmaz/Documents/CyberAlchemy/.lake/packages/Qq/.lake/build/lib/lean:/home/phrxmaz/Documents/CyberAlchemy/.lake/packages/aesop/.lake/build/lib/lean:/home/phrxmaz/Documents/CyberAlchemy/.lake/packages/proofwidgets/.lake/build/lib/lean:/home/phrxmaz/Documents/CyberAlchemy/.lake/packages/importGraph/.lake/build/lib/lean:/home/phrxmaz/Documents/CyberAlchemy/.lake/packages/LeanSearchClient/.lake/build/lib/lean:/home/phrxmaz/Documents/CyberAlchemy/.lake/packages/plausible/.lake/build/lib/lean:/home/phrxmaz/Documents/CyberAlchemy/.lake/packages/mathlib/.lake/build/lib/lean:/home/phrxmaz/Documents/CyberAlchemy/.lake/build/lib/lean /home/phrxmaz/.elan/toolchains/leanprover--lean4---v4.29.1/bin/lean /home/phrxmaz/Documents/CyberAlchemy/InfoPhysAxioms/StructuralMorphing.lean -o /home/phrxmaz/Documents/CyberAlchemy/.lake/build/lib/lean/InfoPhysAxioms/StructuralMorphing.olean -i /home/phrxmaz/Documents/CyberAlchemy/.lake/build/lib/lean/InfoPhysAxioms/StructuralMorphing.ilean -c /home/phrxmaz/Documents/CyberAlchemy/.lake/build/ir/InfoPhysAxioms/StructuralMorphing.c --setup /home/phrxmaz/Documents/CyberAlchemy/.lake/build/ir/InfoPhysAxioms/StructuralMorphing.setup.json --json
error: InfoPhysAxioms/StructuralMorphing.lean:2:0: invalid 'import' command, it must be used in the beginning of the file
error: Lean exited with code 1
✖ [367/414] Building InfoPhysAxioms.TarskianBridge (185ms)
trace: .> LEAN_PATH=/home/phrxmaz/Documents/CyberAlchemy/.lake/packages/Cli/.lake/build/lib/lean:/home/phrxmaz/Documents/CyberAlchemy/.lake/packages/batteries/.lake/build/lib/lean:/home/phrxmaz/Documents/CyberAlchemy/.lake/packages/Qq/.lake/build/lib/lean:/home/phrxmaz/Documents/CyberAlchemy/.lake/packages/aesop/.lake/build/lib/lean:/home/phrxmaz/Documents/CyberAlchemy/.lake/packages/proofwidgets/.lake/build/lib/lean:/home/phrxmaz/Documents/CyberAlchemy/.lake/packages/importGraph/.lake/build/lib/lean:/home/phrxmaz/Documents/CyberAlchemy/.lake/packages/LeanSearchClient/.lake/build/lib/lean:/home/phrxmaz/Documents/CyberAlchemy/.lake/packages/plausible/.lake/build/lib/lean:/home/phrxmaz/Documents/CyberAlchemy/.lake/packages/mathlib/.lake/build/lib/lean:/home/phrxmaz/Documents/CyberAlchemy/.lake/build/lib/lean /home/phrxmaz/.elan/toolchains/leanprover--lean4---v4.29.1/bin/lean /home/phrxmaz/Documents/CyberAlchemy/InfoPhysAxioms/TarskianBridge.lean -o /home/phrxmaz/Documents/CyberAlchemy/.lake/build/lib/lean/InfoPhysAxioms/TarskianBridge.olean -i /home/phrxmaz/Documents/CyberAlchemy/.lake/build/lib/lean/InfoPhysAxioms/TarskianBridge.ilean -c /home/phrxmaz/Documents/CyberAlchemy/.lake/build/ir/InfoPhysAxioms/TarskianBridge.c --setup /home/phrxmaz/Documents/CyberAlchemy/.lake/build/ir/InfoPhysAxioms/TarskianBridge.setup.json --json
error: InfoPhysAxioms/TarskianBridge.lean:2:0: invalid 'import' command, it must be used in the beginning of the file
error: Lean exited with code 1
✖ [368/414] Building InfoPhysAxioms.AnimaBridge (215ms)
trace: .> LEAN_PATH=/home/phrxmaz/Documents/CyberAlchemy/.lake/packages/Cli/.lake/build/lib/lean:/home/phrxmaz/Documents/CyberAlchemy/.lake/packages/batteries/.lake/build/lib/lean:/home/phrxmaz/Documents/CyberAlchemy/.lake/packages/Qq/.lake/build/lib/lean:/home/phrxmaz/Documents/CyberAlchemy/.lake/packages/aesop/.lake/build/lib/lean:/home/phrxmaz/Documents/CyberAlchemy/.lake/packages/proofwidgets/.lake/build/lib/lean:/home/phrxmaz/Documents/CyberAlchemy/.lake/packages/importGraph/.lake/build/lib/lean:/home/phrxmaz/Documents/CyberAlchemy/.lake/packages/LeanSearchClient/.lake/build/lib/lean:/home/phrxmaz/Documents/CyberAlchemy/.lake/packages/plausible/.lake/build/lib/lean:/home/phrxmaz/Documents/CyberAlchemy/.lake/packages/mathlib/.lake/build/lib/lean:/home/phrxmaz/Documents/CyberAlchemy/.lake/build/lib/lean /home/phrxmaz/.elan/toolchains/leanprover--lean4---v4.29.1/bin/lean /home/phrxmaz/Documents/CyberAlchemy/InfoPhysAxioms/AnimaBridge.lean -o /home/phrxmaz/Documents/CyberAlchemy/.lake/build/lib/lean/InfoPhysAxioms/AnimaBridge.olean -i /home/phrxmaz/Documents/CyberAlchemy/.lake/build/lib/lean/InfoPhysAxioms/AnimaBridge.ilean -c /home/phrxmaz/Documents/CyberAlchemy/.lake/build/ir/InfoPhysAxioms/AnimaBridge.c --setup /home/phrxmaz/Documents/CyberAlchemy/.lake/build/ir/InfoPhysAxioms/AnimaBridge.setup.json --json
error: InfoPhysAxioms/AnimaBridge.lean:2:0: invalid 'import' command, it must be used in the beginning of the file
error: Lean exited with code 1
✖ [369/414] Building InfoPhysAxioms.LithiumNiobateResonance (205ms)
trace: .> LEAN_PATH=/home/phrxmaz/Documents/CyberAlchemy/.lake/packages/Cli/.lake/build/lib/lean:/home/phrxmaz/Documents/CyberAlchemy/.lake/packages/batteries/.lake/build/lib/lean:/home/phrxmaz/Documents/CyberAlchemy/.lake/packages/Qq/.lake/build/lib/lean:/home/phrxmaz/Documents/CyberAlchemy/.lake/packages/aesop/.lake/build/lib/lean:/home/phrxmaz/Documents/CyberAlchemy/.lake/packages/proofwidgets/.lake/build/lib/lean:/home/phrxmaz/Documents/CyberAlchemy/.lake/packages/importGraph/.lake/build/lib/lean:/home/phrxmaz/Documents/CyberAlchemy/.lake/packages/LeanSearchClient/.lake/build/lib/lean:/home/phrxmaz/Documents/CyberAlchemy/.lake/packages/plausible/.lake/build/lib/lean:/home/phrxmaz/Documents/CyberAlchemy/.lake/packages/mathlib/.lake/build/lib/lean:/home/phrxmaz/Documents/CyberAlchemy/.lake/build/lib/lean /home/phrxmaz/.elan/toolchains/leanprover--lean4---v4.29.1/bin/lean /home/phrxmaz/Documents/CyberAlchemy/InfoPhysAxioms/LithiumNiobateResonance.lean -o /home/phrxmaz/Documents/CyberAlchemy/.lake/build/lib/lean/InfoPhysAxioms/LithiumNiobateResonance.olean -i /home/phrxmaz/Documents/CyberAlchemy/.lake/build/lib/lean/InfoPhysAxioms/LithiumNiobateResonance.ilean -c /home/phrxmaz/Documents/CyberAlchemy/.lake/build/ir/InfoPhysAxioms/LithiumNiobateResonance.c --setup /home/phrxmaz/Documents/CyberAlchemy/.lake/build/ir/InfoPhysAxioms/LithiumNiobateResonance.setup.json --json
error: InfoPhysAxioms/LithiumNiobateResonance.lean:2:0: invalid 'import' command, it must be used in the beginning of the file
error: Lean exited with code 1
✖ [370/414] Building InfoPhysAxioms.NitrogenCooling (184ms)
trace: .> LEAN_PATH=/home/phrxmaz/Documents/CyberAlchemy/.lake/packages/Cli/.lake/build/lib/lean:/home/phrxmaz/Documents/CyberAlchemy/.lake/packages/batteries/.lake/build/lib/lean:/home/phrxmaz/Documents/CyberAlchemy/.lake/packages/Qq/.lake/build/lib/lean:/home/phrxmaz/Documents/CyberAlchemy/.lake/packages/aesop/.lake/build/lib/lean:/home/phrxmaz/Documents/CyberAlchemy/.lake/packages/proofwidgets/.lake/build/lib/lean:/home/phrxmaz/Documents/CyberAlchemy/.lake/packages/importGraph/.lake/build/lib/lean:/home/phrxmaz/Documents/CyberAlchemy/.lake/packages/LeanSearchClient/.lake/build/lib/lean:/home/phrxmaz/Documents/CyberAlchemy/.lake/packages/plausible/.lake/build/lib/lean:/home/phrxmaz/Documents/CyberAlchemy/.lake/packages/mathlib/.lake/build/lib/lean:/home/phrxmaz/Documents/CyberAlchemy/.lake/build/lib/lean /home/phrxmaz/.elan/toolchains/leanprover--lean4---v4.29.1/bin/lean /home/phrxmaz/Documents/CyberAlchemy/InfoPhysAxioms/NitrogenCooling.lean -o /home/phrxmaz/Documents/CyberAlchemy/.lake/build/lib/lean/InfoPhysAxioms/NitrogenCooling.olean -i /home/phrxmaz/Documents/CyberAlchemy/.lake/build/lib/lean/InfoPhysAxioms/NitrogenCooling.ilean -c /home/phrxmaz/Documents/CyberAlchemy/.lake/build/ir/InfoPhysAxioms/NitrogenCooling.c --setup /home/phrxmaz/Documents/CyberAlchemy/.lake/build/ir/InfoPhysAxioms/NitrogenCooling.setup.json --json
error: InfoPhysAxioms/NitrogenCooling.lean:2:0: invalid 'import' command, it must be used in the beginning of the file
error: Lean exited with code 1
✖ [371/414] Building InfoPhysAxioms.PartitionPrimeFilter (164ms)
trace: .> LEAN_PATH=/home/phrxmaz/Documents/CyberAlchemy/.lake/packages/Cli/.lake/build/lib/lean:/home/phrxmaz/Documents/CyberAlchemy/.lake/packages/batteries/.lake/build/lib/lean:/home/phrxmaz/Documents/CyberAlchemy/.lake/packages/Qq/.lake/build/lib/lean:/home/phrxmaz/Documents/CyberAlchemy/.lake/packages/aesop/.lake/build/lib/lean:/home/phrxmaz/Documents/CyberAlchemy/.lake/packages/proofwidgets/.lake/build/lib/lean:/home/phrxmaz/Documents/CyberAlchemy/.lake/packages/importGraph/.lake/build/lib/lean:/home/phrxmaz/Documents/CyberAlchemy/.lake/packages/LeanSearchClient/.lake/build/lib/lean:/home/phrxmaz/Documents/CyberAlchemy/.lake/packages/plausible/.lake/build/lib/lean:/home/phrxmaz/Documents/CyberAlchemy/.lake/packages/mathlib/.lake/build/lib/lean:/home/phrxmaz/Documents/CyberAlchemy/.lake/build/lib/lean /home/phrxmaz/.elan/toolchains/leanprover--lean4---v4.29.1/bin/lean /home/phrxmaz/Documents/CyberAlchemy/InfoPhysAxioms/PartitionPrimeFilter.lean -o /home/phrxmaz/Documents/CyberAlchemy/.lake/build/lib/lean/InfoPhysAxioms/PartitionPrimeFilter.olean -i /home/phrxmaz/Documents/CyberAlchemy/.lake/build/lib/lean/InfoPhysAxioms/PartitionPrimeFilter.ilean -c /home/phrxmaz/Documents/CyberAlchemy/.lake/build/ir/InfoPhysAxioms/PartitionPrimeFilter.c --setup /home/phrxmaz/Documents/CyberAlchemy/.lake/build/ir/InfoPhysAxioms/PartitionPrimeFilter.setup.json --json
error: InfoPhysAxioms/PartitionPrimeFilter.lean:2:0: invalid 'import' command, it must be used in the beginning of the file
error: Lean exited with code 1
✖ [372/414] Building InfoPhysAxioms.DiscretePropulsion (193ms)
trace: .> LEAN_PATH=/home/phrxmaz/Documents/CyberAlchemy/.lake/packages/Cli/.lake/build/lib/lean:/home/phrxmaz/Documents/CyberAlchemy/.lake/packages/batteries/.lake/build/lib/lean:/home/phrxmaz/Documents/CyberAlchemy/.lake/packages/Qq/.lake/build/lib/lean:/home/phrxmaz/Documents/CyberAlchemy/.lake/packages/aesop/.lake/build/lib/lean:/home/phrxmaz/Documents/CyberAlchemy/.lake/packages/proofwidgets/.lake/build/lib/lean:/home/phrxmaz/Documents/CyberAlchemy/.lake/packages/importGraph/.lake/build/lib/lean:/home/phrxmaz/Documents/CyberAlchemy/.lake/packages/LeanSearchClient/.lake/build/lib/lean:/home/phrxmaz/Documents/CyberAlchemy/.lake/packages/plausible/.lake/build/lib/lean:/home/phrxmaz/Documents/CyberAlchemy/.lake/packages/mathlib/.lake/build/lib/lean:/home/phrxmaz/Documents/CyberAlchemy/.lake/build/lib/lean /home/phrxmaz/.elan/toolchains/leanprover--lean4---v4.29.1/bin/lean /home/phrxmaz/Documents/CyberAlchemy/InfoPhysAxioms/DiscretePropulsion.lean -o /home/phrxmaz/Documents/CyberAlchemy/.lake/build/lib/lean/InfoPhysAxioms/DiscretePropulsion.olean -i /home/phrxmaz/Documents/CyberAlchemy/.lake/build/lib/lean/InfoPhysAxioms/DiscretePropulsion.ilean -c /home/phrxmaz/Documents/CyberAlchemy/.lake/build/ir/InfoPhysAxioms/DiscretePropulsion.c --setup /home/phrxmaz/Documents/CyberAlchemy/.lake/build/ir/InfoPhysAxioms/DiscretePropulsion.setup.json --json
error: InfoPhysAxioms/DiscretePropulsion.lean:2:0: invalid 'import' command, it must be used in the beginning of the file
error: Lean exited with code 1
✖ [373/414] Building InfoPhysAxioms.JungianComplete (238ms)
trace: .> LEAN_PATH=/home/phrxmaz/Documents/CyberAlchemy/.lake/packages/Cli/.lake/build/lib/lean:/home/phrxmaz/Documents/CyberAlchemy/.lake/packages/batteries/.lake/build/lib/lean:/home/phrxmaz/Documents/CyberAlchemy/.lake/packages/Qq/.lake/build/lib/lean:/home/phrxmaz/Documents/CyberAlchemy/.lake/packages/aesop/.lake/build/lib/lean:/home/phrxmaz/Documents/CyberAlchemy/.lake/packages/proofwidgets/.lake/build/lib/lean:/home/phrxmaz/Documents/CyberAlchemy/.lake/packages/importGraph/.lake/build/lib/lean:/home/phrxmaz/Documents/CyberAlchemy/.lake/packages/LeanSearchClient/.lake/build/lib/lean:/home/phrxmaz/Documents/CyberAlchemy/.lake/packages/plausible/.lake/build/lib/lean:/home/phrxmaz/Documents/CyberAlchemy/.lake/packages/mathlib/.lake/build/lib/lean:/home/phrxmaz/Documents/CyberAlchemy/.lake/build/lib/lean /home/phrxmaz/.elan/toolchains/leanprover--lean4---v4.29.1/bin/lean /home/phrxmaz/Documents/CyberAlchemy/InfoPhysAxioms/JungianComplete.lean -o /home/phrxmaz/Documents/CyberAlchemy/.lake/build/lib/lean/InfoPhysAxioms/JungianComplete.olean -i /home/phrxmaz/Documents/CyberAlchemy/.lake/build/lib/lean/InfoPhysAxioms/JungianComplete.ilean -c /home/phrxmaz/Documents/CyberAlchemy/.lake/build/ir/InfoPhysAxioms/JungianComplete.c --setup /home/phrxmaz/Documents/CyberAlchemy/.lake/build/ir/InfoPhysAxioms/JungianComplete.setup.json --json
error: InfoPhysAxioms/JungianComplete.lean:2:0: invalid 'import' command, it must be used in the beginning of the file
error: Lean exited with code 1
✖ [374/414] Building InfoPhysAxioms.PlatonicCompute (193ms)
trace: .> LEAN_PATH=/home/phrxmaz/Documents/CyberAlchemy/.lake/packages/Cli/.lake/build/lib/lean:/home/phrxmaz/Documents/CyberAlchemy/.lake/packages/batteries/.lake/build/lib/lean:/home/phrxmaz/Documents/CyberAlchemy/.lake/packages/Qq/.lake/build/lib/lean:/home/phrxmaz/Documents/CyberAlchemy/.lake/packages/aesop/.lake/build/lib/lean:/home/phrxmaz/Documents/CyberAlchemy/.lake/packages/proofwidgets/.lake/build/lib/lean:/home/phrxmaz/Documents/CyberAlchemy/.lake/packages/importGraph/.lake/build/lib/lean:/home/phrxmaz/Documents/CyberAlchemy/.lake/packages/LeanSearchClient/.lake/build/lib/lean:/home/phrxmaz/Documents/CyberAlchemy/.lake/packages/plausible/.lake/build/lib/lean:/home/phrxmaz/Documents/CyberAlchemy/.lake/packages/mathlib/.lake/build/lib/lean:/home/phrxmaz/Documents/CyberAlchemy/.lake/build/lib/lean /home/phrxmaz/.elan/toolchains/leanprover--lean4---v4.29.1/bin/lean /home/phrxmaz/Documents/CyberAlchemy/InfoPhysAxioms/PlatonicCompute.lean -o /home/phrxmaz/Documents/CyberAlchemy/.lake/build/lib/lean/InfoPhysAxioms/PlatonicCompute.olean -i /home/phrxmaz/Documents/CyberAlchemy/.lake/build/lib/lean/InfoPhysAxioms/PlatonicCompute.ilean -c /home/phrxmaz/Documents/CyberAlchemy/.lake/build/ir/InfoPhysAxioms/PlatonicCompute.c --setup /home/phrxmaz/Documents/CyberAlchemy/.lake/build/ir/InfoPhysAxioms/PlatonicCompute.setup.json --json
error: InfoPhysAxioms/PlatonicCompute.lean:2:0: invalid 'import' command, it must be used in the beginning of the file
error: Lean exited with code 1
✖ [375/414] Building InfoPhysAxioms.BiophysicalConstants (232ms)
trace: .> LEAN_PATH=/home/phrxmaz/Documents/CyberAlchemy/.lake/packages/Cli/.lake/build/lib/lean:/home/phrxmaz/Documents/CyberAlchemy/.lake/packages/batteries/.lake/build/lib/lean:/home/phrxmaz/Documents/CyberAlchemy/.lake/packages/Qq/.lake/build/lib/lean:/home/phrxmaz/Documents/CyberAlchemy/.lake/packages/aesop/.lake/build/lib/lean:/home/phrxmaz/Documents/CyberAlchemy/.lake/packages/proofwidgets/.lake/build/lib/lean:/home/phrxmaz/Documents/CyberAlchemy/.lake/packages/importGraph/.lake/build/lib/lean:/home/phrxmaz/Documents/CyberAlchemy/.lake/packages/LeanSearchClient/.lake/build/lib/lean:/home/phrxmaz/Documents/CyberAlchemy/.lake/packages/plausible/.lake/build/lib/lean:/home/phrxmaz/Documents/CyberAlchemy/.lake/packages/mathlib/.lake/build/lib/lean:/home/phrxmaz/Documents/CyberAlchemy/.lake/build/lib/lean /home/phrxmaz/.elan/toolchains/leanprover--lean4---v4.29.1/bin/lean /home/phrxmaz/Documents/CyberAlchemy/InfoPhysAxioms/BiophysicalConstants.lean -o /home/phrxmaz/Documents/CyberAlchemy/.lake/build/lib/lean/InfoPhysAxioms/BiophysicalConstants.olean -i /home/phrxmaz/Documents/CyberAlchemy/.lake/build/lib/lean/InfoPhysAxioms/BiophysicalConstants.ilean -c /home/phrxmaz/Documents/CyberAlchemy/.lake/build/ir/InfoPhysAxioms/BiophysicalConstants.c --setup /home/phrxmaz/Documents/CyberAlchemy/.lake/build/ir/InfoPhysAxioms/BiophysicalConstants.setup.json --json
error: InfoPhysAxioms/BiophysicalConstants.lean:2:0: invalid 'import' command, it must be used in the beginning of the file
error: Lean exited with code 1
✖ [376/414] Building InfoPhysAxioms.VonNeumannEnvelope (212ms)
trace: .> LEAN_PATH=/home/phrxmaz/Documents/CyberAlchemy/.lake/packages/Cli/.lake/build/lib/lean:/home/phrxmaz/Documents/CyberAlchemy/.lake/packages/batteries/.lake/build/lib/lean:/home/phrxmaz/Documents/CyberAlchemy/.lake/packages/Qq/.lake/build/lib/lean:/home/phrxmaz/Documents/CyberAlchemy/.lake/packages/aesop/.lake/build/lib/lean:/home/phrxmaz/Documents/CyberAlchemy/.lake/packages/proofwidgets/.lake/build/lib/lean:/home/phrxmaz/Documents/CyberAlchemy/.lake/packages/importGraph/.lake/build/lib/lean:/home/phrxmaz/Documents/CyberAlchemy/.lake/packages/LeanSearchClient/.lake/build/lib/lean:/home/phrxmaz/Documents/CyberAlchemy/.lake/packages/plausible/.lake/build/lib/lean:/home/phrxmaz/Documents/CyberAlchemy/.lake/packages/mathlib/.lake/build/lib/lean:/home/phrxmaz/Documents/CyberAlchemy/.lake/build/lib/lean /home/phrxmaz/.elan/toolchains/leanprover--lean4---v4.29.1/bin/lean /home/phrxmaz/Documents/CyberAlchemy/InfoPhysAxioms/VonNeumannEnvelope.lean -o /home/phrxmaz/Documents/CyberAlchemy/.lake/build/lib/lean/InfoPhysAxioms/VonNeumannEnvelope.olean -i /home/phrxmaz/Documents/CyberAlchemy/.lake/build/lib/lean/InfoPhysAxioms/VonNeumannEnvelope.ilean -c /home/phrxmaz/Documents/CyberAlchemy/.lake/build/ir/InfoPhysAxioms/VonNeumannEnvelope.c --setup /home/phrxmaz/Documents/CyberAlchemy/.lake/build/ir/InfoPhysAxioms/VonNeumannEnvelope.setup.json --json
error: InfoPhysAxioms/VonNeumannEnvelope.lean:2:0: invalid 'import' command, it must be used in the beginning of the file
error: Lean exited with code 1
✖ [377/414] Building InfoPhysAxioms.VendergoodTranslation (162ms)
trace: .> LEAN_PATH=/home/phrxmaz/Documents/CyberAlchemy/.lake/packages/Cli/.lake/build/lib/lean:/home/phrxmaz/Documents/CyberAlchemy/.lake/packages/batteries/.lake/build/lib/lean:/home/phrxmaz/Documents/CyberAlchemy/.lake/packages/Qq/.lake/build/lib/lean:/home/phrxmaz/Documents/CyberAlchemy/.lake/packages/aesop/.lake/build/lib/lean:/home/phrxmaz/Documents/CyberAlchemy/.lake/packages/proofwidgets/.lake/build/lib/lean:/home/phrxmaz/Documents/CyberAlchemy/.lake/packages/importGraph/.lake/build/lib/lean:/home/phrxmaz/Documents/CyberAlchemy/.lake/packages/LeanSearchClient/.lake/build/lib/lean:/home/phrxmaz/Documents/CyberAlchemy/.lake/packages/plausible/.lake/build/lib/lean:/home/phrxmaz/Documents/CyberAlchemy/.lake/packages/mathlib/.lake/build/lib/lean:/home/phrxmaz/Documents/CyberAlchemy/.lake/build/lib/lean /home/phrxmaz/.elan/toolchains/leanprover--lean4---v4.29.1/bin/lean /home/phrxmaz/Documents/CyberAlchemy/InfoPhysAxioms/VendergoodTranslation.lean -o /home/phrxmaz/Documents/CyberAlchemy/.lake/build/lib/lean/InfoPhysAxioms/VendergoodTranslation.olean -i /home/phrxmaz/Documents/CyberAlchemy/.lake/build/lib/lean/InfoPhysAxioms/VendergoodTranslation.ilean -c /home/phrxmaz/Documents/CyberAlchemy/.lake/build/ir/InfoPhysAxioms/VendergoodTranslation.c --setup /home/phrxmaz/Documents/CyberAlchemy/.lake/build/ir/InfoPhysAxioms/VendergoodTranslation.setup.json --json
error: InfoPhysAxioms/VendergoodTranslation.lean:2:0: invalid 'import' command, it must be used in the beginning of the file
error: Lean exited with code 1
✖ [378/414] Building InfoPhysAxioms.IsotopicArchetypes (226ms)
trace: .> LEAN_PATH=/home/phrxmaz/Documents/CyberAlchemy/.lake/packages/Cli/.lake/build/lib/lean:/home/phrxmaz/Documents/CyberAlchemy/.lake/packages/batteries/.lake/build/lib/lean:/home/phrxmaz/Documents/CyberAlchemy/.lake/packages/Qq/.lake/build/lib/lean:/home/phrxmaz/Documents/CyberAlchemy/.lake/packages/aesop/.lake/build/lib/lean:/home/phrxmaz/Documents/CyberAlchemy/.lake/packages/proofwidgets/.lake/build/lib/lean:/home/phrxmaz/Documents/CyberAlchemy/.lake/packages/importGraph/.lake/build/lib/lean:/home/phrxmaz/Documents/CyberAlchemy/.lake/packages/LeanSearchClient/.lake/build/lib/lean:/home/phrxmaz/Documents/CyberAlchemy/.lake/packages/plausible/.lake/build/lib/lean:/home/phrxmaz/Documents/CyberAlchemy/.lake/packages/mathlib/.lake/build/lib/lean:/home/phrxmaz/Documents/CyberAlchemy/.lake/build/lib/lean /home/phrxmaz/.elan/toolchains/leanprover--lean4---v4.29.1/bin/lean /home/phrxmaz/Documents/CyberAlchemy/InfoPhysAxioms/IsotopicArchetypes.lean -o /home/phrxmaz/Documents/CyberAlchemy/.lake/build/lib/lean/InfoPhysAxioms/IsotopicArchetypes.olean -i /home/phrxmaz/Documents/CyberAlchemy/.lake/build/lib/lean/InfoPhysAxioms/IsotopicArchetypes.ilean -c /home/phrxmaz/Documents/CyberAlchemy/.lake/build/ir/InfoPhysAxioms/IsotopicArchetypes.c --setup /home/phrxmaz/Documents/CyberAlchemy/.lake/build/ir/InfoPhysAxioms/IsotopicArchetypes.setup.json --json
error: InfoPhysAxioms/IsotopicArchetypes.lean:2:0: invalid 'import' command, it must be used in the beginning of the file
error: Lean exited with code 1
✖ [379/414] Building InfoPhysAxioms.RoyalJellyResonance (194ms)
trace: .> LEAN_PATH=/home/phrxmaz/Documents/CyberAlchemy/.lake/packages/Cli/.lake/build/lib/lean:/home/phrxmaz/Documents/CyberAlchemy/.lake/packages/batteries/.lake/build/lib/lean:/home/phrxmaz/Documents/CyberAlchemy/.lake/packages/Qq/.lake/build/lib/lean:/home/phrxmaz/Documents/CyberAlchemy/.lake/packages/aesop/.lake/build/lib/lean:/home/phrxmaz/Documents/CyberAlchemy/.lake/packages/proofwidgets/.lake/build/lib/lean:/home/phrxmaz/Documents/CyberAlchemy/.lake/packages/importGraph/.lake/build/lib/lean:/home/phrxmaz/Documents/CyberAlchemy/.lake/packages/LeanSearchClient/.lake/build/lib/lean:/home/phrxmaz/Documents/CyberAlchemy/.lake/packages/plausible/.lake/build/lib/lean:/home/phrxmaz/Documents/CyberAlchemy/.lake/packages/mathlib/.lake/build/lib/lean:/home/phrxmaz/Documents/CyberAlchemy/.lake/build/lib/lean /home/phrxmaz/.elan/toolchains/leanprover--lean4---v4.29.1/bin/lean /home/phrxmaz/Documents/CyberAlchemy/InfoPhysAxioms/RoyalJellyResonance.lean -o /home/phrxmaz/Documents/CyberAlchemy/.lake/build/lib/lean/InfoPhysAxioms/RoyalJellyResonance.olean -i /home/phrxmaz/Documents/CyberAlchemy/.lake/build/lib/lean/InfoPhysAxioms/RoyalJellyResonance.ilean -c /home/phrxmaz/Documents/CyberAlchemy/.lake/build/ir/InfoPhysAxioms/RoyalJellyResonance.c --setup /home/phrxmaz/Documents/CyberAlchemy/.lake/build/ir/InfoPhysAxioms/RoyalJellyResonance.setup.json --json
error: InfoPhysAxioms/RoyalJellyResonance.lean:2:0: invalid 'import' command, it must be used in the beginning of the file
error: Lean exited with code 1
✖ [380/414] Building InfoPhysAxioms.JungianTierComposition (205ms)
trace: .> LEAN_PATH=/home/phrxmaz/Documents/CyberAlchemy/.lake/packages/Cli/.lake/build/lib/lean:/home/phrxmaz/Documents/CyberAlchemy/.lake/packages/batteries/.lake/build/lib/lean:/home/phrxmaz/Documents/CyberAlchemy/.lake/packages/Qq/.lake/build/lib/lean:/home/phrxmaz/Documents/CyberAlchemy/.lake/packages/aesop/.lake/build/lib/lean:/home/phrxmaz/Documents/CyberAlchemy/.lake/packages/proofwidgets/.lake/build/lib/lean:/home/phrxmaz/Documents/CyberAlchemy/.lake/packages/importGraph/.lake/build/lib/lean:/home/phrxmaz/Documents/CyberAlchemy/.lake/packages/LeanSearchClient/.lake/build/lib/lean:/home/phrxmaz/Documents/CyberAlchemy/.lake/packages/plausible/.lake/build/lib/lean:/home/phrxmaz/Documents/CyberAlchemy/.lake/packages/mathlib/.lake/build/lib/lean:/home/phrxmaz/Documents/CyberAlchemy/.lake/build/lib/lean /home/phrxmaz/.elan/toolchains/leanprover--lean4---v4.29.1/bin/lean /home/phrxmaz/Documents/CyberAlchemy/InfoPhysAxioms/JungianTierComposition.lean -o /home/phrxmaz/Documents/CyberAlchemy/.lake/build/lib/lean/InfoPhysAxioms/JungianTierComposition.olean -i /home/phrxmaz/Documents/CyberAlchemy/.lake/build/lib/lean/InfoPhysAxioms/JungianTierComposition.ilean -c /home/phrxmaz/Documents/CyberAlchemy/.lake/build/ir/InfoPhysAxioms/JungianTierComposition.c --setup /home/phrxmaz/Documents/CyberAlchemy/.lake/build/ir/InfoPhysAxioms/JungianTierComposition.setup.json --json
error: InfoPhysAxioms/JungianTierComposition.lean:2:0: invalid 'import' command, it must be used in the beginning of the file
error: Lean exited with code 1
✖ [381/414] Building InfoPhysAxioms.DarkMatterGenesis (216ms)
trace: .> LEAN_PATH=/home/phrxmaz/Documents/CyberAlchemy/.lake/packages/Cli/.lake/build/lib/lean:/home/phrxmaz/Documents/CyberAlchemy/.lake/packages/batteries/.lake/build/lib/lean:/home/phrxmaz/Documents/CyberAlchemy/.lake/packages/Qq/.lake/build/lib/lean:/home/phrxmaz/Documents/CyberAlchemy/.lake/packages/aesop/.lake/build/lib/lean:/home/phrxmaz/Documents/CyberAlchemy/.lake/packages/proofwidgets/.lake/build/lib/lean:/home/phrxmaz/Documents/CyberAlchemy/.lake/packages/importGraph/.lake/build/lib/lean:/home/phrxmaz/Documents/CyberAlchemy/.lake/packages/LeanSearchClient/.lake/build/lib/lean:/home/phrxmaz/Documents/CyberAlchemy/.lake/packages/plausible/.lake/build/lib/lean:/home/phrxmaz/Documents/CyberAlchemy/.lake/packages/mathlib/.lake/build/lib/lean:/home/phrxmaz/Documents/CyberAlchemy/.lake/build/lib/lean /home/phrxmaz/.elan/toolchains/leanprover--lean4---v4.29.1/bin/lean /home/phrxmaz/Documents/CyberAlchemy/InfoPhysAxioms/DarkMatterGenesis.lean -o /home/phrxmaz/Documents/CyberAlchemy/.lake/build/lib/lean/InfoPhysAxioms/DarkMatterGenesis.olean -i /home/phrxmaz/Documents/CyberAlchemy/.lake/build/lib/lean/InfoPhysAxioms/DarkMatterGenesis.ilean -c /home/phrxmaz/Documents/CyberAlchemy/.lake/build/ir/InfoPhysAxioms/DarkMatterGenesis.c --setup /home/phrxmaz/Documents/CyberAlchemy/.lake/build/ir/InfoPhysAxioms/DarkMatterGenesis.setup.json --json
error: InfoPhysAxioms/DarkMatterGenesis.lean:2:0: invalid 'import' command, it must be used in the beginning of the file
error: Lean exited with code 1
✖ [382/414] Building InfoPhysAxioms.BerryKeatingBridge (179ms)
trace: .> LEAN_PATH=/home/phrxmaz/Documents/CyberAlchemy/.lake/packages/Cli/.lake/build/lib/lean:/home/phrxmaz/Documents/CyberAlchemy/.lake/packages/batteries/.lake/build/lib/lean:/home/phrxmaz/Documents/CyberAlchemy/.lake/packages/Qq/.lake/build/lib/lean:/home/phrxmaz/Documents/CyberAlchemy/.lake/packages/aesop/.lake/build/lib/lean:/home/phrxmaz/Documents/CyberAlchemy/.lake/packages/proofwidgets/.lake/build/lib/lean:/home/phrxmaz/Documents/CyberAlchemy/.lake/packages/importGraph/.lake/build/lib/lean:/home/phrxmaz/Documents/CyberAlchemy/.lake/packages/LeanSearchClient/.lake/build/lib/lean:/home/phrxmaz/Documents/CyberAlchemy/.lake/packages/plausible/.lake/build/lib/lean:/home/phrxmaz/Documents/CyberAlchemy/.lake/packages/mathlib/.lake/build/lib/lean:/home/phrxmaz/Documents/CyberAlchemy/.lake/build/lib/lean /home/phrxmaz/.elan/toolchains/leanprover--lean4---v4.29.1/bin/lean /home/phrxmaz/Documents/CyberAlchemy/InfoPhysAxioms/BerryKeatingBridge.lean -o /home/phrxmaz/Documents/CyberAlchemy/.lake/build/lib/lean/InfoPhysAxioms/BerryKeatingBridge.olean -i /home/phrxmaz/Documents/CyberAlchemy/.lake/build/lib/lean/InfoPhysAxioms/BerryKeatingBridge.ilean -c /home/phrxmaz/Documents/CyberAlchemy/.lake/build/ir/InfoPhysAxioms/BerryKeatingBridge.c --setup /home/phrxmaz/Documents/CyberAlchemy/.lake/build/ir/InfoPhysAxioms/BerryKeatingBridge.setup.json --json
error: InfoPhysAxioms/BerryKeatingBridge.lean:2:0: invalid 'import' command, it must be used in the beginning of the file
error: Lean exited with code 1
✖ [383/414] Building InfoPhysAxioms.GaloisFieldQT (129ms)
trace: .> LEAN_PATH=/home/phrxmaz/Documents/CyberAlchemy/.lake/packages/Cli/.lake/build/lib/lean:/home/phrxmaz/Documents/CyberAlchemy/.lake/packages/batteries/.lake/build/lib/lean:/home/phrxmaz/Documents/CyberAlchemy/.lake/packages/Qq/.lake/build/lib/lean:/home/phrxmaz/Documents/CyberAlchemy/.lake/packages/aesop/.lake/build/lib/lean:/home/phrxmaz/Documents/CyberAlchemy/.lake/packages/proofwidgets/.lake/build/lib/lean:/home/phrxmaz/Documents/CyberAlchemy/.lake/packages/importGraph/.lake/build/lib/lean:/home/phrxmaz/Documents/CyberAlchemy/.lake/packages/LeanSearchClient/.lake/build/lib/lean:/home/phrxmaz/Documents/CyberAlchemy/.lake/packages/plausible/.lake/build/lib/lean:/home/phrxmaz/Documents/CyberAlchemy/.lake/packages/mathlib/.lake/build/lib/lean:/home/phrxmaz/Documents/CyberAlchemy/.lake/build/lib/lean /home/phrxmaz/.elan/toolchains/leanprover--lean4---v4.29.1/bin/lean /home/phrxmaz/Documents/CyberAlchemy/InfoPhysAxioms/GaloisFieldQT.lean -o /home/phrxmaz/Documents/CyberAlchemy/.lake/build/lib/lean/InfoPhysAxioms/GaloisFieldQT.olean -i /home/phrxmaz/Documents/CyberAlchemy/.lake/build/lib/lean/InfoPhysAxioms/GaloisFieldQT.ilean -c /home/phrxmaz/Documents/CyberAlchemy/.lake/build/ir/InfoPhysAxioms/GaloisFieldQT.c --setup /home/phrxmaz/Documents/CyberAlchemy/.lake/build/ir/InfoPhysAxioms/GaloisFieldQT.setup.json --json
error: InfoPhysAxioms/GaloisFieldQT.lean:2:0: invalid 'import' command, it must be used in the beginning of the file
error: Lean exited with code 1
✖ [384/414] Building InfoPhysAxioms.HexadecimalBoundary (176ms)
trace: .> LEAN_PATH=/home/phrxmaz/Documents/CyberAlchemy/.lake/packages/Cli/.lake/build/lib/lean:/home/phrxmaz/Documents/CyberAlchemy/.lake/packages/batteries/.lake/build/lib/lean:/home/phrxmaz/Documents/CyberAlchemy/.lake/packages/Qq/.lake/build/lib/lean:/home/phrxmaz/Documents/CyberAlchemy/.lake/packages/aesop/.lake/build/lib/lean:/home/phrxmaz/Documents/CyberAlchemy/.lake/packages/proofwidgets/.lake/build/lib/lean:/home/phrxmaz/Documents/CyberAlchemy/.lake/packages/importGraph/.lake/build/lib/lean:/home/phrxmaz/Documents/CyberAlchemy/.lake/packages/LeanSearchClient/.lake/build/lib/lean:/home/phrxmaz/Documents/CyberAlchemy/.lake/packages/plausible/.lake/build/lib/lean:/home/phrxmaz/Documents/CyberAlchemy/.lake/packages/mathlib/.lake/build/lib/lean:/home/phrxmaz/Documents/CyberAlchemy/.lake/build/lib/lean /home/phrxmaz/.elan/toolchains/leanprover--lean4---v4.29.1/bin/lean /home/phrxmaz/Documents/CyberAlchemy/InfoPhysAxioms/HexadecimalBoundary.lean -o /home/phrxmaz/Documents/CyberAlchemy/.lake/build/lib/lean/InfoPhysAxioms/HexadecimalBoundary.olean -i /home/phrxmaz/Documents/CyberAlchemy/.lake/build/lib/lean/InfoPhysAxioms/HexadecimalBoundary.ilean -c /home/phrxmaz/Documents/CyberAlchemy/.lake/build/ir/InfoPhysAxioms/HexadecimalBoundary.c --setup /home/phrxmaz/Documents/CyberAlchemy/.lake/build/ir/InfoPhysAxioms/HexadecimalBoundary.setup.json --json
error: InfoPhysAxioms/HexadecimalBoundary.lean:2:0: invalid 'import' command, it must be used in the beginning of the file
error: Lean exited with code 1
✖ [385/414] Building InfoPhysAxioms.MahlerBounds (216ms)
trace: .> LEAN_PATH=/home/phrxmaz/Documents/CyberAlchemy/.lake/packages/Cli/.lake/build/lib/lean:/home/phrxmaz/Documents/CyberAlchemy/.lake/packages/batteries/.lake/build/lib/lean:/home/phrxmaz/Documents/CyberAlchemy/.lake/packages/Qq/.lake/build/lib/lean:/home/phrxmaz/Documents/CyberAlchemy/.lake/packages/aesop/.lake/build/lib/lean:/home/phrxmaz/Documents/CyberAlchemy/.lake/packages/proofwidgets/.lake/build/lib/lean:/home/phrxmaz/Documents/CyberAlchemy/.lake/packages/importGraph/.lake/build/lib/lean:/home/phrxmaz/Documents/CyberAlchemy/.lake/packages/LeanSearchClient/.lake/build/lib/lean:/home/phrxmaz/Documents/CyberAlchemy/.lake/packages/plausible/.lake/build/lib/lean:/home/phrxmaz/Documents/CyberAlchemy/.lake/packages/mathlib/.lake/build/lib/lean:/home/phrxmaz/Documents/CyberAlchemy/.lake/build/lib/lean /home/phrxmaz/.elan/toolchains/leanprover--lean4---v4.29.1/bin/lean /home/phrxmaz/Documents/CyberAlchemy/InfoPhysAxioms/MahlerBounds.lean -o /home/phrxmaz/Documents/CyberAlchemy/.lake/build/lib/lean/InfoPhysAxioms/MahlerBounds.olean -i /home/phrxmaz/Documents/CyberAlchemy/.lake/build/lib/lean/InfoPhysAxioms/MahlerBounds.ilean -c /home/phrxmaz/Documents/CyberAlchemy/.lake/build/ir/InfoPhysAxioms/MahlerBounds.c --setup /home/phrxmaz/Documents/CyberAlchemy/.lake/build/ir/InfoPhysAxioms/MahlerBounds.setup.json --json
error: InfoPhysAxioms/MahlerBounds.lean:2:0: invalid 'import' command, it must be used in the beginning of the file
error: Lean exited with code 1
✖ [386/414] Building InfoPhysAxioms.SpacetimeCoupling (205ms)
trace: .> LEAN_PATH=/home/phrxmaz/Documents/CyberAlchemy/.lake/packages/Cli/.lake/build/lib/lean:/home/phrxmaz/Documents/CyberAlchemy/.lake/packages/batteries/.lake/build/lib/lean:/home/phrxmaz/Documents/CyberAlchemy/.lake/packages/Qq/.lake/build/lib/lean:/home/phrxmaz/Documents/CyberAlchemy/.lake/packages/aesop/.lake/build/lib/lean:/home/phrxmaz/Documents/CyberAlchemy/.lake/packages/proofwidgets/.lake/build/lib/lean:/home/phrxmaz/Documents/CyberAlchemy/.lake/packages/importGraph/.lake/build/lib/lean:/home/phrxmaz/Documents/CyberAlchemy/.lake/packages/LeanSearchClient/.lake/build/lib/lean:/home/phrxmaz/Documents/CyberAlchemy/.lake/packages/plausible/.lake/build/lib/lean:/home/phrxmaz/Documents/CyberAlchemy/.lake/packages/mathlib/.lake/build/lib/lean:/home/phrxmaz/Documents/CyberAlchemy/.lake/build/lib/lean /home/phrxmaz/.elan/toolchains/leanprover--lean4---v4.29.1/bin/lean /home/phrxmaz/Documents/CyberAlchemy/InfoPhysAxioms/SpacetimeCoupling.lean -o /home/phrxmaz/Documents/CyberAlchemy/.lake/build/lib/lean/InfoPhysAxioms/SpacetimeCoupling.olean -i /home/phrxmaz/Documents/CyberAlchemy/.lake/build/lib/lean/InfoPhysAxioms/SpacetimeCoupling.ilean -c /home/phrxmaz/Documents/CyberAlchemy/.lake/build/ir/InfoPhysAxioms/SpacetimeCoupling.c --setup /home/phrxmaz/Documents/CyberAlchemy/.lake/build/ir/InfoPhysAxioms/SpacetimeCoupling.setup.json --json
error: InfoPhysAxioms/SpacetimeCoupling.lean:2:0: invalid 'import' command, it must be used in the beginning of the file
error: Lean exited with code 1
✖ [387/414] Building InfoPhysAxioms.GoldenPlexHierarchy (232ms)
trace: .> LEAN_PATH=/home/phrxmaz/Documents/CyberAlchemy/.lake/packages/Cli/.lake/build/lib/lean:/home/phrxmaz/Documents/CyberAlchemy/.lake/packages/batteries/.lake/build/lib/lean:/home/phrxmaz/Documents/CyberAlchemy/.lake/packages/Qq/.lake/build/lib/lean:/home/phrxmaz/Documents/CyberAlchemy/.lake/packages/aesop/.lake/build/lib/lean:/home/phrxmaz/Documents/CyberAlchemy/.lake/packages/proofwidgets/.lake/build/lib/lean:/home/phrxmaz/Documents/CyberAlchemy/.lake/packages/importGraph/.lake/build/lib/lean:/home/phrxmaz/Documents/CyberAlchemy/.lake/packages/LeanSearchClient/.lake/build/lib/lean:/home/phrxmaz/Documents/CyberAlchemy/.lake/packages/plausible/.lake/build/lib/lean:/home/phrxmaz/Documents/CyberAlchemy/.lake/packages/mathlib/.lake/build/lib/lean:/home/phrxmaz/Documents/CyberAlchemy/.lake/build/lib/lean /home/phrxmaz/.elan/toolchains/leanprover--lean4---v4.29.1/bin/lean /home/phrxmaz/Documents/CyberAlchemy/InfoPhysAxioms/GoldenPlexHierarchy.lean -o /home/phrxmaz/Documents/CyberAlchemy/.lake/build/lib/lean/InfoPhysAxioms/GoldenPlexHierarchy.olean -i /home/phrxmaz/Documents/CyberAlchemy/.lake/build/lib/lean/InfoPhysAxioms/GoldenPlexHierarchy.ilean -c /home/phrxmaz/Documents/CyberAlchemy/.lake/build/ir/InfoPhysAxioms/GoldenPlexHierarchy.c --setup /home/phrxmaz/Documents/CyberAlchemy/.lake/build/ir/InfoPhysAxioms/GoldenPlexHierarchy.setup.json --json
error: InfoPhysAxioms/GoldenPlexHierarchy.lean:2:0: invalid 'import' command, it must be used in the beginning of the file
error: Lean exited with code 1
✖ [388/414] Building InfoPhysAxioms.MicrotubuleLattice (237ms)
trace: .> LEAN_PATH=/home/phrxmaz/Documents/CyberAlchemy/.lake/packages/Cli/.lake/build/lib/lean:/home/phrxmaz/Documents/CyberAlchemy/.lake/packages/batteries/.lake/build/lib/lean:/home/phrxmaz/Documents/CyberAlchemy/.lake/packages/Qq/.lake/build/lib/lean:/home/phrxmaz/Documents/CyberAlchemy/.lake/packages/aesop/.lake/build/lib/lean:/home/phrxmaz/Documents/CyberAlchemy/.lake/packages/proofwidgets/.lake/build/lib/lean:/home/phrxmaz/Documents/CyberAlchemy/.lake/packages/importGraph/.lake/build/lib/lean:/home/phrxmaz/Documents/CyberAlchemy/.lake/packages/LeanSearchClient/.lake/build/lib/lean:/home/phrxmaz/Documents/CyberAlchemy/.lake/packages/plausible/.lake/build/lib/lean:/home/phrxmaz/Documents/CyberAlchemy/.lake/packages/mathlib/.lake/build/lib/lean:/home/phrxmaz/Documents/CyberAlchemy/.lake/build/lib/lean /home/phrxmaz/.elan/toolchains/leanprover--lean4---v4.29.1/bin/lean /home/phrxmaz/Documents/CyberAlchemy/InfoPhysAxioms/MicrotubuleLattice.lean -o /home/phrxmaz/Documents/CyberAlchemy/.lake/build/lib/lean/InfoPhysAxioms/MicrotubuleLattice.olean -i /home/phrxmaz/Documents/CyberAlchemy/.lake/build/lib/lean/InfoPhysAxioms/MicrotubuleLattice.ilean -c /home/phrxmaz/Documents/CyberAlchemy/.lake/build/ir/InfoPhysAxioms/MicrotubuleLattice.c --setup /home/phrxmaz/Documents/CyberAlchemy/.lake/build/ir/InfoPhysAxioms/MicrotubuleLattice.setup.json --json
error: InfoPhysAxioms/MicrotubuleLattice.lean:2:0: invalid 'import' command, it must be used in the beginning of the file
error: Lean exited with code 1
✖ [389/414] Building InfoPhysAxioms.PrimeFieldMechanics (214ms)
trace: .> LEAN_PATH=/home/phrxmaz/Documents/CyberAlchemy/.lake/packages/Cli/.lake/build/lib/lean:/home/phrxmaz/Documents/CyberAlchemy/.lake/packages/batteries/.lake/build/lib/lean:/home/phrxmaz/Documents/CyberAlchemy/.lake/packages/Qq/.lake/build/lib/lean:/home/phrxmaz/Documents/CyberAlchemy/.lake/packages/aesop/.lake/build/lib/lean:/home/phrxmaz/Documents/CyberAlchemy/.lake/packages/proofwidgets/.lake/build/lib/lean:/home/phrxmaz/Documents/CyberAlchemy/.lake/packages/importGraph/.lake/build/lib/lean:/home/phrxmaz/Documents/CyberAlchemy/.lake/packages/LeanSearchClient/.lake/build/lib/lean:/home/phrxmaz/Documents/CyberAlchemy/.lake/packages/plausible/.lake/build/lib/lean:/home/phrxmaz/Documents/CyberAlchemy/.lake/packages/mathlib/.lake/build/lib/lean:/home/phrxmaz/Documents/CyberAlchemy/.lake/build/lib/lean /home/phrxmaz/.elan/toolchains/leanprover--lean4---v4.29.1/bin/lean /home/phrxmaz/Documents/CyberAlchemy/InfoPhysAxioms/PrimeFieldMechanics.lean -o /home/phrxmaz/Documents/CyberAlchemy/.lake/build/lib/lean/InfoPhysAxioms/PrimeFieldMechanics.olean -i /home/phrxmaz/Documents/CyberAlchemy/.lake/build/lib/lean/InfoPhysAxioms/PrimeFieldMechanics.ilean -c /home/phrxmaz/Documents/CyberAlchemy/.lake/build/ir/InfoPhysAxioms/PrimeFieldMechanics.c --setup /home/phrxmaz/Documents/CyberAlchemy/.lake/build/ir/InfoPhysAxioms/PrimeFieldMechanics.setup.json --json
error: InfoPhysAxioms/PrimeFieldMechanics.lean:2:0: invalid 'import' command, it must be used in the beginning of the file
error: Lean exited with code 1
✖ [390/414] Building InfoPhysAxioms.ChronometricCenterFrozen (168ms)
trace: .> LEAN_PATH=/home/phrxmaz/Documents/CyberAlchemy/.lake/packages/Cli/.lake/build/lib/lean:/home/phrxmaz/Documents/CyberAlchemy/.lake/packages/batteries/.lake/build/lib/lean:/home/phrxmaz/Documents/CyberAlchemy/.lake/packages/Qq/.lake/build/lib/lean:/home/phrxmaz/Documents/CyberAlchemy/.lake/packages/aesop/.lake/build/lib/lean:/home/phrxmaz/Documents/CyberAlchemy/.lake/packages/proofwidgets/.lake/build/lib/lean:/home/phrxmaz/Documents/CyberAlchemy/.lake/packages/importGraph/.lake/build/lib/lean:/home/phrxmaz/Documents/CyberAlchemy/.lake/packages/LeanSearchClient/.lake/build/lib/lean:/home/phrxmaz/Documents/CyberAlchemy/.lake/packages/plausible/.lake/build/lib/lean:/home/phrxmaz/Documents/CyberAlchemy/.lake/packages/mathlib/.lake/build/lib/lean:/home/phrxmaz/Documents/CyberAlchemy/.lake/build/lib/lean /home/phrxmaz/.elan/toolchains/leanprover--lean4---v4.29.1/bin/lean /home/phrxmaz/Documents/CyberAlchemy/InfoPhysAxioms/ChronometricCenterFrozen.lean -o /home/phrxmaz/Documents/CyberAlchemy/.lake/build/lib/lean/InfoPhysAxioms/ChronometricCenterFrozen.olean -i /home/phrxmaz/Documents/CyberAlchemy/.lake/build/lib/lean/InfoPhysAxioms/ChronometricCenterFrozen.ilean -c /home/phrxmaz/Documents/CyberAlchemy/.lake/build/ir/InfoPhysAxioms/ChronometricCenterFrozen.c --setup /home/phrxmaz/Documents/CyberAlchemy/.lake/build/ir/InfoPhysAxioms/ChronometricCenterFrozen.setup.json --json
error: InfoPhysAxioms/ChronometricCenterFrozen.lean:2:0: invalid 'import' command, it must be used in the beginning of the file
error: Lean exited with code 1
✖ [391/414] Building InfoPhysAxioms.HayflickCrossing (196ms)
trace: .> LEAN_PATH=/home/phrxmaz/Documents/CyberAlchemy/.lake/packages/Cli/.lake/build/lib/lean:/home/phrxmaz/Documents/CyberAlchemy/.lake/packages/batteries/.lake/build/lib/lean:/home/phrxmaz/Documents/CyberAlchemy/.lake/packages/Qq/.lake/build/lib/lean:/home/phrxmaz/Documents/CyberAlchemy/.lake/packages/aesop/.lake/build/lib/lean:/home/phrxmaz/Documents/CyberAlchemy/.lake/packages/proofwidgets/.lake/build/lib/lean:/home/phrxmaz/Documents/CyberAlchemy/.lake/packages/importGraph/.lake/build/lib/lean:/home/phrxmaz/Documents/CyberAlchemy/.lake/packages/LeanSearchClient/.lake/build/lib/lean:/home/phrxmaz/Documents/CyberAlchemy/.lake/packages/plausible/.lake/build/lib/lean:/home/phrxmaz/Documents/CyberAlchemy/.lake/packages/mathlib/.lake/build/lib/lean:/home/phrxmaz/Documents/CyberAlchemy/.lake/build/lib/lean /home/phrxmaz/.elan/toolchains/leanprover--lean4---v4.29.1/bin/lean /home/phrxmaz/Documents/CyberAlchemy/InfoPhysAxioms/HayflickCrossing.lean -o /home/phrxmaz/Documents/CyberAlchemy/.lake/build/lib/lean/InfoPhysAxioms/HayflickCrossing.olean -i /home/phrxmaz/Documents/CyberAlchemy/.lake/build/lib/lean/InfoPhysAxioms/HayflickCrossing.ilean -c /home/phrxmaz/Documents/CyberAlchemy/.lake/build/ir/InfoPhysAxioms/HayflickCrossing.c --setup /home/phrxmaz/Documents/CyberAlchemy/.lake/build/ir/InfoPhysAxioms/HayflickCrossing.setup.json --json
error: InfoPhysAxioms/HayflickCrossing.lean:2:0: invalid 'import' command, it must be used in the beginning of the file
error: Lean exited with code 1
✖ [392/414] Building InfoPhysAxioms.PredictiveProbability (183ms)
trace: .> LEAN_PATH=/home/phrxmaz/Documents/CyberAlchemy/.lake/packages/Cli/.lake/build/lib/lean:/home/phrxmaz/Documents/CyberAlchemy/.lake/packages/batteries/.lake/build/lib/lean:/home/phrxmaz/Documents/CyberAlchemy/.lake/packages/Qq/.lake/build/lib/lean:/home/phrxmaz/Documents/CyberAlchemy/.lake/packages/aesop/.lake/build/lib/lean:/home/phrxmaz/Documents/CyberAlchemy/.lake/packages/proofwidgets/.lake/build/lib/lean:/home/phrxmaz/Documents/CyberAlchemy/.lake/packages/importGraph/.lake/build/lib/lean:/home/phrxmaz/Documents/CyberAlchemy/.lake/packages/LeanSearchClient/.lake/build/lib/lean:/home/phrxmaz/Documents/CyberAlchemy/.lake/packages/plausible/.lake/build/lib/lean:/home/phrxmaz/Documents/CyberAlchemy/.lake/packages/mathlib/.lake/build/lib/lean:/home/phrxmaz/Documents/CyberAlchemy/.lake/build/lib/lean /home/phrxmaz/.elan/toolchains/leanprover--lean4---v4.29.1/bin/lean /home/phrxmaz/Documents/CyberAlchemy/InfoPhysAxioms/PredictiveProbability.lean -o /home/phrxmaz/Documents/CyberAlchemy/.lake/build/lib/lean/InfoPhysAxioms/PredictiveProbability.olean -i /home/phrxmaz/Documents/CyberAlchemy/.lake/build/lib/lean/InfoPhysAxioms/PredictiveProbability.ilean -c /home/phrxmaz/Documents/CyberAlchemy/.lake/build/ir/InfoPhysAxioms/PredictiveProbability.c --setup /home/phrxmaz/Documents/CyberAlchemy/.lake/build/ir/InfoPhysAxioms/PredictiveProbability.setup.json --json
error: InfoPhysAxioms/PredictiveProbability.lean:2:0: invalid 'import' command, it must be used in the beginning of the file
error: Lean exited with code 1
✖ [393/414] Building InfoPhysAxioms.MayerVietorisParity (183ms)
trace: .> LEAN_PATH=/home/phrxmaz/Documents/CyberAlchemy/.lake/packages/Cli/.lake/build/lib/lean:/home/phrxmaz/Documents/CyberAlchemy/.lake/packages/batteries/.lake/build/lib/lean:/home/phrxmaz/Documents/CyberAlchemy/.lake/packages/Qq/.lake/build/lib/lean:/home/phrxmaz/Documents/CyberAlchemy/.lake/packages/aesop/.lake/build/lib/lean:/home/phrxmaz/Documents/CyberAlchemy/.lake/packages/proofwidgets/.lake/build/lib/lean:/home/phrxmaz/Documents/CyberAlchemy/.lake/packages/importGraph/.lake/build/lib/lean:/home/phrxmaz/Documents/CyberAlchemy/.lake/packages/LeanSearchClient/.lake/build/lib/lean:/home/phrxmaz/Documents/CyberAlchemy/.lake/packages/plausible/.lake/build/lib/lean:/home/phrxmaz/Documents/CyberAlchemy/.lake/packages/mathlib/.lake/build/lib/lean:/home/phrxmaz/Documents/CyberAlchemy/.lake/build/lib/lean /home/phrxmaz/.elan/toolchains/leanprover--lean4---v4.29.1/bin/lean /home/phrxmaz/Documents/CyberAlchemy/InfoPhysAxioms/MayerVietorisParity.lean -o /home/phrxmaz/Documents/CyberAlchemy/.lake/build/lib/lean/InfoPhysAxioms/MayerVietorisParity.olean -i /home/phrxmaz/Documents/CyberAlchemy/.lake/build/lib/lean/InfoPhysAxioms/MayerVietorisParity.ilean -c /home/phrxmaz/Documents/CyberAlchemy/.lake/build/ir/InfoPhysAxioms/MayerVietorisParity.c --setup /home/phrxmaz/Documents/CyberAlchemy/.lake/build/ir/InfoPhysAxioms/MayerVietorisParity.setup.json --json
error: InfoPhysAxioms/MayerVietorisParity.lean:2:0: invalid 'import' command, it must be used in the beginning of the file
error: Lean exited with code 1
✖ [394/414] Building InfoPhysAxioms.MonsterFermatSpectra (168ms)
trace: .> LEAN_PATH=/home/phrxmaz/Documents/CyberAlchemy/.lake/packages/Cli/.lake/build/lib/lean:/home/phrxmaz/Documents/CyberAlchemy/.lake/packages/batteries/.lake/build/lib/lean:/home/phrxmaz/Documents/CyberAlchemy/.lake/packages/Qq/.lake/build/lib/lean:/home/phrxmaz/Documents/CyberAlchemy/.lake/packages/aesop/.lake/build/lib/lean:/home/phrxmaz/Documents/CyberAlchemy/.lake/packages/proofwidgets/.lake/build/lib/lean:/home/phrxmaz/Documents/CyberAlchemy/.lake/packages/importGraph/.lake/build/lib/lean:/home/phrxmaz/Documents/CyberAlchemy/.lake/packages/LeanSearchClient/.lake/build/lib/lean:/home/phrxmaz/Documents/CyberAlchemy/.lake/packages/plausible/.lake/build/lib/lean:/home/phrxmaz/Documents/CyberAlchemy/.lake/packages/mathlib/.lake/build/lib/lean:/home/phrxmaz/Documents/CyberAlchemy/.lake/build/lib/lean /home/phrxmaz/.elan/toolchains/leanprover--lean4---v4.29.1/bin/lean /home/phrxmaz/Documents/CyberAlchemy/InfoPhysAxioms/MonsterFermatSpectra.lean -o /home/phrxmaz/Documents/CyberAlchemy/.lake/build/lib/lean/InfoPhysAxioms/MonsterFermatSpectra.olean -i /home/phrxmaz/Documents/CyberAlchemy/.lake/build/lib/lean/InfoPhysAxioms/MonsterFermatSpectra.ilean -c /home/phrxmaz/Documents/CyberAlchemy/.lake/build/ir/InfoPhysAxioms/MonsterFermatSpectra.c --setup /home/phrxmaz/Documents/CyberAlchemy/.lake/build/ir/InfoPhysAxioms/MonsterFermatSpectra.setup.json --json
error: InfoPhysAxioms/MonsterFermatSpectra.lean:2:0: invalid 'import' command, it must be used in the beginning of the file
error: Lean exited with code 1
✖ [395/414] Building InfoPhysAxioms.HoloneticGenerator (199ms)
trace: .> LEAN_PATH=/home/phrxmaz/Documents/CyberAlchemy/.lake/packages/Cli/.lake/build/lib/lean:/home/phrxmaz/Documents/CyberAlchemy/.lake/packages/batteries/.lake/build/lib/lean:/home/phrxmaz/Documents/CyberAlchemy/.lake/packages/Qq/.lake/build/lib/lean:/home/phrxmaz/Documents/CyberAlchemy/.lake/packages/aesop/.lake/build/lib/lean:/home/phrxmaz/Documents/CyberAlchemy/.lake/packages/proofwidgets/.lake/build/lib/lean:/home/phrxmaz/Documents/CyberAlchemy/.lake/packages/importGraph/.lake/build/lib/lean:/home/phrxmaz/Documents/CyberAlchemy/.lake/packages/LeanSearchClient/.lake/build/lib/lean:/home/phrxmaz/Documents/CyberAlchemy/.lake/packages/plausible/.lake/build/lib/lean:/home/phrxmaz/Documents/CyberAlchemy/.lake/packages/mathlib/.lake/build/lib/lean:/home/phrxmaz/Documents/CyberAlchemy/.lake/build/lib/lean /home/phrxmaz/.elan/toolchains/leanprover--lean4---v4.29.1/bin/lean /home/phrxmaz/Documents/CyberAlchemy/InfoPhysAxioms/HoloneticGenerator.lean -o /home/phrxmaz/Documents/CyberAlchemy/.lake/build/lib/lean/InfoPhysAxioms/HoloneticGenerator.olean -i /home/phrxmaz/Documents/CyberAlchemy/.lake/build/lib/lean/InfoPhysAxioms/HoloneticGenerator.ilean -c /home/phrxmaz/Documents/CyberAlchemy/.lake/build/ir/InfoPhysAxioms/HoloneticGenerator.c --setup /home/phrxmaz/Documents/CyberAlchemy/.lake/build/ir/InfoPhysAxioms/HoloneticGenerator.setup.json --json
error: InfoPhysAxioms/HoloneticGenerator.lean:2:0: invalid 'import' command, it must be used in the beginning of the file
error: Lean exited with code 1
✖ [396/414] Building InfoPhysAxioms.EulerHodgeMorphism (190ms)
trace: .> LEAN_PATH=/home/phrxmaz/Documents/CyberAlchemy/.lake/packages/Cli/.lake/build/lib/lean:/home/phrxmaz/Documents/CyberAlchemy/.lake/packages/batteries/.lake/build/lib/lean:/home/phrxmaz/Documents/CyberAlchemy/.lake/packages/Qq/.lake/build/lib/lean:/home/phrxmaz/Documents/CyberAlchemy/.lake/packages/aesop/.lake/build/lib/lean:/home/phrxmaz/Documents/CyberAlchemy/.lake/packages/proofwidgets/.lake/build/lib/lean:/home/phrxmaz/Documents/CyberAlchemy/.lake/packages/importGraph/.lake/build/lib/lean:/home/phrxmaz/Documents/CyberAlchemy/.lake/packages/LeanSearchClient/.lake/build/lib/lean:/home/phrxmaz/Documents/CyberAlchemy/.lake/packages/plausible/.lake/build/lib/lean:/home/phrxmaz/Documents/CyberAlchemy/.lake/packages/mathlib/.lake/build/lib/lean:/home/phrxmaz/Documents/CyberAlchemy/.lake/build/lib/lean /home/phrxmaz/.elan/toolchains/leanprover--lean4---v4.29.1/bin/lean /home/phrxmaz/Documents/CyberAlchemy/InfoPhysAxioms/EulerHodgeMorphism.lean -o /home/phrxmaz/Documents/CyberAlchemy/.lake/build/lib/lean/InfoPhysAxioms/EulerHodgeMorphism.olean -i /home/phrxmaz/Documents/CyberAlchemy/.lake/build/lib/lean/InfoPhysAxioms/EulerHodgeMorphism.ilean -c /home/phrxmaz/Documents/CyberAlchemy/.lake/build/ir/InfoPhysAxioms/EulerHodgeMorphism.c --setup /home/phrxmaz/Documents/CyberAlchemy/.lake/build/ir/InfoPhysAxioms/EulerHodgeMorphism.setup.json --json
error: InfoPhysAxioms/EulerHodgeMorphism.lean:2:0: invalid 'import' command, it must be used in the beginning of the file
error: Lean exited with code 1
✖ [397/414] Building InfoPhysAxioms.MonsterFermat229 (164ms)
trace: .> LEAN_PATH=/home/phrxmaz/Documents/CyberAlchemy/.lake/packages/Cli/.lake/build/lib/lean:/home/phrxmaz/Documents/CyberAlchemy/.lake/packages/batteries/.lake/build/lib/lean:/home/phrxmaz/Documents/CyberAlchemy/.lake/packages/Qq/.lake/build/lib/lean:/home/phrxmaz/Documents/CyberAlchemy/.lake/packages/aesop/.lake/build/lib/lean:/home/phrxmaz/Documents/CyberAlchemy/.lake/packages/proofwidgets/.lake/build/lib/lean:/home/phrxmaz/Documents/CyberAlchemy/.lake/packages/importGraph/.lake/build/lib/lean:/home/phrxmaz/Documents/CyberAlchemy/.lake/packages/LeanSearchClient/.lake/build/lib/lean:/home/phrxmaz/Documents/CyberAlchemy/.lake/packages/plausible/.lake/build/lib/lean:/home/phrxmaz/Documents/CyberAlchemy/.lake/packages/mathlib/.lake/build/lib/lean:/home/phrxmaz/Documents/CyberAlchemy/.lake/build/lib/lean /home/phrxmaz/.elan/toolchains/leanprover--lean4---v4.29.1/bin/lean /home/phrxmaz/Documents/CyberAlchemy/InfoPhysAxioms/MonsterFermat229.lean -o /home/phrxmaz/Documents/CyberAlchemy/.lake/build/lib/lean/InfoPhysAxioms/MonsterFermat229.olean -i /home/phrxmaz/Documents/CyberAlchemy/.lake/build/lib/lean/InfoPhysAxioms/MonsterFermat229.ilean -c /home/phrxmaz/Documents/CyberAlchemy/.lake/build/ir/InfoPhysAxioms/MonsterFermat229.c --setup /home/phrxmaz/Documents/CyberAlchemy/.lake/build/ir/InfoPhysAxioms/MonsterFermat229.setup.json --json
error: InfoPhysAxioms/MonsterFermat229.lean:2:0: invalid 'import' command, it must be used in the beginning of the file
error: Lean exited with code 1
✖ [398/414] Building InfoPhysAxioms.GoldenTimeAnchor (172ms)
trace: .> LEAN_PATH=/home/phrxmaz/Documents/CyberAlchemy/.lake/packages/Cli/.lake/build/lib/lean:/home/phrxmaz/Documents/CyberAlchemy/.lake/packages/batteries/.lake/build/lib/lean:/home/phrxmaz/Documents/CyberAlchemy/.lake/packages/Qq/.lake/build/lib/lean:/home/phrxmaz/Documents/CyberAlchemy/.lake/packages/aesop/.lake/build/lib/lean:/home/phrxmaz/Documents/CyberAlchemy/.lake/packages/proofwidgets/.lake/build/lib/lean:/home/phrxmaz/Documents/CyberAlchemy/.lake/packages/importGraph/.lake/build/lib/lean:/home/phrxmaz/Documents/CyberAlchemy/.lake/packages/LeanSearchClient/.lake/build/lib/lean:/home/phrxmaz/Documents/CyberAlchemy/.lake/packages/plausible/.lake/build/lib/lean:/home/phrxmaz/Documents/CyberAlchemy/.lake/packages/mathlib/.lake/build/lib/lean:/home/phrxmaz/Documents/CyberAlchemy/.lake/build/lib/lean /home/phrxmaz/.elan/toolchains/leanprover--lean4---v4.29.1/bin/lean /home/phrxmaz/Documents/CyberAlchemy/InfoPhysAxioms/GoldenTimeAnchor.lean -o /home/phrxmaz/Documents/CyberAlchemy/.lake/build/lib/lean/InfoPhysAxioms/GoldenTimeAnchor.olean -i /home/phrxmaz/Documents/CyberAlchemy/.lake/build/lib/lean/InfoPhysAxioms/GoldenTimeAnchor.ilean -c /home/phrxmaz/Documents/CyberAlchemy/.lake/build/ir/InfoPhysAxioms/GoldenTimeAnchor.c --setup /home/phrxmaz/Documents/CyberAlchemy/.lake/build/ir/InfoPhysAxioms/GoldenTimeAnchor.setup.json --json
error: InfoPhysAxioms/GoldenTimeAnchor.lean:2:0: invalid 'import' command, it must be used in the beginning of the file
error: Lean exited with code 1
✖ [399/414] Building InfoPhysAxioms.TeslaPrimeResonance (160ms)
trace: .> LEAN_PATH=/home/phrxmaz/Documents/CyberAlchemy/.lake/packages/Cli/.lake/build/lib/lean:/home/phrxmaz/Documents/CyberAlchemy/.lake/packages/batteries/.lake/build/lib/lean:/home/phrxmaz/Documents/CyberAlchemy/.lake/packages/Qq/.lake/build/lib/lean:/home/phrxmaz/Documents/CyberAlchemy/.lake/packages/aesop/.lake/build/lib/lean:/home/phrxmaz/Documents/CyberAlchemy/.lake/packages/proofwidgets/.lake/build/lib/lean:/home/phrxmaz/Documents/CyberAlchemy/.lake/packages/importGraph/.lake/build/lib/lean:/home/phrxmaz/Documents/CyberAlchemy/.lake/packages/LeanSearchClient/.lake/build/lib/lean:/home/phrxmaz/Documents/CyberAlchemy/.lake/packages/plausible/.lake/build/lib/lean:/home/phrxmaz/Documents/CyberAlchemy/.lake/packages/mathlib/.lake/build/lib/lean:/home/phrxmaz/Documents/CyberAlchemy/.lake/build/lib/lean /home/phrxmaz/.elan/toolchains/leanprover--lean4---v4.29.1/bin/lean /home/phrxmaz/Documents/CyberAlchemy/InfoPhysAxioms/TeslaPrimeResonance.lean -o /home/phrxmaz/Documents/CyberAlchemy/.lake/build/lib/lean/InfoPhysAxioms/TeslaPrimeResonance.olean -i /home/phrxmaz/Documents/CyberAlchemy/.lake/build/lib/lean/InfoPhysAxioms/TeslaPrimeResonance.ilean -c /home/phrxmaz/Documents/CyberAlchemy/.lake/build/ir/InfoPhysAxioms/TeslaPrimeResonance.c --setup /home/phrxmaz/Documents/CyberAlchemy/.lake/build/ir/InfoPhysAxioms/TeslaPrimeResonance.setup.json --json
error: InfoPhysAxioms/TeslaPrimeResonance.lean:2:0: invalid 'import' command, it must be used in the beginning of the file
error: Lean exited with code 1
✖ [400/414] Building InfoPhysAxioms.FineStructureTopology (208ms)
trace: .> LEAN_PATH=/home/phrxmaz/Documents/CyberAlchemy/.lake/packages/Cli/.lake/build/lib/lean:/home/phrxmaz/Documents/CyberAlchemy/.lake/packages/batteries/.lake/build/lib/lean:/home/phrxmaz/Documents/CyberAlchemy/.lake/packages/Qq/.lake/build/lib/lean:/home/phrxmaz/Documents/CyberAlchemy/.lake/packages/aesop/.lake/build/lib/lean:/home/phrxmaz/Documents/CyberAlchemy/.lake/packages/proofwidgets/.lake/build/lib/lean:/home/phrxmaz/Documents/CyberAlchemy/.lake/packages/importGraph/.lake/build/lib/lean:/home/phrxmaz/Documents/CyberAlchemy/.lake/packages/LeanSearchClient/.lake/build/lib/lean:/home/phrxmaz/Documents/CyberAlchemy/.lake/packages/plausible/.lake/build/lib/lean:/home/phrxmaz/Documents/CyberAlchemy/.lake/packages/mathlib/.lake/build/lib/lean:/home/phrxmaz/Documents/CyberAlchemy/.lake/build/lib/lean /home/phrxmaz/.elan/toolchains/leanprover--lean4---v4.29.1/bin/lean /home/phrxmaz/Documents/CyberAlchemy/InfoPhysAxioms/FineStructureTopology.lean -o /home/phrxmaz/Documents/CyberAlchemy/.lake/build/lib/lean/InfoPhysAxioms/FineStructureTopology.olean -i /home/phrxmaz/Documents/CyberAlchemy/.lake/build/lib/lean/InfoPhysAxioms/FineStructureTopology.ilean -c /home/phrxmaz/Documents/CyberAlchemy/.lake/build/ir/InfoPhysAxioms/FineStructureTopology.c --setup /home/phrxmaz/Documents/CyberAlchemy/.lake/build/ir/InfoPhysAxioms/FineStructureTopology.setup.json --json
error: InfoPhysAxioms/FineStructureTopology.lean:2:0: invalid 'import' command, it must be used in the beginning of the file
error: Lean exited with code 1
✖ [401/414] Building InfoPhysAxioms.ChiralComposite10D (157ms)
trace: .> LEAN_PATH=/home/phrxmaz/Documents/CyberAlchemy/.lake/packages/Cli/.lake/build/lib/lean:/home/phrxmaz/Documents/CyberAlchemy/.lake/packages/batteries/.lake/build/lib/lean:/home/phrxmaz/Documents/CyberAlchemy/.lake/packages/Qq/.lake/build/lib/lean:/home/phrxmaz/Documents/CyberAlchemy/.lake/packages/aesop/.lake/build/lib/lean:/home/phrxmaz/Documents/CyberAlchemy/.lake/packages/proofwidgets/.lake/build/lib/lean:/home/phrxmaz/Documents/CyberAlchemy/.lake/packages/importGraph/.lake/build/lib/lean:/home/phrxmaz/Documents/CyberAlchemy/.lake/packages/LeanSearchClient/.lake/build/lib/lean:/home/phrxmaz/Documents/CyberAlchemy/.lake/packages/plausible/.lake/build/lib/lean:/home/phrxmaz/Documents/CyberAlchemy/.lake/packages/mathlib/.lake/build/lib/lean:/home/phrxmaz/Documents/CyberAlchemy/.lake/build/lib/lean /home/phrxmaz/.elan/toolchains/leanprover--lean4---v4.29.1/bin/lean /home/phrxmaz/Documents/CyberAlchemy/InfoPhysAxioms/ChiralComposite10D.lean -o /home/phrxmaz/Documents/CyberAlchemy/.lake/build/lib/lean/InfoPhysAxioms/ChiralComposite10D.olean -i /home/phrxmaz/Documents/CyberAlchemy/.lake/build/lib/lean/InfoPhysAxioms/ChiralComposite10D.ilean -c /home/phrxmaz/Documents/CyberAlchemy/.lake/build/ir/InfoPhysAxioms/ChiralComposite10D.c --setup /home/phrxmaz/Documents/CyberAlchemy/.lake/build/ir/InfoPhysAxioms/ChiralComposite10D.setup.json --json
error: InfoPhysAxioms/ChiralComposite10D.lean:2:0: invalid 'import' command, it must be used in the beginning of the file
error: Lean exited with code 1
✖ [402/414] Building InfoPhysAxioms.DecisionScience (182ms)
trace: .> LEAN_PATH=/home/phrxmaz/Documents/CyberAlchemy/.lake/packages/Cli/.lake/build/lib/lean:/home/phrxmaz/Documents/CyberAlchemy/.lake/packages/batteries/.lake/build/lib/lean:/home/phrxmaz/Documents/CyberAlchemy/.lake/packages/Qq/.lake/build/lib/lean:/home/phrxmaz/Documents/CyberAlchemy/.lake/packages/aesop/.lake/build/lib/lean:/home/phrxmaz/Documents/CyberAlchemy/.lake/packages/proofwidgets/.lake/build/lib/lean:/home/phrxmaz/Documents/CyberAlchemy/.lake/packages/importGraph/.lake/build/lib/lean:/home/phrxmaz/Documents/CyberAlchemy/.lake/packages/LeanSearchClient/.lake/build/lib/lean:/home/phrxmaz/Documents/CyberAlchemy/.lake/packages/plausible/.lake/build/lib/lean:/home/phrxmaz/Documents/CyberAlchemy/.lake/packages/mathlib/.lake/build/lib/lean:/home/phrxmaz/Documents/CyberAlchemy/.lake/build/lib/lean /home/phrxmaz/.elan/toolchains/leanprover--lean4---v4.29.1/bin/lean /home/phrxmaz/Documents/CyberAlchemy/InfoPhysAxioms/DecisionScience.lean -o /home/phrxmaz/Documents/CyberAlchemy/.lake/build/lib/lean/InfoPhysAxioms/DecisionScience.olean -i /home/phrxmaz/Documents/CyberAlchemy/.lake/build/lib/lean/InfoPhysAxioms/DecisionScience.ilean -c /home/phrxmaz/Documents/CyberAlchemy/.lake/build/ir/InfoPhysAxioms/DecisionScience.c --setup /home/phrxmaz/Documents/CyberAlchemy/.lake/build/ir/InfoPhysAxioms/DecisionScience.setup.json --json
error: InfoPhysAxioms/DecisionScience.lean:2:0: invalid 'import' command, it must be used in the beginning of the file
error: Lean exited with code 1
✖ [403/414] Building InfoPhysAxioms.QuasicrystalHolographic (178ms)
trace: .> LEAN_PATH=/home/phrxmaz/Documents/CyberAlchemy/.lake/packages/Cli/.lake/build/lib/lean:/home/phrxmaz/Documents/CyberAlchemy/.lake/packages/batteries/.lake/build/lib/lean:/home/phrxmaz/Documents/CyberAlchemy/.lake/packages/Qq/.lake/build/lib/lean:/home/phrxmaz/Documents/CyberAlchemy/.lake/packages/aesop/.lake/build/lib/lean:/home/phrxmaz/Documents/CyberAlchemy/.lake/packages/proofwidgets/.lake/build/lib/lean:/home/phrxmaz/Documents/CyberAlchemy/.lake/packages/importGraph/.lake/build/lib/lean:/home/phrxmaz/Documents/CyberAlchemy/.lake/packages/LeanSearchClient/.lake/build/lib/lean:/home/phrxmaz/Documents/CyberAlchemy/.lake/packages/plausible/.lake/build/lib/lean:/home/phrxmaz/Documents/CyberAlchemy/.lake/packages/mathlib/.lake/build/lib/lean:/home/phrxmaz/Documents/CyberAlchemy/.lake/build/lib/lean /home/phrxmaz/.elan/toolchains/leanprover--lean4---v4.29.1/bin/lean /home/phrxmaz/Documents/CyberAlchemy/InfoPhysAxioms/QuasicrystalHolographic.lean -o /home/phrxmaz/Documents/CyberAlchemy/.lake/build/lib/lean/InfoPhysAxioms/QuasicrystalHolographic.olean -i /home/phrxmaz/Documents/CyberAlchemy/.lake/build/lib/lean/InfoPhysAxioms/QuasicrystalHolographic.ilean -c /home/phrxmaz/Documents/CyberAlchemy/.lake/build/ir/InfoPhysAxioms/QuasicrystalHolographic.c --setup /home/phrxmaz/Documents/CyberAlchemy/.lake/build/ir/InfoPhysAxioms/QuasicrystalHolographic.setup.json --json
error: InfoPhysAxioms/QuasicrystalHolographic.lean:2:0: invalid 'import' command, it must be used in the beginning of the file
error: Lean exited with code 1
✖ [404/414] Building InfoPhysAxioms.RussellSpiralOctaves (148ms)
trace: .> LEAN_PATH=/home/phrxmaz/Documents/CyberAlchemy/.lake/packages/Cli/.lake/build/lib/lean:/home/phrxmaz/Documents/CyberAlchemy/.lake/packages/batteries/.lake/build/lib/lean:/home/phrxmaz/Documents/CyberAlchemy/.lake/packages/Qq/.lake/build/lib/lean:/home/phrxmaz/Documents/CyberAlchemy/.lake/packages/aesop/.lake/build/lib/lean:/home/phrxmaz/Documents/CyberAlchemy/.lake/packages/proofwidgets/.lake/build/lib/lean:/home/phrxmaz/Documents/CyberAlchemy/.lake/packages/importGraph/.lake/build/lib/lean:/home/phrxmaz/Documents/CyberAlchemy/.lake/packages/LeanSearchClient/.lake/build/lib/lean:/home/phrxmaz/Documents/CyberAlchemy/.lake/packages/plausible/.lake/build/lib/lean:/home/phrxmaz/Documents/CyberAlchemy/.lake/packages/mathlib/.lake/build/lib/lean:/home/phrxmaz/Documents/CyberAlchemy/.lake/build/lib/lean /home/phrxmaz/.elan/toolchains/leanprover--lean4---v4.29.1/bin/lean /home/phrxmaz/Documents/CyberAlchemy/InfoPhysAxioms/RussellSpiralOctaves.lean -o /home/phrxmaz/Documents/CyberAlchemy/.lake/build/lib/lean/InfoPhysAxioms/RussellSpiralOctaves.olean -i /home/phrxmaz/Documents/CyberAlchemy/.lake/build/lib/lean/InfoPhysAxioms/RussellSpiralOctaves.ilean -c /home/phrxmaz/Documents/CyberAlchemy/.lake/build/ir/InfoPhysAxioms/RussellSpiralOctaves.c --setup /home/phrxmaz/Documents/CyberAlchemy/.lake/build/ir/InfoPhysAxioms/RussellSpiralOctaves.setup.json --json
error: InfoPhysAxioms/RussellSpiralOctaves.lean:2:0: invalid 'import' command, it must be used in the beginning of the file
error: Lean exited with code 1
✖ [405/414] Building InfoPhysAxioms.HydrothermalChipOptimization (151ms)
trace: .> LEAN_PATH=/home/phrxmaz/Documents/CyberAlchemy/.lake/packages/Cli/.lake/build/lib/lean:/home/phrxmaz/Documents/CyberAlchemy/.lake/packages/batteries/.lake/build/lib/lean:/home/phrxmaz/Documents/CyberAlchemy/.lake/packages/Qq/.lake/build/lib/lean:/home/phrxmaz/Documents/CyberAlchemy/.lake/packages/aesop/.lake/build/lib/lean:/home/phrxmaz/Documents/CyberAlchemy/.lake/packages/proofwidgets/.lake/build/lib/lean:/home/phrxmaz/Documents/CyberAlchemy/.lake/packages/importGraph/.lake/build/lib/lean:/home/phrxmaz/Documents/CyberAlchemy/.lake/packages/LeanSearchClient/.lake/build/lib/lean:/home/phrxmaz/Documents/CyberAlchemy/.lake/packages/plausible/.lake/build/lib/lean:/home/phrxmaz/Documents/CyberAlchemy/.lake/packages/mathlib/.lake/build/lib/lean:/home/phrxmaz/Documents/CyberAlchemy/.lake/build/lib/lean /home/phrxmaz/.elan/toolchains/leanprover--lean4---v4.29.1/bin/lean /home/phrxmaz/Documents/CyberAlchemy/InfoPhysAxioms/HydrothermalChipOptimization.lean -o /home/phrxmaz/Documents/CyberAlchemy/.lake/build/lib/lean/InfoPhysAxioms/HydrothermalChipOptimization.olean -i /home/phrxmaz/Documents/CyberAlchemy/.lake/build/lib/lean/InfoPhysAxioms/HydrothermalChipOptimization.ilean -c /home/phrxmaz/Documents/CyberAlchemy/.lake/build/ir/InfoPhysAxioms/HydrothermalChipOptimization.c --setup /home/phrxmaz/Documents/CyberAlchemy/.lake/build/ir/InfoPhysAxioms/HydrothermalChipOptimization.setup.json --json
error: InfoPhysAxioms/HydrothermalChipOptimization.lean:2:0: invalid 'import' command, it must be used in the beginning of the file
error: Lean exited with code 1
✖ [406/414] Building InfoPhysAxioms.KleinFieldGenerator (154ms)
trace: .> LEAN_PATH=/home/phrxmaz/Documents/CyberAlchemy/.lake/packages/Cli/.lake/build/lib/lean:/home/phrxmaz/Documents/CyberAlchemy/.lake/packages/batteries/.lake/build/lib/lean:/home/phrxmaz/Documents/CyberAlchemy/.lake/packages/Qq/.lake/build/lib/lean:/home/phrxmaz/Documents/CyberAlchemy/.lake/packages/aesop/.lake/build/lib/lean:/home/phrxmaz/Documents/CyberAlchemy/.lake/packages/proofwidgets/.lake/build/lib/lean:/home/phrxmaz/Documents/CyberAlchemy/.lake/packages/importGraph/.lake/build/lib/lean:/home/phrxmaz/Documents/CyberAlchemy/.lake/packages/LeanSearchClient/.lake/build/lib/lean:/home/phrxmaz/Documents/CyberAlchemy/.lake/packages/plausible/.lake/build/lib/lean:/home/phrxmaz/Documents/CyberAlchemy/.lake/packages/mathlib/.lake/build/lib/lean:/home/phrxmaz/Documents/CyberAlchemy/.lake/build/lib/lean /home/phrxmaz/.elan/toolchains/leanprover--lean4---v4.29.1/bin/lean /home/phrxmaz/Documents/CyberAlchemy/InfoPhysAxioms/KleinFieldGenerator.lean -o /home/phrxmaz/Documents/CyberAlchemy/.lake/build/lib/lean/InfoPhysAxioms/KleinFieldGenerator.olean -i /home/phrxmaz/Documents/CyberAlchemy/.lake/build/lib/lean/InfoPhysAxioms/KleinFieldGenerator.ilean -c /home/phrxmaz/Documents/CyberAlchemy/.lake/build/ir/InfoPhysAxioms/KleinFieldGenerator.c --setup /home/phrxmaz/Documents/CyberAlchemy/.lake/build/ir/InfoPhysAxioms/KleinFieldGenerator.setup.json --json
error: InfoPhysAxioms/KleinFieldGenerator.lean:2:0: invalid 'import' command, it must be used in the beginning of the file
error: Lean exited with code 1
✖ [407/414] Building InfoPhysAxioms.AcousticResonanceIdentities (183ms)
trace: .> LEAN_PATH=/home/phrxmaz/Documents/CyberAlchemy/.lake/packages/Cli/.lake/build/lib/lean:/home/phrxmaz/Documents/CyberAlchemy/.lake/packages/batteries/.lake/build/lib/lean:/home/phrxmaz/Documents/CyberAlchemy/.lake/packages/Qq/.lake/build/lib/lean:/home/phrxmaz/Documents/CyberAlchemy/.lake/packages/aesop/.lake/build/lib/lean:/home/phrxmaz/Documents/CyberAlchemy/.lake/packages/proofwidgets/.lake/build/lib/lean:/home/phrxmaz/Documents/CyberAlchemy/.lake/packages/importGraph/.lake/build/lib/lean:/home/phrxmaz/Documents/CyberAlchemy/.lake/packages/LeanSearchClient/.lake/build/lib/lean:/home/phrxmaz/Documents/CyberAlchemy/.lake/packages/plausible/.lake/build/lib/lean:/home/phrxmaz/Documents/CyberAlchemy/.lake/packages/mathlib/.lake/build/lib/lean:/home/phrxmaz/Documents/CyberAlchemy/.lake/build/lib/lean /home/phrxmaz/.elan/toolchains/leanprover--lean4---v4.29.1/bin/lean /home/phrxmaz/Documents/CyberAlchemy/InfoPhysAxioms/AcousticResonanceIdentities.lean -o /home/phrxmaz/Documents/CyberAlchemy/.lake/build/lib/lean/InfoPhysAxioms/AcousticResonanceIdentities.olean -i /home/phrxmaz/Documents/CyberAlchemy/.lake/build/lib/lean/InfoPhysAxioms/AcousticResonanceIdentities.ilean -c /home/phrxmaz/Documents/CyberAlchemy/.lake/build/ir/InfoPhysAxioms/AcousticResonanceIdentities.c --setup /home/phrxmaz/Documents/CyberAlchemy/.lake/build/ir/InfoPhysAxioms/AcousticResonanceIdentities.setup.json --json
error: InfoPhysAxioms/AcousticResonanceIdentities.lean:2:0: invalid 'import' command, it must be used in the beginning of the file
error: Lean exited with code 1
✖ [408/414] Building InfoPhysAxioms.ThemeMotifDuality (147ms)
trace: .> LEAN_PATH=/home/phrxmaz/Documents/CyberAlchemy/.lake/packages/Cli/.lake/build/lib/lean:/home/phrxmaz/Documents/CyberAlchemy/.lake/packages/batteries/.lake/build/lib/lean:/home/phrxmaz/Documents/CyberAlchemy/.lake/packages/Qq/.lake/build/lib/lean:/home/phrxmaz/Documents/CyberAlchemy/.lake/packages/aesop/.lake/build/lib/lean:/home/phrxmaz/Documents/CyberAlchemy/.lake/packages/proofwidgets/.lake/build/lib/lean:/home/phrxmaz/Documents/CyberAlchemy/.lake/packages/importGraph/.lake/build/lib/lean:/home/phrxmaz/Documents/CyberAlchemy/.lake/packages/LeanSearchClient/.lake/build/lib/lean:/home/phrxmaz/Documents/CyberAlchemy/.lake/packages/plausible/.lake/build/lib/lean:/home/phrxmaz/Documents/CyberAlchemy/.lake/packages/mathlib/.lake/build/lib/lean:/home/phrxmaz/Documents/CyberAlchemy/.lake/build/lib/lean /home/phrxmaz/.elan/toolchains/leanprover--lean4---v4.29.1/bin/lean /home/phrxmaz/Documents/CyberAlchemy/InfoPhysAxioms/ThemeMotifDuality.lean -o /home/phrxmaz/Documents/CyberAlchemy/.lake/build/lib/lean/InfoPhysAxioms/ThemeMotifDuality.olean -i /home/phrxmaz/Documents/CyberAlchemy/.lake/build/lib/lean/InfoPhysAxioms/ThemeMotifDuality.ilean -c /home/phrxmaz/Documents/CyberAlchemy/.lake/build/ir/InfoPhysAxioms/ThemeMotifDuality.c --setup /home/phrxmaz/Documents/CyberAlchemy/.lake/build/ir/InfoPhysAxioms/ThemeMotifDuality.setup.json --json
error: InfoPhysAxioms/ThemeMotifDuality.lean:2:0: invalid 'import' command, it must be used in the beginning of the file
error: Lean exited with code 1
✖ [409/414] Building InfoPhysAxioms.StellarNucleosynthesis (163ms)
trace: .> LEAN_PATH=/home/phrxmaz/Documents/CyberAlchemy/.lake/packages/Cli/.lake/build/lib/lean:/home/phrxmaz/Documents/CyberAlchemy/.lake/packages/batteries/.lake/build/lib/lean:/home/phrxmaz/Documents/CyberAlchemy/.lake/packages/Qq/.lake/build/lib/lean:/home/phrxmaz/Documents/CyberAlchemy/.lake/packages/aesop/.lake/build/lib/lean:/home/phrxmaz/Documents/CyberAlchemy/.lake/packages/proofwidgets/.lake/build/lib/lean:/home/phrxmaz/Documents/CyberAlchemy/.lake/packages/importGraph/.lake/build/lib/lean:/home/phrxmaz/Documents/CyberAlchemy/.lake/packages/LeanSearchClient/.lake/build/lib/lean:/home/phrxmaz/Documents/CyberAlchemy/.lake/packages/plausible/.lake/build/lib/lean:/home/phrxmaz/Documents/CyberAlchemy/.lake/packages/mathlib/.lake/build/lib/lean:/home/phrxmaz/Documents/CyberAlchemy/.lake/build/lib/lean /home/phrxmaz/.elan/toolchains/leanprover--lean4---v4.29.1/bin/lean /home/phrxmaz/Documents/CyberAlchemy/InfoPhysAxioms/StellarNucleosynthesis.lean -o /home/phrxmaz/Documents/CyberAlchemy/.lake/build/lib/lean/InfoPhysAxioms/StellarNucleosynthesis.olean -i /home/phrxmaz/Documents/CyberAlchemy/.lake/build/lib/lean/InfoPhysAxioms/StellarNucleosynthesis.ilean -c /home/phrxmaz/Documents/CyberAlchemy/.lake/build/ir/InfoPhysAxioms/StellarNucleosynthesis.c --setup /home/phrxmaz/Documents/CyberAlchemy/.lake/build/ir/InfoPhysAxioms/StellarNucleosynthesis.setup.json --json
error: InfoPhysAxioms/StellarNucleosynthesis.lean:2:0: invalid 'import' command, it must be used in the beginning of the file
error: Lean exited with code 1
✖ [410/414] Building InfoPhysAxioms.GoldenGeometricAlgebra (170ms)
trace: .> LEAN_PATH=/home/phrxmaz/Documents/CyberAlchemy/.lake/packages/Cli/.lake/build/lib/lean:/home/phrxmaz/Documents/CyberAlchemy/.lake/packages/batteries/.lake/build/lib/lean:/home/phrxmaz/Documents/CyberAlchemy/.lake/packages/Qq/.lake/build/lib/lean:/home/phrxmaz/Documents/CyberAlchemy/.lake/packages/aesop/.lake/build/lib/lean:/home/phrxmaz/Documents/CyberAlchemy/.lake/packages/proofwidgets/.lake/build/lib/lean:/home/phrxmaz/Documents/CyberAlchemy/.lake/packages/importGraph/.lake/build/lib/lean:/home/phrxmaz/Documents/CyberAlchemy/.lake/packages/LeanSearchClient/.lake/build/lib/lean:/home/phrxmaz/Documents/CyberAlchemy/.lake/packages/plausible/.lake/build/lib/lean:/home/phrxmaz/Documents/CyberAlchemy/.lake/packages/mathlib/.lake/build/lib/lean:/home/phrxmaz/Documents/CyberAlchemy/.lake/build/lib/lean /home/phrxmaz/.elan/toolchains/leanprover--lean4---v4.29.1/bin/lean /home/phrxmaz/Documents/CyberAlchemy/InfoPhysAxioms/GoldenGeometricAlgebra.lean -o /home/phrxmaz/Documents/CyberAlchemy/.lake/build/lib/lean/InfoPhysAxioms/GoldenGeometricAlgebra.olean -i /home/phrxmaz/Documents/CyberAlchemy/.lake/build/lib/lean/InfoPhysAxioms/GoldenGeometricAlgebra.ilean -c /home/phrxmaz/Documents/CyberAlchemy/.lake/build/ir/InfoPhysAxioms/GoldenGeometricAlgebra.c --setup /home/phrxmaz/Documents/CyberAlchemy/.lake/build/ir/InfoPhysAxioms/GoldenGeometricAlgebra.setup.json --json
error: InfoPhysAxioms/GoldenGeometricAlgebra.lean:2:0: invalid 'import' command, it must be used in the beginning of the file
error: Lean exited with code 1
✖ [411/414] Building InfoPhysAxioms.TopologicalPrimes (143ms)
trace: .> LEAN_PATH=/home/phrxmaz/Documents/CyberAlchemy/.lake/packages/Cli/.lake/build/lib/lean:/home/phrxmaz/Documents/CyberAlchemy/.lake/packages/batteries/.lake/build/lib/lean:/home/phrxmaz/Documents/CyberAlchemy/.lake/packages/Qq/.lake/build/lib/lean:/home/phrxmaz/Documents/CyberAlchemy/.lake/packages/aesop/.lake/build/lib/lean:/home/phrxmaz/Documents/CyberAlchemy/.lake/packages/proofwidgets/.lake/build/lib/lean:/home/phrxmaz/Documents/CyberAlchemy/.lake/packages/importGraph/.lake/build/lib/lean:/home/phrxmaz/Documents/CyberAlchemy/.lake/packages/LeanSearchClient/.lake/build/lib/lean:/home/phrxmaz/Documents/CyberAlchemy/.lake/packages/plausible/.lake/build/lib/lean:/home/phrxmaz/Documents/CyberAlchemy/.lake/packages/mathlib/.lake/build/lib/lean:/home/phrxmaz/Documents/CyberAlchemy/.lake/build/lib/lean /home/phrxmaz/.elan/toolchains/leanprover--lean4---v4.29.1/bin/lean /home/phrxmaz/Documents/CyberAlchemy/InfoPhysAxioms/TopologicalPrimes.lean -o /home/phrxmaz/Documents/CyberAlchemy/.lake/build/lib/lean/InfoPhysAxioms/TopologicalPrimes.olean -i /home/phrxmaz/Documents/CyberAlchemy/.lake/build/lib/lean/InfoPhysAxioms/TopologicalPrimes.ilean -c /home/phrxmaz/Documents/CyberAlchemy/.lake/build/ir/InfoPhysAxioms/TopologicalPrimes.c --setup /home/phrxmaz/Documents/CyberAlchemy/.lake/build/ir/InfoPhysAxioms/TopologicalPrimes.setup.json --json
error: InfoPhysAxioms/TopologicalPrimes.lean:2:0: invalid 'import' command, it must be used in the beginning of the file
error: Lean exited with code 1
✖ [412/414] Building InfoPhysAxioms.TeleparallelFTL (150ms)
trace: .> LEAN_PATH=/home/phrxmaz/Documents/CyberAlchemy/.lake/packages/Cli/.lake/build/lib/lean:/home/phrxmaz/Documents/CyberAlchemy/.lake/packages/batteries/.lake/build/lib/lean:/home/phrxmaz/Documents/CyberAlchemy/.lake/packages/Qq/.lake/build/lib/lean:/home/phrxmaz/Documents/CyberAlchemy/.lake/packages/aesop/.lake/build/lib/lean:/home/phrxmaz/Documents/CyberAlchemy/.lake/packages/proofwidgets/.lake/build/lib/lean:/home/phrxmaz/Documents/CyberAlchemy/.lake/packages/importGraph/.lake/build/lib/lean:/home/phrxmaz/Documents/CyberAlchemy/.lake/packages/LeanSearchClient/.lake/build/lib/lean:/home/phrxmaz/Documents/CyberAlchemy/.lake/packages/plausible/.lake/build/lib/lean:/home/phrxmaz/Documents/CyberAlchemy/.lake/packages/mathlib/.lake/build/lib/lean:/home/phrxmaz/Documents/CyberAlchemy/.lake/build/lib/lean /home/phrxmaz/.elan/toolchains/leanprover--lean4---v4.29.1/bin/lean /home/phrxmaz/Documents/CyberAlchemy/InfoPhysAxioms/TeleparallelFTL.lean -o /home/phrxmaz/Documents/CyberAlchemy/.lake/build/lib/lean/InfoPhysAxioms/TeleparallelFTL.olean -i /home/phrxmaz/Documents/CyberAlchemy/.lake/build/lib/lean/InfoPhysAxioms/TeleparallelFTL.ilean -c /home/phrxmaz/Documents/CyberAlchemy/.lake/build/ir/InfoPhysAxioms/TeleparallelFTL.c --setup /home/phrxmaz/Documents/CyberAlchemy/.lake/build/ir/InfoPhysAxioms/TeleparallelFTL.setup.json --json
error: InfoPhysAxioms/TeleparallelFTL.lean:2:0: invalid 'import' command, it must be used in the beginning of the file
error: Lean exited with code 1
Some required targets logged failures:
- LaRueProtorealAlgebra.AdelicDescent
- LaRueProtorealAlgebra.AdelicStructure
- LaRueProtorealAlgebra.AgenticFrame
- LaRueProtorealAlgebra.AgenticKeychain
- LaRueProtorealAlgebra.AgingEvolution
- LaRueProtorealAlgebra.AntiSpoofing
- LaRueProtorealAlgebra.Apoptosis
- LaRueProtorealAlgebra.AuraGitIsomorphism
- LaRueProtorealAlgebra.Awareness
- LaRueProtorealAlgebra.Basic
- LaRueProtorealAlgebra.BitCollapse
- LaRueProtorealAlgebra.BohmOrder
- LaRueProtorealAlgebra.BorrowObserver
- LaRueProtorealAlgebra.ConfigSheaf
- LaRueProtorealAlgebra.AstromaticsTopology
- LaRueProtorealAlgebra.ATProtoIsomorphism
- LaRueProtorealAlgebra.C46Unification
- LaRueProtorealAlgebra.CellSplitting
- LaRueProtorealAlgebra.CollatzResonance
- LaRueProtorealAlgebra.CommutatorGap
- LaRueProtorealAlgebra.ComputationalCharge
- LaRueProtorealAlgebra.ConnesWienerAlgebra
- LaRueProtorealAlgebra.CradleContinuation
- LaRueProtorealAlgebra.CyberBundle
- LaRueProtorealAlgebra.CyberdeckPlasmaBridge
- LaRueProtorealAlgebra.ConsciousConservation
- LaRueProtorealAlgebra.CyberneticActionReaction
- LaRueProtorealAlgebra.CyberneticChemistry
- LaRueProtorealAlgebra.CyberneticElectromagnetism
- LaRueProtorealAlgebra.CyberneticLife
- LaRueProtorealAlgebra.Deriv
- LaRueProtorealAlgebra.DHTAlgebra
- LaRueProtorealAlgebra.Duality43
- LaRueProtorealAlgebra.DualityTheorem
- LaRueProtorealAlgebra.Eigenstein
- LaRueProtorealAlgebra.ElementPower
- LaRueProtorealAlgebra.EmotionalLFunctions
- LaRueProtorealAlgebra.ErrorCorrection
- LaRueProtorealAlgebra.ExteriorAlgebra
- LaRueProtorealAlgebra.CyclicCosmology
- LaRueProtorealAlgebra.DMinorResonance
- LaRueProtorealAlgebra.DNSTranslation
- LaRueProtorealAlgebra.EmotionalSecurity
- LaRueProtorealAlgebra.EulerComposition
- LaRueProtorealAlgebra.EulerPerception
- LaRueProtorealAlgebra.FractalHodge
- LaRueProtorealAlgebra.FusionRing
- LaRueProtorealAlgebra.EulersCradle
- LaRueProtorealAlgebra.GameExtensionality
- LaRueProtorealAlgebra.GANPipeline
- LaRueProtorealAlgebra.GaugeEmergence
- LaRueProtorealAlgebra.GeneralInversion
- LaRueProtorealAlgebra.GlialDopant
- LaRueProtorealAlgebra.AgenticMechanics
- LaRueProtorealAlgebra.GoldenHodgeExt
- LaRueProtorealAlgebra.GoldenLattice
- LaRueProtorealAlgebra.GoldenSubgroup
- LaRueProtorealAlgebra.GoldenVeblen
- LaRueProtorealAlgebra.GrandUnification
- LaRueProtorealAlgebra.GoldenAgents
- LaRueProtorealAlgebra.GoldenSplitPrime
- LaRueProtorealAlgebra.GrothendieckString
- LaRueProtorealAlgebra.HiddenWeight
- LaRueProtorealAlgebra.HierarchicalMayerVietoris
- LaRueProtorealAlgebra.HodgeConjecture
- LaRueProtorealAlgebra.HodgeDecomposition
- LaRueProtorealAlgebra.HolochainHash
- LaRueProtorealAlgebra.HyperbolicGeneralization
- LaRueProtorealAlgebra.GpuSeeding
- LaRueProtorealAlgebra.HolographicCollapse
- LaRueProtorealAlgebra.HoloneticColors
- LaRueProtorealAlgebra.HyperbolicIdentity
- LaRueProtorealAlgebra.HyperDifference
- LaRueProtorealAlgebra.HyperKlein
- LaRueProtorealAlgebra.HyperOperationScaling
- LaRueProtorealAlgebra.IncompletenessSource
- LaRueProtorealAlgebra.InfotonThermodynamics
- LaRueProtorealAlgebra.Invariance
- LaRueProtorealAlgebra.JetSheaf
- LaRueProtorealAlgebra.KamaTrain
- LaRueProtorealAlgebra.KleinAlgebra
- LaRueProtorealAlgebra.KleinBottle
- LaRueProtorealAlgebra.KleinTopology
- LaRueProtorealAlgebra.LGKCosmology
- LaRueProtorealAlgebra.LieAlgebra
- LaRueProtorealAlgebra.LittleDelta
- LaRueProtorealAlgebra.LangSemantics
- LaRueProtorealAlgebra.LingualMorphism
- LaRueProtorealAlgebra.LSheaf43
- LaRueProtorealAlgebra.ManifoldMorphism
- LaRueProtorealAlgebra.MassGap
- LaRueProtorealAlgebra.MayerVietoris
- LaRueProtorealAlgebra.MeshDef
- LaRueProtorealAlgebra.MetaCritical
- LaRueProtorealAlgebra.MetaMem
- LaRueProtorealAlgebra.MicrotransformerEfficiency
- LaRueProtorealAlgebra.MonsterInverse
- LaRueProtorealAlgebra.MonsterLattice
- LaRueProtorealAlgebra.MultimodalMorphism
- LaRueProtorealAlgebra.NewtonianWeave
- LaRueProtorealAlgebra.NilradicalGeneralization
- LaRueProtorealAlgebra.NonstandardBridge
- LaRueProtorealAlgebra.ObserverAdapter
- LaRueProtorealAlgebra.OctraFheSubset
- LaRueProtorealAlgebra.OptimalCompute
- LaRueProtorealAlgebra.ParityStability
- LaRueProtorealAlgebra.PentagonCoherence
- LaRueProtorealAlgebra.PhysicalBifurcation
- LaRueProtorealAlgebra.ObservationalAperture
- LaRueProtorealAlgebra.OptimalConfig
- LaRueProtorealAlgebra.OrchOR
- LaRueProtorealAlgebra.PhasorTower
- LaRueProtorealAlgebra.PhysicalConstants
- LaRueProtorealAlgebra.PlasmaInfotonBridge
- LaRueProtorealAlgebra.PolarizingField
- LaRueProtorealAlgebra.PrimeGenerators
- LaRueProtorealAlgebra.PrimorialJitter
- LaRueProtorealAlgebra.ProtorealAlgebra
- LaRueProtorealAlgebra.PalindromeStandingWave
- LaRueProtorealAlgebra.PalindromicPrimeOrbits
- LaRueProtorealAlgebra.ProtoLite
- LaRueProtorealAlgebra.ProtorealAI
- LaRueProtorealAlgebra.ProtorealAxioms
- LaRueProtorealAlgebra.ProtorealFFT
- LaRueProtorealAlgebra.ProtorealGraph
- LaRueProtorealAlgebra.ProtorealHyperbolic
- LaRueProtorealAlgebra.ProtorealManifold
- LaRueProtorealAlgebra.ProtorealMesh
- LaRueProtorealAlgebra.ProtorealNorm
- LaRueProtorealAlgebra.ProtorealOperator
- LaRueProtorealAlgebra.ProtorealParity
- LaRueProtorealAlgebra.ProtorealTrig
- LaRueProtorealAlgebra.QuantumErrorCorrection
- LaRueProtorealAlgebra.RelativisticContinuum
- LaRueProtorealAlgebra.ResonantCurriculum
- LaRueProtorealAlgebra.RiemannFunctionalEquation
- LaRueProtorealAlgebra.RiemannSolution
- LaRueProtorealAlgebra.Rigidity
- LaRueProtorealAlgebra.SaeptationPrune
- LaRueProtorealAlgebra.SafetyBounds
- LaRueProtorealAlgebra.SavageProbability
- LaRueProtorealAlgebra.SavageUtility
- LaRueProtorealAlgebra.Semisimple
- LaRueProtorealAlgebra.SensorySheaf
- LaRueProtorealAlgebra.SchwarzianTruth
- LaRueProtorealAlgebra.SecurityMorphism
- LaRueProtorealAlgebra.SharedLatentSpace
- LaRueProtorealAlgebra.SpectralFiber
- LaRueProtorealAlgebra.SpectralFilter
- LaRueProtorealAlgebra.SpectralFixedPoint
- LaRueProtorealAlgebra.SpectralLattice
- LaRueProtorealAlgebra.SpectralTrinity
- LaRueProtorealAlgebra.SpectralTriple
- LaRueProtorealAlgebra.StochasticAlgebra
- LaRueProtorealAlgebra.StructuralHeterogeneity
- LaRueProtorealAlgebra.SyntheticIntegration
- LaRueProtorealAlgebra.StochasticKeyRotation
- LaRueProtorealAlgebra.StructuralMorphism
- LaRueProtorealAlgebra.SuperfluidIdentity
- LaRueProtorealAlgebra.SuperJetSheaf
- LaRueProtorealAlgebra.TemporalMorphism
- LaRueProtorealAlgebra.TemporalOperators
- LaRueProtorealAlgebra.TemporalQuasicrystal
- LaRueProtorealAlgebra.TensorCoupling
- LaRueProtorealAlgebra.TopologicalBearing
- LaRueProtorealAlgebra.TopologicalDivergence
- LaRueProtorealAlgebra.TopologicalImaginary
- LaRueProtorealAlgebra.TranscendentalBasis
- LaRueProtorealAlgebra.UnifiedSeedProtocol
- LaRueProtorealAlgebra.YangMillsMassGap
- LaRueProtorealAlgebra.YangMillsMultipath
- LaRueProtorealAlgebra.TopologicalBifurcation
- LaRueProtorealAlgebra.Uncomplex
- LaRueProtorealAlgebra.VisionMorphism
- LaRueProtorealAlgebra.WLANResonance
- LaRueProtorealAlgebra.ZetaDirichlet
- LaRueProtorealAlgebra.ZetaResonance
- LaRueProtorealAlgebra.Biconditionality
- LaRueProtorealAlgebra.ElementaryRiemann
- LaRueProtorealAlgebra.SU3CenterInvariants
- LaRueProtorealAlgebra.AtomicTransmutation
- LaRueProtorealAlgebra.GoldenAlgebra
- LaRueProtorealAlgebra.NeuralTopology
- LaRueProtorealAlgebra.ObserverDecomposition
- LaRueProtorealAlgebra.ProtorealChemistry
- LaRueProtorealAlgebra.StieltjesScaling
- LaRueProtorealAlgebra.TotientMorphism
- LaRueProtorealAlgebra.ZBuddyResonance
- LaRueProtorealAlgebra.SuperlambdaSpine
- LaRueProtorealAlgebra.ZKPCR
- LaRueProtorealAlgebra.GenerativeZKPCR
- LaRueProtorealAlgebra.AdelicIdentity
- LaRueProtorealAlgebra.SewingTopology
- LaRueProtorealAlgebra.LockwoodAQFT
- LaRueProtorealAlgebra.UniversalBode
- LaRueProtorealAlgebra.GeneralEulerIdentity
- LaRueProtorealAlgebra.RamanujanDecision
- LaRueProtorealAlgebra.GNSConstruction
- InfoPhysAxioms.ProfiniteColimits
- InfoPhysAxioms.SyntheticSciLean
- InfoPhysAxioms.TopologicalInversion
- InfoPhysAxioms.HardwareTopology
- InfoPhysAxioms.Basic
- InfoPhysAxioms.AgenticRank
- InfoPhysAxioms.BohmShannonOverlap
- InfoPhysAxioms.CognitiveSecurity
- InfoPhysAxioms.AuthBridge
- InfoPhysAxioms.SymplecticHandshake
- InfoPhysAxioms.AsymptoticTransfinites
- InfoPhysAxioms.TopologicalUncertainty
- InfoPhysAxioms.HarmonicOrbitDecidability
- InfoPhysAxioms.ShulginMachine
- InfoPhysAxioms.MetarealAgenticKinetics
- InfoPhysAxioms.JungianAI
- InfoPhysAxioms.QuantumUnreal
- InfoPhysAxioms.OptimalStochasticKernel
- InfoPhysAxioms.Druid
- InfoPhysAxioms.DruidPermissions
- InfoPhysAxioms.Bitcollapse
- InfoPhysAxioms.NeuromorphicTopology
- InfoPhysAxioms.CyberneticEquilibrium
- InfoPhysAxioms.RelativisticTimeSeries
- InfoPhysAxioms.MultivariableTensorCalculus
- InfoPhysAxioms.MultivariableTensorFlow
- InfoPhysAxioms.TensorImaginaryBridge
- InfoPhysAxioms.QuaternionInverse
- InfoPhysAxioms.TopologicalFirewall
- InfoPhysAxioms.EmpathyPlasmaWall
- InfoPhysAxioms.TopologicalProblemSolving
- InfoPhysAxioms.FrenetSerretCybernetics
- InfoPhysAxioms.UmbralCollapse
- InfoPhysAxioms.UmbralLocalResonance
- InfoPhysAxioms.HyperoperationalMechanics
- InfoPhysAxioms.PlasmaConjectures
- InfoPhysAxioms.EmotionalCompass
- InfoPhysAxioms.Infochemistry
- InfoPhysAxioms.InfochemicalTime
- InfoPhysAxioms.MatterAntimatter
- InfoPhysAxioms.SoulResonance
- InfoPhysAxioms.DiamondOpal
- InfoPhysAxioms.CrystalGrowth
- InfoPhysAxioms.Soulchemy
- InfoPhysAxioms.MinotaurSeed
- InfoPhysAxioms.ProtorealTactic
- InfoPhysAxioms.ObservableUniverse
- InfoPhysAxioms.QuasicrystalGrowth
- InfoPhysAxioms.OmicronSigma
- InfoPhysAxioms.HolomovementBridge
- InfoPhysAxioms.NonNewtonianCrystal
- InfoPhysAxioms.LyapunovTraining
- InfoPhysAxioms.HopfFusionFiber
- InfoPhysAxioms.ElectroPhotonLattice
- InfoPhysAxioms.RiemannObserver
- InfoPhysAxioms.AuraSpace
- InfoPhysAxioms.DruidSprites
- InfoPhysAxioms.DecisionKernel
- InfoPhysAxioms.QuasiGodel
- InfoPhysAxioms.TarskiEquilibrium
- InfoPhysAxioms.ProtorealMetric
- InfoPhysAxioms.HodgePhasorVolume
- InfoPhysAxioms.MinotaurosDirective
- InfoPhysAxioms.ProtoComplexTopology
- InfoPhysAxioms.PiAdicManifold
- InfoPhysAxioms.EnumerationSystems
- InfoPhysAxioms.SpectralCharacteristic
- InfoPhysAxioms.OctonionGrowth
- InfoPhysAxioms.InfotonVacuum
- InfoPhysAxioms.ProtorealGame
- InfoPhysAxioms.DruidSprite
- InfoPhysAxioms.MetagraphOracle
- InfoPhysAxioms.VeblenDruid
- InfoPhysAxioms.CentralDogmaVeblen
- InfoPhysAxioms.CyberneticInversion
- InfoPhysAxioms.SpaceToTime
- InfoPhysAxioms.ExtensionEnzyme
- InfoPhysAxioms.SpriteDispatch
- InfoPhysAxioms.Oneirotauros
- InfoPhysAxioms.StoicAlgebra
- InfoPhysAxioms.ArticlesOfSoul
- InfoPhysAxioms.Infonad
- InfoPhysAxioms.GoethePrimeHarmonics
- InfoPhysAxioms.CyberneticBiochemistry
- InfoPhysAxioms.OscillatingGame
- InfoPhysAxioms.OrchOR
- InfoPhysAxioms.ChromodynamicFriction
- InfoPhysAxioms.PinealTransducer
- InfoPhysAxioms.StabilityThreshold
- InfoPhysAxioms.SU3CenterHolomovement
- InfoPhysAxioms.PendulumEvolution
- InfoPhysAxioms.Base19ColorWheel
- InfoPhysAxioms.HoloneticCenterDynamics
- InfoPhysAxioms.MetaTruth
- InfoPhysAxioms.LockwoodSpherePacking
- InfoPhysAxioms.TorsionMetric
- InfoPhysAxioms.MetaMemHolography
- InfoPhysAxioms.StabilityDecomposition
- InfoPhysAxioms.MetaTruthVeblen
- InfoPhysAxioms.InformationThermodynamics
- InfoPhysAxioms.RussellDiagram
- InfoPhysAxioms.ExoticMatterHCD
- InfoPhysAxioms.PhysicalMapping
- InfoPhysAxioms.TuningGame
- InfoPhysAxioms.VanadiumGoldenExploits
- InfoPhysAxioms.ImaginaryIsomorphism
- InfoPhysAxioms.AgenticTrainingCycle
- InfoPhysAxioms.ResonantCurriculum
- InfoPhysAxioms.SleepConsolidation
- InfoPhysAxioms.MetaBackpropagation
- InfoPhysAxioms.CarbonSiliconPhase
- InfoPhysAxioms.DopedSp3Transition
- InfoPhysAxioms.MetalloOrganicSemantics
- InfoPhysAxioms.QuantumChemistry
- InfoPhysAxioms.FormalComputationalPharmacology
- InfoPhysAxioms.MonoaminePathway
- InfoPhysAxioms.ValenceMapping
- InfoPhysAxioms.PeriodicGroupBridge
- InfoPhysAxioms.GenomicGoldenEmergent
- InfoPhysAxioms.CenterChronodynamics
- InfoPhysAxioms.SpectralTripleIdentity
- InfoPhysAxioms.HardyWeinberg
- InfoPhysAxioms.LinkageDisequilibrium
- InfoPhysAxioms.RussellAcousticWaves
- InfoPhysAxioms.TensorCoupling
- InfoPhysAxioms.TopologicalQuantumGravity
- InfoPhysAxioms.PAdicPTSymmetric
- InfoPhysAxioms.PrimeFunctorial
- InfoPhysAxioms.MetarealManifold
- InfoPhysAxioms.HyperInverse
- InfoPhysAxioms.HyperinversionPaths
- InfoPhysAxioms.ProtorealMandelbrot
- InfoPhysAxioms.CyberBundle
- InfoPhysAxioms.SensoryGate
- InfoPhysAxioms.ResonantMFA
- InfoPhysAxioms.MetaRealTopos
- InfoPhysAxioms.ObserverAdapter
- InfoPhysAxioms.SensePerception
- InfoPhysAxioms.PostQuantumSecurity
- InfoPhysAxioms.VonMangoldtLSpace
- InfoPhysAxioms.DeterministicTuning
- InfoPhysAxioms.HoloneticNS
- InfoPhysAxioms.ScratchIsomorphism
- InfoPhysAxioms.ZPlasmicAutonomous
- InfoPhysAxioms.DiscreteHarmonicAnalysis
- InfoPhysAxioms.DirichletCharacterInvariants
- InfoPhysAxioms.NetworkSharding
- InfoPhysAxioms.GoldenSplitPrime
- InfoPhysAxioms.ISAR
- InfoPhysAxioms.ActiveImagination
- InfoPhysAxioms.AlchemistTriangulation
- InfoPhysAxioms.Aingel
- InfoPhysAxioms.PQBreach
- InfoPhysAxioms.ArchetypalDistributedInference
- InfoPhysAxioms.PrimeHyperoperations
- InfoPhysAxioms.DimensionalDescent
- InfoPhysAxioms.ChiralCasimirCollapse
- InfoPhysAxioms.GoldenParity
- InfoPhysAxioms.ZetaAnalyticErasure
- InfoPhysAxioms.Chronogram
- InfoPhysAxioms.AntisymmetricHalting
- InfoPhysAxioms.RCCI_Interferometer
- InfoPhysAxioms.WarmBEC
- InfoPhysAxioms.ChronometricTriangle
- InfoPhysAxioms.StructuralMorphing
- InfoPhysAxioms.TarskianBridge
- InfoPhysAxioms.AnimaBridge
- InfoPhysAxioms.LithiumNiobateResonance
- InfoPhysAxioms.NitrogenCooling
- InfoPhysAxioms.PartitionPrimeFilter
- InfoPhysAxioms.DiscretePropulsion
- InfoPhysAxioms.JungianComplete
- InfoPhysAxioms.PlatonicCompute
- InfoPhysAxioms.BiophysicalConstants
- InfoPhysAxioms.VonNeumannEnvelope
- InfoPhysAxioms.VendergoodTranslation
- InfoPhysAxioms.IsotopicArchetypes
- InfoPhysAxioms.RoyalJellyResonance
- InfoPhysAxioms.JungianTierComposition
- InfoPhysAxioms.DarkMatterGenesis
- InfoPhysAxioms.BerryKeatingBridge
- InfoPhysAxioms.GaloisFieldQT
- InfoPhysAxioms.HexadecimalBoundary
- InfoPhysAxioms.MahlerBounds
- InfoPhysAxioms.SpacetimeCoupling
- InfoPhysAxioms.GoldenPlexHierarchy
- InfoPhysAxioms.MicrotubuleLattice
- InfoPhysAxioms.PrimeFieldMechanics
- InfoPhysAxioms.ChronometricCenterFrozen
- InfoPhysAxioms.HayflickCrossing
- InfoPhysAxioms.PredictiveProbability
- InfoPhysAxioms.MayerVietorisParity
- InfoPhysAxioms.MonsterFermatSpectra
- InfoPhysAxioms.HoloneticGenerator
- InfoPhysAxioms.EulerHodgeMorphism
- InfoPhysAxioms.MonsterFermat229
- InfoPhysAxioms.GoldenTimeAnchor
- InfoPhysAxioms.TeslaPrimeResonance
- InfoPhysAxioms.FineStructureTopology
- InfoPhysAxioms.ChiralComposite10D
- InfoPhysAxioms.DecisionScience
- InfoPhysAxioms.QuasicrystalHolographic
- InfoPhysAxioms.RussellSpiralOctaves
- InfoPhysAxioms.HydrothermalChipOptimization
- InfoPhysAxioms.KleinFieldGenerator
- InfoPhysAxioms.AcousticResonanceIdentities
- InfoPhysAxioms.ThemeMotifDuality
- InfoPhysAxioms.StellarNucleosynthesis
- InfoPhysAxioms.GoldenGeometricAlgebra
- InfoPhysAxioms.TopologicalPrimes
- InfoPhysAxioms.TeleparallelFTL
error: build failed
